/Users/brady/Downloads/STM32CubeExpansion_MATTER_V1.1.0/Middlewares/Third_Party/connectedhomeip/src/credentials/CHIPCert.cpp:1481:19:CHIP_ERROR chip::Credentials::CalculateKeyIdentifierSha256(const P256PublicKeySpan&, MutableCertificateKeyId)	48	static
../../../../../../../Middlewares/Third_Party/connectedhomeip/src/lib/core/CASEAuthTag.h:101:10:bool chip::CATValues::AreValid() const	8	static
../../../../../../../Middlewares/Third_Party/connectedhomeip/src/credentials/CHIPCert.h:686:13:bool chip::Credentials::IsChipDNAttr(chip::ASN1::OID)	0	static
/Users/brady/Downloads/STM32CubeExpansion_MATTER_V1.1.0/Middlewares/Third_Party/connectedhomeip/src/credentials/CHIPCert.cpp:53:1:chip::Credentials::ChipCertificateSet::ChipCertificateSet()	0	static
/Users/brady/Downloads/STM32CubeExpansion_MATTER_V1.1.0/Middlewares/Third_Party/connectedhomeip/src/credentials/CHIPCert.cpp:168:12:CHIP_ERROR chip::Credentials::ChipCertificateSet::ReleaseLastCert()	0	static
/Users/brady/Downloads/STM32CubeExpansion_MATTER_V1.1.0/Middlewares/Third_Party/connectedhomeip/src/credentials/CHIPCert.cpp:193:6:bool chip::Credentials::ChipCertificateSet::IsCertInTheSet(const chip::Credentials::ChipCertificateData*) const	12	static
/Users/brady/Downloads/STM32CubeExpansion_MATTER_V1.1.0/Middlewares/Third_Party/connectedhomeip/src/credentials/CHIPCert.cpp:229:12:CHIP_ERROR chip::Credentials::VerifyCertSignature(const ChipCertificateData&, const ChipCertificateData&)	168	static
/Users/brady/Downloads/STM32CubeExpansion_MATTER_V1.1.0/Middlewares/Third_Party/connectedhomeip/src/credentials/CHIPCert.cpp:223:12:static CHIP_ERROR chip::Credentials::ChipCertificateSet::VerifySignature(const chip::Credentials::ChipCertificateData*, const chip::Credentials::ChipCertificateData*)	0	static
/Users/brady/Downloads/STM32CubeExpansion_MATTER_V1.1.0/Middlewares/Third_Party/connectedhomeip/src/credentials/CHIPCert.cpp:463:1:chip::Credentials::ChipCertificateData::~ChipCertificateData()	0	static
/Users/brady/Downloads/STM32CubeExpansion_MATTER_V1.1.0/Middlewares/Third_Party/connectedhomeip/src/credentials/CHIPCert.cpp:500:6:void chip::Credentials::ValidationContext::Reset()	0	static
/Users/brady/Downloads/STM32CubeExpansion_MATTER_V1.1.0/Middlewares/Third_Party/connectedhomeip/src/credentials/CHIPCert.cpp:531:1:chip::Credentials::ChipDN::~ChipDN()	0	static
/Users/brady/Downloads/STM32CubeExpansion_MATTER_V1.1.0/Middlewares/Third_Party/connectedhomeip/src/credentials/CHIPCert.cpp:533:6:void chip::Credentials::ChipDN::Clear()	12	static
/Users/brady/Downloads/STM32CubeExpansion_MATTER_V1.1.0/Middlewares/Third_Party/connectedhomeip/src/credentials/CHIPCert.cpp:526:1:chip::Credentials::ChipDN::ChipDN()	8	static
/Users/brady/Downloads/STM32CubeExpansion_MATTER_V1.1.0/Middlewares/Third_Party/connectedhomeip/src/credentials/CHIPCert.cpp:461:1:chip::Credentials::ChipCertificateData::ChipCertificateData()	16	static
/Users/brady/Downloads/STM32CubeExpansion_MATTER_V1.1.0/Middlewares/Third_Party/connectedhomeip/src/credentials/CHIPCert.cpp:465:6:void chip::Credentials::ChipCertificateData::Clear()	8	static
/Users/brady/Downloads/STM32CubeExpansion_MATTER_V1.1.0/Middlewares/Third_Party/connectedhomeip/src/credentials/CHIPCert.cpp:118:6:void chip::Credentials::ChipCertificateSet::Clear()	16	static
/Users/brady/Downloads/STM32CubeExpansion_MATTER_V1.1.0/Middlewares/Third_Party/connectedhomeip/src/credentials/CHIPCert.cpp:88:12:CHIP_ERROR chip::Credentials::ChipCertificateSet::Init(chip::Credentials::ChipCertificateData*, uint8_t)	8	static
/Users/brady/Downloads/STM32CubeExpansion_MATTER_V1.1.0/Middlewares/Third_Party/connectedhomeip/src/credentials/CHIPCert.cpp:105:6:void chip::Credentials::ChipCertificateSet::Release()	8	static
/Users/brady/Downloads/STM32CubeExpansion_MATTER_V1.1.0/Middlewares/Third_Party/connectedhomeip/src/credentials/CHIPCert.cpp:61:1:chip::Credentials::ChipCertificateSet::~ChipCertificateSet()	8	static
/Users/brady/Downloads/STM32CubeExpansion_MATTER_V1.1.0/Middlewares/Third_Party/connectedhomeip/src/credentials/CHIPCert.cpp:66:12:CHIP_ERROR chip::Credentials::ChipCertificateSet::Init(uint8_t)	16	static
/Users/brady/Downloads/STM32CubeExpansion_MATTER_V1.1.0/Middlewares/Third_Party/connectedhomeip/src/credentials/CHIPCert.cpp:541:9:uint8_t chip::Credentials::ChipDN::RDNCount() const	0	static
/Users/brady/Downloads/STM32CubeExpansion_MATTER_V1.1.0/Middlewares/Third_Party/connectedhomeip/src/credentials/CHIPCert.cpp:556:12:CHIP_ERROR chip::Credentials::ChipDN::AddAttribute(chip::ASN1::OID, uint64_t)	24	static
/Users/brady/Downloads/STM32CubeExpansion_MATTER_V1.1.0/Middlewares/Third_Party/connectedhomeip/src/credentials/CHIPCert.cpp:575:12:CHIP_ERROR chip::Credentials::ChipDN::AddCATs(const chip::CATValues&)	16	static
/Users/brady/Downloads/STM32CubeExpansion_MATTER_V1.1.0/Middlewares/Third_Party/connectedhomeip/src/credentials/CHIPCert.cpp:590:12:CHIP_ERROR chip::Credentials::ChipDN::AddAttribute(chip::ASN1::OID, chip::CharSpan, bool)	32	static
/Users/brady/Downloads/STM32CubeExpansion_MATTER_V1.1.0/Middlewares/Third_Party/connectedhomeip/src/credentials/CHIPCert.cpp:676:12:CHIP_ERROR chip::Credentials::ChipDN::GetCertChipId(uint64_t&) const	24	static
/Users/brady/Downloads/STM32CubeExpansion_MATTER_V1.1.0/Middlewares/Third_Party/connectedhomeip/src/credentials/CHIPCert.cpp:705:12:CHIP_ERROR chip::Credentials::ChipDN::GetCertFabricId(uint64_t&) const	24	static
/Users/brady/Downloads/STM32CubeExpansion_MATTER_V1.1.0/Middlewares/Third_Party/connectedhomeip/src/credentials/CHIPCert.cpp:730:12:CHIP_ERROR chip::Credentials::ChipDN::EncodeToTLV(chip::TLV::TLVWriter&, chip::TLV::Tag) const	48	static
/Users/brady/Downloads/STM32CubeExpansion_MATTER_V1.1.0/Middlewares/Third_Party/connectedhomeip/src/credentials/CHIPCert.cpp:760:12:CHIP_ERROR chip::Credentials::ChipDN::DecodeFromTLV(chip::TLV::TLVReader&)	56	static
/Users/brady/Downloads/STM32CubeExpansion_MATTER_V1.1.0/Middlewares/Third_Party/connectedhomeip/src/credentials/CHIPCert.cpp:838:12:CHIP_ERROR chip::Credentials::ChipDN::EncodeToASN1(chip::ASN1::ASN1Writer&) const	72	static
/Users/brady/Downloads/STM32CubeExpansion_MATTER_V1.1.0/Middlewares/Third_Party/connectedhomeip/src/credentials/CHIPCert.cpp:910:12:CHIP_ERROR chip::Credentials::ChipDN::DecodeFromASN1(chip::ASN1::ASN1Reader&)	56	static
/Users/brady/Downloads/STM32CubeExpansion_MATTER_V1.1.0/Middlewares/Third_Party/connectedhomeip/src/credentials/CHIPCert.cpp:1021:23:CHIP_ERROR chip::Credentials::ASN1ToChipEpochTime(const chip::ASN1::ASN1UniversalTime&, uint32_t&)	32	static
/Users/brady/Downloads/STM32CubeExpansion_MATTER_V1.1.0/Middlewares/Third_Party/connectedhomeip/src/credentials/CHIPCert.cpp:1062:23:CHIP_ERROR chip::Credentials::ChipEpochToASN1Time(uint32_t, chip::ASN1::ASN1UniversalTime&)	24	static
/Users/brady/Downloads/STM32CubeExpansion_MATTER_V1.1.0/Middlewares/Third_Party/connectedhomeip/src/credentials/CHIPCert.cpp:1132:12:CHIP_ERROR chip::Credentials::ConvertIntegerDERToRaw(chip::ByteSpan, uint8_t*, uint16_t)	32	static
/Users/brady/Downloads/STM32CubeExpansion_MATTER_V1.1.0/Middlewares/Third_Party/connectedhomeip/src/credentials/CHIPCert.cpp:1172:12:CHIP_ERROR chip::Credentials::ConvertECDSASignatureRawToDER(P256ECDSASignatureSpan, chip::ASN1::ASN1Writer&)	88	static
/Users/brady/Downloads/STM32CubeExpansion_MATTER_V1.1.0/Middlewares/Third_Party/connectedhomeip/src/credentials/CHIPCert.cpp:1160:12:CHIP_ERROR chip::Credentials::ConvertECDSASignatureRawToDER(P256ECDSASignatureSpan, chip::MutableByteSpan&)	72	static
/Users/brady/Downloads/STM32CubeExpansion_MATTER_V1.1.0/Middlewares/Third_Party/connectedhomeip/src/credentials/CHIPCert.cpp:1202:12:CHIP_ERROR chip::Credentials::ConvertECDSAKeypairRawToDER(const chip::Crypto::P256SerializedKeypair&, chip::MutableByteSpan&)	72	static
/Users/brady/Downloads/STM32CubeExpansion_MATTER_V1.1.0/Middlewares/Third_Party/connectedhomeip/src/credentials/CHIPCert.cpp:1244:12:CHIP_ERROR chip::Credentials::ExtractNodeIdFabricIdFromOpCert(const ChipCertificateData&, chip::NodeId*, chip::FabricId*)	40	static
/Users/brady/Downloads/STM32CubeExpansion_MATTER_V1.1.0/Middlewares/Third_Party/connectedhomeip/src/credentials/CHIPCert.cpp:1299:12:CHIP_ERROR chip::Credentials::ExtractFabricIdFromCert(const ChipCertificateData&, chip::FabricId*)	24	static
/Users/brady/Downloads/STM32CubeExpansion_MATTER_V1.1.0/Middlewares/Third_Party/connectedhomeip/src/credentials/CHIPCert.cpp:1360:12:CHIP_ERROR chip::Credentials::ExtractFabricIdFromCert(const chip::ByteSpan&, chip::FabricId*)	336	static
/Users/brady/Downloads/STM32CubeExpansion_MATTER_V1.1.0/Middlewares/Third_Party/connectedhomeip/src/credentials/CHIPCert.cpp:1367:12:CHIP_ERROR chip::Credentials::ExtractNodeIdFabricIdFromOpCert(const chip::ByteSpan&, chip::NodeId*, chip::FabricId*)	336	static
/Users/brady/Downloads/STM32CubeExpansion_MATTER_V1.1.0/Middlewares/Third_Party/connectedhomeip/src/credentials/CHIPCert.cpp:1374:12:CHIP_ERROR chip::Credentials::ExtractPublicKeyFromChipCert(const chip::ByteSpan&, P256PublicKeySpan&)	336	static
/Users/brady/Downloads/STM32CubeExpansion_MATTER_V1.1.0/Middlewares/Third_Party/connectedhomeip/src/credentials/CHIPCert.cpp:1279:12:CHIP_ERROR chip::Credentials::ExtractNodeIdFabricIdCompressedFabricIdFromOpCerts(chip::ByteSpan, chip::ByteSpan, chip::CompressedFabricId&, chip::FabricId&, chip::NodeId&)	192	static
/Users/brady/Downloads/STM32CubeExpansion_MATTER_V1.1.0/Middlewares/Third_Party/connectedhomeip/src/credentials/CHIPCert.cpp:1291:12:CHIP_ERROR chip::Credentials::ExtractNodeIdCompressedFabricIdFromOpCerts(chip::ByteSpan, chip::ByteSpan, chip::CompressedFabricId&, chip::NodeId&)	48	static
/Users/brady/Downloads/STM32CubeExpansion_MATTER_V1.1.0/Middlewares/Third_Party/connectedhomeip/src/credentials/CHIPCert.cpp:1382:12:CHIP_ERROR chip::Credentials::ExtractNotBeforeFromChipCert(const chip::ByteSpan&, chip::System::Clock::Seconds32&)	336	static
/Users/brady/Downloads/STM32CubeExpansion_MATTER_V1.1.0/Middlewares/Third_Party/connectedhomeip/src/credentials/CHIPCert.cpp:1390:12:CHIP_ERROR chip::Credentials::ExtractSKIDFromChipCert(const chip::ByteSpan&, CertificateKeyId&)	336	static
/Users/brady/Downloads/STM32CubeExpansion_MATTER_V1.1.0/Middlewares/Third_Party/connectedhomeip/src/credentials/CHIPCert.cpp:1399:12:CHIP_ERROR chip::Credentials::ExtractSubjectDNFromChipCert(const chip::ByteSpan&, ChipDN&)	336	static
/Users/brady/Downloads/STM32CubeExpansion_MATTER_V1.1.0/Middlewares/Third_Party/connectedhomeip/src/credentials/CHIPCert.cpp:1407:12:CHIP_ERROR chip::Credentials::ExtractSubjectDNFromX509Cert(const chip::ByteSpan&, ChipDN&)	248	static
/Users/brady/Downloads/STM32CubeExpansion_MATTER_V1.1.0/Middlewares/Third_Party/connectedhomeip/src/credentials/CHIPCert.cpp:1449:12:static CHIP_ERROR chip::Credentials::CertificateValidityPolicy::ApplyDefaultPolicy(const chip::Credentials::ChipCertificateData*, uint8_t, chip::Credentials::CertificateValidityResult)	0	static
/Users/brady/Downloads/STM32CubeExpansion_MATTER_V1.1.0/Middlewares/Third_Party/connectedhomeip/src/credentials/CHIPCert.cpp:1474:6:void chip::Credentials::InitNetworkIdentitySubject(ChipDN&)	24	static
/Users/brady/Downloads/STM32CubeExpansion_MATTER_V1.1.0/Middlewares/Third_Party/connectedhomeip/src/credentials/CHIPCert.cpp:1566:12:CHIP_ERROR chip::Credentials::NewChipNetworkIdentity(const chip::Crypto::P256Keypair&, chip::MutableByteSpan&)	168	static
../../../../../../../Middlewares/Third_Party/connectedhomeip/src/lib/support/Span.h:329:10:bool chip::FixedSpan<T, N>::data_equal(const chip::Span<const T>&) const [with T = const unsigned char; unsigned int N = 20]	8	static
/Users/brady/Downloads/STM32CubeExpansion_MATTER_V1.1.0/Middlewares/Third_Party/connectedhomeip/src/credentials/CHIPCert.cpp:179:29:const chip::Credentials::ChipCertificateData* chip::Credentials::ChipCertificateSet::FindCert(const chip::Credentials::CertificateKeyId&) const	40	static
../../../../../../../Middlewares/Third_Party/connectedhomeip/src/lib/support/Span.h:133:10:bool chip::Span<T>::data_equal(const chip::Span<const T>&) const [with T = const char]	8	static
/Users/brady/Downloads/STM32CubeExpansion_MATTER_V1.1.0/Middlewares/Third_Party/connectedhomeip/src/credentials/CHIPCert.cpp:510:6:bool chip::Credentials::ChipRDN::IsEqual(const chip::Credentials::ChipRDN&) const	16	static
/Users/brady/Downloads/STM32CubeExpansion_MATTER_V1.1.0/Middlewares/Third_Party/connectedhomeip/src/credentials/CHIPCert.cpp:1004:6:bool chip::Credentials::ChipDN::IsEqual(const chip::Credentials::ChipDN&) const	24	static
/Users/brady/Downloads/STM32CubeExpansion_MATTER_V1.1.0/Middlewares/Third_Party/connectedhomeip/src/credentials/CHIPCert.cpp:487:6:bool chip::Credentials::ChipCertificateData::IsEqual(const chip::Credentials::ChipCertificateData&) const	32	static
/Users/brady/Downloads/STM32CubeExpansion_MATTER_V1.1.0/Middlewares/Third_Party/connectedhomeip/src/credentials/CHIPCert.cpp:136:12:CHIP_ERROR chip::Credentials::ChipCertificateSet::LoadCert(chip::TLV::TLVReader&, chip::BitFlags<chip::Credentials::CertDecodeFlags>, chip::ByteSpan)	344	static
/Users/brady/Downloads/STM32CubeExpansion_MATTER_V1.1.0/Middlewares/Third_Party/connectedhomeip/src/credentials/CHIPCert.cpp:128:12:CHIP_ERROR chip::Credentials::ChipCertificateSet::LoadCert(chip::ByteSpan, chip::BitFlags<chip::Credentials::CertDecodeFlags>)	88	static
/Users/brady/Downloads/STM32CubeExpansion_MATTER_V1.1.0/Middlewares/Third_Party/connectedhomeip/src/credentials/CHIPCert.cpp:605:12:CHIP_ERROR chip::Credentials::ChipDN::GetCertType(chip::Credentials::CertType&) const	24	static
/Users/brady/Downloads/STM32CubeExpansion_MATTER_V1.1.0/Middlewares/Third_Party/connectedhomeip/src/credentials/CHIPCert.cpp:1094:19:CHIP_ERROR chip::Credentials::ValidateCertificateType(const ChipCertificateData&, CertType)	16	static
/Users/brady/Downloads/STM32CubeExpansion_MATTER_V1.1.0/Middlewares/Third_Party/connectedhomeip/src/credentials/CHIPCert.cpp:1530:12:CHIP_ERROR chip::Credentials::ExtractIdentifierFromChipNetworkIdentity(const chip::ByteSpan&, MutableCertificateKeyId)	336	static
/Users/brady/Downloads/STM32CubeExpansion_MATTER_V1.1.0/Middlewares/Third_Party/connectedhomeip/src/credentials/CHIPCert.cpp:1102:12:CHIP_ERROR chip::Credentials::ValidateChipRCAC(const chip::ByteSpan&)	352	static
/Users/brady/Downloads/STM32CubeExpansion_MATTER_V1.1.0/Middlewares/Third_Party/connectedhomeip/src/credentials/CHIPCert.cpp:1490:19:CHIP_ERROR chip::Credentials::ValidateChipNetworkIdentity(const ChipCertificateData&)	8	static
/Users/brady/Downloads/STM32CubeExpansion_MATTER_V1.1.0/Middlewares/Third_Party/connectedhomeip/src/credentials/CHIPCert.cpp:1513:12:CHIP_ERROR chip::Credentials::ValidateChipNetworkIdentity(const chip::ByteSpan&)	328	static
/Users/brady/Downloads/STM32CubeExpansion_MATTER_V1.1.0/Middlewares/Third_Party/connectedhomeip/src/credentials/CHIPCert.cpp:1521:12:CHIP_ERROR chip::Credentials::ValidateChipNetworkIdentity(const chip::ByteSpan&, MutableCertificateKeyId)	336	static
/Users/brady/Downloads/STM32CubeExpansion_MATTER_V1.1.0/Middlewares/Third_Party/connectedhomeip/src/credentials/CHIPCert.cpp:1327:12:CHIP_ERROR chip::Credentials::ExtractCATsFromOpCert(const ChipCertificateData&, chip::CATValues&)	40	static
/Users/brady/Downloads/STM32CubeExpansion_MATTER_V1.1.0/Middlewares/Third_Party/connectedhomeip/src/credentials/CHIPCert.cpp:1315:12:CHIP_ERROR chip::Credentials::ExtractCATsFromOpCert(const chip::ByteSpan&, chip::CATValues&)	352	static
/Users/brady/Downloads/STM32CubeExpansion_MATTER_V1.1.0/Middlewares/Third_Party/connectedhomeip/src/credentials/CHIPCert.cpp:252:12:CHIP_ERROR chip::Credentials::ChipCertificateSet::ValidateCert(const chip::Credentials::ChipCertificateData*, chip::Credentials::ValidationContext&, uint8_t)	56	static
/Users/brady/Downloads/STM32CubeExpansion_MATTER_V1.1.0/Middlewares/Third_Party/connectedhomeip/src/credentials/CHIPCert.cpp:206:12:CHIP_ERROR chip::Credentials::ChipCertificateSet::ValidateCert(const chip::Credentials::ChipCertificateData*, chip::Credentials::ValidationContext&)	16	static
/Users/brady/Downloads/STM32CubeExpansion_MATTER_V1.1.0/Middlewares/Third_Party/connectedhomeip/src/credentials/CHIPCert.cpp:421:12:CHIP_ERROR chip::Credentials::ChipCertificateSet::FindValidCert(const chip::Credentials::ChipDN&, const chip::Credentials::CertificateKeyId&, chip::Credentials::ValidationContext&, uint8_t, const chip::Credentials::ChipCertificateData**)	56	static
/Users/brady/Downloads/STM32CubeExpansion_MATTER_V1.1.0/Middlewares/Third_Party/connectedhomeip/src/credentials/CHIPCert.cpp:215:12:CHIP_ERROR chip::Credentials::ChipCertificateSet::FindValidCert(const chip::Credentials::ChipDN&, const chip::Credentials::CertificateKeyId&, chip::Credentials::ValidationContext&, const chip::Credentials::ChipCertificateData**)	24	static
