/Users/brady/Downloads/STM32CubeExpansion_MATTER_V1.1.0/Middlewares/Third_Party/connectedhomeip/src/protocols/bdx/BdxMessages.cpp:157:8:virtual size_t chip::bdx::TransferInit::MessageSize() const	24	static
/Users/brady/Downloads/STM32CubeExpansion_MATTER_V1.1.0/Middlewares/Third_Party/connectedhomeip/src/protocols/bdx/BdxMessages.cpp:259:8:virtual size_t chip::bdx::SendAccept::MessageSize() const	24	static
/Users/brady/Downloads/STM32CubeExpansion_MATTER_V1.1.0/Middlewares/Third_Party/connectedhomeip/src/protocols/bdx/BdxMessages.cpp:396:8:virtual size_t chip::bdx::ReceiveAccept::MessageSize() const	24	static
/Users/brady/Downloads/STM32CubeExpansion_MATTER_V1.1.0/Middlewares/Third_Party/connectedhomeip/src/protocols/bdx/BdxMessages.cpp:446:8:virtual size_t chip::bdx::CounterMessage::MessageSize() const	24	static
/Users/brady/Downloads/STM32CubeExpansion_MATTER_V1.1.0/Middlewares/Third_Party/connectedhomeip/src/protocols/bdx/BdxMessages.cpp:513:8:virtual size_t chip::bdx::DataBlock::MessageSize() const	24	static
/Users/brady/Downloads/STM32CubeExpansion_MATTER_V1.1.0/Middlewares/Third_Party/connectedhomeip/src/protocols/bdx/BdxMessages.cpp:572:8:virtual size_t chip::bdx::BlockQueryWithSkip::MessageSize() const	24	static
../../../../../../../Middlewares/Third_Party/connectedhomeip/src/protocols/bdx/BdxMessages.h:279:8:chip::bdx::BlockQueryWithSkip::~BlockQueryWithSkip()	0	static
../../../../../../../Middlewares/Third_Party/connectedhomeip/src/protocols/bdx/BdxMessages.h:233:8:chip::bdx::CounterMessage::~CounterMessage()	0	static
/Users/brady/Downloads/STM32CubeExpansion_MATTER_V1.1.0/Middlewares/Third_Party/connectedhomeip/src/protocols/bdx/BdxMessages.cpp:439:12:virtual CHIP_ERROR chip::bdx::CounterMessage::Parse(chip::System::PacketBufferHandle)	24	static
/Users/brady/Downloads/STM32CubeExpansion_MATTER_V1.1.0/Middlewares/Third_Party/connectedhomeip/src/protocols/bdx/BdxMessages.cpp:458:6:virtual void chip::bdx::CounterMessage::LogMessage(chip::bdx::MessageType) const	8	static
/Users/brady/Downloads/STM32CubeExpansion_MATTER_V1.1.0/Middlewares/Third_Party/connectedhomeip/src/protocols/bdx/BdxMessages.cpp:520:6:virtual void chip::bdx::DataBlock::LogMessage(chip::bdx::MessageType) const	8	static
/Users/brady/Downloads/STM32CubeExpansion_MATTER_V1.1.0/Middlewares/Third_Party/connectedhomeip/src/protocols/bdx/BdxMessages.cpp:584:6:virtual void chip::bdx::BlockQueryWithSkip::LogMessage(chip::bdx::MessageType) const	16	static
/Users/brady/Downloads/STM32CubeExpansion_MATTER_V1.1.0/Middlewares/Third_Party/connectedhomeip/src/protocols/bdx/BdxMessages.cpp:266:6:virtual void chip::bdx::SendAccept::LogMessage(chip::bdx::MessageType) const	8	static
/Users/brady/Downloads/STM32CubeExpansion_MATTER_V1.1.0/Middlewares/Third_Party/connectedhomeip/src/protocols/bdx/BdxMessages.cpp:164:6:virtual void chip::bdx::TransferInit::LogMessage(chip::bdx::MessageType) const	280	static
/Users/brady/Downloads/STM32CubeExpansion_MATTER_V1.1.0/Middlewares/Third_Party/connectedhomeip/src/protocols/bdx/BdxMessages.cpp:403:6:virtual void chip::bdx::ReceiveAccept::LogMessage(chip::bdx::MessageType) const	16	static
../../../../../../../Middlewares/Third_Party/connectedhomeip/src/protocols/bdx/BdxMessages.h:279:8:virtual chip::bdx::BlockQueryWithSkip::~BlockQueryWithSkip()	8	static
../../../../../../../Middlewares/Third_Party/connectedhomeip/src/protocols/bdx/BdxMessages.h:233:8:virtual chip::bdx::CounterMessage::~CounterMessage()	8	static
../../../../../../../Middlewares/Third_Party/connectedhomeip/src/lib/support/BufferWriter.h:134:15:Derived& chip::Encoding::EndianBufferWriterBase<Derived>::Put64(uint64_t) [with Derived = chip::Encoding::LittleEndian::BufferWriter]	16	static
../../../../../../../Middlewares/Third_Party/connectedhomeip/src/lib/support/BufferWriter.h:132:15:Derived& chip::Encoding::EndianBufferWriterBase<Derived>::Put16(uint16_t) [with Derived = chip::Encoding::LittleEndian::BufferWriter]	16	static
../../../../../../../Middlewares/Third_Party/connectedhomeip/src/system/SystemPacketBuffer.h:433:26:chip::System::PacketBufferHandle& chip::System::PacketBufferHandle::operator=(chip::System::PacketBufferHandle&&)	16	static
/Users/brady/Downloads/STM32CubeExpansion_MATTER_V1.1.0/Middlewares/Third_Party/connectedhomeip/src/protocols/bdx/BdxMessages.cpp:217:40:virtual chip::Encoding::LittleEndian::BufferWriter& chip::bdx::SendAccept::WriteToBuffer(chip::Encoding::LittleEndian::BufferWriter&) const	16	static
/Users/brady/Downloads/STM32CubeExpansion_MATTER_V1.1.0/Middlewares/Third_Party/connectedhomeip/src/protocols/bdx/BdxMessages.cpp:339:12:virtual CHIP_ERROR chip::bdx::ReceiveAccept::Parse(chip::System::PacketBufferHandle)	48	static
/Users/brady/Downloads/STM32CubeExpansion_MATTER_V1.1.0/Middlewares/Third_Party/connectedhomeip/src/protocols/bdx/BdxMessages.cpp:95:12:virtual CHIP_ERROR chip::bdx::TransferInit::Parse(chip::System::PacketBufferHandle)	48	static
/Users/brady/Downloads/STM32CubeExpansion_MATTER_V1.1.0/Middlewares/Third_Party/connectedhomeip/src/protocols/bdx/BdxMessages.cpp:231:12:virtual CHIP_ERROR chip::bdx::SendAccept::Parse(chip::System::PacketBufferHandle)	48	static
/Users/brady/Downloads/STM32CubeExpansion_MATTER_V1.1.0/Middlewares/Third_Party/connectedhomeip/src/protocols/bdx/BdxMessages.cpp:564:12:virtual CHIP_ERROR chip::bdx::BlockQueryWithSkip::Parse(chip::System::PacketBufferHandle)	24	static
/Users/brady/Downloads/STM32CubeExpansion_MATTER_V1.1.0/Middlewares/Third_Party/connectedhomeip/src/protocols/bdx/BdxMessages.cpp:491:12:virtual CHIP_ERROR chip::bdx::DataBlock::Parse(chip::System::PacketBufferHandle)	40	static
../../../../../../../Middlewares/Third_Party/connectedhomeip/src/system/SystemPacketBuffer.h:428:5:chip::System::PacketBufferHandle::~PacketBufferHandle()	8	static
../../../../../../../Middlewares/Third_Party/connectedhomeip/src/protocols/bdx/BdxMessages.h:254:8:chip::bdx::DataBlock::~DataBlock()	8	static
../../../../../../../Middlewares/Third_Party/connectedhomeip/src/protocols/bdx/BdxMessages.h:254:8:virtual chip::bdx::DataBlock::~DataBlock()	8	static
../../../../../../../Middlewares/Third_Party/connectedhomeip/src/protocols/bdx/BdxMessages.h:196:8:chip::bdx::ReceiveAccept::~ReceiveAccept()	8	static
../../../../../../../Middlewares/Third_Party/connectedhomeip/src/protocols/bdx/BdxMessages.h:196:8:virtual chip::bdx::ReceiveAccept::~ReceiveAccept()	8	static
../../../../../../../Middlewares/Third_Party/connectedhomeip/src/protocols/bdx/BdxMessages.h:166:8:chip::bdx::SendAccept::~SendAccept()	8	static
../../../../../../../Middlewares/Third_Party/connectedhomeip/src/protocols/bdx/BdxMessages.h:166:8:virtual chip::bdx::SendAccept::~SendAccept()	8	static
../../../../../../../Middlewares/Third_Party/connectedhomeip/src/protocols/bdx/BdxMessages.h:125:8:chip::bdx::TransferInit::~TransferInit()	8	static
../../../../../../../Middlewares/Third_Party/connectedhomeip/src/protocols/bdx/BdxMessages.h:125:8:virtual chip::bdx::TransferInit::~TransferInit()	8	static
/Users/brady/Downloads/STM32CubeExpansion_MATTER_V1.1.0/Middlewares/Third_Party/connectedhomeip/src/protocols/bdx/BdxMessages.cpp:191:6:bool chip::bdx::TransferInit::operator==(const chip::bdx::TransferInit&) const	24	static
/Users/brady/Downloads/STM32CubeExpansion_MATTER_V1.1.0/Middlewares/Third_Party/connectedhomeip/src/protocols/bdx/BdxMessages.cpp:275:6:bool chip::bdx::SendAccept::operator==(const chip::bdx::SendAccept&) const	16	static
/Users/brady/Downloads/STM32CubeExpansion_MATTER_V1.1.0/Middlewares/Third_Party/connectedhomeip/src/protocols/bdx/BdxMessages.cpp:414:6:bool chip::bdx::ReceiveAccept::operator==(const chip::bdx::ReceiveAccept&) const	16	static
/Users/brady/Downloads/STM32CubeExpansion_MATTER_V1.1.0/Middlewares/Third_Party/connectedhomeip/src/protocols/bdx/BdxMessages.cpp:452:6:bool chip::bdx::CounterMessage::operator==(const chip::bdx::CounterMessage&) const	0	static
/Users/brady/Downloads/STM32CubeExpansion_MATTER_V1.1.0/Middlewares/Third_Party/connectedhomeip/src/protocols/bdx/BdxMessages.cpp:539:6:bool chip::bdx::DataBlock::operator==(const chip::bdx::DataBlock&) const	16	static
/Users/brady/Downloads/STM32CubeExpansion_MATTER_V1.1.0/Middlewares/Third_Party/connectedhomeip/src/protocols/bdx/BdxMessages.cpp:578:6:bool chip::bdx::BlockQueryWithSkip::operator==(const chip::bdx::BlockQueryWithSkip&) const	8	static
../../../../../../../Middlewares/Third_Party/connectedhomeip/src/lib/support/BufferWriter.h:133:15:Derived& chip::Encoding::EndianBufferWriterBase<Derived>::Put32(uint32_t) [with Derived = chip::Encoding::LittleEndian::BufferWriter]	16	static
/Users/brady/Downloads/STM32CubeExpansion_MATTER_V1.1.0/Middlewares/Third_Party/connectedhomeip/src/protocols/bdx/BdxMessages.cpp:434:40:virtual chip::Encoding::LittleEndian::BufferWriter& chip::bdx::CounterMessage::WriteToBuffer(chip::Encoding::LittleEndian::BufferWriter&) const	8	static
/Users/brady/Downloads/STM32CubeExpansion_MATTER_V1.1.0/Middlewares/Third_Party/connectedhomeip/src/protocols/bdx/BdxMessages.cpp:557:40:virtual chip::Encoding::LittleEndian::BufferWriter& chip::bdx::BlockQueryWithSkip::WriteToBuffer(chip::Encoding::LittleEndian::BufferWriter&) const	16	static
/Users/brady/Downloads/STM32CubeExpansion_MATTER_V1.1.0/Middlewares/Third_Party/connectedhomeip/src/protocols/bdx/BdxMessages.cpp:481:40:virtual chip::Encoding::LittleEndian::BufferWriter& chip::bdx::DataBlock::WriteToBuffer(chip::Encoding::LittleEndian::BufferWriter&) const	16	static
/Users/brady/Downloads/STM32CubeExpansion_MATTER_V1.1.0/Middlewares/Third_Party/connectedhomeip/src/protocols/bdx/BdxMessages.cpp:43:16:virtual chip::Encoding::LittleEndian::BufferWriter& chip::bdx::TransferInit::WriteToBuffer(chip::Encoding::LittleEndian::BufferWriter&) const	24	static
/Users/brady/Downloads/STM32CubeExpansion_MATTER_V1.1.0/Middlewares/Third_Party/connectedhomeip/src/protocols/bdx/BdxMessages.cpp:294:40:virtual chip::Encoding::LittleEndian::BufferWriter& chip::bdx::ReceiveAccept::WriteToBuffer(chip::Encoding::LittleEndian::BufferWriter&) const	24	static
