../../../../../../../Middlewares/Third_Party/connectedhomeip/src/system/SystemPacketBuffer.h:433:26:chip::System::PacketBufferHandle& chip::System::PacketBufferHandle::operator=(chip::System::PacketBufferHandle&&)	16	static
../../../../../../../Middlewares/Third_Party/connectedhomeip/src/protocols/bdx/BdxTransferSession.h:120:12:chip::bdx::TransferSession::OutputEvent& chip::bdx::TransferSession::OutputEvent::operator=(chip::bdx::TransferSession::OutputEvent&&)	16	static
../../../../../../../Middlewares/Third_Party/connectedhomeip/src/system/SystemPacketBuffer.h:428:5:chip::System::PacketBufferHandle::~PacketBufferHandle()	8	static
../../../../../../../Middlewares/Third_Party/connectedhomeip/src/transport/SessionManager.h:542:35:chip::System::PacketBufferHandle chip::MessagePacketBuffer::New(size_t)	8	static
/Users/brady/Downloads/STM32CubeExpansion_MATTER_V1.1.0/Middlewares/Third_Party/connectedhomeip/src/protocols/bdx/BdxTransferSession.cpp:62:1:chip::bdx::TransferSession::TransferSession()	12	static
/Users/brady/Downloads/STM32CubeExpansion_MATTER_V1.1.0/Middlewares/Third_Party/connectedhomeip/src/protocols/bdx/BdxTransferSession.cpp:179:12:CHIP_ERROR chip::bdx::TransferSession::WaitForTransfer(chip::bdx::TransferRole, chip::BitFlags<chip::bdx::TransferControlFlags>, uint16_t, chip::System::Clock::Timeout)	8	static
/Users/brady/Downloads/STM32CubeExpansion_MATTER_V1.1.0/Middlewares/Third_Party/connectedhomeip/src/protocols/bdx/BdxTransferSession.cpp:406:6:void chip::bdx::TransferSession::Reset()	16	static
/Users/brady/Downloads/STM32CubeExpansion_MATTER_V1.1.0/Middlewares/Third_Party/connectedhomeip/src/protocols/bdx/BdxTransferSession.cpp:510:12:CHIP_ERROR chip::bdx::TransferSession::HandleStatusReportMessage(const chip::PayloadHeader&, chip::System::PacketBufferHandle)	32	static
/Users/brady/Downloads/STM32CubeExpansion_MATTER_V1.1.0/Middlewares/Third_Party/connectedhomeip/src/protocols/bdx/BdxTransferSession.cpp:897:6:bool chip::bdx::TransferSession::IsTransferLengthDefinite() const	0	static
/Users/brady/Downloads/STM32CubeExpansion_MATTER_V1.1.0/Middlewares/Third_Party/connectedhomeip/src/protocols/bdx/BdxTransferSession.cpp:902:14:const char* chip::bdx::TransferSession::OutputEvent::ToString(chip::bdx::TransferSession::OutputEventType)	0	static
/Users/brady/Downloads/STM32CubeExpansion_MATTER_V1.1.0/Middlewares/Third_Party/connectedhomeip/src/protocols/bdx/BdxTransferSession.cpp:935:30:static chip::bdx::TransferSession::OutputEvent chip::bdx::TransferSession::OutputEvent::TransferInitEvent(chip::bdx::TransferSession::TransferInitData, chip::System::PacketBufferHandle)	16	static
/Users/brady/Downloads/STM32CubeExpansion_MATTER_V1.1.0/Middlewares/Third_Party/connectedhomeip/src/protocols/bdx/BdxTransferSession.cpp:947:30:static chip::bdx::TransferSession::OutputEvent chip::bdx::TransferSession::OutputEvent::TransferAcceptEvent(chip::bdx::TransferSession::TransferAcceptData)	16	static
/Users/brady/Downloads/STM32CubeExpansion_MATTER_V1.1.0/Middlewares/Third_Party/connectedhomeip/src/protocols/bdx/BdxTransferSession.cpp:957:30:static chip::bdx::TransferSession::OutputEvent chip::bdx::TransferSession::OutputEvent::TransferAcceptEvent(chip::bdx::TransferSession::TransferAcceptData, chip::System::PacketBufferHandle)	48	static
/Users/brady/Downloads/STM32CubeExpansion_MATTER_V1.1.0/Middlewares/Third_Party/connectedhomeip/src/protocols/bdx/BdxTransferSession.cpp:67:6:void chip::bdx::TransferSession::PollOutput(OutputEvent&, chip::System::Clock::Timestamp)	152	static
/Users/brady/Downloads/STM32CubeExpansion_MATTER_V1.1.0/Middlewares/Third_Party/connectedhomeip/src/protocols/bdx/BdxTransferSession.cpp:965:30:static chip::bdx::TransferSession::OutputEvent chip::bdx::TransferSession::OutputEvent::BlockDataEvent(chip::bdx::TransferSession::BlockData, chip::System::PacketBufferHandle)	16	static
/Users/brady/Downloads/STM32CubeExpansion_MATTER_V1.1.0/Middlewares/Third_Party/connectedhomeip/src/protocols/bdx/BdxTransferSession.cpp:977:30:static chip::bdx::TransferSession::OutputEvent chip::bdx::TransferSession::OutputEvent::StatusReportEvent(chip::bdx::TransferSession::OutputEventType, chip::bdx::TransferSession::StatusReportData)	0	static
/Users/brady/Downloads/STM32CubeExpansion_MATTER_V1.1.0/Middlewares/Third_Party/connectedhomeip/src/protocols/bdx/BdxTransferSession.cpp:984:30:static chip::bdx::TransferSession::OutputEvent chip::bdx::TransferSession::OutputEvent::MsgToSendEvent(chip::bdx::TransferSession::MessageTypeData, chip::System::PacketBufferHandle)	24	static
/Users/brady/Downloads/STM32CubeExpansion_MATTER_V1.1.0/Middlewares/Third_Party/connectedhomeip/src/protocols/bdx/BdxTransferSession.cpp:992:30:static chip::bdx::TransferSession::OutputEvent chip::bdx::TransferSession::OutputEvent::QueryWithSkipEvent(chip::bdx::TransferSession::TransferSkipData)	8	static
../../../../../../../Middlewares/Third_Party/connectedhomeip/src/system/SystemPacketBuffer.h:767:5:chip::Encoding::PacketBufferWriterBase< <template-parameter-1-1> >::PacketBufferWriterBase(chip::System::PacketBufferHandle&&, size_t) [with Writer = chip::Encoding::LittleEndian::BufferWriter]	24	static
/Users/brady/Downloads/STM32CubeExpansion_MATTER_V1.1.0/Middlewares/Third_Party/connectedhomeip/src/protocols/bdx/BdxTransferSession.cpp:29:12:CHIP_ERROR {anonymous}::WriteToPacketBuffer(const chip::bdx::BdxMessage&, chip::System::PacketBufferHandle&)	40	static
/Users/brady/Downloads/STM32CubeExpansion_MATTER_V1.1.0/Middlewares/Third_Party/connectedhomeip/src/protocols/bdx/BdxTransferSession.cpp:137:12:CHIP_ERROR chip::bdx::TransferSession::StartTransfer(chip::bdx::TransferRole, const TransferInitData&, chip::System::Clock::Timeout)	96	static
/Users/brady/Downloads/STM32CubeExpansion_MATTER_V1.1.0/Middlewares/Third_Party/connectedhomeip/src/protocols/bdx/BdxTransferSession.cpp:195:12:CHIP_ERROR chip::bdx::TransferSession::AcceptTransfer(const TransferAcceptData&)	88	static
/Users/brady/Downloads/STM32CubeExpansion_MATTER_V1.1.0/Middlewares/Third_Party/connectedhomeip/src/protocols/bdx/BdxTransferSession.cpp:264:12:CHIP_ERROR chip::bdx::TransferSession::PrepareBlockQuery()	24	static
/Users/brady/Downloads/STM32CubeExpansion_MATTER_V1.1.0/Middlewares/Third_Party/connectedhomeip/src/protocols/bdx/BdxTransferSession.cpp:356:12:CHIP_ERROR chip::bdx::TransferSession::PrepareBlockAck()	32	static
/Users/brady/Downloads/STM32CubeExpansion_MATTER_V1.1.0/Middlewares/Third_Party/connectedhomeip/src/protocols/bdx/BdxTransferSession.cpp:291:12:CHIP_ERROR chip::bdx::TransferSession::PrepareBlockQueryWithSkip(const uint64_t&)	32	static
/Users/brady/Downloads/STM32CubeExpansion_MATTER_V1.1.0/Middlewares/Third_Party/connectedhomeip/src/protocols/bdx/BdxTransferSession.cpp:870:6:void chip::bdx::TransferSession::PrepareStatusReport(chip::bdx::StatusCode)	56	static
/Users/brady/Downloads/STM32CubeExpansion_MATTER_V1.1.0/Middlewares/Third_Party/connectedhomeip/src/protocols/bdx/BdxTransferSession.cpp:395:12:CHIP_ERROR chip::bdx::TransferSession::AbortTransfer(chip::bdx::StatusCode)	8	static
/Users/brady/Downloads/STM32CubeExpansion_MATTER_V1.1.0/Middlewares/Third_Party/connectedhomeip/src/protocols/bdx/BdxTransferSession.cpp:833:12:CHIP_ERROR chip::bdx::TransferSession::VerifyProposedMode(const chip::BitFlags<chip::bdx::TransferControlFlags>&)	8	static
/Users/brady/Downloads/STM32CubeExpansion_MATTER_V1.1.0/Middlewares/Third_Party/connectedhomeip/src/protocols/bdx/BdxTransferSession.cpp:802:6:void chip::bdx::TransferSession::ResolveTransferControlOptions(const chip::BitFlags<chip::bdx::TransferControlFlags>&)	0	static
/Users/brady/Downloads/STM32CubeExpansion_MATTER_V1.1.0/Middlewares/Third_Party/connectedhomeip/src/protocols/bdx/BdxTransferSession.cpp:528:6:void chip::bdx::TransferSession::HandleTransferInit(chip::bdx::MessageType, chip::System::PacketBufferHandle)	88	static
/Users/brady/Downloads/STM32CubeExpansion_MATTER_V1.1.0/Middlewares/Third_Party/connectedhomeip/src/protocols/bdx/BdxTransferSession.cpp:573:6:void chip::bdx::TransferSession::HandleReceiveAccept(chip::System::PacketBufferHandle)	80	static
/Users/brady/Downloads/STM32CubeExpansion_MATTER_V1.1.0/Middlewares/Third_Party/connectedhomeip/src/protocols/bdx/BdxTransferSession.cpp:609:6:void chip::bdx::TransferSession::HandleSendAccept(chip::System::PacketBufferHandle)	48	static
/Users/brady/Downloads/STM32CubeExpansion_MATTER_V1.1.0/Middlewares/Third_Party/connectedhomeip/src/protocols/bdx/BdxTransferSession.cpp:643:6:void chip::bdx::TransferSession::HandleBlockQuery(chip::System::PacketBufferHandle)	32	static
/Users/brady/Downloads/STM32CubeExpansion_MATTER_V1.1.0/Middlewares/Third_Party/connectedhomeip/src/protocols/bdx/BdxTransferSession.cpp:758:6:void chip::bdx::TransferSession::HandleBlockAck(chip::System::PacketBufferHandle)	32	static
/Users/brady/Downloads/STM32CubeExpansion_MATTER_V1.1.0/Middlewares/Third_Party/connectedhomeip/src/protocols/bdx/BdxTransferSession.cpp:780:6:void chip::bdx::TransferSession::HandleBlockAckEOF(chip::System::PacketBufferHandle)	32	static
/Users/brady/Downloads/STM32CubeExpansion_MATTER_V1.1.0/Middlewares/Third_Party/connectedhomeip/src/protocols/bdx/BdxTransferSession.cpp:665:6:void chip::bdx::TransferSession::HandleBlockQueryWithSkip(chip::System::PacketBufferHandle)	48	static
../../../../../../../Middlewares/Third_Party/connectedhomeip/src/protocols/bdx/BdxMessages.h:254:8:chip::bdx::DataBlock::~DataBlock()	8	static
/Users/brady/Downloads/STM32CubeExpansion_MATTER_V1.1.0/Middlewares/Third_Party/connectedhomeip/src/protocols/bdx/BdxTransferSession.cpp:319:12:CHIP_ERROR chip::bdx::TransferSession::PrepareBlock(const BlockData&)	40	static
/Users/brady/Downloads/STM32CubeExpansion_MATTER_V1.1.0/Middlewares/Third_Party/connectedhomeip/src/protocols/bdx/BdxTransferSession.cpp:688:6:void chip::bdx::TransferSession::HandleBlock(chip::System::PacketBufferHandle)	40	static
/Users/brady/Downloads/STM32CubeExpansion_MATTER_V1.1.0/Middlewares/Third_Party/connectedhomeip/src/protocols/bdx/BdxTransferSession.cpp:726:6:void chip::bdx::TransferSession::HandleBlockEOF(chip::System::PacketBufferHandle)	48	static
/Users/brady/Downloads/STM32CubeExpansion_MATTER_V1.1.0/Middlewares/Third_Party/connectedhomeip/src/protocols/bdx/BdxTransferSession.cpp:455:12:CHIP_ERROR chip::bdx::TransferSession::HandleBdxMessage(const chip::PayloadHeader&, chip::System::PacketBufferHandle)	24	static
/Users/brady/Downloads/STM32CubeExpansion_MATTER_V1.1.0/Middlewares/Third_Party/connectedhomeip/src/protocols/bdx/BdxTransferSession.cpp:431:12:CHIP_ERROR chip::bdx::TransferSession::HandleMessageReceived(const chip::PayloadHeader&, chip::System::PacketBufferHandle, chip::System::Clock::Timestamp)	32	static
../../../../../../../Middlewares/Third_Party/connectedhomeip/src/protocols/bdx/BdxMessages.h:254:8:virtual chip::bdx::DataBlock::~DataBlock()	8	static
