/Users/brady/Downloads/STM32CubeExpansion_MATTER_V1.1.0/Middlewares/Third_Party/connectedhomeip/src/transport/CryptoContext.cpp:54:1:chip::CryptoContext::CryptoContext()	16	static
/Users/brady/Downloads/STM32CubeExpansion_MATTER_V1.1.0/Middlewares/Third_Party/connectedhomeip/src/transport/CryptoContext.cpp:56:1:chip::CryptoContext::~CryptoContext()	16	static
/Users/brady/Downloads/STM32CubeExpansion_MATTER_V1.1.0/Middlewares/Third_Party/connectedhomeip/src/transport/CryptoContext.cpp:68:12:CHIP_ERROR chip::CryptoContext::InitFromSecret(chip::Crypto::SessionKeystore&, const chip::ByteSpan&, const chip::ByteSpan&, SessionInfoType, SessionRole)	48	static
/Users/brady/Downloads/STM32CubeExpansion_MATTER_V1.1.0/Middlewares/Third_Party/connectedhomeip/src/transport/CryptoContext.cpp:93:12:CHIP_ERROR chip::CryptoContext::InitFromSecret(chip::Crypto::SessionKeystore&, const chip::Crypto::HkdfKeyHandle&, const chip::ByteSpan&, SessionInfoType, SessionRole)	48	static
/Users/brady/Downloads/STM32CubeExpansion_MATTER_V1.1.0/Middlewares/Third_Party/connectedhomeip/src/transport/CryptoContext.cpp:118:12:CHIP_ERROR chip::CryptoContext::InitFromKeyPair(chip::Crypto::SessionKeystore&, const chip::Crypto::P256Keypair&, const chip::Crypto::P256PublicKey&, const chip::ByteSpan&, SessionInfoType, SessionRole)	80	static
/Users/brady/Downloads/STM32CubeExpansion_MATTER_V1.1.0/Middlewares/Third_Party/connectedhomeip/src/transport/CryptoContext.cpp:153:12:static CHIP_ERROR chip::CryptoContext::BuildNonce(NonceView, uint8_t, uint32_t, chip::NodeId)	40	static
/Users/brady/Downloads/STM32CubeExpansion_MATTER_V1.1.0/Middlewares/Third_Party/connectedhomeip/src/transport/CryptoContext.cpp:168:12:static CHIP_ERROR chip::CryptoContext::BuildPrivacyNonce(NonceView, uint16_t, const chip::MessageAuthenticationCode&)	32	static
/Users/brady/Downloads/STM32CubeExpansion_MATTER_V1.1.0/Middlewares/Third_Party/connectedhomeip/src/transport/CryptoContext.cpp:178:12:static CHIP_ERROR chip::CryptoContext::GetAdditionalAuthData(const chip::PacketHeader&, uint8_t*, uint16_t&)	32	static
/Users/brady/Downloads/STM32CubeExpansion_MATTER_V1.1.0/Middlewares/Third_Party/connectedhomeip/src/transport/CryptoContext.cpp:194:12:CHIP_ERROR chip::CryptoContext::Encrypt(const uint8_t*, size_t, uint8_t*, ConstNonceView, chip::PacketHeader&, chip::MessageAuthenticationCode&) const	248	static
/Users/brady/Downloads/STM32CubeExpansion_MATTER_V1.1.0/Middlewares/Third_Party/connectedhomeip/src/transport/CryptoContext.cpp:232:12:CHIP_ERROR chip::CryptoContext::Decrypt(const uint8_t*, size_t, uint8_t*, ConstNonceView, const chip::PacketHeader&, const chip::MessageAuthenticationCode&) const	240	static
/Users/brady/Downloads/STM32CubeExpansion_MATTER_V1.1.0/Middlewares/Third_Party/connectedhomeip/src/transport/CryptoContext.cpp:264:12:CHIP_ERROR chip::CryptoContext::PrivacyEncrypt(const uint8_t*, size_t, uint8_t*, chip::PacketHeader&, chip::MessageAuthenticationCode&) const	56	static
/Users/brady/Downloads/STM32CubeExpansion_MATTER_V1.1.0/Middlewares/Third_Party/connectedhomeip/src/transport/CryptoContext.cpp:282:12:CHIP_ERROR chip::CryptoContext::PrivacyDecrypt(const uint8_t*, size_t, uint8_t*, const chip::PacketHeader&, const chip::MessageAuthenticationCode&) const	56	static
