../../../../../../../Middlewares/Third_Party/connectedhomeip/src/transport/SecureSession.h:121:10:virtual bool chip::Transport::SecureSession::IsActiveSession() const	0	static
../../../../../../../Middlewares/Third_Party/connectedhomeip/src/transport/SecureSession.h:151:26:virtual chip::Transport::Session::SessionType chip::Transport::SecureSession::GetSessionType() const	0	static
../../../../../../../Middlewares/Third_Party/connectedhomeip/src/transport/SecureSession.h:153:18:virtual chip::ScopedNodeId chip::Transport::SecureSession::GetPeer() const	12	static
../../../../../../../Middlewares/Third_Party/connectedhomeip/src/transport/SecureSession.h:155:18:virtual chip::ScopedNodeId chip::Transport::SecureSession::GetLocalScopedNodeId() const	12	static
../../../../../../../Middlewares/Third_Party/connectedhomeip/src/transport/SecureSession.h:159:10:virtual bool chip::Transport::SecureSession::AllowsMRP() const	0	static
../../../../../../../Middlewares/Third_Party/connectedhomeip/src/transport/SecureSession.h:161:10:virtual bool chip::Transport::SecureSession::AllowsLargePayload() const	0	static
../../../../../../../Middlewares/Third_Party/connectedhomeip/src/transport/SecureSession.h:195:31:virtual const chip::SessionParameters& chip::Transport::SecureSession::GetRemoteSessionParameters() const	0	static
../../../../../../../Middlewares/Third_Party/connectedhomeip/src/transport/SecureSession.h:163:35:virtual chip::System::Clock::Milliseconds32 chip::Transport::SecureSession::GetAckTimeout() const	48	static
/Users/brady/Downloads/STM32CubeExpansion_MATTER_V1.1.0/Middlewares/Third_Party/connectedhomeip/src/transport/SecureSession.cpp:186:6:virtual void chip::Transport::SecureSession::Retain()	8	static
/Users/brady/Downloads/STM32CubeExpansion_MATTER_V1.1.0/Middlewares/Third_Party/connectedhomeip/src/transport/SecureSession.cpp:158:27:virtual chip::Access::SubjectDescriptor chip::Transport::SecureSession::GetSubjectDescriptor() const	24	static
../../../../../../../Middlewares/Third_Party/connectedhomeip/src/transport/SecureSession.h:107:5:chip::Transport::SecureSession::~SecureSession()	8	static
../../../../../../../Middlewares/Third_Party/connectedhomeip/src/transport/SecureSession.h:107:5:virtual chip::Transport::SecureSession::~SecureSession()	8	static
../../../../../../../Middlewares/Third_Party/connectedhomeip/src/lib/core/CASEAuthTag.h:75:12:size_t chip::CATValues::GetNumTagsPresent() const	0	static
../../../../../../../Middlewares/Third_Party/connectedhomeip/src/lib/core/CASEAuthTag.h:101:10:bool chip::CATValues::AreValid() const	8	static
../../../../../../../Middlewares/Third_Party/connectedhomeip/src/lib/core/CASEAuthTag.h:180:10:bool chip::CATValues::operator==(const chip::CATValues&) const	24	static
../../../../../../../Middlewares/Third_Party/connectedhomeip/src/transport/Session.h:204:43:const chip::ReliableMessageProtocolConfig& chip::Transport::Session::GetRemoteMRPConfig() const	8	static
../../../../../../../Middlewares/Third_Party/connectedhomeip/src/transport/SecureSession.h:233:30:virtual chip::System::Clock::Timestamp chip::Transport::SecureSession::GetMRPBaseTimeout() const	32	static
/Users/brady/Downloads/STM32CubeExpansion_MATTER_V1.1.0/Middlewares/Third_Party/connectedhomeip/src/transport/SecureSession.cpp:24:6:static void chip::Transport::SecureSessionDeleter::Release(chip::Transport::SecureSession*)	16	static
/Users/brady/Downloads/STM32CubeExpansion_MATTER_V1.1.0/Middlewares/Third_Party/connectedhomeip/src/transport/SecureSession.cpp:195:6:virtual void chip::Transport::SecureSession::Release()	8	static
/Users/brady/Downloads/STM32CubeExpansion_MATTER_V1.1.0/Middlewares/Third_Party/connectedhomeip/src/transport/SecureSession.cpp:60:14:const char* chip::Transport::SecureSession::StateToString(State) const	0	static
/Users/brady/Downloads/STM32CubeExpansion_MATTER_V1.1.0/Middlewares/Third_Party/connectedhomeip/src/transport/SecureSession.cpp:86:6:void chip::Transport::SecureSession::MoveToState(State)	32	static
/Users/brady/Downloads/STM32CubeExpansion_MATTER_V1.1.0/Middlewares/Third_Party/connectedhomeip/src/transport/SecureSession.cpp:29:6:void chip::Transport::SecureSession::Activate(const chip::ScopedNodeId&, const chip::ScopedNodeId&, chip::CATValues, uint16_t, const chip::SessionParameters&)	40	static
/Users/brady/Downloads/STM32CubeExpansion_MATTER_V1.1.0/Middlewares/Third_Party/connectedhomeip/src/transport/SecureSession.cpp:204:6:void chip::Transport::SecureSession::NewerSessionAvailable(const chip::SessionHandle&)	16	static
../../../../../../../Middlewares/Third_Party/connectedhomeip/src/lib/support/ReferenceCountedHandle.h:28:14:chip::ReferenceCountedHandle<Target>::ReferenceCountedHandle(Target&) [with Target = chip::Transport::Session]	8	static
../../../../../../../Middlewares/Third_Party/connectedhomeip/src/lib/support/ReferenceCountedHandle.h:35:5:chip::ReferenceCountedHandle<Target>::~ReferenceCountedHandle() [with Target = chip::Transport::Session]	8	static
/Users/brady/Downloads/STM32CubeExpansion_MATTER_V1.1.0/Middlewares/Third_Party/connectedhomeip/src/transport/SecureSession.cpp:96:6:void chip::Transport::SecureSession::MarkAsDefunct()	16	static
../../../../../../../Middlewares/Third_Party/connectedhomeip/src/transport/Session.h:248:10:void chip::Transport::Session::NotifySessionReleased()	24	static
/Users/brady/Downloads/STM32CubeExpansion_MATTER_V1.1.0/Middlewares/Third_Party/connectedhomeip/src/transport/SecureSession.cpp:130:6:void chip::Transport::SecureSession::MarkForEviction()	16	static
../../../../../../../Middlewares/Third_Party/connectedhomeip/src/transport/SecureSessionTable.h:103:38:chip::Transport::SecureSessionTable::NewerSessionAvailable(chip::Transport::SecureSession*)::<lambda(chip::Transport::SecureSession*)>	56	static
../../../../../../../Middlewares/Third_Party/connectedhomeip/src/lib/support/Pool.h:129:17:static chip::Loop chip::internal::LambdaProxy<T, Function>::Call(void*, void*) [with T = chip::Transport::SecureSession; Function = chip::Transport::SecureSessionTable::NewerSessionAvailable(chip::Transport::SecureSession*)::<lambda(chip::Transport::SecureSession*)>]	8	static
