../../../../../../../Middlewares/Third_Party/connectedhomeip/src/transport/MessageCounter.h:92:10:virtual chip::MessageCounter::Type chip::LocalSessionMessageCounter::GetType() const	0	static
../../../../../../../Middlewares/Third_Party/connectedhomeip/src/transport/MessageCounter.h:93:16:virtual CHIP_ERROR chip::LocalSessionMessageCounter::AdvanceAndConsume(uint32_t&)	0	static
../../../../../../../Middlewares/Third_Party/connectedhomeip/src/lib/support/Pool.h:129:17:static chip::Loop chip::internal::LambdaProxy<T, Function>::Call(void*, void*) [with T = chip::Transport::SecureSession; Function = chip::Transport::SecureSessionTable::FindSecureSessionByLocalKey(uint16_t)::<lambda(auto:5)>]	0	static
../../../../../../../Middlewares/Third_Party/connectedhomeip/src/lib/support/Pool.h:129:17:static chip::Loop chip::internal::LambdaProxy<T, Function>::Call(void*, void*) [with T = chip::Transport::SecureSession; Function = chip::Transport::SecureSessionTable::EvictAndAllocate(uint16_t, chip::Transport::SecureSession::Type, const chip::ScopedNodeId&)::<lambda(auto:1*)>::<lambda(auto:2*)>]	12	static
../../../../../../../Middlewares/Third_Party/connectedhomeip/src/transport/MessageCounter.h:78:7:chip::LocalSessionMessageCounter::~LocalSessionMessageCounter()	0	static
../../../../../../../Middlewares/Third_Party/connectedhomeip/src/transport/MessageCounter.h:78:7:virtual chip::LocalSessionMessageCounter::~LocalSessionMessageCounter()	8	static
/Users/brady/Downloads/STM32CubeExpansion_MATTER_V1.1.0/Middlewares/Third_Party/connectedhomeip/src/transport/SecureSessionTable.cpp:287:43:chip::Transport::SecureSessionTable::DefaultEvictionPolicy(EvictionPolicyContext&)::<lambda(const chip::Transport::SecureSessionTable::SortableSession&, const chip::Transport::SecureSessionTable::SortableSession&)>::<lambda(const chip::Transport::SecureSessionTable::SortableSession&)>	32	static
../../../../../../../Middlewares/Third_Party/connectedhomeip/src/lib/support/Pool.h:129:17:static chip::Loop chip::internal::LambdaProxy<T, Function>::Call(void*, void*) [with T = chip::Transport::SecureSession; Function = chip::Transport::SecureSessionTable::EvictAndAllocate(uint16_t, chip::Transport::SecureSession::Type, const chip::ScopedNodeId&)::<lambda(auto:1*)>]	32	static
../../../../../../../Middlewares/Third_Party/connectedhomeip/src/lib/support/Pool.h:129:17:static chip::Loop chip::internal::LambdaProxy<T, Function>::Call(void*, void*) [with T = chip::Transport::SecureSession; Function = chip::Transport::SecureSessionTable::FindUnusedSessionId()::<lambda(auto:6)>]	8	static
../../../../../../../Middlewares/Third_Party/connectedhomeip/src/transport/raw/PeerAddress.h:64:5:chip::Transport::PeerAddress::PeerAddress()	8	static
/Users/brady/Downloads/STM32CubeExpansion_MATTER_V1.1.0/Middlewares/Third_Party/connectedhomeip/src/transport/SecureSessionTable.cpp:229:6:void chip::Transport::SecureSessionTable::DefaultEvictionPolicy(EvictionPolicyContext&)	72	static
/Users/brady/Downloads/STM32CubeExpansion_MATTER_V1.1.0/Middlewares/Third_Party/connectedhomeip/src/transport/SecureSessionTable.cpp:354:20:chip::Optional<short unsigned int> chip::Transport::SecureSessionTable::FindUnusedSessionId()	48	static
../../../../../../../Middlewares/Third_Party/connectedhomeip/src/lib/support/ReferenceCountedHandle.h:28:14:chip::ReferenceCountedHandle<Target>::ReferenceCountedHandle(Target&) [with Target = chip::Transport::Session]	8	static
/Users/brady/Downloads/STM32CubeExpansion_MATTER_V1.1.0/Middlewares/Third_Party/connectedhomeip/src/transport/SecureSessionTable.cpp:28:25:chip::Optional<chip::SessionHandle> chip::Transport::SecureSessionTable::CreateNewSecureSessionForTest(chip::Transport::SecureSession::Type, uint16_t, chip::NodeId, chip::NodeId, chip::CATValues, uint16_t, chip::FabricIndex, const chip::ReliableMessageProtocolConfig&)	80	static
/Users/brady/Downloads/STM32CubeExpansion_MATTER_V1.1.0/Middlewares/Third_Party/connectedhomeip/src/transport/SecureSessionTable.cpp:340:25:chip::Optional<chip::SessionHandle> chip::Transport::SecureSessionTable::FindSecureSessionByLocalKey(uint16_t)	32	static
../../../../../../../Middlewares/Third_Party/connectedhomeip/src/lib/support/ReferenceCountedHandle.h:35:5:chip::ReferenceCountedHandle<Target>::~ReferenceCountedHandle() [with Target = chip::Transport::Session]	8	static
../../../../../../../Middlewares/Third_Party/connectedhomeip/src/lib/support/Pool.h:272:9:) [with Args = {chip::Transport::SecureSessionTable&, chip::Transport::SecureSession::Type&, short unsigned int&}; T = chip::Transport::SecureSession; unsigned int N = 17]	48	static
/Users/brady/Downloads/STM32CubeExpansion_MATTER_V1.1.0/Middlewares/Third_Party/connectedhomeip/src/transport/SecureSessionTable.cpp:92:17:chip::Transport::SecureSession* chip::Transport::SecureSessionTable::EvictAndAllocate(uint16_t, chip::Transport::SecureSession::Type, const chip::ScopedNodeId&)	232	static
/Users/brady/Downloads/STM32CubeExpansion_MATTER_V1.1.0/Middlewares/Third_Party/connectedhomeip/src/transport/SecureSessionTable.cpp:60:25:chip::Optional<chip::SessionHandle> chip::Transport::SecureSessionTable::CreateNewSecureSession(chip::Transport::SecureSession::Type, chip::ScopedNodeId)	48	static
