../../../../../../../Middlewares/Third_Party/connectedhomeip/src/credentials/FabricTable.h:376:22:virtual void chip::FabricTable::Delegate::FabricWillBeRemoved(const chip::FabricTable&, chip::FabricIndex)	0	static
../../../../../../../Middlewares/Third_Party/connectedhomeip/src/credentials/FabricTable.h:386:22:virtual void chip::FabricTable::Delegate::OnFabricCommitted(const chip::FabricTable&, chip::FabricIndex)	0	static
../../../../../../../Middlewares/Third_Party/connectedhomeip/src/credentials/FabricTable.h:393:22:virtual void chip::FabricTable::Delegate::OnFabricUpdated(const chip::FabricTable&, chip::FabricIndex)	0	static
../../../../../../../Middlewares/Third_Party/connectedhomeip/src/transport/GroupSession.h:44:10:virtual bool chip::Transport::IncomingGroupSession::IsActiveSession() const	0	static
../../../../../../../Middlewares/Third_Party/connectedhomeip/src/transport/GroupSession.h:46:26:virtual chip::Transport::Session::SessionType chip::Transport::IncomingGroupSession::GetSessionType() const	0	static
../../../../../../../Middlewares/Third_Party/connectedhomeip/src/transport/GroupSession.h:48:18:virtual chip::ScopedNodeId chip::Transport::IncomingGroupSession::GetPeer() const	12	static
../../../../../../../Middlewares/Third_Party/connectedhomeip/src/transport/GroupSession.h:49:18:virtual chip::ScopedNodeId chip::Transport::IncomingGroupSession::GetLocalScopedNodeId() const	12	static
../../../../../../../Middlewares/Third_Party/connectedhomeip/src/transport/GroupSession.h:51:31:virtual chip::Access::SubjectDescriptor chip::Transport::IncomingGroupSession::GetSubjectDescriptor() const	16	static
../../../../../../../Middlewares/Third_Party/connectedhomeip/src/transport/GroupSession.h:60:10:virtual bool chip::Transport::IncomingGroupSession::AllowsMRP() const	0	static
../../../../../../../Middlewares/Third_Party/connectedhomeip/src/transport/GroupSession.h:61:10:virtual bool chip::Transport::IncomingGroupSession::AllowsLargePayload() const	0	static
../../../../../../../Middlewares/Third_Party/connectedhomeip/src/transport/GroupSession.h:65:65:void __tcf_0()	0	static
../../../../../../../Middlewares/Third_Party/connectedhomeip/src/transport/GroupSession.h:70:30:virtual chip::System::Clock::Timestamp chip::Transport::IncomingGroupSession::GetMRPBaseTimeout() const	12	static
../../../../../../../Middlewares/Third_Party/connectedhomeip/src/transport/MessageCounter.h:67:10:virtual chip::MessageCounter::Type chip::GlobalUnencryptedMessageCounter::GetType() const	0	static
../../../../../../../Middlewares/Third_Party/connectedhomeip/src/transport/MessageCounter.h:68:16:virtual CHIP_ERROR chip::GlobalUnencryptedMessageCounter::AdvanceAndConsume(uint32_t&)	0	static
../../../../../../../Middlewares/Third_Party/connectedhomeip/src/transport/UnauthenticatedSessionTable.h:71:26:virtual chip::Transport::Session::SessionType chip::Transport::UnauthenticatedSession::GetSessionType() const	0	static
../../../../../../../Middlewares/Third_Party/connectedhomeip/src/transport/UnauthenticatedSessionTable.h:76:10:virtual bool chip::Transport::UnauthenticatedSession::IsActiveSession() const	0	static
../../../../../../../Middlewares/Third_Party/connectedhomeip/src/transport/UnauthenticatedSessionTable.h:78:18:virtual chip::ScopedNodeId chip::Transport::UnauthenticatedSession::GetPeer() const	0	static
../../../../../../../Middlewares/Third_Party/connectedhomeip/src/transport/UnauthenticatedSessionTable.h:79:18:virtual chip::ScopedNodeId chip::Transport::UnauthenticatedSession::GetLocalScopedNodeId() const	12	static
../../../../../../../Middlewares/Third_Party/connectedhomeip/src/transport/UnauthenticatedSessionTable.h:81:31:virtual chip::Access::SubjectDescriptor chip::Transport::UnauthenticatedSession::GetSubjectDescriptor() const	8	static
../../../../../../../Middlewares/Third_Party/connectedhomeip/src/transport/UnauthenticatedSessionTable.h:86:10:virtual bool chip::Transport::UnauthenticatedSession::AllowsMRP() const	0	static
../../../../../../../Middlewares/Third_Party/connectedhomeip/src/transport/UnauthenticatedSessionTable.h:88:10:virtual bool chip::Transport::UnauthenticatedSession::AllowsLargePayload() const	0	static
../../../../../../../Middlewares/Third_Party/connectedhomeip/src/transport/UnauthenticatedSessionTable.h:137:31:virtual const chip::SessionParameters& chip::Transport::UnauthenticatedSession::GetRemoteSessionParameters() const	0	static
../../../../../../../Middlewares/Third_Party/connectedhomeip/src/transport/MessageCounter.h:60:7:chip::GlobalUnencryptedMessageCounter::~GlobalUnencryptedMessageCounter()	0	static
../../../../../../../Middlewares/Third_Party/connectedhomeip/src/transport/MessageCounter.h:60:7:virtual chip::GlobalUnencryptedMessageCounter::~GlobalUnencryptedMessageCounter()	8	static
../../../../../../../Middlewares/Third_Party/connectedhomeip/src/lib/support/Pool.h:327:17:static chip::Loop chip::BitMapObjectPool<T, N>::ReleaseObject(void*, void*) [with T = chip::Transport::SecureSession; unsigned int N = 17]	16	static
../../../../../../../Middlewares/Third_Party/connectedhomeip/src/transport/UnauthenticatedSessionTable.h:90:35:virtual chip::System::Clock::Milliseconds32 chip::Transport::UnauthenticatedSession::GetAckTimeout() const	48	static
../../../../../../../Middlewares/Third_Party/connectedhomeip/src/transport/GroupSession.h:72:35:virtual chip::System::Clock::Milliseconds32 chip::Transport::IncomingGroupSession::GetAckTimeout() const	8	static
../../../../../../../Middlewares/Third_Party/connectedhomeip/src/transport/UnauthenticatedSessionTable.h:74:10:virtual void chip::Transport::UnauthenticatedSession::Release()	8	static
../../../../../../../Middlewares/Third_Party/connectedhomeip/src/transport/GroupSession.h:63:31:virtual const chip::SessionParameters& chip::Transport::IncomingGroupSession::GetRemoteSessionParameters() const	32	static
../../../../../../../Middlewares/Third_Party/connectedhomeip/src/transport/GroupSession.h:42:10:virtual void chip::Transport::IncomingGroupSession::Release()	8	static
../../../../../../../Middlewares/Third_Party/connectedhomeip/src/lib/support/Pool.h:129:17:static chip::Loop chip::internal::LambdaProxy<T, Function>::Call(void*, void*) [with T = chip::Transport::SecureSession; Function = chip::SessionManager::Shutdown()::<lambda(auto:5)>]	8	static
/Users/brady/Downloads/STM32CubeExpansion_MATTER_V1.1.0/Middlewares/Third_Party/connectedhomeip/src/transport/SessionManager.h:446:10:virtual void chip::SessionManager::OnFabricRemoved(const chip::FabricTable&, chip::FabricIndex)	0	static
../../../../../../../Middlewares/Third_Party/connectedhomeip/src/lib/support/Pool.h:129:17:static chip::Loop chip::internal::LambdaProxy<T, Function>::Call(void*, void*) [with T = chip::Transport::detail::UnauthenticatedSessionPoolEntry<4>; Function = chip::Transport::UnauthenticatedSessionTable<4>::FindEntry(chip::Transport::UnauthenticatedSession::SessionRole, chip::NodeId)::<lambda(chip::Transport::UnauthenticatedSession*)>]	12	static
../../../../../../../Middlewares/Third_Party/connectedhomeip/src/lib/support/Pool.h:129:17:static chip::Loop chip::internal::LambdaProxy<T, Function>::Call(void*, void*) [with T = chip::Transport::detail::UnauthenticatedSessionPoolEntry<4>; Function = chip::Transport::UnauthenticatedSessionTable<4>::FindLeastRecentUsedEntry()::<lambda(chip::Transport::UnauthenticatedSessionTable<4>::EntryType*)>]	16	static
../../../../../../../Middlewares/Third_Party/connectedhomeip/src/lib/support/Pool.h:129:17:static chip::Loop chip::internal::LambdaProxy<T, Function>::Call(void*, void*) [with T = chip::Transport::SecureSession; Function = chip::SessionManager::ExpireAllPASESessions()::<lambda(auto:10)>]	8	static
../../../../../../../Middlewares/Third_Party/connectedhomeip/src/lib/support/Pool.h:129:17:static chip::Loop chip::internal::LambdaProxy<T, Function>::Call(void*, void*) [with T = chip::Transport::SecureSession; Function = chip::SessionManager::ForEachMatchingSession<chip::SessionManager::ExpireAllSessionsForFabric(chip::FabricIndex)::<lambda(auto:7*)> >(chip::FabricIndex, chip::SessionManager::ExpireAllSessionsForFabric(chip::FabricIndex)::<lambda(auto:7*)>&&)::<lambda(auto:2*)>]	8	static
../../../../../../../Middlewares/Third_Party/connectedhomeip/src/transport/PeerMessageCounter.h:298:16:CHIP_ERROR chip::Transport::PeerMessageCounter::VerifyPositionUnencrypted(Position, uint32_t) const	8	static
../../../../../../../Middlewares/Third_Party/connectedhomeip/src/transport/UnauthenticatedSessionTable.h:73:10:virtual void chip::Transport::UnauthenticatedSession::Retain()	8	static
../../../../../../../Middlewares/Third_Party/connectedhomeip/src/transport/GroupSession.h:41:10:virtual void chip::Transport::IncomingGroupSession::Retain()	8	static
../../../../../../../Middlewares/Third_Party/connectedhomeip/src/transport/raw/PeerAddress.h:70:19:constexpr chip::Transport::PeerAddress& chip::Transport::PeerAddress::operator=(const chip::Transport::PeerAddress&)	12	static
../../../../../../../Middlewares/Third_Party/connectedhomeip/src/transport/PeerMessageCounter.h:236:14:chip::Transport::PeerMessageCounter::Position chip::Transport::PeerMessageCounter::ClassifyWithRollover(uint32_t) const	0	static
../../../../../../../Middlewares/Third_Party/connectedhomeip/src/system/SystemPacketBuffer.h:433:26:chip::System::PacketBufferHandle& chip::System::PacketBufferHandle::operator=(chip::System::PacketBufferHandle&&)	16	static
/Applications/STM32CubeIDE.app/Contents/Eclipse/plugins/com.st.stm32cube.ide.mcu.externaltools.gnu-tools-for-stm32.12.3.rel1.macos64_1.1.0.202410301201/tools/arm-none-eabi/include/c++/12.3.1/bitset:1089:7:std::bitset<_Nb>& std::bitset<_Nb>::set(std::size_t, bool) [with unsigned int _Nb = 32]	8	static
../../../../../../../Middlewares/Third_Party/connectedhomeip/src/system/SystemPacketBuffer.h:428:5:chip::System::PacketBufferHandle::~PacketBufferHandle()	8	static
../../../../../../../Middlewares/Third_Party/connectedhomeip/src/lib/core/ScopedNodeId.h:36:10:bool chip::ScopedNodeId::operator==(const chip::ScopedNodeId&) const	12	static
../../../../../../../Middlewares/Third_Party/connectedhomeip/src/lib/support/Pool.h:129:17:static chip::Loop chip::internal::LambdaProxy<T, Function>::Call(void*, void*) [with T = chip::Transport::SecureSession; Function = chip::SessionManager::ForEachMatchingSession<chip::SessionManager::ExpireAllSessions(const chip::ScopedNodeId&)::<lambda(auto:6*)> >(const chip::ScopedNodeId&, chip::SessionManager::ExpireAllSessions(const chip::ScopedNodeId&)::<lambda(auto:6*)>&&)::<lambda(auto:1*)>]	32	static
../../../../../../../Middlewares/Third_Party/connectedhomeip/src/lib/support/Pool.h:129:17:static chip::Loop chip::internal::LambdaProxy<T, Function>::Call(void*, void*) [with T = chip::Transport::SecureSession; Function = chip::SessionManager::UpdateAllSessionsPeerAddress(const chip::ScopedNodeId&, const chip::Transport::PeerAddress&)::<lambda(auto:12)>]	32	static
../../../../../../../Middlewares/Third_Party/connectedhomeip/src/lib/support/Pool.h:129:17:static chip::Loop chip::internal::LambdaProxy<T, Function>::Call(void*, void*) [with T = chip::Transport::SecureSession; Function = chip::SessionManager::MarkSessionsAsDefunct(const chip::ScopedNodeId&, const chip::Optional<chip::Transport::SecureSession::Type>&)::<lambda(auto:11)>]	32	static
../../../../../../../Middlewares/Third_Party/connectedhomeip/src/lib/support/Pool.h:129:17:static chip::Loop chip::internal::LambdaProxy<T, Function>::Call(void*, void*) [with T = chip::Transport::SecureSession; Function = chip::SessionManager::FindSecureSessionForNode(chip::ScopedNodeId, const chip::Optional<chip::Transport::SecureSession::Type>&)::<lambda(auto:13)>]	32	static
../../../../../../../Middlewares/Third_Party/connectedhomeip/src/transport/raw/MessageHeader.h:241:10:bool chip::PacketHeader::IsValidGroupMsg() const	0	static
../../../../../../../Middlewares/Third_Party/connectedhomeip/src/transport/raw/MessageHeader.h:247:10:bool chip::PacketHeader::IsValidMCSPMsg() const	0	static
../../../../../../../Middlewares/Third_Party/connectedhomeip/src/transport/raw/MessageHeader.h:524:15:constexpr chip::PayloadHeader::PayloadHeader()	0	static
../../../../../../../Middlewares/Third_Party/connectedhomeip/src/transport/CryptoContext.h:50:14:chip::CryptoContext::CryptoContext(chip::Crypto::SymmetricKeyContext*)	16	static
/Users/brady/Downloads/STM32CubeExpansion_MATTER_V1.1.0/Middlewares/Third_Party/connectedhomeip/src/transport/SessionManager.cpp:820:13:bool chip::GroupKeyDecryptAttempt(const PacketHeader&, PacketHeader&, PayloadHeader&, bool, System::PacketBufferHandle&, const MessageAuthenticationCode&, const Credentials::GroupDataProvider::GroupSession&)	120	static
../../../../../../../Middlewares/Third_Party/connectedhomeip/src/transport/PeerMessageCounter.h:273:16:CHIP_ERROR chip::Transport::PeerMessageCounter::VerifyPositionEncrypted(Position, uint32_t) const	0	static
../../../../../../../Middlewares/Third_Party/connectedhomeip/src/transport/PeerMessageCounter.h:337:10:void chip::Transport::PeerMessageCounter::CommitWithPosition(Position, uint32_t)	0	static
../../../../../../../Middlewares/Third_Party/connectedhomeip/src/transport/PeerMessageCounter.h:321:10:void chip::Transport::PeerMessageCounter::CommitWithRollover(uint32_t)	8	static
../../../../../../../Middlewares/Third_Party/connectedhomeip/src/transport/Session.h:163:13:chip::Transport::Session::~Session()	8	static
../../../../../../../Middlewares/Third_Party/connectedhomeip/src/transport/UnauthenticatedSessionTable.h:54:5:chip::Transport::UnauthenticatedSession::~UnauthenticatedSession()	8	static
../../../../../../../Middlewares/Third_Party/connectedhomeip/src/transport/UnauthenticatedSessionTable.h:54:5:virtual chip::Transport::UnauthenticatedSession::~UnauthenticatedSession()	8	static
../../../../../../../Middlewares/Third_Party/connectedhomeip/src/transport/UnauthenticatedSessionTable.h:174:7:chip::Transport::detail::UnauthenticatedSessionPoolEntry<4>::~UnauthenticatedSessionPoolEntry()	8	static
../../../../../../../Middlewares/Third_Party/connectedhomeip/src/transport/UnauthenticatedSessionTable.h:174:7:virtual chip::Transport::detail::UnauthenticatedSessionPoolEntry<4>::~UnauthenticatedSessionPoolEntry()	8	static
../../../../../../../Middlewares/Third_Party/connectedhomeip/src/transport/Session.h:163:13:virtual chip::Transport::Session::~Session()	8	static
../../../../../../../Middlewares/Third_Party/connectedhomeip/src/transport/Session.h:204:43:const chip::ReliableMessageProtocolConfig& chip::Transport::Session::GetRemoteMRPConfig() const	8	static
../../../../../../../Middlewares/Third_Party/connectedhomeip/src/transport/UnauthenticatedSessionTable.h:130:30:virtual chip::System::Clock::Timestamp chip::Transport::UnauthenticatedSession::GetMRPBaseTimeout() const	32	static
../../../../../../../Middlewares/Third_Party/connectedhomeip/src/transport/raw/PeerAddress.h:64:5:chip::Transport::PeerAddress::PeerAddress()	8	static
../../../../../../../Middlewares/Third_Party/connectedhomeip/src/lib/support/Pool.h:272:9:) [with Args = {chip::Transport::UnauthenticatedSession::SessionRole&, long long unsigned int&, const chip::ReliableMessageProtocolConfig&, chip::Transport::UnauthenticatedSessionTable<4>&}; T = chip::Transport::detail::UnauthenticatedSessionPoolEntry<4>; unsigned int N = 4]	40	static
../../../../../../../Middlewares/Third_Party/connectedhomeip/src/transport/raw/PeerAddress.h:131:10:void chip::Transport::PeerAddress::ToString(char*, size_t) const	72	static
../../../../../../../Middlewares/Third_Party/connectedhomeip/src/transport/raw/PeerAddress.h:212:24:static chip::Transport::PeerAddress chip::Transport::PeerAddress::Multicast(chip::FabricId, chip::GroupId)	48	static
../../../../../../../Middlewares/Third_Party/connectedhomeip/src/transport/SecureSession.h:215:10:void chip::Transport::SecureSession::MarkActive()	16	static
../../../../../../../Middlewares/Third_Party/connectedhomeip/src/transport/UnauthenticatedSessionTable.h:64:10:void chip::Transport::UnauthenticatedSession::MarkActive()	16	static
../../../../../../../Middlewares/Third_Party/connectedhomeip/src/transport/raw/MessageHeader.h:162:7:constexpr chip::PacketHeader::PacketHeader()	0	static
/Users/brady/Downloads/STM32CubeExpansion_MATTER_V1.1.0/Middlewares/Third_Party/connectedhomeip/src/transport/SessionManager.cpp:76:10:uint32_t chip::EncryptedPacketBufferHandle::GetMessageCounter() const	80	static
/Users/brady/Downloads/STM32CubeExpansion_MATTER_V1.1.0/Middlewares/Third_Party/connectedhomeip/src/transport/SessionManager.cpp:92:1:chip::SessionManager::SessionManager()	24	static
/Users/brady/Downloads/STM32CubeExpansion_MATTER_V1.1.0/Middlewares/Third_Party/connectedhomeip/src/transport/SessionManager.cpp:99:12:CHIP_ERROR chip::SessionManager::Init(chip::System::Layer*, chip::TransportMgrBase*, chip::Transport::MessageCounterManagerInterface*, chip::PersistentStorageDelegate*, chip::FabricTable*, chip::Crypto::SessionKeystore&)	32	static
/Users/brady/Downloads/STM32CubeExpansion_MATTER_V1.1.0/Middlewares/Third_Party/connectedhomeip/src/transport/SessionManager.cpp:128:6:void chip::SessionManager::Shutdown()	24	static
/Users/brady/Downloads/STM32CubeExpansion_MATTER_V1.1.0/Middlewares/Third_Party/connectedhomeip/src/transport/SessionManager.cpp:94:1:chip::SessionManager::~SessionManager()	8	static
/Users/brady/Downloads/STM32CubeExpansion_MATTER_V1.1.0/Middlewares/Third_Party/connectedhomeip/src/transport/SessionManager.cpp:94:1:virtual chip::SessionManager::~SessionManager()	8	static
/Users/brady/Downloads/STM32CubeExpansion_MATTER_V1.1.0/Middlewares/Third_Party/connectedhomeip/src/transport/SessionManager.cpp:157:6:void chip::SessionManager::FabricRemoved(chip::FabricIndex)	0	static
/Users/brady/Downloads/STM32CubeExpansion_MATTER_V1.1.0/Middlewares/Third_Party/connectedhomeip/src/transport/SessionManager.cpp:349:12:CHIP_ERROR chip::SessionManager::SendPreparedMessage(const chip::SessionHandle&, const chip::EncryptedPacketBufferHandle&)	88	static
/Users/brady/Downloads/STM32CubeExpansion_MATTER_V1.1.0/Middlewares/Third_Party/connectedhomeip/src/transport/SessionManager.cpp:456:6:void chip::SessionManager::ExpireAllSessions(const chip::ScopedNodeId&)	24	static
/Users/brady/Downloads/STM32CubeExpansion_MATTER_V1.1.0/Middlewares/Third_Party/connectedhomeip/src/transport/SessionManager.cpp:463:6:void chip::SessionManager::ExpireAllSessionsForFabric(chip::FabricIndex)	24	static
/Users/brady/Downloads/STM32CubeExpansion_MATTER_V1.1.0/Middlewares/Third_Party/connectedhomeip/src/transport/SessionManager.cpp:470:12:CHIP_ERROR chip::SessionManager::ExpireAllSessionsOnLogicalFabric(const chip::ScopedNodeId&)	136	static
/Users/brady/Downloads/STM32CubeExpansion_MATTER_V1.1.0/Middlewares/Third_Party/connectedhomeip/src/transport/SessionManager.cpp:478:12:CHIP_ERROR chip::SessionManager::ExpireAllSessionsOnLogicalFabric(chip::FabricIndex)	120	static
/Users/brady/Downloads/STM32CubeExpansion_MATTER_V1.1.0/Middlewares/Third_Party/connectedhomeip/src/transport/SessionManager.cpp:485:6:void chip::SessionManager::ExpireAllPASESessions()	16	static
/Users/brady/Downloads/STM32CubeExpansion_MATTER_V1.1.0/Middlewares/Third_Party/connectedhomeip/src/transport/SessionManager.cpp:497:6:void chip::SessionManager::MarkSessionsAsDefunct(const chip::ScopedNodeId&, const chip::Optional<chip::Transport::SecureSession::Type>&)	16	static
/Users/brady/Downloads/STM32CubeExpansion_MATTER_V1.1.0/Middlewares/Third_Party/connectedhomeip/src/transport/SessionManager.cpp:509:6:void chip::SessionManager::UpdateAllSessionsPeerAddress(const chip::ScopedNodeId&, const chip::Transport::PeerAddress&)	16	static
/Users/brady/Downloads/STM32CubeExpansion_MATTER_V1.1.0/Middlewares/Third_Party/connectedhomeip/src/transport/SessionManager.cpp:522:25:chip::Optional<chip::SessionHandle> chip::SessionManager::AllocateSession(chip::Transport::SecureSession::Type, const chip::ScopedNodeId&)	32	static
/Users/brady/Downloads/STM32CubeExpansion_MATTER_V1.1.0/Middlewares/Third_Party/connectedhomeip/src/transport/SessionManager.cpp:1050:29:CHIP_ERROR chip::SessionManager::ForEachSessionHandle(void*, SessionHandleCallback)	24	static
../../../../../../../Middlewares/Third_Party/connectedhomeip/src/lib/support/ReferenceCountedHandle.h:28:14:chip::ReferenceCountedHandle<Target>::ReferenceCountedHandle(Target&) [with Target = chip::Transport::Session]	8	static
/Users/brady/Downloads/STM32CubeExpansion_MATTER_V1.1.0/Middlewares/Third_Party/connectedhomeip/src/transport/SessionManager.cpp:1023:25:chip::Optional<chip::SessionHandle> chip::SessionManager::FindSecureSessionForNode(chip::ScopedNodeId, const chip::Optional<chip::Transport::SecureSession::Type>&)	24	static
../../../../../../../Middlewares/Third_Party/connectedhomeip/src/lib/support/ReferenceCountedHandle.h:35:5:chip::ReferenceCountedHandle<Target>::~ReferenceCountedHandle() [with Target = chip::Transport::Session]	8	static
../../../../../../../Middlewares/Third_Party/connectedhomeip/src/lib/support/Pool.h:129:17:static chip::Loop chip::internal::LambdaProxy<T, Function>::Call(void*, void*) [with T = chip::Transport::SecureSession; Function = chip::SessionManager::ForEachSessionHandle(void*, SessionHandleCallback)::<lambda(auto:14)>]	16	static
../../../../../../../Middlewares/Third_Party/connectedhomeip/src/transport/GroupSession.h:35:5:chip::Transport::IncomingGroupSession::~IncomingGroupSession()	24	static
../../../../../../../Middlewares/Third_Party/connectedhomeip/src/transport/GroupSession.h:35:5:virtual chip::Transport::IncomingGroupSession::~IncomingGroupSession()	8	static
/Users/brady/Downloads/STM32CubeExpansion_MATTER_V1.1.0/Middlewares/Third_Party/connectedhomeip/src/transport/SessionManager.cpp:860:6:void chip::SessionManager::SecureGroupMessageDispatch(const chip::PacketHeader&, const chip::Transport::PeerAddress&, chip::System::PacketBufferHandle&&)	240	static
../../../../../../../Middlewares/Third_Party/connectedhomeip/src/lib/core/Optional.h:124:26:constexpr chip::Optional<T>& chip::Optional<T>::operator=(chip::Optional<T>&&) [with T = chip::SessionHandle]	16	static
../../../../../../../Middlewares/Third_Party/connectedhomeip/src/lib/core/Optional.h:53:5:chip::Optional<T>::~Optional() [with T = chip::SessionHandle]	8	static
../../../../../../../Middlewares/Third_Party/connectedhomeip/src/transport/raw/MessageHeader.h:546:10:bool chip::PayloadHeader::HasMessageType(MessageType) const [with MessageType = chip::Protocols::SecureChannel::MsgType; <template-parameter-1-2> = void]	0	static
/Users/brady/Downloads/STM32CubeExpansion_MATTER_V1.1.0/Middlewares/Third_Party/connectedhomeip/src/transport/SessionManager.cpp:162:12:CHIP_ERROR chip::SessionManager::PrepareMessage(const chip::SessionHandle&, chip::PayloadHeader&, chip::System::PacketBufferHandle&&, chip::EncryptedPacketBufferHandle&)	312	static
../../../../../../../Middlewares/Third_Party/connectedhomeip/src/lib/core/Optional.h:186:9:T& chip::Optional<T>::Value() & [with T = chip::SessionHandle]	8	static
/Users/brady/Downloads/STM32CubeExpansion_MATTER_V1.1.0/Middlewares/Third_Party/connectedhomeip/src/transport/SessionManager.cpp:529:12:CHIP_ERROR chip::SessionManager::InjectPaseSessionWithTestKey(chip::SessionHolder&, uint16_t, chip::NodeId, uint16_t, chip::FabricIndex, const chip::Transport::PeerAddress&, chip::CryptoContext::SessionRole)	120	static
/Users/brady/Downloads/STM32CubeExpansion_MATTER_V1.1.0/Middlewares/Third_Party/connectedhomeip/src/transport/SessionManager.cpp:550:12:CHIP_ERROR chip::SessionManager::InjectCaseSessionWithTestKey(chip::SessionHolder&, uint16_t, uint16_t, chip::NodeId, chip::NodeId, chip::FabricIndex, const chip::Transport::PeerAddress&, chip::CryptoContext::SessionRole, const chip::CATValues&)	112	static
/Users/brady/Downloads/STM32CubeExpansion_MATTER_V1.1.0/Middlewares/Third_Party/connectedhomeip/src/transport/SessionManager.cpp:691:6:void chip::SessionManager::SecureUnicastMessageDispatch(const chip::PacketHeader&, const chip::Transport::PeerAddress&, chip::System::PacketBufferHandle&&)	176	static
../../../../../../../Middlewares/Third_Party/connectedhomeip/src/transport/UnauthenticatedSessionTable.h:310:49:chip::Transport::UnauthenticatedSession* chip::Transport::UnauthenticatedSessionTable<kMaxSessionCount>::FindEntry(chip::Transport::UnauthenticatedSession::SessionRole, chip::NodeId) [with unsigned int kMaxSessionCount = 4]	40	static
../../../../../../../Middlewares/Third_Party/connectedhomeip/src/lib/support/Pool.h:280:10:void chip::BitMapObjectPool<T, N>::ReleaseObject(T*) [with T = chip::Transport::detail::UnauthenticatedSessionPoolEntry<4>; unsigned int N = 4]	16	static
../../../../../../../Middlewares/Third_Party/connectedhomeip/src/lib/support/Pool.h:327:17:static chip::Loop chip::BitMapObjectPool<T, N>::ReleaseObject(void*, void*) [with T = chip::Transport::detail::UnauthenticatedSessionPoolEntry<4>; unsigned int N = 4]	8	static
../../../../../../../Middlewares/Third_Party/connectedhomeip/src/transport/UnauthenticatedSessionTable.h:227:29:chip::Optional<chip::SessionHandle> chip::Transport::UnauthenticatedSessionTable<kMaxSessionCount>::FindOrAllocateResponder(chip::NodeId, const chip::ReliableMessageProtocolConfig&) [with unsigned int kMaxSessionCount = 4]	56	static
/Users/brady/Downloads/STM32CubeExpansion_MATTER_V1.1.0/Middlewares/Third_Party/connectedhomeip/src/transport/SessionManager.cpp:599:6:void chip::SessionManager::UnauthenticatedMessageDispatch(const chip::PacketHeader&, const chip::Transport::PeerAddress&, chip::System::PacketBufferHandle&&)	176	static
/Users/brady/Downloads/STM32CubeExpansion_MATTER_V1.1.0/Middlewares/Third_Party/connectedhomeip/src/transport/SessionManager.cpp:571:6:virtual void chip::SessionManager::OnMessageReceived(const chip::Transport::PeerAddress&, chip::System::PacketBufferHandle&&)	72	static
../../../../../../../Middlewares/Third_Party/connectedhomeip/src/crypto/CHIPCryptoPAL.h:243:18:bool chip::Crypto::ECPKey<Sig>::Matches(const chip::Crypto::ECPKey<Sig>&) const [with Sig = chip::Crypto::SensitiveDataBuffer<64>]	16	static
../../../../../../../Middlewares/Third_Party/connectedhomeip/src/lib/support/Pool.h:129:17:static chip::Loop chip::internal::LambdaProxy<T, Function>::Call(void*, void*) [with T = chip::Transport::SecureSession; Function = chip::SessionManager::ForEachMatchingSessionOnLogicalFabric<chip::SessionManager::ExpireAllSessionsOnLogicalFabric(const chip::ScopedNodeId&)::<lambda(auto:8*)> >(const chip::ScopedNodeId&, chip::SessionManager::ExpireAllSessionsOnLogicalFabric(const chip::ScopedNodeId&)::<lambda(auto:8*)>&&)::<lambda(auto:3*)>]	96	static
../../../../../../../Middlewares/Third_Party/connectedhomeip/src/lib/support/Pool.h:129:17:static chip::Loop chip::internal::LambdaProxy<T, Function>::Call(void*, void*) [with T = chip::Transport::SecureSession; Function = chip::SessionManager::ForEachMatchingSessionOnLogicalFabric<chip::SessionManager::ExpireAllSessionsOnLogicalFabric(chip::FabricIndex)::<lambda(auto:9*)> >(chip::FabricIndex, chip::SessionManager::ExpireAllSessionsOnLogicalFabric(chip::FabricIndex)::<lambda(auto:9*)>&&)::<lambda(auto:4*)>]	96	static
/Users/brady/Downloads/STM32CubeExpansion_MATTER_V1.1.0/Middlewares/Third_Party/connectedhomeip/src/transport/SessionManager.cpp:1060:1:cpp)	16	static
