../../../../../../../Middlewares/Third_Party/connectedhomeip/src/transport/TransportMgrBase.h:33:7:chip::TransportMgrBase::~TransportMgrBase()	0	static
../../../../../../../Middlewares/Third_Party/connectedhomeip/src/transport/TransportMgrBase.h:33:7:virtual chip::TransportMgrBase::~TransportMgrBase()	8	static
../../../../../../../Middlewares/Third_Party/connectedhomeip/src/transport/raw/PeerAddress.h:131:10:void chip::Transport::PeerAddress::ToString(char*, size_t) const	72	static
/Users/brady/Downloads/STM32CubeExpansion_MATTER_V1.1.0/Middlewares/Third_Party/connectedhomeip/src/transport/TransportMgrBase.cpp:59:6:virtual void chip::TransportMgrBase::HandleMessageReceived(const chip::Transport::PeerAddress&, chip::System::PacketBufferHandle&&)	80	static
/Users/brady/Downloads/STM32CubeExpansion_MATTER_V1.1.0/Middlewares/Third_Party/connectedhomeip/src/transport/TransportMgrBase.cpp:26:12:CHIP_ERROR chip::TransportMgrBase::SendMessage(const chip::Transport::PeerAddress&, chip::System::PacketBufferHandle&&)	0	static
/Users/brady/Downloads/STM32CubeExpansion_MATTER_V1.1.0/Middlewares/Third_Party/connectedhomeip/src/transport/TransportMgrBase.cpp:31:6:void chip::TransportMgrBase::Disconnect(const chip::Transport::PeerAddress&)	0	static
/Users/brady/Downloads/STM32CubeExpansion_MATTER_V1.1.0/Middlewares/Third_Party/connectedhomeip/src/transport/TransportMgrBase.cpp:36:12:CHIP_ERROR chip::TransportMgrBase::Init(chip::Transport::Base*)	0	static
/Users/brady/Downloads/STM32CubeExpansion_MATTER_V1.1.0/Middlewares/Third_Party/connectedhomeip/src/transport/TransportMgrBase.cpp:48:6:void chip::TransportMgrBase::Close()	0	static
/Users/brady/Downloads/STM32CubeExpansion_MATTER_V1.1.0/Middlewares/Third_Party/connectedhomeip/src/transport/TransportMgrBase.cpp:54:12:CHIP_ERROR chip::TransportMgrBase::MulticastGroupJoinLeave(const chip::Transport::PeerAddress&, bool)	0	static
