/Users/brady/Downloads/STM32CubeExpansion_MATTER_V1.1.0/Middlewares/Third_Party/connectedhomeip/src/app/ChunkedWriteCallback.cpp:57:6:virtual void chip::app::ChunkedWriteCallback::OnError(const chip::app::WriteClient*, CHIP_ERROR)	0	static
../../../../../../../Middlewares/Third_Party/connectedhomeip/src/app/ChunkedWriteCallback.h:34:7:chip::app::ChunkedWriteCallback::~ChunkedWriteCallback()	0	static
../../../../../../../Middlewares/Third_Party/connectedhomeip/src/app/ChunkedWriteCallback.h:34:7:virtual chip::app::ChunkedWriteCallback::~ChunkedWriteCallback()	8	static
/Users/brady/Downloads/STM32CubeExpansion_MATTER_V1.1.0/Middlewares/Third_Party/connectedhomeip/src/app/ChunkedWriteCallback.cpp:62:6:virtual void chip::app::ChunkedWriteCallback::OnDone(chip::app::WriteClient*)	56	static
/Users/brady/Downloads/STM32CubeExpansion_MATTER_V1.1.0/Middlewares/Third_Party/connectedhomeip/src/app/ChunkedWriteCallback.cpp:78:6:bool chip::app::ChunkedWriteCallback::IsAppendingToLastItem(const chip::app::ConcreteDataAttributePath&)	8	static
/Users/brady/Downloads/STM32CubeExpansion_MATTER_V1.1.0/Middlewares/Third_Party/connectedhomeip/src/app/ChunkedWriteCallback.cpp:24:6:virtual void chip::app::ChunkedWriteCallback::OnResponse(const chip::app::WriteClient*, const chip::app::ConcreteDataAttributePath&, chip::app::StatusIB)	64	static
