../../../../../../../Middlewares/Third_Party/connectedhomeip/src/messaging/ApplicationExchangeDispatch.h:38:44:void __tcf_2()	0	static
../../../../../../../Middlewares/Third_Party/connectedhomeip/src/messaging/ExchangeDelegate.h:135:18:virtual void chip::Messaging::ExchangeDelegate::OnExchangeClosing(chip::Messaging::ExchangeContext*)	0	static
../../../../../../../Middlewares/Third_Party/connectedhomeip/src/messaging/ExchangeHolder.h:155:16:virtual CHIP_ERROR chip::Messaging::ExchangeHolder::OnMessageReceived(chip::Messaging::ExchangeContext*, const chip::PayloadHeader&, chip::System::PacketBufferHandle&&)	4	static
../../../../../../../Middlewares/Third_Party/connectedhomeip/src/messaging/ExchangeHolder.h:161:10:virtual void chip::Messaging::ExchangeHolder::OnResponseTimeout(chip::Messaging::ExchangeContext*)	0	static
../../../../../../../Middlewares/Third_Party/connectedhomeip/src/messaging/ExchangeHolder.h:163:10:virtual void chip::Messaging::ExchangeHolder::OnExchangeClosing(chip::Messaging::ExchangeContext*)	0	static
../../../../../../../Middlewares/Third_Party/connectedhomeip/src/messaging/ExchangeHolder.h:190:31:virtual chip::Messaging::ExchangeMessageDispatch& chip::Messaging::ExchangeHolder::GetMessageDispatch()	0	static
../../../../../../../Middlewares/Third_Party/connectedhomeip/src/messaging/ExchangeHolder.h:76:13:chip::Messaging::ExchangeHolder::~ExchangeHolder()	8	static
../../../../../../../Middlewares/Third_Party/connectedhomeip/src/messaging/ExchangeHolder.h:76:13:virtual chip::Messaging::ExchangeHolder::~ExchangeHolder()	8	static
../../../../../../../Middlewares/Third_Party/connectedhomeip/src/messaging/ExchangeDelegate.h:137:39:virtual chip::Messaging::ExchangeMessageDispatch& chip::Messaging::ExchangeDelegate::GetMessageDispatch()	8	static
/Users/brady/Downloads/STM32CubeExpansion_MATTER_V1.1.0/Middlewares/Third_Party/connectedhomeip/src/app/CommandResponseSender.h:33:7:chip::app::CommandResponseSender::~CommandResponseSender()	8	static
/Users/brady/Downloads/STM32CubeExpansion_MATTER_V1.1.0/Middlewares/Third_Party/connectedhomeip/src/app/CommandResponseSender.h:33:7:virtual chip::app::CommandResponseSender::~CommandResponseSender()	8	static
/Users/brady/Downloads/STM32CubeExpansion_MATTER_V1.1.0/Middlewares/Third_Party/connectedhomeip/src/app/CommandResponseSender.cpp:104:12:CHIP_ERROR chip::app::CommandResponseSender::SendCommandResponse()	32	static
/Users/brady/Downloads/STM32CubeExpansion_MATTER_V1.1.0/Middlewares/Third_Party/connectedhomeip/src/app/CommandResponseSender.cpp:129:14:const char* chip::app::CommandResponseSender::GetStateStr() const	0	static
/Users/brady/Downloads/STM32CubeExpansion_MATTER_V1.1.0/Middlewares/Third_Party/connectedhomeip/src/app/CommandResponseSender.cpp:147:6:void chip::app::CommandResponseSender::MoveToState(State)	0	static
/Users/brady/Downloads/STM32CubeExpansion_MATTER_V1.1.0/Middlewares/Third_Party/connectedhomeip/src/app/CommandResponseSender.cpp:157:6:void chip::app::CommandResponseSender::Close()	0	static
/Users/brady/Downloads/STM32CubeExpansion_MATTER_V1.1.0/Middlewares/Third_Party/connectedhomeip/src/app/CommandResponseSender.cpp:77:6:virtual void chip::app::CommandResponseSender::OnResponseTimeout(chip::Messaging::ExchangeContext*)	0	static
/Users/brady/Downloads/STM32CubeExpansion_MATTER_V1.1.0/Middlewares/Third_Party/connectedhomeip/src/app/CommandResponseSender.cpp:26:12:virtual CHIP_ERROR chip::app::CommandResponseSender::OnMessageReceived(chip::Messaging::ExchangeContext*, const chip::PayloadHeader&, chip::System::PacketBufferHandle&&)	32	static
/Users/brady/Downloads/STM32CubeExpansion_MATTER_V1.1.0/Middlewares/Third_Party/connectedhomeip/src/app/CommandResponseSender.cpp:84:12:CHIP_ERROR chip::app::CommandResponseSender::StartSendingCommandResponses()	8	static
