../../../../../../../Middlewares/Third_Party/connectedhomeip/src/messaging/ExchangeHolder.h:155:16:virtual CHIP_ERROR chip::Messaging::ExchangeHolder::OnMessageReceived(chip::Messaging::ExchangeContext*, const chip::PayloadHeader&, chip::System::PacketBufferHandle&&)	4	static
../../../../../../../Middlewares/Third_Party/connectedhomeip/src/messaging/ExchangeHolder.h:161:10:virtual void chip::Messaging::ExchangeHolder::OnResponseTimeout(chip::Messaging::ExchangeContext*)	0	static
../../../../../../../Middlewares/Third_Party/connectedhomeip/src/messaging/ExchangeHolder.h:163:10:virtual void chip::Messaging::ExchangeHolder::OnExchangeClosing(chip::Messaging::ExchangeContext*)	0	static
../../../../../../../Middlewares/Third_Party/connectedhomeip/src/messaging/ExchangeHolder.h:190:31:virtual chip::Messaging::ExchangeMessageDispatch& chip::Messaging::ExchangeHolder::GetMessageDispatch()	0	static
/Users/brady/Downloads/STM32CubeExpansion_MATTER_V1.1.0/Middlewares/Third_Party/connectedhomeip/src/app/CommandPathRegistry.h:59:7:chip::app::BasicCommandPathRegistry<1>::~BasicCommandPathRegistry()	0	static
/Users/brady/Downloads/STM32CubeExpansion_MATTER_V1.1.0/Middlewares/Third_Party/connectedhomeip/src/app/CommandPathRegistry.h:109:20:size_t chip::app::BasicCommandPathRegistry<N>::Count() const [with unsigned int N = 1]	0	static
/Users/brady/Downloads/STM32CubeExpansion_MATTER_V1.1.0/Middlewares/Third_Party/connectedhomeip/src/app/CommandPathRegistry.h:110:20:size_t chip::app::BasicCommandPathRegistry<N>::MaxSize() const [with unsigned int N = 1]	0	static
/Users/brady/Downloads/STM32CubeExpansion_MATTER_V1.1.0/Middlewares/Third_Party/connectedhomeip/src/app/CommandPathRegistry.h:59:7:virtual chip::app::BasicCommandPathRegistry<1>::~BasicCommandPathRegistry()	8	static
/Users/brady/Downloads/STM32CubeExpansion_MATTER_V1.1.0/Middlewares/Third_Party/connectedhomeip/src/app/CommandPathRegistry.h:83:16:CHIP_ERROR chip::app::BasicCommandPathRegistry<N>::Add(const chip::app::ConcreteCommandPath&, const chip::Optional<short unsigned int>&) [with unsigned int N = 1]	40	static
../../../../../../../Middlewares/Third_Party/connectedhomeip/src/system/SystemPacketBuffer.h:433:26:chip::System::PacketBufferHandle& chip::System::PacketBufferHandle::operator=(chip::System::PacketBufferHandle&&)	16	static
/Users/brady/Downloads/STM32CubeExpansion_MATTER_V1.1.0/Middlewares/Third_Party/connectedhomeip/src/app/CommandPathRegistry.h:74:40:chip::Optional<chip::app::CommandPathRegistryEntry> chip::app::BasicCommandPathRegistry<N>::GetFirstEntry() const [with unsigned int N = 1]	12	static
/Users/brady/Downloads/STM32CubeExpansion_MATTER_V1.1.0/Middlewares/Third_Party/connectedhomeip/src/app/CommandPathRegistry.h:62:40:chip::Optional<chip::app::CommandPathRegistryEntry> chip::app::BasicCommandPathRegistry<N>::Find(const chip::app::ConcreteCommandPath&) const [with unsigned int N = 1]	20	static
../../../../../../../Middlewares/Third_Party/connectedhomeip/src/system/SystemPacketBuffer.h:428:5:chip::System::PacketBufferHandle::~PacketBufferHandle()	8	static
../../../../../../../Middlewares/Third_Party/connectedhomeip/src/messaging/ExchangeHolder.h:111:10:void chip::Messaging::ExchangeHolder::Release()	8	static
../../../../../../../Middlewares/Third_Party/connectedhomeip/src/messaging/ExchangeHolder.h:76:13:chip::Messaging::ExchangeHolder::~ExchangeHolder()	8	static
../../../../../../../Middlewares/Third_Party/connectedhomeip/src/messaging/ExchangeHolder.h:76:13:virtual chip::Messaging::ExchangeHolder::~ExchangeHolder()	8	static
/Users/brady/Downloads/STM32CubeExpansion_MATTER_V1.1.0/Middlewares/Third_Party/connectedhomeip/src/app/CommandHandler.cpp:46:1:chip::app::CommandHandler::CommandHandler(Callback*)	16	static
/Users/brady/Downloads/STM32CubeExpansion_MATTER_V1.1.0/Middlewares/Third_Party/connectedhomeip/src/app/CommandHandler.cpp:50:1:chip::app::CommandHandler::CommandHandler(TestOnlyMarker, Callback*, chip::app::CommandPathRegistry*)	16	static
/Users/brady/Downloads/STM32CubeExpansion_MATTER_V1.1.0/Middlewares/Third_Party/connectedhomeip/src/app/CommandHandler.cpp:57:12:CHIP_ERROR chip::app::CommandHandler::AllocateBuffer()	24	static
/Users/brady/Downloads/STM32CubeExpansion_MATTER_V1.1.0/Middlewares/Third_Party/connectedhomeip/src/app/CommandHandler.cpp:131:12:CHIP_ERROR chip::app::CommandHandler::ValidateInvokeRequestMessageAndBuildRegistry(chip::app::InvokeRequestMessage::Parser&)	296	static
/Users/brady/Downloads/STM32CubeExpansion_MATTER_V1.1.0/Middlewares/Third_Party/connectedhomeip/src/app/CommandHandler.cpp:270:6:void chip::app::CommandHandler::Close()	8	static
/Users/brady/Downloads/STM32CubeExpansion_MATTER_V1.1.0/Middlewares/Third_Party/connectedhomeip/src/app/CommandHandler.cpp:287:6:static void chip::app::CommandHandler::HandleOnResponseSenderDone(void*)	8	static
/Users/brady/Downloads/STM32CubeExpansion_MATTER_V1.1.0/Middlewares/Third_Party/connectedhomeip/src/app/CommandHandler.cpp:295:6:void chip::app::CommandHandler::IncrementHoldOff()	0	static
/Users/brady/Downloads/STM32CubeExpansion_MATTER_V1.1.0/Middlewares/Third_Party/connectedhomeip/src/app/CommandHandler.cpp:715:12:CHIP_ERROR chip::app::CommandHandler::FinishCommand(bool)	16	static
/Users/brady/Downloads/STM32CubeExpansion_MATTER_V1.1.0/Middlewares/Third_Party/connectedhomeip/src/app/CommandHandler.cpp:764:12:CHIP_ERROR chip::app::CommandHandler::FinishStatus()	16	static
/Users/brady/Downloads/STM32CubeExpansion_MATTER_V1.1.0/Middlewares/Third_Party/connectedhomeip/src/app/CommandHandler.cpp:780:6:void chip::app::CommandHandler::CreateBackupForResponseRollback()	12	static
/Users/brady/Downloads/STM32CubeExpansion_MATTER_V1.1.0/Middlewares/Third_Party/connectedhomeip/src/app/CommandHandler.cpp:735:12:CHIP_ERROR chip::app::CommandHandler::PrepareStatus(const chip::app::ConcreteCommandPath&)	40	static
/Users/brady/Downloads/STM32CubeExpansion_MATTER_V1.1.0/Middlewares/Third_Party/connectedhomeip/src/app/CommandHandler.cpp:577:12:CHIP_ERROR chip::app::CommandHandler::TryAddStatusInternal(const chip::app::ConcreteCommandPath&, const chip::app::StatusIB&)	16	static
/Users/brady/Downloads/STM32CubeExpansion_MATTER_V1.1.0/Middlewares/Third_Party/connectedhomeip/src/app/CommandHandler.cpp:790:12:CHIP_ERROR chip::app::CommandHandler::RollbackResponse()	8	static
/Users/brady/Downloads/STM32CubeExpansion_MATTER_V1.1.0/Middlewares/Third_Party/connectedhomeip/src/app/CommandHandler.cpp:803:18:chip::TLV::TLVWriter* chip::app::CommandHandler::GetCommandDataIBTLVWriter()	0	static
/Users/brady/Downloads/STM32CubeExpansion_MATTER_V1.1.0/Middlewares/Third_Party/connectedhomeip/src/app/CommandHandler.cpp:819:18:chip::app::CommandHandler* chip::app::CommandHandler::Handle::Get()	16	static
/Users/brady/Downloads/STM32CubeExpansion_MATTER_V1.1.0/Middlewares/Third_Party/connectedhomeip/src/app/CommandHandler.cpp:840:1:chip::app::CommandHandler::Handle::Handle(chip::app::CommandHandler*)	8	static
/Users/brady/Downloads/STM32CubeExpansion_MATTER_V1.1.0/Middlewares/Third_Party/connectedhomeip/src/app/CommandHandler.cpp:868:12:CHIP_ERROR chip::app::CommandHandler::FinalizeInvokeResponseMessage(bool)	32	static
/Users/brady/Downloads/STM32CubeExpansion_MATTER_V1.1.0/Middlewares/Third_Party/connectedhomeip/src/app/CommandHandler.cpp:350:12:CHIP_ERROR chip::app::CommandHandler::StartSendingCommandResponses()	8	static
/Users/brady/Downloads/STM32CubeExpansion_MATTER_V1.1.0/Middlewares/Third_Party/connectedhomeip/src/app/CommandHandler.cpp:300:6:void chip::app::CommandHandler::DecrementHoldOff()	8	static
/Users/brady/Downloads/STM32CubeExpansion_MATTER_V1.1.0/Middlewares/Third_Party/connectedhomeip/src/app/CommandHandler.cpp:827:6:void chip::app::CommandHandler::Handle::Release()	16	static
/Users/brady/Downloads/STM32CubeExpansion_MATTER_V1.1.0/Middlewares/Third_Party/connectedhomeip/src/app/CommandHandler.cpp:850:12:CHIP_ERROR chip::app::CommandHandler::FinalizeInvokeResponseMessageAndPrepareNext()	8	static
/Users/brady/Downloads/STM32CubeExpansion_MATTER_V1.1.0/Middlewares/Third_Party/connectedhomeip/src/app/CommandHandler.cpp:670:12:CHIP_ERROR chip::app::CommandHandler::PrepareInvokeResponseCommand(const chip::app::CommandPathRegistryEntry&, const chip::app::ConcreteCommandPath&, bool)	32	static
/Users/brady/Downloads/STM32CubeExpansion_MATTER_V1.1.0/Middlewares/Third_Party/connectedhomeip/src/app/CommandHandler.cpp:641:12:CHIP_ERROR chip::app::CommandHandler::PrepareInvokeResponseCommand(const chip::app::ConcreteCommandPath&, const InvokeResponseParameters&)	40	static
/Users/brady/Downloads/STM32CubeExpansion_MATTER_V1.1.0/Middlewares/Third_Party/connectedhomeip/src/app/CommandHandler.cpp:651:12:CHIP_ERROR chip::app::CommandHandler::PrepareCommand(const chip::app::ConcreteCommandPath&, bool)	40	static
/Users/brady/Downloads/STM32CubeExpansion_MATTER_V1.1.0/Middlewares/Third_Party/connectedhomeip/src/app/CommandHandler.cpp:588:12:CHIP_ERROR chip::app::CommandHandler::AddStatusInternal(const chip::app::ConcreteCommandPath&, const chip::app::StatusIB&)	24	static
/Users/brady/Downloads/STM32CubeExpansion_MATTER_V1.1.0/Middlewares/Third_Party/connectedhomeip/src/app/CommandHandler.cpp:611:12:CHIP_ERROR chip::app::CommandHandler::FallibleAddStatus(const chip::app::ConcreteCommandPath&, chip::Protocols::InteractionModel::Status, const char*)	48	static
/Users/brady/Downloads/STM32CubeExpansion_MATTER_V1.1.0/Middlewares/Third_Party/connectedhomeip/src/app/CommandHandler.cpp:593:6:void chip::app::CommandHandler::AddStatus(const chip::app::ConcreteCommandPath&, chip::Protocols::InteractionModel::Status, const char*)	8	static
/Users/brady/Downloads/STM32CubeExpansion_MATTER_V1.1.0/Middlewares/Third_Party/connectedhomeip/src/app/CommandHandler.cpp:631:12:CHIP_ERROR chip::app::CommandHandler::AddClusterSpecificSuccess(const chip::app::ConcreteCommandPath&, chip::ClusterStatus)	16	static
/Users/brady/Downloads/STM32CubeExpansion_MATTER_V1.1.0/Middlewares/Third_Party/connectedhomeip/src/app/CommandHandler.cpp:636:12:CHIP_ERROR chip::app::CommandHandler::AddClusterSpecificFailure(const chip::app::ConcreteCommandPath&, chip::ClusterStatus)	16	static
/Users/brady/Downloads/STM32CubeExpansion_MATTER_V1.1.0/Middlewares/Third_Party/connectedhomeip/src/app/CommandHandler.cpp:889:14:const char* chip::app::CommandHandler::GetStateStr() const	0	static
/Users/brady/Downloads/STM32CubeExpansion_MATTER_V1.1.0/Middlewares/Third_Party/connectedhomeip/src/app/CommandHandler.cpp:919:6:void chip::app::CommandHandler::MoveToState(State)	0	static
../../../../../../../Middlewares/Third_Party/connectedhomeip/src/lib/support/ReferenceCountedHandle.h:35:5:chip::ReferenceCountedHandle<Target>::~ReferenceCountedHandle() [with Target = chip::Transport::Session]	8	static
../../../../../../../Middlewares/Third_Party/connectedhomeip/src/messaging/ExchangeContext.h:156:19:chip::SessionHandle chip::Messaging::ExchangeContext::GetSessionHandle() const	24	static
/Users/brady/Downloads/STM32CubeExpansion_MATTER_V1.1.0/Middlewares/Third_Party/connectedhomeip/src/app/CommandHandler.h:426:31:chip::Access::SubjectDescriptor chip::app::CommandHandler::GetSubjectDescriptor() const	16	static
/Users/brady/Downloads/STM32CubeExpansion_MATTER_V1.1.0/Middlewares/Third_Party/connectedhomeip/src/app/CommandHandler.cpp:813:13:chip::FabricIndex chip::app::CommandHandler::GetAccessingFabricIndex() const	16	static
/Users/brady/Downloads/STM32CubeExpansion_MATTER_V1.1.0/Middlewares/Third_Party/connectedhomeip/src/app/CommandHandler.cpp:373:8:chip::app::Status chip::app::CommandHandler::ProcessCommandDataIB(chip::app::CommandDataIB::Parser&)	200	static
/Users/brady/Downloads/STM32CubeExpansion_MATTER_V1.1.0/Middlewares/Third_Party/connectedhomeip/src/app/CommandHandler.cpp:468:8:chip::app::Status chip::app::CommandHandler::ProcessGroupCommandDataIB(chip::app::CommandDataIB::Parser&)	280	static
/Users/brady/Downloads/STM32CubeExpansion_MATTER_V1.1.0/Middlewares/Third_Party/connectedhomeip/src/app/CommandHandler.cpp:201:8:chip::app::Status chip::app::CommandHandler::ProcessInvokeRequest(chip::System::PacketBufferHandle&&, bool)	328	static
/Users/brady/Downloads/STM32CubeExpansion_MATTER_V1.1.0/Middlewares/Third_Party/connectedhomeip/src/app/CommandHandler.cpp:95:6:void chip::app::CommandHandler::OnInvokeCommandRequest(chip::Messaging::ExchangeContext*, const chip::PayloadHeader&, chip::System::PacketBufferHandle&&, bool)	32	static
