../../../../../../../Middlewares/Third_Party/connectedhomeip/src/lib/core/CHIPCallback.h:271:17:static void chip::Callback::CallbackDeque::Dequeue(chip::Callback::Cancelable*)	0	static
../../../../../../../Middlewares/Third_Party/connectedhomeip/src/protocols/secure_channel/SessionEstablishmentDelegate.h:60:18:virtual void chip::SessionEstablishmentDelegate::OnSessionEstablishmentError(CHIP_ERROR)	0	static
../../../../../../../Middlewares/Third_Party/connectedhomeip/src/protocols/secure_channel/SessionEstablishmentDelegate.h:75:18:virtual void chip::SessionEstablishmentDelegate::OnSessionEstablishmentStarted()	0	static
/Users/brady/Downloads/STM32CubeExpansion_MATTER_V1.1.0/Middlewares/Third_Party/connectedhomeip/src/app/OperationalSessionSetup.cpp:483:6:virtual void chip::OperationalSessionSetup::OnResponderBusy(chip::System::Clock::Milliseconds16)	0	static
../../../../../../../Middlewares/Third_Party/connectedhomeip/src/lib/address_resolve/AddressResolve.h:74:13:chip::AddressResolve::NodeLookupHandleBase::~NodeLookupHandleBase()	8	static
../../../../../../../Middlewares/Third_Party/connectedhomeip/src/lib/address_resolve/AddressResolve_DefaultImpl.h:127:7:chip::AddressResolve::Impl::NodeLookupHandle::~NodeLookupHandle()	8	static
../../../../../../../Middlewares/Third_Party/connectedhomeip/src/lib/address_resolve/AddressResolve.h:74:13:virtual chip::AddressResolve::NodeLookupHandleBase::~NodeLookupHandleBase()	8	static
../../../../../../../Middlewares/Third_Party/connectedhomeip/src/lib/address_resolve/AddressResolve_DefaultImpl.h:127:7:virtual chip::AddressResolve::Impl::NodeLookupHandle::~NodeLookupHandle()	8	static
../../../../../../../Middlewares/Third_Party/connectedhomeip/src/lib/core/CHIPCallback.h:80:18:chip::Callback::Cancelable* chip::Callback::Cancelable::Cancel()	8	static
../../../../../../../Middlewares/Third_Party/connectedhomeip/src/lib/core/CHIPCallback.h:192:10:void chip::Callback::CallbackDeque::Enqueue(chip::Callback::Cancelable*)	16	static
../../../../../../../Middlewares/Third_Party/connectedhomeip/src/lib/core/CHIPCallback.h:254:10:void chip::Callback::CallbackDeque::DequeueAll(chip::Callback::Cancelable&)	0	static
/Users/brady/Downloads/STM32CubeExpansion_MATTER_V1.1.0/Middlewares/Third_Party/connectedhomeip/src/app/OperationalSessionSetup.cpp:306:6:void chip::OperationalSessionSetup::EnqueueConnectionCallbacks(chip::Callback::Callback<void (*)(void*, chip::Messaging::ExchangeManager&, const chip::SessionHandle&)>*, chip::Callback::Callback<void (*)(void*, const chip::ScopedNodeId&, chip::ChipError)>*, chip::Callback::Callback<void (*)(void*, const ConnnectionFailureInfo&)>*)	16	static
/Users/brady/Downloads/STM32CubeExpansion_MATTER_V1.1.0/Middlewares/Third_Party/connectedhomeip/src/app/OperationalSessionSetup.cpp:367:6:static void chip::OperationalSessionSetup::NotifyConnectionCallbacks(chip::Callback::Cancelable&, chip::Callback::Cancelable&, chip::Callback::Cancelable&, CHIP_ERROR, chip::SessionEstablishmentStage, const chip::ScopedNodeId&, bool, chip::Messaging::ExchangeManager*, const chip::Optional<chip::SessionHandle>&)	64	static
/Users/brady/Downloads/STM32CubeExpansion_MATTER_V1.1.0/Middlewares/Third_Party/connectedhomeip/src/app/OperationalSessionSetup.cpp:512:6:void chip::OperationalSessionSetup::CleanupCASEClient()	8	static
/Users/brady/Downloads/STM32CubeExpansion_MATTER_V1.1.0/Middlewares/Third_Party/connectedhomeip/src/app/OperationalSessionSetup.cpp:552:12:CHIP_ERROR chip::OperationalSessionSetup::LookupPeerAddress()	40	static
/Users/brady/Downloads/STM32CubeExpansion_MATTER_V1.1.0/Middlewares/Third_Party/connectedhomeip/src/app/OperationalSessionSetup.cpp:672:6:void chip::OperationalSessionSetup::UpdateAttemptCount(uint8_t)	0	static
/Users/brady/Downloads/STM32CubeExpansion_MATTER_V1.1.0/Middlewares/Third_Party/connectedhomeip/src/app/OperationalSessionSetup.cpp:765:6:void chip::OperationalSessionSetup::CancelSessionSetupReattempt()	0	static
/Users/brady/Downloads/STM32CubeExpansion_MATTER_V1.1.0/Middlewares/Third_Party/connectedhomeip/src/app/OperationalSessionSetup.cpp:49:6:void chip::OperationalSessionSetup::MoveToState(State)	16	static
/Users/brady/Downloads/STM32CubeExpansion_MATTER_V1.1.0/Middlewares/Third_Party/connectedhomeip/src/app/OperationalSessionSetup.cpp:289:12:CHIP_ERROR chip::OperationalSessionSetup::EstablishConnection(const chip::ReliableMessageProtocolConfig&)	24	static
/Users/brady/Downloads/STM32CubeExpansion_MATTER_V1.1.0/Middlewares/Third_Party/connectedhomeip/src/app/OperationalSessionSetup.cpp:698:12:CHIP_ERROR chip::OperationalSessionSetup::ScheduleSessionSetupReattempt(chip::System::Clock::Seconds16&)	72	static
/Users/brady/Downloads/STM32CubeExpansion_MATTER_V1.1.0/Middlewares/Third_Party/connectedhomeip/src/app/OperationalSessionSetup.cpp:795:6:void chip::OperationalSessionSetup::AddRetryHandler(chip::Callback::Callback<void (*)(void*, const chip::ScopedNodeId&, chip::ChipError, std::chrono::duration<short unsigned int>)>*)	8	static
/Users/brady/Downloads/STM32CubeExpansion_MATTER_V1.1.0/Middlewares/Third_Party/connectedhomeip/src/app/OperationalSessionSetup.cpp:812:6:void chip::OperationalSessionSetup::NotifyRetryHandlers(CHIP_ERROR, chip::System::Clock::Seconds16)	72	static
/Users/brady/Downloads/STM32CubeExpansion_MATTER_V1.1.0/Middlewares/Third_Party/connectedhomeip/src/app/OperationalSessionSetup.cpp:800:6:void chip::OperationalSessionSetup::NotifyRetryHandlers(CHIP_ERROR, const chip::ReliableMessageProtocolConfig&, chip::System::Clock::Seconds16)	16	static
../../../../../../../Middlewares/Third_Party/connectedhomeip/src/lib/core/Optional.h:53:5:chip::Optional<T>::~Optional() [with T = chip::SessionHandle]	8	static
/Users/brady/Downloads/STM32CubeExpansion_MATTER_V1.1.0/Middlewares/Third_Party/connectedhomeip/src/app/OperationalSessionSetup.cpp:326:6:void chip::OperationalSessionSetup::DequeueConnectionCallbacks(CHIP_ERROR, chip::SessionEstablishmentStage, ReleaseBehavior)	120	static
../../../../../../../Middlewares/Third_Party/connectedhomeip/src/app/OperationalSessionSetup.h:374:10:void chip::OperationalSessionSetup::DequeueConnectionCallbacks(CHIP_ERROR, ReleaseBehavior)	0	static
/Users/brady/Downloads/STM32CubeExpansion_MATTER_V1.1.0/Middlewares/Third_Party/connectedhomeip/src/app/OperationalSessionSetup.cpp:194:6:void chip::OperationalSessionSetup::UpdateDeviceData(const chip::Transport::PeerAddress&, const chip::ReliableMessageProtocolConfig&)	40	static
/Users/brady/Downloads/STM32CubeExpansion_MATTER_V1.1.0/Middlewares/Third_Party/connectedhomeip/src/app/OperationalSessionSetup.cpp:617:6:virtual void chip::OperationalSessionSetup::OnNodeAddressResolved(const chip::PeerId&, const chip::AddressResolve::ResolveResult&)	0	static
/Users/brady/Downloads/STM32CubeExpansion_MATTER_V1.1.0/Middlewares/Third_Party/connectedhomeip/src/app/OperationalSessionSetup.cpp:492:6:virtual void chip::OperationalSessionSetup::OnSessionEstablished(const chip::SessionHandle&)	8	static
/Users/brady/Downloads/STM32CubeExpansion_MATTER_V1.1.0/Middlewares/Third_Party/connectedhomeip/src/app/OperationalSessionSetup.cpp:591:6:void chip::OperationalSessionSetup::PerformAddressUpdate()	24	static
/Users/brady/Downloads/STM32CubeExpansion_MATTER_V1.1.0/Middlewares/Third_Party/connectedhomeip/src/app/OperationalSessionSetup.cpp:622:6:virtual void chip::OperationalSessionSetup::OnNodeAddressResolutionFailed(const chip::PeerId&, CHIP_ERROR)	32	static
/Users/brady/Downloads/STM32CubeExpansion_MATTER_V1.1.0/Middlewares/Third_Party/connectedhomeip/src/app/OperationalSessionSetup.cpp:779:6:static void chip::OperationalSessionSetup::TrySetupAgain(chip::System::Layer*, void*)	8	static
/Users/brady/Downloads/STM32CubeExpansion_MATTER_V1.1.0/Middlewares/Third_Party/connectedhomeip/src/app/OperationalSessionSetup.cpp:424:6:virtual void chip::OperationalSessionSetup::OnSessionEstablishmentError(CHIP_ERROR, chip::SessionEstablishmentStage)	40	static
/Users/brady/Downloads/STM32CubeExpansion_MATTER_V1.1.0/Middlewares/Third_Party/connectedhomeip/src/app/OperationalSessionSetup.cpp:73:6:bool chip::OperationalSessionSetup::AttachToExistingSecureSession()	48	static
/Users/brady/Downloads/STM32CubeExpansion_MATTER_V1.1.0/Middlewares/Third_Party/connectedhomeip/src/app/OperationalSessionSetup.cpp:94:6:void chip::OperationalSessionSetup::Connect(chip::Callback::Callback<void (*)(void*, chip::Messaging::ExchangeManager&, const chip::SessionHandle&)>*, chip::Callback::Callback<void (*)(void*, const chip::ScopedNodeId&, chip::ChipError)>*, chip::Callback::Callback<void (*)(void*, const ConnnectionFailureInfo&)>*)	16	static
/Users/brady/Downloads/STM32CubeExpansion_MATTER_V1.1.0/Middlewares/Third_Party/connectedhomeip/src/app/OperationalSessionSetup.cpp:182:6:void chip::OperationalSessionSetup::Connect(chip::Callback::Callback<void (*)(void*, chip::Messaging::ExchangeManager&, const chip::SessionHandle&)>*, chip::Callback::Callback<void (*)(void*, const chip::ScopedNodeId&, chip::ChipError)>*)	0	static
/Users/brady/Downloads/STM32CubeExpansion_MATTER_V1.1.0/Middlewares/Third_Party/connectedhomeip/src/app/OperationalSessionSetup.cpp:188:6:void chip::OperationalSessionSetup::Connect(chip::Callback::Callback<void (*)(void*, chip::Messaging::ExchangeManager&, const chip::SessionHandle&)>*, chip::Callback::Callback<void (*)(void*, const ConnnectionFailureInfo&)>*)	0	static
/Users/brady/Downloads/STM32CubeExpansion_MATTER_V1.1.0/Middlewares/Third_Party/connectedhomeip/src/app/OperationalSessionSetup.cpp:521:1:chip::OperationalSessionSetup::~OperationalSessionSetup()	16	static
/Users/brady/Downloads/STM32CubeExpansion_MATTER_V1.1.0/Middlewares/Third_Party/connectedhomeip/src/app/OperationalSessionSetup.cpp:521:1:virtual chip::OperationalSessionSetup::~OperationalSessionSetup()	8	static
