../../../../../../../Middlewares/Third_Party/connectedhomeip/src/messaging/ApplicationExchangeDispatch.h:38:44:void __tcf_2()	0	static
../../../../../../../Middlewares/Third_Party/connectedhomeip/src/messaging/ExchangeDelegate.h:135:18:virtual void chip::Messaging::ExchangeDelegate::OnExchangeClosing(chip::Messaging::ExchangeContext*)	0	static
../../../../../../../Middlewares/Third_Party/connectedhomeip/src/messaging/ExchangeHolder.h:155:16:virtual CHIP_ERROR chip::Messaging::ExchangeHolder::OnMessageReceived(chip::Messaging::ExchangeContext*, const chip::PayloadHeader&, chip::System::PacketBufferHandle&&)	4	static
../../../../../../../Middlewares/Third_Party/connectedhomeip/src/messaging/ExchangeHolder.h:161:10:virtual void chip::Messaging::ExchangeHolder::OnResponseTimeout(chip::Messaging::ExchangeContext*)	0	static
../../../../../../../Middlewares/Third_Party/connectedhomeip/src/messaging/ExchangeHolder.h:163:10:virtual void chip::Messaging::ExchangeHolder::OnExchangeClosing(chip::Messaging::ExchangeContext*)	0	static
../../../../../../../Middlewares/Third_Party/connectedhomeip/src/messaging/ExchangeHolder.h:190:31:virtual chip::Messaging::ExchangeMessageDispatch& chip::Messaging::ExchangeHolder::GetMessageDispatch()	0	static
../../../../../../../Middlewares/Third_Party/connectedhomeip/src/lib/support/Pool.h:129:17:static chip::Loop chip::internal::LambdaProxy<T, Function>::Call(void*, void*) [with T = chip::Transport::SecureSession; Function = chip::SessionManager::ForEachMatchingSession<chip::app::ReadClient::TriggerResubscriptionForLivenessTimeout(CHIP_ERROR)::<lambda(auto:9*)> >(const chip::ScopedNodeId&, chip::app::ReadClient::TriggerResubscriptionForLivenessTimeout(CHIP_ERROR)::<lambda(auto:9*)>&&)::<lambda(auto:1*)>]	32	static
../../../../../../../Middlewares/Third_Party/connectedhomeip/src/messaging/ExchangeDelegate.h:137:39:virtual chip::Messaging::ExchangeMessageDispatch& chip::Messaging::ExchangeDelegate::GetMessageDispatch()	8	static
../../../../../../../Middlewares/Third_Party/connectedhomeip/src/system/SystemPacketBuffer.h:433:26:chip::System::PacketBufferHandle& chip::System::PacketBufferHandle::operator=(chip::System::PacketBufferHandle&&)	16	static
../../../../../../../Middlewares/Third_Party/connectedhomeip/src/app/ReadPrepareParams.h:75:25:chip::app::ReadPrepareParams& chip::app::ReadPrepareParams::operator=(chip::app::ReadPrepareParams&&)	16	static
../../../../../../../Middlewares/Third_Party/connectedhomeip/src/system/SystemPacketBuffer.h:428:5:chip::System::PacketBufferHandle::~PacketBufferHandle()	8	static
../../../../../../../Middlewares/Third_Party/connectedhomeip/src/app/InteractionModelHelper.h:28:19:CHIP_ERROR chip::app::InitWriterWithSpaceReserved(chip::System::PacketBufferTLVWriter&, uint32_t)	24	static
../../../../../../../Middlewares/Third_Party/connectedhomeip/src/app/ConcreteAttributePath.h:51:10:bool chip::app::ConcreteAttributePath::IsValid() const	0	static
../../../../../../../Middlewares/Third_Party/connectedhomeip/src/lib/core/TLVWriter.h:173:16:CHIP_ERROR chip::TLV::TLVWriter::UnreserveBuffer(uint32_t)	0	static
../../../../../../../Middlewares/Third_Party/connectedhomeip/src/app/MessageDef/Builder.h:86:10:void chip::app::Builder::Rollback(const chip::TLV::TLVWriter&)	4	static
../../../../../../../Middlewares/Third_Party/connectedhomeip/src/transport/Session.h:100:29:chip::Optional<chip::SessionHandle> chip::SessionHolder::Get() const	8	static
../../../../../../../Middlewares/Third_Party/connectedhomeip/src/transport/Session.h:112:26:chip::Transport::Session* chip::SessionHolder::operator->() const	8	static
../../../../../../../Middlewares/Third_Party/connectedhomeip/src/system/TLVPacketBufferBackingStore.h:45:5:chip::System::TLVPacketBufferBackingStore::~TLVPacketBufferBackingStore()	8	static
../../../../../../../Middlewares/Third_Party/connectedhomeip/src/system/TLVPacketBufferBackingStore.h:45:5:virtual chip::System::TLVPacketBufferBackingStore::~TLVPacketBufferBackingStore()	8	static
../../../../../../../Middlewares/Third_Party/connectedhomeip/src/system/TLVPacketBufferBackingStore.h:106:10:void chip::System::PacketBufferTLVReader::Init(chip::System::PacketBufferHandle&&)	8	static
../../../../../../../Middlewares/Third_Party/connectedhomeip/src/system/TLVPacketBufferBackingStore.h:147:16:CHIP_ERROR chip::System::PacketBufferTLVWriter::Finalize(chip::System::PacketBufferHandle*)	24	static
../../../../../../../Middlewares/Third_Party/connectedhomeip/src/messaging/ExchangeHolder.h:111:10:void chip::Messaging::ExchangeHolder::Release()	8	static
../../../../../../../Middlewares/Third_Party/connectedhomeip/src/messaging/ExchangeHolder.h:76:13:chip::Messaging::ExchangeHolder::~ExchangeHolder()	8	static
../../../../../../../Middlewares/Third_Party/connectedhomeip/src/messaging/ExchangeHolder.h:76:13:virtual chip::Messaging::ExchangeHolder::~ExchangeHolder()	8	static
../../../../../../../Middlewares/Third_Party/connectedhomeip/src/messaging/ExchangeHolder.h:93:10:void chip::Messaging::ExchangeHolder::Grab(chip::Messaging::ExchangeContext*)	16	static
/Users/brady/Downloads/STM32CubeExpansion_MATTER_V1.1.0/Middlewares/Third_Party/connectedhomeip/src/app/ReadClient.cpp:46:1:chip::app::ReadClient::ReadClient(chip::app::InteractionModelEngine*, chip::Messaging::ExchangeManager*, Callback&, InteractionType)	24	static
/Users/brady/Downloads/STM32CubeExpansion_MATTER_V1.1.0/Middlewares/Third_Party/connectedhomeip/src/app/ReadClient.cpp:65:6:void chip::app::ReadClient::ClearActiveSubscriptionState()	0	static
/Users/brady/Downloads/STM32CubeExpansion_MATTER_V1.1.0/Middlewares/Third_Party/connectedhomeip/src/app/ReadClient.cpp:117:10:uint32_t chip::app::ReadClient::ComputeTimeTillNextSubscription()	16	static
/Users/brady/Downloads/STM32CubeExpansion_MATTER_V1.1.0/Middlewares/Third_Party/connectedhomeip/src/app/ReadClient.cpp:141:12:CHIP_ERROR chip::app::ReadClient::ScheduleResubscription(uint32_t, chip::Optional<chip::SessionHandle>, bool)	16	static
/Users/brady/Downloads/STM32CubeExpansion_MATTER_V1.1.0/Middlewares/Third_Party/connectedhomeip/src/app/ReadClient.cpp:227:14:const char* chip::app::ReadClient::GetStateStr() const	0	static
/Users/brady/Downloads/STM32CubeExpansion_MATTER_V1.1.0/Middlewares/Third_Party/connectedhomeip/src/app/ReadClient.cpp:247:6:void chip::app::ReadClient::MoveToState(ClientState)	0	static
../../../../../../../Middlewares/Third_Party/connectedhomeip/src/app/MessageDef/DataVersionFilterIBs.h:42:7:chip::app::DataVersionFilterIBs::Builder::Builder()	8	static
/Users/brady/Downloads/STM32CubeExpansion_MATTER_V1.1.0/Middlewares/Third_Party/connectedhomeip/src/app/ReadClient.cpp:363:12:CHIP_ERROR chip::app::ReadClient::GenerateEventPaths(chip::app::EventPathIBs::Builder&, const chip::Span<chip::app::EventPathParams>&)	16	static
/Users/brady/Downloads/STM32CubeExpansion_MATTER_V1.1.0/Middlewares/Third_Party/connectedhomeip/src/app/ReadClient.cpp:376:12:CHIP_ERROR chip::app::ReadClient::GenerateAttributePaths(chip::app::AttributePathIBs::Builder&, const chip::Span<chip::app::AttributePathParams>&)	24	static
/Users/brady/Downloads/STM32CubeExpansion_MATTER_V1.1.0/Middlewares/Third_Party/connectedhomeip/src/app/ReadClient.cpp:390:12:CHIP_ERROR chip::app::ReadClient::BuildDataVersionFilterList(chip::app::DataVersionFilterIBs::Builder&, const chip::Span<chip::app::AttributePathParams>&, const chip::Span<chip::app::DataVersionFilter>&, bool&)	40	static
/Users/brady/Downloads/STM32CubeExpansion_MATTER_V1.1.0/Middlewares/Third_Party/connectedhomeip/src/app/ReadClient.cpp:427:12:CHIP_ERROR chip::app::ReadClient::GenerateDataVersionFilterList(chip::app::DataVersionFilterIBs::Builder&, const chip::Span<chip::app::AttributePathParams>&, const chip::Span<chip::app::DataVersionFilter>&, bool&)	24	static
/Users/brady/Downloads/STM32CubeExpansion_MATTER_V1.1.0/Middlewares/Third_Party/connectedhomeip/src/app/ReadClient.cpp:685:12:CHIP_ERROR chip::app::ReadClient::ReadICDOperatingModeFromAttributeDataIB(chip::TLV::TLVReader&&, PeerType&)	16	static
/Users/brady/Downloads/STM32CubeExpansion_MATTER_V1.1.0/Middlewares/Third_Party/connectedhomeip/src/app/ReadClient.cpp:708:12:CHIP_ERROR chip::app::ReadClient::ProcessAttributePath(chip::app::AttributePathIB::Parser&, chip::app::ConcreteDataAttributePath&)	8	static
/Users/brady/Downloads/STM32CubeExpansion_MATTER_V1.1.0/Middlewares/Third_Party/connectedhomeip/src/app/ReadClient.cpp:721:6:void chip::app::ReadClient::NoteReportingData()	8	static
/Users/brady/Downloads/STM32CubeExpansion_MATTER_V1.1.0/Middlewares/Third_Party/connectedhomeip/src/app/ReadClient.cpp:834:12:CHIP_ERROR chip::app::ReadClient::ProcessEventReportIBs(chip::TLV::TLVReader&)	520	static
/Users/brady/Downloads/STM32CubeExpansion_MATTER_V1.1.0/Middlewares/Third_Party/connectedhomeip/src/app/ReadClient.cpp:924:12:CHIP_ERROR chip::app::ReadClient::ComputeLivenessCheckTimerTimeout(chip::System::Clock::Timeout*)	96	static
/Users/brady/Downloads/STM32CubeExpansion_MATTER_V1.1.0/Middlewares/Third_Party/connectedhomeip/src/app/ReadClient.cpp:957:6:void chip::app::ReadClient::CancelLivenessCheckTimer()	8	static
/Users/brady/Downloads/STM32CubeExpansion_MATTER_V1.1.0/Middlewares/Third_Party/connectedhomeip/src/app/ReadClient.cpp:902:12:CHIP_ERROR chip::app::ReadClient::RefreshLivenessCheckTimer()	40	static
/Users/brady/Downloads/STM32CubeExpansion_MATTER_V1.1.0/Middlewares/Third_Party/connectedhomeip/src/app/ReadClient.cpp:963:6:void chip::app::ReadClient::CancelResubscribeTimer()	8	static
/Users/brady/Downloads/STM32CubeExpansion_MATTER_V1.1.0/Middlewares/Third_Party/connectedhomeip/src/app/ReadClient.cpp:78:6:void chip::app::ReadClient::StopResubscription()	8	static
/Users/brady/Downloads/STM32CubeExpansion_MATTER_V1.1.0/Middlewares/Third_Party/connectedhomeip/src/app/ReadClient.cpp:173:6:void chip::app::ReadClient::Close(CHIP_ERROR, bool)	16	static
/Users/brady/Downloads/STM32CubeExpansion_MATTER_V1.1.0/Middlewares/Third_Party/connectedhomeip/src/app/ReadClient.cpp:678:6:virtual void chip::app::ReadClient::OnResponseTimeout(chip::Messaging::ExchangeContext*)	24	static
/Users/brady/Downloads/STM32CubeExpansion_MATTER_V1.1.0/Middlewares/Third_Party/connectedhomeip/src/app/ReadClient.cpp:1242:6:static void chip::app::ReadClient::HandleDeviceConnectionFailure(void*, const chip::ScopedNodeId&, CHIP_ERROR)	16	static
/Users/brady/Downloads/STM32CubeExpansion_MATTER_V1.1.0/Middlewares/Third_Party/connectedhomeip/src/app/ReadClient.cpp:892:6:void chip::app::ReadClient::OverrideLivenessTimeout(chip::System::Clock::Timeout)	8	static
/Users/brady/Downloads/STM32CubeExpansion_MATTER_V1.1.0/Middlewares/Third_Party/connectedhomeip/src/app/ReadClient.cpp:98:1:chip::app::ReadClient::~ReadClient()	8	static
/Users/brady/Downloads/STM32CubeExpansion_MATTER_V1.1.0/Middlewares/Third_Party/connectedhomeip/src/app/ReadClient.cpp:98:1:virtual chip::app::ReadClient::~ReadClient()	8	static
/Users/brady/Downloads/STM32CubeExpansion_MATTER_V1.1.0/Middlewares/Third_Party/connectedhomeip/src/app/ReadClient.cpp:997:6:void chip::app::ReadClient::TriggerResubscriptionForLivenessTimeout(CHIP_ERROR)	40	static
/Users/brady/Downloads/STM32CubeExpansion_MATTER_V1.1.0/Middlewares/Third_Party/connectedhomeip/src/app/ReadClient.cpp:446:6:void chip::app::ReadClient::OnActiveModeNotification()	8	static
/Users/brady/Downloads/STM32CubeExpansion_MATTER_V1.1.0/Middlewares/Third_Party/connectedhomeip/src/app/ReadClient.cpp:458:6:void chip::app::ReadClient::OnPeerTypeChange(PeerType)	16	static
/Users/brady/Downloads/STM32CubeExpansion_MATTER_V1.1.0/Middlewares/Third_Party/connectedhomeip/src/app/ReadClient.cpp:970:6:static void chip::app::ReadClient::OnLivenessTimeoutCallback(chip::System::Layer*, void*)	24	static
/Users/brady/Downloads/STM32CubeExpansion_MATTER_V1.1.0/Middlewares/Third_Party/connectedhomeip/src/app/ReadClient.cpp:1024:12:CHIP_ERROR chip::app::ReadClient::ProcessSubscribeResponse(chip::System::PacketBufferHandle&&)	168	static
/Users/brady/Downloads/STM32CubeExpansion_MATTER_V1.1.0/Middlewares/Third_Party/connectedhomeip/src/app/ReadClient.cpp:1303:6:void chip::app::ReadClient::UpdateDataVersionFilters(const chip::app::ConcreteDataAttributePath&)	20	static
/Users/brady/Downloads/STM32CubeExpansion_MATTER_V1.1.0/Middlewares/Third_Party/connectedhomeip/src/app/ReadClient.cpp:730:12:CHIP_ERROR chip::app::ReadClient::ProcessAttributeReportIBs(chip::TLV::TLVReader&)	512	static
/Users/brady/Downloads/STM32CubeExpansion_MATTER_V1.1.0/Middlewares/Third_Party/connectedhomeip/src/app/ReadClient.cpp:553:12:CHIP_ERROR chip::app::ReadClient::ProcessReportData(chip::System::PacketBufferHandle&&, ReportType)	328	static
/Users/brady/Downloads/STM32CubeExpansion_MATTER_V1.1.0/Middlewares/Third_Party/connectedhomeip/src/app/ReadClient.cpp:1316:12:CHIP_ERROR chip::app::ReadClient::GetMinEventNumber(const chip::app::ReadPrepareParams&, chip::Optional<long long unsigned int>&)	8	static
/Users/brady/Downloads/STM32CubeExpansion_MATTER_V1.1.0/Middlewares/Third_Party/connectedhomeip/src/app/ReadClient.cpp:1346:34:chip::Optional<std::chrono::duration<long unsigned int, std::ratio<1, 1000> > > chip::app::ReadClient::GetSubscriptionTimeout()	24	static
/Users/brady/Downloads/STM32CubeExpansion_MATTER_V1.1.0/Middlewares/Third_Party/connectedhomeip/src/app/ReadClient.cpp:1363:12:CHIP_ERROR chip::app::ReadClient::EstablishSessionToPeer()	24	static
/Users/brady/Downloads/STM32CubeExpansion_MATTER_V1.1.0/Middlewares/Third_Party/connectedhomeip/src/app/ReadClient.cpp:1070:12:CHIP_ERROR chip::app::ReadClient::SendAutoResubscribeRequest(const chip::ScopedNodeId&, chip::app::ReadPrepareParams&&)	16	static
../../../../../../../Middlewares/Third_Party/connectedhomeip/src/lib/support/ReferenceCountedHandle.h:35:5:chip::ReferenceCountedHandle<Target>::~ReferenceCountedHandle() [with Target = chip::Transport::Session]	8	static
../../../../../../../Middlewares/Third_Party/connectedhomeip/src/lib/core/Optional.h:53:5:chip::Optional<T>::~Optional() [with T = chip::SessionHandle]	8	static
/Users/brady/Downloads/STM32CubeExpansion_MATTER_V1.1.0/Middlewares/Third_Party/connectedhomeip/src/app/ReadClient.cpp:268:12:0(chip::app::ReadPrepareParams&)	312	static
/Users/brady/Downloads/STM32CubeExpansion_MATTER_V1.1.0/Middlewares/Third_Party/connectedhomeip/src/app/ReadClient.cpp:268:12:CHIP_ERROR chip::app::ReadClient::SendReadRequest(chip::app::ReadPrepareParams&)	0	static
/Users/brady/Downloads/STM32CubeExpansion_MATTER_V1.1.0/Middlewares/Third_Party/connectedhomeip/src/app/ReadClient.cpp:521:6:void chip::app::ReadClient::OnUnsolicitedReportData(chip::Messaging::ExchangeContext*, chip::System::PacketBufferHandle&&)	32	static
/Users/brady/Downloads/STM32CubeExpansion_MATTER_V1.1.0/Middlewares/Third_Party/connectedhomeip/src/app/ReadClient.cpp:1091:12:0(const chip::app::ReadPrepareParams&)	312	static
/Users/brady/Downloads/STM32CubeExpansion_MATTER_V1.1.0/Middlewares/Third_Party/connectedhomeip/src/app/ReadClient.cpp:1091:12:CHIP_ERROR chip::app::ReadClient::SendSubscribeRequestImpl(const chip::app::ReadPrepareParams&)	0	static
/Users/brady/Downloads/STM32CubeExpansion_MATTER_V1.1.0/Middlewares/Third_Party/connectedhomeip/src/app/ReadClient.cpp:1083:12:CHIP_ERROR chip::app::ReadClient::SendSubscribeRequest(const chip::app::ReadPrepareParams&)	0	static
/Users/brady/Downloads/STM32CubeExpansion_MATTER_V1.1.0/Middlewares/Third_Party/connectedhomeip/src/app/ReadClient.cpp:253:12:CHIP_ERROR chip::app::ReadClient::SendRequest(chip::app::ReadPrepareParams&)	0	static
/Users/brady/Downloads/STM32CubeExpansion_MATTER_V1.1.0/Middlewares/Third_Party/connectedhomeip/src/app/ReadClient.cpp:1059:12:CHIP_ERROR chip::app::ReadClient::SendAutoResubscribeRequest(chip::app::ReadPrepareParams&&)	16	static
/Users/brady/Downloads/STM32CubeExpansion_MATTER_V1.1.0/Middlewares/Third_Party/connectedhomeip/src/app/ReadClient.cpp:1223:6:static void chip::app::ReadClient::HandleDeviceConnected(void*, chip::Messaging::ExchangeManager&, const chip::SessionHandle&)	24	static
/Users/brady/Downloads/STM32CubeExpansion_MATTER_V1.1.0/Middlewares/Third_Party/connectedhomeip/src/app/ReadClient.cpp:1252:6:static void chip::app::ReadClient::OnResubscribeTimerCallback(chip::System::Layer*, void*)	16	static
/Users/brady/Downloads/STM32CubeExpansion_MATTER_V1.1.0/Middlewares/Third_Party/connectedhomeip/src/app/ReadClient.cpp:1334:6:void chip::app::ReadClient::TriggerResubscribeIfScheduled(const char*)	8	static
/Users/brady/Downloads/STM32CubeExpansion_MATTER_V1.1.0/Middlewares/Third_Party/connectedhomeip/src/app/ReadClient.cpp:1204:12:CHIP_ERROR chip::app::ReadClient::DefaultResubscribePolicy(CHIP_ERROR)	56	static
../../../../../../../Middlewares/Third_Party/connectedhomeip/src/transport/raw/MessageHeader.h:546:10:bool chip::PayloadHeader::HasMessageType(MessageType) const [with MessageType = chip::Protocols::InteractionModel::MsgType; <template-parameter-1-2> = void]	0	static
/Users/brady/Downloads/STM32CubeExpansion_MATTER_V1.1.0/Middlewares/Third_Party/connectedhomeip/src/app/ReadClient.cpp:473:12:virtual CHIP_ERROR chip::app::ReadClient::OnMessageReceived(chip::Messaging::ExchangeContext*, const chip::PayloadHeader&, chip::System::PacketBufferHandle&&)	32	static
