/Users/brady/Downloads/STM32CubeExpansion_MATTER_V1.1.0/Projects/STM32WB5MM-DK/Applications/Matter/Lighting-App/STM32_WPAN/App/app_thread.c:341:13:APP_THREAD_TraceError	16	static
/Users/brady/Downloads/STM32CubeExpansion_MATTER_V1.1.0/Projects/STM32WB5MM-DK/Applications/Matter/Lighting-App/STM32_WPAN/App/app_thread.c:389:13:APP_THREAD_FreeRTOSProcessMsgM0ToM4Task	16	static
/Users/brady/Downloads/STM32CubeExpansion_MATTER_V1.1.0/Projects/STM32WB5MM-DK/Applications/Matter/Lighting-App/STM32_WPAN/App/app_thread.c:445:13:Ot_Cmd_Transfer_Common	8	static
/Users/brady/Downloads/STM32CubeExpansion_MATTER_V1.1.0/Projects/STM32WB5MM-DK/Applications/Matter/Lighting-App/STM32_WPAN/App/app_thread.c:159:6:APP_THREAD_Init_Dyn_2	0	static
/Users/brady/Downloads/STM32CubeExpansion_MATTER_V1.1.0/Projects/STM32WB5MM-DK/Applications/Matter/Lighting-App/STM32_WPAN/App/app_thread.c:179:6:APP_THREAD_Error	8	static
/Users/brady/Downloads/STM32CubeExpansion_MATTER_V1.1.0/Projects/STM32WB5MM-DK/Applications/Matter/Lighting-App/STM32_WPAN/App/app_thread.c:425:6:APP_THREAD_RegisterCmdBuffer	0	static
/Users/brady/Downloads/STM32CubeExpansion_MATTER_V1.1.0/Projects/STM32WB5MM-DK/Applications/Matter/Lighting-App/STM32_WPAN/App/app_thread.c:430:26:THREAD_Get_OTCmdPayloadBuffer	0	static
/Users/brady/Downloads/STM32CubeExpansion_MATTER_V1.1.0/Projects/STM32WB5MM-DK/Applications/Matter/Lighting-App/STM32_WPAN/App/app_thread.c:435:26:THREAD_Get_OTCmdRspPayloadBuffer	0	static
/Users/brady/Downloads/STM32CubeExpansion_MATTER_V1.1.0/Projects/STM32WB5MM-DK/Applications/Matter/Lighting-App/STM32_WPAN/App/app_thread.c:440:26:THREAD_Get_NotificationPayloadBuffer	0	static
/Users/brady/Downloads/STM32CubeExpansion_MATTER_V1.1.0/Projects/STM32WB5MM-DK/Applications/Matter/Lighting-App/STM32_WPAN/App/app_thread.c:467:6:Ot_Cmd_Transfer	0	static
/Users/brady/Downloads/STM32CubeExpansion_MATTER_V1.1.0/Projects/STM32WB5MM-DK/Applications/Matter/Lighting-App/STM32_WPAN/App/app_thread.c:479:6:Ot_Cmd_TransferWithNotif	0	static
/Users/brady/Downloads/STM32CubeExpansion_MATTER_V1.1.0/Projects/STM32WB5MM-DK/Applications/Matter/Lighting-App/STM32_WPAN/App/app_thread.c:492:6:APP_THREAD_TL_THREAD_INIT	0	static
/Users/brady/Downloads/STM32CubeExpansion_MATTER_V1.1.0/Projects/STM32WB5MM-DK/Applications/Matter/Lighting-App/STM32_WPAN/App/app_thread.c:112:6:APP_THREAD_Init_Dyn_1	40	static
/Users/brady/Downloads/STM32CubeExpansion_MATTER_V1.1.0/Projects/STM32WB5MM-DK/Applications/Matter/Lighting-App/STM32_WPAN/App/app_thread.c:509:6:TL_THREAD_CliNotReceived	8	static
/Users/brady/Downloads/STM32CubeExpansion_MATTER_V1.1.0/Projects/STM32WB5MM-DK/Applications/Matter/Lighting-App/STM32_WPAN/App/app_thread.c:532:6:TL_OT_CmdEvtReceived	8	static
/Users/brady/Downloads/STM32CubeExpansion_MATTER_V1.1.0/Projects/STM32WB5MM-DK/Applications/Matter/Lighting-App/STM32_WPAN/App/app_thread.c:549:6:TL_THREAD_NotReceived	16	static,ignoring_inline_asm
/Users/brady/Downloads/STM32CubeExpansion_MATTER_V1.1.0/Projects/STM32WB5MM-DK/Applications/Matter/Lighting-App/STM32_WPAN/App/app_thread.c:564:6:Pre_OtCmdProcessing	0	static
/Users/brady/Downloads/STM32CubeExpansion_MATTER_V1.1.0/Projects/STM32WB5MM-DK/Applications/Matter/Lighting-App/STM32_WPAN/App/app_thread.c:576:6:Post_OtCmdProcessing	0	static
