../../../../../../../Middlewares/Third_Party/connectedhomeip/src/transport/raw/Base.h:78:18:virtual bool chip::Transport::Base::CanListenMulticast()	0	static
../../../../../../../Middlewares/Third_Party/connectedhomeip/src/transport/raw/Base.h:83:18:virtual void chip::Transport::Base::Disconnect(const chip::Transport::PeerAddress&)	0	static
../../../../../../../Middlewares/Third_Party/connectedhomeip/src/transport/raw/Base.h:88:24:virtual CHIP_ERROR chip::Transport::Base::MulticastGroupJoinLeave(const chip::Transport::PeerAddress&, bool)	0	static
../../../../../../../Middlewares/Third_Party/connectedhomeip/src/transport/raw/Base.h:93:18:virtual void chip::Transport::Base::Close()	0	static
../../../../../../../Middlewares/Third_Party/connectedhomeip/src/transport/raw/BLE.h:118:10:virtual bool chip::Transport::BLEBase::CanSendToPeer(const chip::Transport::PeerAddress&)	0	static
/Users/brady/Downloads/STM32CubeExpansion_MATTER_V1.1.0/Middlewares/Third_Party/connectedhomeip/src/transport/raw/BLE.cpp:135:6:virtual void chip::Transport::BLEBase::OnBleConnectionComplete(chip::Ble::BLEEndPoint*)	16	static
/Users/brady/Downloads/STM32CubeExpansion_MATTER_V1.1.0/Middlewares/Third_Party/connectedhomeip/src/transport/raw/BLE.cpp:169:6:virtual void chip::Transport::BLEBase::OnEndPointConnectComplete(chip::Ble::BLEEndPoint*, CHIP_ERROR)	24	static
/Users/brady/Downloads/STM32CubeExpansion_MATTER_V1.1.0/Middlewares/Third_Party/connectedhomeip/src/transport/raw/BLE.cpp:87:12:virtual CHIP_ERROR chip::Transport::BLEBase::SetEndPoint(chip::Ble::BLEEndPoint*)	8	static
/Users/brady/Downloads/STM32CubeExpansion_MATTER_V1.1.0/Middlewares/Third_Party/connectedhomeip/src/transport/raw/BLE.cpp:164:6:virtual void chip::Transport::BLEBase::OnEndPointMessageReceived(chip::Ble::BLEEndPoint*, chip::System::PacketBufferHandle&&)	40	static
/Users/brady/Downloads/STM32CubeExpansion_MATTER_V1.1.0/Middlewares/Third_Party/connectedhomeip/src/transport/raw/BLE.cpp:44:6:void chip::Transport::BLEBase::ClearState()	8	static
/Users/brady/Downloads/STM32CubeExpansion_MATTER_V1.1.0/Middlewares/Third_Party/connectedhomeip/src/transport/raw/BLE.cpp:39:1:chip::Transport::BLEBase::~BLEBase()	8	static
/Users/brady/Downloads/STM32CubeExpansion_MATTER_V1.1.0/Middlewares/Third_Party/connectedhomeip/src/transport/raw/BLE.cpp:39:1:virtual chip::Transport::BLEBase::~BLEBase()	8	static
/Users/brady/Downloads/STM32CubeExpansion_MATTER_V1.1.0/Middlewares/Third_Party/connectedhomeip/src/transport/raw/BLE.cpp:63:12:CHIP_ERROR chip::Transport::BLEBase::Init(const chip::Transport::BleListenParameters&)	0	static
/Users/brady/Downloads/STM32CubeExpansion_MATTER_V1.1.0/Middlewares/Third_Party/connectedhomeip/src/transport/raw/BLE.cpp:117:12:CHIP_ERROR chip::Transport::BLEBase::SendAfterConnect(chip::System::PacketBufferHandle&&)	12	static
/Users/brady/Downloads/STM32CubeExpansion_MATTER_V1.1.0/Middlewares/Third_Party/connectedhomeip/src/transport/raw/BLE.cpp:99:12:virtual CHIP_ERROR chip::Transport::BLEBase::SendMessage(const chip::Transport::PeerAddress&, chip::System::PacketBufferHandle&&)	8	static
/Users/brady/Downloads/STM32CubeExpansion_MATTER_V1.1.0/Middlewares/Third_Party/connectedhomeip/src/transport/raw/BLE.cpp:201:6:void chip::Transport::BLEBase::ClearPendingPackets()	24	static
/Users/brady/Downloads/STM32CubeExpansion_MATTER_V1.1.0/Middlewares/Third_Party/connectedhomeip/src/transport/raw/BLE.cpp:158:6:virtual void chip::Transport::BLEBase::OnBleConnectionError(CHIP_ERROR)	0	static
/Users/brady/Downloads/STM32CubeExpansion_MATTER_V1.1.0/Middlewares/Third_Party/connectedhomeip/src/transport/raw/BLE.cpp:194:6:virtual void chip::Transport::BLEBase::OnEndPointConnectionClosed(chip::Ble::BLEEndPoint*, CHIP_ERROR)	0	static
