/Users/brady/Downloads/STM32CubeExpansion_MATTER_V1.1.0/Middlewares/Third_Party/connectedhomeip/src/lib/support/BufferWriter.cpp:29:16:chip::Encoding::BufferWriter& chip::Encoding::BufferWriter::Put(const void*, size_t)	16	static
/Users/brady/Downloads/STM32CubeExpansion_MATTER_V1.1.0/Middlewares/Third_Party/connectedhomeip/src/lib/support/BufferWriter.cpp:23:16:chip::Encoding::BufferWriter& chip::Encoding::BufferWriter::Put(const char*)	16	static
/Users/brady/Downloads/STM32CubeExpansion_MATTER_V1.1.0/Middlewares/Third_Party/connectedhomeip/src/lib/support/BufferWriter.cpp:42:16:chip::Encoding::BufferWriter& chip::Encoding::BufferWriter::Put(uint8_t)	0	static
/Users/brady/Downloads/STM32CubeExpansion_MATTER_V1.1.0/Middlewares/Third_Party/connectedhomeip/src/lib/support/BufferWriter.cpp:52:30:chip::Encoding::LittleEndian::BufferWriter& chip::Encoding::LittleEndian::BufferWriter::EndianPut(uint64_t, size_t)	24	static
/Users/brady/Downloads/STM32CubeExpansion_MATTER_V1.1.0/Middlewares/Third_Party/connectedhomeip/src/lib/support/BufferWriter.cpp:63:30:chip::Encoding::LittleEndian::BufferWriter& chip::Encoding::LittleEndian::BufferWriter::EndianPutSigned(int64_t, size_t)	24	static
/Users/brady/Downloads/STM32CubeExpansion_MATTER_V1.1.0/Middlewares/Third_Party/connectedhomeip/src/lib/support/BufferWriter.cpp:74:27:chip::Encoding::BigEndian::BufferWriter& chip::Encoding::BigEndian::BufferWriter::EndianPut(uint64_t, size_t)	24	static
/Users/brady/Downloads/STM32CubeExpansion_MATTER_V1.1.0/Middlewares/Third_Party/connectedhomeip/src/lib/support/BufferWriter.cpp:83:27:chip::Encoding::BigEndian::BufferWriter& chip::Encoding::BigEndian::BufferWriter::EndianPutSigned(int64_t, size_t)	24	static
