/Users/brady/Downloads/STM32CubeExpansion_MATTER_V1.1.0/Middlewares/Third_Party/connectedhomeip/src/lib/support/BytesToHex.cpp:75:8:size_t chip::Encoding::{anonymous}::HexToBytes(const char*, size_t, uint8_t*, size_t, chip::BitFlags<chip::Encoding::HexFlags>)	32	static
/Users/brady/Downloads/STM32CubeExpansion_MATTER_V1.1.0/Middlewares/Third_Party/connectedhomeip/src/lib/support/BytesToHex.cpp:99:12:CHIP_ERROR chip::Encoding::BytesToHex(const uint8_t*, size_t, char*, size_t, chip::BitFlags<HexFlags>)	20	static
/Users/brady/Downloads/STM32CubeExpansion_MATTER_V1.1.0/Middlewares/Third_Party/connectedhomeip/src/lib/support/BytesToHex.cpp:142:12:CHIP_ERROR chip::Encoding::Uint64ToHex(uint64_t, char*, size_t, chip::BitFlags<HexFlags>)	24	static
/Users/brady/Downloads/STM32CubeExpansion_MATTER_V1.1.0/Middlewares/Third_Party/connectedhomeip/src/lib/support/BytesToHex.cpp:149:12:CHIP_ERROR chip::Encoding::Uint32ToHex(uint32_t, char*, size_t, chip::BitFlags<HexFlags>)	24	static
/Users/brady/Downloads/STM32CubeExpansion_MATTER_V1.1.0/Middlewares/Third_Party/connectedhomeip/src/lib/support/BytesToHex.cpp:156:12:CHIP_ERROR chip::Encoding::Uint16ToHex(uint16_t, char*, size_t, chip::BitFlags<HexFlags>)	24	static
/Users/brady/Downloads/STM32CubeExpansion_MATTER_V1.1.0/Middlewares/Third_Party/connectedhomeip/src/lib/support/BytesToHex.cpp:163:8:size_t chip::Encoding::HexToBytes(const char*, size_t, uint8_t*, size_t)	16	static
/Users/brady/Downloads/STM32CubeExpansion_MATTER_V1.1.0/Middlewares/Third_Party/connectedhomeip/src/lib/support/BytesToHex.cpp:168:8:size_t chip::Encoding::UppercaseHexToUint64(const char*, size_t, uint64_t&)	32	static
/Users/brady/Downloads/STM32CubeExpansion_MATTER_V1.1.0/Middlewares/Third_Party/connectedhomeip/src/lib/support/BytesToHex.cpp:180:8:size_t chip::Encoding::UppercaseHexToUint32(const char*, size_t, uint32_t&)	32	static
/Users/brady/Downloads/STM32CubeExpansion_MATTER_V1.1.0/Middlewares/Third_Party/connectedhomeip/src/lib/support/BytesToHex.cpp:192:8:size_t chip::Encoding::UppercaseHexToUint16(const char*, size_t, uint16_t&)	32	static
/Users/brady/Downloads/STM32CubeExpansion_MATTER_V1.1.0/Middlewares/Third_Party/connectedhomeip/src/lib/support/BytesToHex.cpp:204:6:void chip::Encoding::LogBufferAsHex(const char*, const chip::ByteSpan&)	112	static
