/Users/brady/Downloads/STM32CubeExpansion_MATTER_V1.1.0/Middlewares/Third_Party/connectedhomeip/src/lib/support/UnitTestUtils.cpp:66:6:void chip::test_utils::SleepMicros(uint64_t)	0	static
/Users/brady/Downloads/STM32CubeExpansion_MATTER_V1.1.0/Middlewares/Third_Party/connectedhomeip/src/lib/support/UnitTestUtils.cpp:71:6:void chip::test_utils::SleepMillis(uint64_t)	0	static
/Users/brady/Downloads/STM32CubeExpansion_MATTER_V1.1.0/Middlewares/Third_Party/connectedhomeip/src/lib/support/UnitTestUtils.cpp:76:10:uint64_t chip::test_utils::TimeMonotonicMillis()	8	static
