/Users/brady/Downloads/STM32CubeExpansion_MATTER_V1.1.0/Middlewares/Third_Party/connectedhomeip/src/app/clusters/ota-requestor/DefaultOTARequestor.h:76:24:virtual chip::OTARequestorInterface::OTAUpdateStateEnum chip::DefaultOTARequestor::GetCurrentUpdateState()	0	static
/Users/brady/Downloads/STM32CubeExpansion_MATTER_V1.1.0/Middlewares/Third_Party/connectedhomeip/src/app/clusters/ota-requestor/DefaultOTARequestor.h:79:14:virtual uint32_t chip::DefaultOTARequestor::GetTargetVersion()	0	static
/Users/brady/Downloads/STM32CubeExpansion_MATTER_V1.1.0/Middlewares/Third_Party/connectedhomeip/src/app/clusters/ota-requestor/DefaultOTARequestor.h:97:10:virtual void chip::DefaultOTARequestor::SetMetadataForProvider(chip::ByteSpan)	16	static
/Users/brady/Downloads/STM32CubeExpansion_MATTER_V1.1.0/Middlewares/Third_Party/connectedhomeip/src/app/clusters/ota-requestor/DefaultOTARequestor.h:103:36:virtual chip::ProviderLocationList::Iterator chip::DefaultOTARequestor::GetDefaultOTAProviderListIterator()	0	static
/Users/brady/Downloads/STM32CubeExpansion_MATTER_V1.1.0/Middlewares/Third_Party/connectedhomeip/src/app/clusters/ota-requestor/DefaultOTARequestor.cpp:307:6:static void chip::DefaultOTARequestor::OnNotifyUpdateAppliedResponse(void*, const chip::app::DataModel::NullObjectType&)	0	static
/Users/brady/Downloads/STM32CubeExpansion_MATTER_V1.1.0/Middlewares/Third_Party/connectedhomeip/src/app/clusters/ota-requestor/DefaultOTARequestor.cpp:402:6:virtual void chip::DefaultOTARequestor::CancelImageUpdate()	8	static
/Users/brady/Downloads/STM32CubeExpansion_MATTER_V1.1.0/Middlewares/Third_Party/connectedhomeip/src/app/clusters/ota-requestor/DefaultOTARequestor.h:88:10:virtual void chip::DefaultOTARequestor::SetCurrentProviderLocation(chip::OTARequestorInterface::ProviderLocationType)	8	static
/Applications/STM32CubeIDE.app/Contents/Eclipse/plugins/com.st.stm32cube.ide.mcu.externaltools.gnu-tools-for-stm32.12.3.rel1.macos64_1.1.0.202410301201/tools/arm-none-eabi/include/c++/12.3.1/bits/std_function.h:288:7:) [with _Res = void; _Functor = chip::Controller::ClusterBase::InvokeCommand<chip::app::Clusters::OtaSoftwareUpdateProvider::Commands::QueryImage::Type>(const chip::app::Clusters::OtaSoftwareUpdateProvider::Commands::QueryImage::Type&, void*, void (*)(void*, const chip::app::Clusters::OtaSoftwareUpdateProvider::Commands::QueryImageResponse::DecodableType&), void (*)(void*, CHIP_ERROR), const chip::Optional<short unsigned int>&)::<lambda(CHIP_ERROR)>; _ArgTypes = {chip::ChipError}]	0	static
/Applications/STM32CubeIDE.app/Contents/Eclipse/plugins/com.st.stm32cube.ide.mcu.externaltools.gnu-tools-for-stm32.12.3.rel1.macos64_1.1.0.202410301201/tools/arm-none-eabi/include/c++/12.3.1/bits/std_function.h:288:7:) [with _Res = void; _Functor = chip::Controller::ClusterBase::InvokeCommand<chip::app::Clusters::OtaSoftwareUpdateProvider::Commands::ApplyUpdateRequest::Type>(const chip::app::Clusters::OtaSoftwareUpdateProvider::Commands::ApplyUpdateRequest::Type&, void*, void (*)(void*, const chip::app::Clusters::OtaSoftwareUpdateProvider::Commands::ApplyUpdateResponse::DecodableType&), void (*)(void*, CHIP_ERROR), const chip::Optional<short unsigned int>&)::<lambda(CHIP_ERROR)>; _ArgTypes = {chip::ChipError}]	0	static
/Applications/STM32CubeIDE.app/Contents/Eclipse/plugins/com.st.stm32cube.ide.mcu.externaltools.gnu-tools-for-stm32.12.3.rel1.macos64_1.1.0.202410301201/tools/arm-none-eabi/include/c++/12.3.1/bits/std_function.h:288:7:) [with _Res = void; _Functor = chip::Controller::ClusterBase::InvokeCommand<chip::app::Clusters::OtaSoftwareUpdateProvider::Commands::NotifyUpdateApplied::Type>(const chip::app::Clusters::OtaSoftwareUpdateProvider::Commands::NotifyUpdateApplied::Type&, void*, void (*)(void*, const chip::app::DataModel::NullObjectType&), void (*)(void*, CHIP_ERROR), const chip::Optional<short unsigned int>&)::<lambda(CHIP_ERROR)>; _ArgTypes = {chip::ChipError}]	0	static
/Users/brady/Downloads/STM32CubeExpansion_MATTER_V1.1.0/Middlewares/Third_Party/connectedhomeip/src/app/clusters/ota-requestor/DefaultOTARequestor.cpp:109:6:static void chip::DefaultOTARequestor::InitState(intptr_t)	16	static
/Users/brady/Downloads/STM32CubeExpansion_MATTER_V1.1.0/Middlewares/Third_Party/connectedhomeip/src/app/clusters/ota-requestor/DefaultOTARequestor.cpp:329:6:virtual void chip::DefaultOTARequestor::HandleAnnounceOTAProvider(chip::app::CommandHandler*, const chip::app::ConcreteCommandPath&, const chip::app::Clusters::OtaSoftwareUpdateRequestor::Commands::AnnounceOTAProvider::DecodableType&)	40	static
/Users/brady/Downloads/STM32CubeExpansion_MATTER_V1.1.0/Middlewares/Third_Party/connectedhomeip/src/app/clusters/ota-requestor/DefaultOTARequestor.cpp:411:12:virtual CHIP_ERROR chip::DefaultOTARequestor::GetUpdateStateProgressAttribute(chip::EndpointId, chip::app::DataModel::Nullable<unsigned char>&)	8	static
/Users/brady/Downloads/STM32CubeExpansion_MATTER_V1.1.0/Middlewares/Third_Party/connectedhomeip/src/app/clusters/ota-requestor/DefaultOTARequestor.cpp:417:12:virtual CHIP_ERROR chip::DefaultOTARequestor::GetUpdateStateAttribute(chip::EndpointId, chip::OTARequestorInterface::OTAUpdateStateEnum&)	8	static
../../../../../../../Middlewares/Third_Party/connectedhomeip/src/controller/CHIPCluster.h:64:13:chip::Controller::ClusterBase::~ClusterBase()	8	static
../../../../../../../Middlewares/Third_Party/connectedhomeip/src/controller/CHIPCluster.h:64:13:virtual chip::Controller::ClusterBase::~ClusterBase()	8	static
/Users/brady/Downloads/STM32CubeExpansion_MATTER_V1.1.0/Middlewares/Third_Party/connectedhomeip/src/app/clusters/ota-requestor/DefaultOTARequestor.cpp:941:6:static void chip::DefaultOTARequestor::OnCommissioningCompleteRequestor(const chip::DeviceLayer::ChipDeviceEvent*, intptr_t)	8	static
/Applications/STM32CubeIDE.app/Contents/Eclipse/plugins/com.st.stm32cube.ide.mcu.externaltools.gnu-tools-for-stm32.12.3.rel1.macos64_1.1.0.202410301201/tools/arm-none-eabi/include/c++/12.3.1/bits/std_function.h:267:7:), _Functor>::_M_manager(std::_Any_data&, const std::_Any_data&, std::_Manager_operation) [with _Res = void; _Functor = chip::Controller::InvokeCommandRequest<chip::app::Clusters::OtaSoftwareUpdateProvider::Commands::NotifyUpdateApplied::Type>(chip::Messaging::ExchangeManager*, const chip::SessionHandle&, chip::EndpointId, const chip::app::Clusters::OtaSoftwareUpdateProvider::Commands::NotifyUpdateApplied::Type&, TypedCommandCallback<chip::app::DataModel::NullObjectType>::OnSuccessCallbackType, TypedCommandCallback<chip::app::DataModel::NullObjectType>::OnErrorCallbackType, const chip::Optional<short unsigned int>&, const chip::Optional<std::chrono::duration<long unsigned int, std::ratio<1, 1000> > >&, Internal::InvokeCancelFn*)::<lambda()>; _ArgTypes = {}]	0	static
/Applications/STM32CubeIDE.app/Contents/Eclipse/plugins/com.st.stm32cube.ide.mcu.externaltools.gnu-tools-for-stm32.12.3.rel1.macos64_1.1.0.202410301201/tools/arm-none-eabi/include/c++/12.3.1/bits/std_function.h:267:7:), _Functor>::_M_manager(std::_Any_data&, const std::_Any_data&, std::_Manager_operation) [with _Res = void; _Functor = chip::Controller::InvokeCommandRequest<chip::app::Clusters::OtaSoftwareUpdateProvider::Commands::ApplyUpdateRequest::Type>(chip::Messaging::ExchangeManager*, const chip::SessionHandle&, chip::EndpointId, const chip::app::Clusters::OtaSoftwareUpdateProvider::Commands::ApplyUpdateRequest::Type&, TypedCommandCallback<chip::app::Clusters::OtaSoftwareUpdateProvider::Commands::ApplyUpdateResponse::DecodableType>::OnSuccessCallbackType, TypedCommandCallback<chip::app::Clusters::OtaSoftwareUpdateProvider::Commands::ApplyUpdateResponse::DecodableType>::OnErrorCallbackType, const chip::Optional<short unsigned int>&, const chip::Optional<std::chrono::duration<long unsigned int, std::ratio<1, 1000> > >&, Internal::InvokeCancelFn*)::<lambda()>; _ArgTypes = {}]	0	static
/Applications/STM32CubeIDE.app/Contents/Eclipse/plugins/com.st.stm32cube.ide.mcu.externaltools.gnu-tools-for-stm32.12.3.rel1.macos64_1.1.0.202410301201/tools/arm-none-eabi/include/c++/12.3.1/bits/std_function.h:267:7:), _Functor>::_M_manager(std::_Any_data&, const std::_Any_data&, std::_Manager_operation) [with _Res = void; _Functor = chip::Controller::InvokeCommandRequest<chip::app::Clusters::OtaSoftwareUpdateProvider::Commands::QueryImage::Type>(chip::Messaging::ExchangeManager*, const chip::SessionHandle&, chip::EndpointId, const chip::app::Clusters::OtaSoftwareUpdateProvider::Commands::QueryImage::Type&, TypedCommandCallback<chip::app::Clusters::OtaSoftwareUpdateProvider::Commands::QueryImageResponse::DecodableType>::OnSuccessCallbackType, TypedCommandCallback<chip::app::Clusters::OtaSoftwareUpdateProvider::Commands::QueryImageResponse::DecodableType>::OnErrorCallbackType, const chip::Optional<short unsigned int>&, const chip::Optional<std::chrono::duration<long unsigned int, std::ratio<1, 1000> > >&, Internal::InvokeCancelFn*)::<lambda()>; _ArgTypes = {}]	0	static
/Applications/STM32CubeIDE.app/Contents/Eclipse/plugins/com.st.stm32cube.ide.mcu.externaltools.gnu-tools-for-stm32.12.3.rel1.macos64_1.1.0.202410301201/tools/arm-none-eabi/include/c++/12.3.1/bits/std_function.h:267:7:), _Functor>::_M_manager(std::_Any_data&, const std::_Any_data&, std::_Manager_operation) [with _Res = void; _Functor = chip::Controller::InvokeCommandRequest<chip::app::Clusters::OtaSoftwareUpdateProvider::Commands::NotifyUpdateApplied::Type>(chip::Messaging::ExchangeManager*, const chip::SessionHandle&, chip::EndpointId, const chip::app::Clusters::OtaSoftwareUpdateProvider::Commands::NotifyUpdateApplied::Type&, TypedCommandCallback<chip::app::DataModel::NullObjectType>::OnSuccessCallbackType, TypedCommandCallback<chip::app::DataModel::NullObjectType>::OnErrorCallbackType, const chip::Optional<short unsigned int>&, const chip::Optional<std::chrono::duration<long unsigned int, std::ratio<1, 1000> > >&, Internal::InvokeCancelFn*)::<lambda(chip::app::CommandSender*)>; _ArgTypes = {chip::app::CommandSender*}]	0	static
/Applications/STM32CubeIDE.app/Contents/Eclipse/plugins/com.st.stm32cube.ide.mcu.externaltools.gnu-tools-for-stm32.12.3.rel1.macos64_1.1.0.202410301201/tools/arm-none-eabi/include/c++/12.3.1/bits/std_function.h:267:7:), _Functor>::_M_manager(std::_Any_data&, const std::_Any_data&, std::_Manager_operation) [with _Res = void; _Functor = chip::Controller::InvokeCommandRequest<chip::app::Clusters::OtaSoftwareUpdateProvider::Commands::ApplyUpdateRequest::Type>(chip::Messaging::ExchangeManager*, const chip::SessionHandle&, chip::EndpointId, const chip::app::Clusters::OtaSoftwareUpdateProvider::Commands::ApplyUpdateRequest::Type&, TypedCommandCallback<chip::app::Clusters::OtaSoftwareUpdateProvider::Commands::ApplyUpdateResponse::DecodableType>::OnSuccessCallbackType, TypedCommandCallback<chip::app::Clusters::OtaSoftwareUpdateProvider::Commands::ApplyUpdateResponse::DecodableType>::OnErrorCallbackType, const chip::Optional<short unsigned int>&, const chip::Optional<std::chrono::duration<long unsigned int, std::ratio<1, 1000> > >&, Internal::InvokeCancelFn*)::<lambda(chip::app::CommandSender*)>; _ArgTypes = {chip::app::CommandSender*}]	0	static
/Applications/STM32CubeIDE.app/Contents/Eclipse/plugins/com.st.stm32cube.ide.mcu.externaltools.gnu-tools-for-stm32.12.3.rel1.macos64_1.1.0.202410301201/tools/arm-none-eabi/include/c++/12.3.1/bits/std_function.h:267:7:), _Functor>::_M_manager(std::_Any_data&, const std::_Any_data&, std::_Manager_operation) [with _Res = void; _Functor = chip::Controller::InvokeCommandRequest<chip::app::Clusters::OtaSoftwareUpdateProvider::Commands::QueryImage::Type>(chip::Messaging::ExchangeManager*, const chip::SessionHandle&, chip::EndpointId, const chip::app::Clusters::OtaSoftwareUpdateProvider::Commands::QueryImage::Type&, TypedCommandCallback<chip::app::Clusters::OtaSoftwareUpdateProvider::Commands::QueryImageResponse::DecodableType>::OnSuccessCallbackType, TypedCommandCallback<chip::app::Clusters::OtaSoftwareUpdateProvider::Commands::QueryImageResponse::DecodableType>::OnErrorCallbackType, const chip::Optional<short unsigned int>&, const chip::Optional<std::chrono::duration<long unsigned int, std::ratio<1, 1000> > >&, Internal::InvokeCancelFn*)::<lambda(chip::app::CommandSender*)>; _ArgTypes = {chip::app::CommandSender*}]	0	static
/Applications/STM32CubeIDE.app/Contents/Eclipse/plugins/com.st.stm32cube.ide.mcu.externaltools.gnu-tools-for-stm32.12.3.rel1.macos64_1.1.0.202410301201/tools/arm-none-eabi/include/c++/12.3.1/bits/std_function.h:267:7:), _Functor>::_M_manager(std::_Any_data&, const std::_Any_data&, std::_Manager_operation) [with _Res = void; _Functor = chip::Controller::ClusterBase::InvokeCommand<chip::app::Clusters::OtaSoftwareUpdateProvider::Commands::NotifyUpdateApplied::Type>(const chip::app::Clusters::OtaSoftwareUpdateProvider::Commands::NotifyUpdateApplied::Type&, void*, void (*)(void*, const chip::app::DataModel::NullObjectType&), void (*)(void*, CHIP_ERROR), const chip::Optional<short unsigned int>&)::<lambda(CHIP_ERROR)>; _ArgTypes = {chip::ChipError}]	0	static
/Applications/STM32CubeIDE.app/Contents/Eclipse/plugins/com.st.stm32cube.ide.mcu.externaltools.gnu-tools-for-stm32.12.3.rel1.macos64_1.1.0.202410301201/tools/arm-none-eabi/include/c++/12.3.1/bits/std_function.h:267:7:), _Functor>::_M_manager(std::_Any_data&, const std::_Any_data&, std::_Manager_operation) [with _Res = void; _Functor = chip::Controller::ClusterBase::InvokeCommand<chip::app::Clusters::OtaSoftwareUpdateProvider::Commands::NotifyUpdateApplied::Type>(const chip::app::Clusters::OtaSoftwareUpdateProvider::Commands::NotifyUpdateApplied::Type&, void*, void (*)(void*, const chip::app::DataModel::NullObjectType&), void (*)(void*, CHIP_ERROR), const chip::Optional<short unsigned int>&)::<lambda(const chip::app::ConcreteCommandPath&, const chip::app::StatusIB&, const chip::app::Clusters::OtaSoftwareUpdateProvider::Commands::NotifyUpdateApplied::Type::ResponseType&)>; _ArgTypes = {const chip::app::ConcreteCommandPath&, const chip::app::StatusIB&, const chip::app::DataModel::NullObjectType&}]	0	static
/Applications/STM32CubeIDE.app/Contents/Eclipse/plugins/com.st.stm32cube.ide.mcu.externaltools.gnu-tools-for-stm32.12.3.rel1.macos64_1.1.0.202410301201/tools/arm-none-eabi/include/c++/12.3.1/bits/std_function.h:267:7:), _Functor>::_M_manager(std::_Any_data&, const std::_Any_data&, std::_Manager_operation) [with _Res = void; _Functor = chip::Controller::ClusterBase::InvokeCommand<chip::app::Clusters::OtaSoftwareUpdateProvider::Commands::ApplyUpdateRequest::Type>(const chip::app::Clusters::OtaSoftwareUpdateProvider::Commands::ApplyUpdateRequest::Type&, void*, void (*)(void*, const chip::app::Clusters::OtaSoftwareUpdateProvider::Commands::ApplyUpdateResponse::DecodableType&), void (*)(void*, CHIP_ERROR), const chip::Optional<short unsigned int>&)::<lambda(CHIP_ERROR)>; _ArgTypes = {chip::ChipError}]	0	static
/Applications/STM32CubeIDE.app/Contents/Eclipse/plugins/com.st.stm32cube.ide.mcu.externaltools.gnu-tools-for-stm32.12.3.rel1.macos64_1.1.0.202410301201/tools/arm-none-eabi/include/c++/12.3.1/bits/std_function.h:267:7:), _Functor>::_M_manager(std::_Any_data&, const std::_Any_data&, std::_Manager_operation) [with _Res = void; _Functor = chip::Controller::ClusterBase::InvokeCommand<chip::app::Clusters::OtaSoftwareUpdateProvider::Commands::ApplyUpdateRequest::Type>(const chip::app::Clusters::OtaSoftwareUpdateProvider::Commands::ApplyUpdateRequest::Type&, void*, void (*)(void*, const chip::app::Clusters::OtaSoftwareUpdateProvider::Commands::ApplyUpdateResponse::DecodableType&), void (*)(void*, CHIP_ERROR), const chip::Optional<short unsigned int>&)::<lambda(const chip::app::ConcreteCommandPath&, const chip::app::StatusIB&, const chip::app::Clusters::OtaSoftwareUpdateProvider::Commands::ApplyUpdateRequest::Type::ResponseType&)>; _ArgTypes = {const chip::app::ConcreteCommandPath&, const chip::app::StatusIB&, const chip::app::Clusters::OtaSoftwareUpdateProvider::Commands::ApplyUpdateResponse::DecodableType&}]	0	static
/Applications/STM32CubeIDE.app/Contents/Eclipse/plugins/com.st.stm32cube.ide.mcu.externaltools.gnu-tools-for-stm32.12.3.rel1.macos64_1.1.0.202410301201/tools/arm-none-eabi/include/c++/12.3.1/bits/std_function.h:267:7:), _Functor>::_M_manager(std::_Any_data&, const std::_Any_data&, std::_Manager_operation) [with _Res = void; _Functor = chip::Controller::ClusterBase::InvokeCommand<chip::app::Clusters::OtaSoftwareUpdateProvider::Commands::QueryImage::Type>(const chip::app::Clusters::OtaSoftwareUpdateProvider::Commands::QueryImage::Type&, void*, void (*)(void*, const chip::app::Clusters::OtaSoftwareUpdateProvider::Commands::QueryImageResponse::DecodableType&), void (*)(void*, CHIP_ERROR), const chip::Optional<short unsigned int>&)::<lambda(CHIP_ERROR)>; _ArgTypes = {chip::ChipError}]	0	static
/Applications/STM32CubeIDE.app/Contents/Eclipse/plugins/com.st.stm32cube.ide.mcu.externaltools.gnu-tools-for-stm32.12.3.rel1.macos64_1.1.0.202410301201/tools/arm-none-eabi/include/c++/12.3.1/bits/std_function.h:267:7:), _Functor>::_M_manager(std::_Any_data&, const std::_Any_data&, std::_Manager_operation) [with _Res = void; _Functor = chip::Controller::ClusterBase::InvokeCommand<chip::app::Clusters::OtaSoftwareUpdateProvider::Commands::QueryImage::Type>(const chip::app::Clusters::OtaSoftwareUpdateProvider::Commands::QueryImage::Type&, void*, void (*)(void*, const chip::app::Clusters::OtaSoftwareUpdateProvider::Commands::QueryImageResponse::DecodableType&), void (*)(void*, CHIP_ERROR), const chip::Optional<short unsigned int>&)::<lambda(const chip::app::ConcreteCommandPath&, const chip::app::StatusIB&, const chip::app::Clusters::OtaSoftwareUpdateProvider::Commands::QueryImage::Type::ResponseType&)>; _ArgTypes = {const chip::app::ConcreteCommandPath&, const chip::app::StatusIB&, const chip::app::Clusters::OtaSoftwareUpdateProvider::Commands::QueryImageResponse::DecodableType&}]	0	static
/Applications/STM32CubeIDE.app/Contents/Eclipse/plugins/com.st.stm32cube.ide.mcu.externaltools.gnu-tools-for-stm32.12.3.rel1.macos64_1.1.0.202410301201/tools/arm-none-eabi/include/c++/12.3.1/bits/std_function.h:288:7:) [with _Res = void; _Functor = chip::Controller::ClusterBase::InvokeCommand<chip::app::Clusters::OtaSoftwareUpdateProvider::Commands::NotifyUpdateApplied::Type>(const chip::app::Clusters::OtaSoftwareUpdateProvider::Commands::NotifyUpdateApplied::Type&, void*, void (*)(void*, const chip::app::DataModel::NullObjectType&), void (*)(void*, CHIP_ERROR), const chip::Optional<short unsigned int>&)::<lambda(const chip::app::ConcreteCommandPath&, const chip::app::StatusIB&, const chip::app::Clusters::OtaSoftwareUpdateProvider::Commands::NotifyUpdateApplied::Type::ResponseType&)>; _ArgTypes = {const chip::app::ConcreteCommandPath&, const chip::app::StatusIB&, const chip::app::DataModel::NullObjectType&}]	0	static
/Applications/STM32CubeIDE.app/Contents/Eclipse/plugins/com.st.stm32cube.ide.mcu.externaltools.gnu-tools-for-stm32.12.3.rel1.macos64_1.1.0.202410301201/tools/arm-none-eabi/include/c++/12.3.1/bits/std_function.h:288:7:) [with _Res = void; _Functor = chip::Controller::ClusterBase::InvokeCommand<chip::app::Clusters::OtaSoftwareUpdateProvider::Commands::ApplyUpdateRequest::Type>(const chip::app::Clusters::OtaSoftwareUpdateProvider::Commands::ApplyUpdateRequest::Type&, void*, void (*)(void*, const chip::app::Clusters::OtaSoftwareUpdateProvider::Commands::ApplyUpdateResponse::DecodableType&), void (*)(void*, CHIP_ERROR), const chip::Optional<short unsigned int>&)::<lambda(const chip::app::ConcreteCommandPath&, const chip::app::StatusIB&, const chip::app::Clusters::OtaSoftwareUpdateProvider::Commands::ApplyUpdateRequest::Type::ResponseType&)>; _ArgTypes = {const chip::app::ConcreteCommandPath&, const chip::app::StatusIB&, const chip::app::Clusters::OtaSoftwareUpdateProvider::Commands::ApplyUpdateResponse::DecodableType&}]	0	static
/Applications/STM32CubeIDE.app/Contents/Eclipse/plugins/com.st.stm32cube.ide.mcu.externaltools.gnu-tools-for-stm32.12.3.rel1.macos64_1.1.0.202410301201/tools/arm-none-eabi/include/c++/12.3.1/bits/std_function.h:288:7:) [with _Res = void; _Functor = chip::Controller::ClusterBase::InvokeCommand<chip::app::Clusters::OtaSoftwareUpdateProvider::Commands::QueryImage::Type>(const chip::app::Clusters::OtaSoftwareUpdateProvider::Commands::QueryImage::Type&, void*, void (*)(void*, const chip::app::Clusters::OtaSoftwareUpdateProvider::Commands::QueryImageResponse::DecodableType&), void (*)(void*, CHIP_ERROR), const chip::Optional<short unsigned int>&)::<lambda(const chip::app::ConcreteCommandPath&, const chip::app::StatusIB&, const chip::app::Clusters::OtaSoftwareUpdateProvider::Commands::QueryImage::Type::ResponseType&)>; _ArgTypes = {const chip::app::ConcreteCommandPath&, const chip::app::StatusIB&, const chip::app::Clusters::OtaSoftwareUpdateProvider::Commands::QueryImageResponse::DecodableType&}]	0	static
/Users/brady/Downloads/STM32CubeExpansion_MATTER_V1.1.0/Middlewares/Third_Party/connectedhomeip/src/app/clusters/ota-requestor/DefaultOTARequestor.h:93:10:virtual void chip::DefaultOTARequestor::GetProviderLocation(chip::Optional<chip::app::Clusters::OtaSoftwareUpdateRequestor::Structs::ProviderLocation::Type>&)	8	static
/Users/brady/Downloads/STM32CubeExpansion_MATTER_V1.1.0/Middlewares/Third_Party/connectedhomeip/src/app/clusters/ota-requestor/DefaultOTARequestor.cpp:643:6:virtual void chip::DefaultOTARequestor::OnUpdateProgressChanged(chip::app::DataModel::Nullable<unsigned char>)	16	static
/Users/brady/Downloads/STM32CubeExpansion_MATTER_V1.1.0/Middlewares/Third_Party/connectedhomeip/src/app/clusters/ota-requestor/DefaultOTARequestor.h:37:7:chip::DefaultOTARequestor::~DefaultOTARequestor()	8	static
/Users/brady/Downloads/STM32CubeExpansion_MATTER_V1.1.0/Middlewares/Third_Party/connectedhomeip/src/app/clusters/ota-requestor/DefaultOTARequestor.h:37:7:virtual chip::DefaultOTARequestor::~DefaultOTARequestor()	8	static
../../../../../../../Middlewares/Third_Party/connectedhomeip/src/app/CommandSender.h:452:16:CHIP_ERROR chip::app::CommandSender::AddRequestDataInternal(const chip::app::CommandPathParams&, const CommandDataT&, AddRequestDataParameters&) [with CommandDataT = chip::app::Clusters::OtaSoftwareUpdateProvider::Commands::QueryImage::Type]	24	static
../../../../../../../Middlewares/Third_Party/connectedhomeip/src/transport/Session.h:100:29:chip::Optional<chip::SessionHandle> chip::SessionHolder::Get() const	8	static
../../../../../../../Middlewares/Third_Party/connectedhomeip/src/transport/Session.h:219:10:bool chip::Transport::Session::IsGroupSession() const	8	static
/Applications/STM32CubeIDE.app/Contents/Eclipse/plugins/com.st.stm32cube.ide.mcu.externaltools.gnu-tools-for-stm32.12.3.rel1.macos64_1.1.0.202410301201/tools/arm-none-eabi/include/c++/12.3.1/bits/std_function.h:241:5:std::_Function_base::~_Function_base()	8	static
../../../../../../../Middlewares/Third_Party/connectedhomeip/src/controller/TypedCommandCallback.h:39:7:chip::Controller::TypedCommandCallback<chip::app::Clusters::OtaSoftwareUpdateProvider::Commands::QueryImageResponse::DecodableType>::~TypedCommandCallback()	8	static
../../../../../../../Middlewares/Third_Party/connectedhomeip/src/controller/TypedCommandCallback.h:39:7:virtual chip::Controller::TypedCommandCallback<chip::app::Clusters::OtaSoftwareUpdateProvider::Commands::QueryImageResponse::DecodableType>::~TypedCommandCallback()	8	static
../../../../../../../Middlewares/Third_Party/connectedhomeip/src/controller/TypedCommandCallback.h:39:7:chip::Controller::TypedCommandCallback<chip::app::Clusters::OtaSoftwareUpdateProvider::Commands::ApplyUpdateResponse::DecodableType>::~TypedCommandCallback()	8	static
../../../../../../../Middlewares/Third_Party/connectedhomeip/src/controller/TypedCommandCallback.h:39:7:virtual chip::Controller::TypedCommandCallback<chip::app::Clusters::OtaSoftwareUpdateProvider::Commands::ApplyUpdateResponse::DecodableType>::~TypedCommandCallback()	8	static
../../../../../../../Middlewares/Third_Party/connectedhomeip/src/controller/TypedCommandCallback.h:39:7:chip::Controller::TypedCommandCallback<chip::app::DataModel::NullObjectType>::~TypedCommandCallback()	8	static
../../../../../../../Middlewares/Third_Party/connectedhomeip/src/controller/TypedCommandCallback.h:39:7:virtual chip::Controller::TypedCommandCallback<chip::app::DataModel::NullObjectType>::~TypedCommandCallback()	8	static
/Users/brady/Downloads/STM32CubeExpansion_MATTER_V1.1.0/Middlewares/Third_Party/connectedhomeip/src/app/clusters/ota-requestor/OTARequestorInterface.h:63:14:bool chip::ProviderLocationList::Iterator::Next()	12	static
/Users/brady/Downloads/STM32CubeExpansion_MATTER_V1.1.0/Middlewares/Third_Party/connectedhomeip/src/app/clusters/ota-requestor/DefaultOTARequestor.cpp:513:12:virtual CHIP_ERROR chip::DefaultOTARequestor::TriggerImmediateQuery(chip::FabricIndex)	64	static
/Users/brady/Downloads/STM32CubeExpansion_MATTER_V1.1.0/Middlewares/Third_Party/connectedhomeip/src/app/clusters/ota-requestor/DefaultOTARequestor.cpp:602:12:virtual CHIP_ERROR chip::DefaultOTARequestor::AddDefaultOtaProvider(const chip::OTARequestorInterface::ProviderLocationType&)	40	static
/Users/brady/Downloads/STM32CubeExpansion_MATTER_V1.1.0/Middlewares/Third_Party/connectedhomeip/src/app/clusters/ota-requestor/DefaultOTARequestor.h:196:14:void chip::DefaultOTARequestor::BDXMessenger::Reset()	8	static
/Users/brady/Downloads/STM32CubeExpansion_MATTER_V1.1.0/Middlewares/Third_Party/connectedhomeip/src/app/clusters/ota-requestor/DefaultOTARequestor.cpp:99:6:void chip::SetRequestorInstance(OTARequestorInterface*)	0	static
/Users/brady/Downloads/STM32CubeExpansion_MATTER_V1.1.0/Middlewares/Third_Party/connectedhomeip/src/app/clusters/ota-requestor/DefaultOTARequestor.cpp:104:25:chip::OTARequestorInterface* chip::GetRequestorInstance()	0	static
/Users/brady/Downloads/STM32CubeExpansion_MATTER_V1.1.0/Middlewares/Third_Party/connectedhomeip/src/app/clusters/ota-requestor/DefaultOTARequestor.cpp:648:17:chip::IdleStateReason chip::DefaultOTARequestor::MapErrorToIdleStateReason(CHIP_ERROR)	0	static
/Users/brady/Downloads/STM32CubeExpansion_MATTER_V1.1.0/Middlewares/Third_Party/connectedhomeip/src/app/clusters/ota-requestor/DefaultOTARequestor.cpp:662:6:void chip::DefaultOTARequestor::RecordNewUpdateState(chip::OTARequestorInterface::OTAUpdateStateEnum, OTAChangeReasonEnum, CHIP_ERROR)	32	static
/Users/brady/Downloads/STM32CubeExpansion_MATTER_V1.1.0/Middlewares/Third_Party/connectedhomeip/src/app/clusters/ota-requestor/DefaultOTARequestor.cpp:560:6:virtual void chip::DefaultOTARequestor::DownloadUpdateDelayedOnUserConsent()	0	static
/Users/brady/Downloads/STM32CubeExpansion_MATTER_V1.1.0/Middlewares/Third_Party/connectedhomeip/src/app/clusters/ota-requestor/DefaultOTARequestor.cpp:699:6:void chip::DefaultOTARequestor::RecordErrorUpdateState(CHIP_ERROR, OTAChangeReasonEnum)	56	static
/Users/brady/Downloads/STM32CubeExpansion_MATTER_V1.1.0/Middlewares/Third_Party/connectedhomeip/src/app/clusters/ota-requestor/DefaultOTARequestor.cpp:298:6:static void chip::DefaultOTARequestor::OnApplyUpdateFailure(void*, CHIP_ERROR)	8	static
/Users/brady/Downloads/STM32CubeExpansion_MATTER_V1.1.0/Middlewares/Third_Party/connectedhomeip/src/app/clusters/ota-requestor/DefaultOTARequestor.cpp:272:6:static void chip::DefaultOTARequestor::OnApplyUpdateResponse(void*, const chip::app::Clusters::OtaSoftwareUpdateProvider::Commands::ApplyUpdateResponse::DecodableType&)	8	static
/Users/brady/Downloads/STM32CubeExpansion_MATTER_V1.1.0/Middlewares/Third_Party/connectedhomeip/src/app/clusters/ota-requestor/DefaultOTARequestor.cpp:309:6:static void chip::DefaultOTARequestor::OnNotifyUpdateAppliedFailure(void*, CHIP_ERROR)	0	static
/Users/brady/Downloads/STM32CubeExpansion_MATTER_V1.1.0/Middlewares/Third_Party/connectedhomeip/src/app/clusters/ota-requestor/DefaultOTARequestor.cpp:358:6:void chip::DefaultOTARequestor::ConnectToProvider(OnConnectedAction)	32	static
/Users/brady/Downloads/STM32CubeExpansion_MATTER_V1.1.0/Middlewares/Third_Party/connectedhomeip/src/app/clusters/ota-requestor/DefaultOTARequestor.cpp:504:6:virtual void chip::DefaultOTARequestor::TriggerImmediateQueryInternal()	16	static
/Users/brady/Downloads/STM32CubeExpansion_MATTER_V1.1.0/Middlewares/Third_Party/connectedhomeip/src/app/clusters/ota-requestor/DefaultOTARequestor.cpp:554:6:virtual void chip::DefaultOTARequestor::DownloadUpdate()	8	static
/Users/brady/Downloads/STM32CubeExpansion_MATTER_V1.1.0/Middlewares/Third_Party/connectedhomeip/src/app/clusters/ota-requestor/DefaultOTARequestor.cpp:482:6:static void chip::DefaultOTARequestor::OnConnectionFailure(void*, const chip::ScopedNodeId&, CHIP_ERROR)	24	static
/Users/brady/Downloads/STM32CubeExpansion_MATTER_V1.1.0/Middlewares/Third_Party/connectedhomeip/src/app/clusters/ota-requestor/DefaultOTARequestor.cpp:575:6:virtual void chip::DefaultOTARequestor::NotifyUpdateApplied()	16	static
/Users/brady/Downloads/STM32CubeExpansion_MATTER_V1.1.0/Middlewares/Third_Party/connectedhomeip/src/app/clusters/ota-requestor/DefaultOTARequestor.cpp:621:6:virtual void chip::DefaultOTARequestor::OnDownloadStateChanged(chip::OTADownloader::State, OTAChangeReasonEnum)	16	static
/Users/brady/Downloads/STM32CubeExpansion_MATTER_V1.1.0/Middlewares/Third_Party/connectedhomeip/src/app/clusters/ota-requestor/DefaultOTARequestor.cpp:772:12:CHIP_ERROR chip::DefaultOTARequestor::ExtractUpdateDescription(const QueryImageResponseDecodableType&, chip::UpdateDescription&) const	40	static
/Users/brady/Downloads/STM32CubeExpansion_MATTER_V1.1.0/Middlewares/Third_Party/connectedhomeip/src/app/clusters/ota-requestor/DefaultOTARequestor.cpp:798:12:CHIP_ERROR chip::DefaultOTARequestor::StartDownload(chip::Messaging::ExchangeManager&, const chip::SessionHandle&)	56	static
/Users/brady/Downloads/STM32CubeExpansion_MATTER_V1.1.0/Middlewares/Third_Party/connectedhomeip/src/app/clusters/ota-requestor/DefaultOTARequestor.cpp:913:6:void chip::DefaultOTARequestor::LoadCurrentUpdateInfo()	40	static
/Users/brady/Downloads/STM32CubeExpansion_MATTER_V1.1.0/Middlewares/Third_Party/connectedhomeip/src/app/clusters/ota-requestor/DefaultOTARequestor.cpp:123:12:CHIP_ERROR chip::DefaultOTARequestor::Init(chip::Server&, chip::OTARequestorStorage&, chip::OTARequestorDriver&, chip::BDXDownloader&)	8	static
../../../../../../../Middlewares/Third_Party/connectedhomeip/src/lib/core/Optional.h:53:5:chip::Optional<T>::~Optional() [with T = chip::SessionHandle]	8	static
/Users/brady/Downloads/STM32CubeExpansion_MATTER_V1.1.0/Middlewares/Third_Party/connectedhomeip/src/app/clusters/ota-requestor/DefaultOTARequestor.cpp:378:6:void chip::DefaultOTARequestor::DisconnectFromProvider()	24	static
/Users/brady/Downloads/STM32CubeExpansion_MATTER_V1.1.0/Middlewares/Third_Party/connectedhomeip/src/app/clusters/ota-requestor/DefaultOTARequestor.cpp:254:6:static void chip::DefaultOTARequestor::OnQueryImageFailure(void*, CHIP_ERROR)	16	static
/Applications/STM32CubeIDE.app/Contents/Eclipse/plugins/com.st.stm32cube.ide.mcu.externaltools.gnu-tools-for-stm32.12.3.rel1.macos64_1.1.0.202410301201/tools/arm-none-eabi/include/c++/12.3.1/bits/std_function.h:587:7:) const [with _Res = void; _ArgTypes = {chip::ChipError}]	16	static
../../../../../../../Middlewares/Third_Party/connectedhomeip/src/controller/TypedCommandCallback.h:64:10:void chip::Controller::TypedCommandCallback<CommandResponseObjectT>::OnError(const chip::app::CommandSender*, CHIP_ERROR) [with CommandResponseObjectT = chip::app::Clusters::OtaSoftwareUpdateProvider::Commands::QueryImageResponse::DecodableType]	8	static
../../../../../../../Middlewares/Third_Party/connectedhomeip/src/controller/TypedCommandCallback.h:64:10:void chip::Controller::TypedCommandCallback<CommandResponseObjectT>::OnError(const chip::app::CommandSender*, CHIP_ERROR) [with CommandResponseObjectT = chip::app::Clusters::OtaSoftwareUpdateProvider::Commands::ApplyUpdateResponse::DecodableType]	8	static
../../../../../../../Middlewares/Third_Party/connectedhomeip/src/controller/TypedCommandCallback.h:64:10:void chip::Controller::TypedCommandCallback<CommandResponseObjectT>::OnError(const chip::app::CommandSender*, CHIP_ERROR) [with CommandResponseObjectT = chip::app::DataModel::NullObjectType]	8	static
../../../../../../../Middlewares/Third_Party/connectedhomeip/src/controller/TypedCommandCallback.h:148:13:void chip::Controller::TypedCommandCallback<CommandResponseObjectT>::OnResponse(chip::app::CommandSender*, const chip::app::ConcreteCommandPath&, const chip::app::StatusIB&, chip::TLV::TLVReader*) [with CommandResponseObjectT = chip::app::DataModel::NullObjectType]	16	static
../../../../../../../Middlewares/Third_Party/connectedhomeip/src/controller/TypedCommandCallback.h:103:6:void chip::Controller::TypedCommandCallback<CommandResponseObjectT>::OnResponse(chip::app::CommandSender*, const chip::app::ConcreteCommandPath&, const chip::app::StatusIB&, chip::TLV::TLVReader*) [with CommandResponseObjectT = chip::app::Clusters::OtaSoftwareUpdateProvider::Commands::ApplyUpdateResponse::DecodableType]	32	static
../../../../../../../Middlewares/Third_Party/connectedhomeip/src/controller/TypedCommandCallback.h:103:6:void chip::Controller::TypedCommandCallback<CommandResponseObjectT>::OnResponse(chip::app::CommandSender*, const chip::app::ConcreteCommandPath&, const chip::app::StatusIB&, chip::TLV::TLVReader*) [with CommandResponseObjectT = chip::app::Clusters::OtaSoftwareUpdateProvider::Commands::QueryImageResponse::DecodableType]	96	static
/Applications/STM32CubeIDE.app/Contents/Eclipse/plugins/com.st.stm32cube.ide.mcu.externaltools.gnu-tools-for-stm32.12.3.rel1.macos64_1.1.0.202410301201/tools/arm-none-eabi/include/c++/12.3.1/bits/std_function.h:239:5:constexpr std::_Function_base::_Function_base()	0	static
../../../../../../../Middlewares/Third_Party/connectedhomeip/src/lib/core/Optional.h:186:9:T& chip::Optional<T>::Value() & [with T = chip::app::Clusters::OtaSoftwareUpdateRequestor::Structs::ProviderLocation::Type]	8	static
/Users/brady/Downloads/STM32CubeExpansion_MATTER_V1.1.0/Middlewares/Third_Party/connectedhomeip/src/app/clusters/ota-requestor/DefaultOTARequestor.cpp:865:6:void chip::DefaultOTARequestor::StoreCurrentUpdateInfo()	16	static
/Users/brady/Downloads/STM32CubeExpansion_MATTER_V1.1.0/Middlewares/Third_Party/connectedhomeip/src/app/clusters/ota-requestor/DefaultOTARequestor.cpp:318:6:virtual void chip::DefaultOTARequestor::Reset()	16	static
/Users/brady/Downloads/STM32CubeExpansion_MATTER_V1.1.0/Middlewares/Third_Party/connectedhomeip/src/app/clusters/ota-requestor/DefaultOTARequestor.cpp:565:6:virtual void chip::DefaultOTARequestor::ApplyUpdate()	8	static
/Users/brady/Downloads/STM32CubeExpansion_MATTER_V1.1.0/Middlewares/Third_Party/connectedhomeip/src/app/clusters/ota-requestor/DefaultOTARequestor.cpp:591:12:virtual CHIP_ERROR chip::DefaultOTARequestor::ClearDefaultOtaProviderList(chip::FabricIndex)	32	static
/Users/brady/Downloads/STM32CubeExpansion_MATTER_V1.1.0/Middlewares/Third_Party/connectedhomeip/src/app/clusters/ota-requestor/DefaultOTARequestor.cpp:712:12:CHIP_ERROR chip::DefaultOTARequestor::GenerateUpdateToken()	16	static
/Users/brady/Downloads/STM32CubeExpansion_MATTER_V1.1.0/Middlewares/Third_Party/connectedhomeip/src/app/clusters/ota-requestor/DefaultOTARequestor.cpp:143:6:static void chip::DefaultOTARequestor::OnQueryImageResponse(void*, const chip::app::Clusters::OtaSoftwareUpdateProvider::Commands::QueryImageResponse::DecodableType&)	96	static
../../../../../../../Middlewares/Third_Party/connectedhomeip/src/lib/support/CHIPMem.h:161:13:void chip::Platform::Delete(T*) [with T = chip::Controller::TypedCommandCallback<chip::app::Clusters::OtaSoftwareUpdateProvider::Commands::QueryImageResponse::DecodableType>]	8	static
../../../../../../../Middlewares/Third_Party/connectedhomeip/src/lib/support/CHIPMem.h:161:13:void chip::Platform::Delete(T*) [with T = chip::Controller::TypedCommandCallback<chip::app::Clusters::OtaSoftwareUpdateProvider::Commands::ApplyUpdateResponse::DecodableType>]	8	static
../../../../../../../Middlewares/Third_Party/connectedhomeip/src/lib/support/CHIPMem.h:161:13:void chip::Platform::Delete(T*) [with T = chip::Controller::TypedCommandCallback<chip::app::DataModel::NullObjectType>]	8	static
/Applications/STM32CubeIDE.app/Contents/Eclipse/plugins/com.st.stm32cube.ide.mcu.externaltools.gnu-tools-for-stm32.12.3.rel1.macos64_1.1.0.202410301201/tools/arm-none-eabi/include/c++/12.3.1/bits/std_function.h:386:7:)>&) [with _Res = void; _ArgTypes = {const chip::app::ConcreteCommandPath&, const chip::app::StatusIB&, const chip::app::Clusters::OtaSoftwareUpdateProvider::Commands::QueryImageResponse::DecodableType&}]	16	static
/Applications/STM32CubeIDE.app/Contents/Eclipse/plugins/com.st.stm32cube.ide.mcu.externaltools.gnu-tools-for-stm32.12.3.rel1.macos64_1.1.0.202410301201/tools/arm-none-eabi/include/c++/12.3.1/bits/std_function.h:386:7:)>&) [with _Res = void; _ArgTypes = {chip::ChipError}]	16	static
/Applications/STM32CubeIDE.app/Contents/Eclipse/plugins/com.st.stm32cube.ide.mcu.externaltools.gnu-tools-for-stm32.12.3.rel1.macos64_1.1.0.202410301201/tools/arm-none-eabi/include/c++/12.3.1/bits/std_function.h:368:7:)>::function() [with _Res = void; _ArgTypes = {chip::app::CommandSender*}]	16	static
/Applications/STM32CubeIDE.app/Contents/Eclipse/plugins/com.st.stm32cube.ide.mcu.externaltools.gnu-tools-for-stm32.12.3.rel1.macos64_1.1.0.202410301201/tools/arm-none-eabi/include/c++/12.3.1/bits/std_function.h:386:7:)>&) [with _Res = void; _ArgTypes = {chip::app::CommandSender*}]	16	static
/Applications/STM32CubeIDE.app/Contents/Eclipse/plugins/com.st.stm32cube.ide.mcu.externaltools.gnu-tools-for-stm32.12.3.rel1.macos64_1.1.0.202410301201/tools/arm-none-eabi/include/c++/12.3.1/bits/move.h:196:5:std::_Require<std::__not_<std::__is_tuple_like<_Tp> >, std::is_move_constructible<_Tp>, std::is_move_assignable<_Tp> > std::swap(_Tp&, _Tp&) [with _Tp = _Any_data]	16	static
/Applications/STM32CubeIDE.app/Contents/Eclipse/plugins/com.st.stm32cube.ide.mcu.externaltools.gnu-tools-for-stm32.12.3.rel1.macos64_1.1.0.202410301201/tools/arm-none-eabi/include/c++/12.3.1/bits/std_function.h:556:12:)>&) [with _Res = void; _ArgTypes = {}]	16	static
/Applications/STM32CubeIDE.app/Contents/Eclipse/plugins/com.st.stm32cube.ide.mcu.externaltools.gnu-tools-for-stm32.12.3.rel1.macos64_1.1.0.202410301201/tools/arm-none-eabi/include/c++/12.3.1/bits/std_function.h:469:7:)>&) [with _Res = void; _ArgTypes = {chip::app::CommandSender*}]	24	static
/Applications/STM32CubeIDE.app/Contents/Eclipse/plugins/com.st.stm32cube.ide.mcu.externaltools.gnu-tools-for-stm32.12.3.rel1.macos64_1.1.0.202410301201/tools/arm-none-eabi/include/c++/12.3.1/bits/std_function.h:386:7:)>&) [with _Res = void; _ArgTypes = {const chip::app::ConcreteCommandPath&, const chip::app::StatusIB&, const chip::app::Clusters::OtaSoftwareUpdateProvider::Commands::ApplyUpdateResponse::DecodableType&}]	16	static
/Applications/STM32CubeIDE.app/Contents/Eclipse/plugins/com.st.stm32cube.ide.mcu.externaltools.gnu-tools-for-stm32.12.3.rel1.macos64_1.1.0.202410301201/tools/arm-none-eabi/include/c++/12.3.1/bits/std_function.h:386:7:)>&) [with _Res = void; _ArgTypes = {const chip::app::ConcreteCommandPath&, const chip::app::StatusIB&, const chip::app::DataModel::NullObjectType&}]	16	static
/Applications/STM32CubeIDE.app/Contents/Eclipse/plugins/com.st.stm32cube.ide.mcu.externaltools.gnu-tools-for-stm32.12.3.rel1.macos64_1.1.0.202410301201/tools/arm-none-eabi/include/c++/12.3.1/bits/std_function.h:587:7:) const [with _Res = void; _ArgTypes = {chip::app::CommandSender*}]	16	static
../../../../../../../Middlewares/Third_Party/connectedhomeip/src/controller/TypedCommandCallback.h:75:10:void chip::Controller::TypedCommandCallback<CommandResponseObjectT>::OnDone(chip::app::CommandSender*) [with CommandResponseObjectT = chip::app::Clusters::OtaSoftwareUpdateProvider::Commands::QueryImageResponse::DecodableType]	16	static
../../../../../../../Middlewares/Third_Party/connectedhomeip/src/controller/TypedCommandCallback.h:75:10:void chip::Controller::TypedCommandCallback<CommandResponseObjectT>::OnDone(chip::app::CommandSender*) [with CommandResponseObjectT = chip::app::Clusters::OtaSoftwareUpdateProvider::Commands::ApplyUpdateResponse::DecodableType]	16	static
../../../../../../../Middlewares/Third_Party/connectedhomeip/src/controller/TypedCommandCallback.h:75:10:void chip::Controller::TypedCommandCallback<CommandResponseObjectT>::OnDone(chip::app::CommandSender*) [with CommandResponseObjectT = chip::app::DataModel::NullObjectType]	16	static
../../../../../../../Middlewares/Third_Party/connectedhomeip/src/lib/support/CHIPMem.h:161:13:void chip::Platform::Delete(T*) [with T = chip::app::CommandSender]	8	static
/Applications/STM32CubeIDE.app/Contents/Eclipse/plugins/com.st.stm32cube.ide.mcu.externaltools.gnu-tools-for-stm32.12.3.rel1.macos64_1.1.0.202410301201/tools/arm-none-eabi/include/c++/12.3.1/bits/std_function.h:288:7:) [with _Res = void; _Functor = chip::Controller::InvokeCommandRequest<chip::app::Clusters::OtaSoftwareUpdateProvider::Commands::QueryImage::Type>(chip::Messaging::ExchangeManager*, const chip::SessionHandle&, chip::EndpointId, const chip::app::Clusters::OtaSoftwareUpdateProvider::Commands::QueryImage::Type&, TypedCommandCallback<chip::app::Clusters::OtaSoftwareUpdateProvider::Commands::QueryImageResponse::DecodableType>::OnSuccessCallbackType, TypedCommandCallback<chip::app::Clusters::OtaSoftwareUpdateProvider::Commands::QueryImageResponse::DecodableType>::OnErrorCallbackType, const chip::Optional<short unsigned int>&, const chip::Optional<std::chrono::duration<long unsigned int, std::ratio<1, 1000> > >&, Internal::InvokeCancelFn*)::<lambda(chip::app::CommandSender*)>; _ArgTypes = {chip::app::CommandSender*}]	8	static
/Applications/STM32CubeIDE.app/Contents/Eclipse/plugins/com.st.stm32cube.ide.mcu.externaltools.gnu-tools-for-stm32.12.3.rel1.macos64_1.1.0.202410301201/tools/arm-none-eabi/include/c++/12.3.1/bits/std_function.h:288:7:) [with _Res = void; _Functor = chip::Controller::InvokeCommandRequest<chip::app::Clusters::OtaSoftwareUpdateProvider::Commands::QueryImage::Type>(chip::Messaging::ExchangeManager*, const chip::SessionHandle&, chip::EndpointId, const chip::app::Clusters::OtaSoftwareUpdateProvider::Commands::QueryImage::Type&, TypedCommandCallback<chip::app::Clusters::OtaSoftwareUpdateProvider::Commands::QueryImageResponse::DecodableType>::OnSuccessCallbackType, TypedCommandCallback<chip::app::Clusters::OtaSoftwareUpdateProvider::Commands::QueryImageResponse::DecodableType>::OnErrorCallbackType, const chip::Optional<short unsigned int>&, const chip::Optional<std::chrono::duration<long unsigned int, std::ratio<1, 1000> > >&, Internal::InvokeCancelFn*)::<lambda()>; _ArgTypes = {}]	8	static
/Applications/STM32CubeIDE.app/Contents/Eclipse/plugins/com.st.stm32cube.ide.mcu.externaltools.gnu-tools-for-stm32.12.3.rel1.macos64_1.1.0.202410301201/tools/arm-none-eabi/include/c++/12.3.1/bits/unique_ptr.h:390:7:std::unique_ptr<_Tp, _Dp>::~unique_ptr() [with _Tp = chip::app::CommandSender; _Dp = chip::Platform::Deleter<chip::app::CommandSender>]	8	static
../../../../../../../Middlewares/Third_Party/connectedhomeip/src/controller/InvokeInteraction.h:53:1:CHIP_ERROR chip::Controller::InvokeCommandRequest(chip::Messaging::ExchangeManager*, const chip::SessionHandle&, chip::EndpointId, const RequestObjectT&, typename TypedCommandCallback<typename RequestObjectT::ResponseType>::OnSuccessCallbackType, typename TypedCommandCallback<typename RequestObjectT::ResponseType>::OnErrorCallbackType, const chip::Optional<short unsigned int>&, const chip::Optional<std::chrono::duration<long unsigned int, std::ratio<1, 1000> > >&, Internal::InvokeCancelFn*) [with RequestObjectT = chip::app::Clusters::OtaSoftwareUpdateProvider::Commands::QueryImage::Type]	120	static
/Users/brady/Downloads/STM32CubeExpansion_MATTER_V1.1.0/Middlewares/Third_Party/connectedhomeip/src/app/clusters/ota-requestor/DefaultOTARequestor.cpp:730:12:CHIP_ERROR chip::DefaultOTARequestor::SendQueryImageRequest(chip::Messaging::ExchangeManager&, const chip::SessionHandle&)	200	static
../../../../../../../Middlewares/Third_Party/connectedhomeip/src/controller/InvokeInteraction.h:53:1:CHIP_ERROR chip::Controller::InvokeCommandRequest(chip::Messaging::ExchangeManager*, const chip::SessionHandle&, chip::EndpointId, const RequestObjectT&, typename TypedCommandCallback<typename RequestObjectT::ResponseType>::OnSuccessCallbackType, typename TypedCommandCallback<typename RequestObjectT::ResponseType>::OnErrorCallbackType, const chip::Optional<short unsigned int>&, const chip::Optional<std::chrono::duration<long unsigned int, std::ratio<1, 1000> > >&, Internal::InvokeCancelFn*) [with RequestObjectT = chip::app::Clusters::OtaSoftwareUpdateProvider::Commands::ApplyUpdateRequest::Type]	120	static
/Users/brady/Downloads/STM32CubeExpansion_MATTER_V1.1.0/Middlewares/Third_Party/connectedhomeip/src/app/clusters/ota-requestor/DefaultOTARequestor.cpp:831:12:CHIP_ERROR chip::DefaultOTARequestor::SendApplyUpdateRequest(chip::Messaging::ExchangeManager&, const chip::SessionHandle&)	152	static
../../../../../../../Middlewares/Third_Party/connectedhomeip/src/controller/InvokeInteraction.h:53:1:CHIP_ERROR chip::Controller::InvokeCommandRequest(chip::Messaging::ExchangeManager*, const chip::SessionHandle&, chip::EndpointId, const RequestObjectT&, typename TypedCommandCallback<typename RequestObjectT::ResponseType>::OnSuccessCallbackType, typename TypedCommandCallback<typename RequestObjectT::ResponseType>::OnErrorCallbackType, const chip::Optional<short unsigned int>&, const chip::Optional<std::chrono::duration<long unsigned int, std::ratio<1, 1000> > >&, Internal::InvokeCancelFn*) [with RequestObjectT = chip::app::Clusters::OtaSoftwareUpdateProvider::Commands::NotifyUpdateApplied::Type]	120	static
/Users/brady/Downloads/STM32CubeExpansion_MATTER_V1.1.0/Middlewares/Third_Party/connectedhomeip/src/app/clusters/ota-requestor/DefaultOTARequestor.cpp:846:12:CHIP_ERROR chip::DefaultOTARequestor::SendNotifyUpdateAppliedRequest(chip::Messaging::ExchangeManager&, const chip::SessionHandle&)	152	static
/Users/brady/Downloads/STM32CubeExpansion_MATTER_V1.1.0/Middlewares/Third_Party/connectedhomeip/src/app/clusters/ota-requestor/DefaultOTARequestor.cpp:424:6:static void chip::DefaultOTARequestor::OnConnected(void*, chip::Messaging::ExchangeManager&, const chip::SessionHandle&)	16	static
/Applications/STM32CubeIDE.app/Contents/Eclipse/plugins/com.st.stm32cube.ide.mcu.externaltools.gnu-tools-for-stm32.12.3.rel1.macos64_1.1.0.202410301201/tools/arm-none-eabi/include/c++/12.3.1/bits/std_function.h:288:7:) [with _Res = void; _Functor = chip::Controller::InvokeCommandRequest<chip::app::Clusters::OtaSoftwareUpdateProvider::Commands::ApplyUpdateRequest::Type>(chip::Messaging::ExchangeManager*, const chip::SessionHandle&, chip::EndpointId, const chip::app::Clusters::OtaSoftwareUpdateProvider::Commands::ApplyUpdateRequest::Type&, TypedCommandCallback<chip::app::Clusters::OtaSoftwareUpdateProvider::Commands::ApplyUpdateResponse::DecodableType>::OnSuccessCallbackType, TypedCommandCallback<chip::app::Clusters::OtaSoftwareUpdateProvider::Commands::ApplyUpdateResponse::DecodableType>::OnErrorCallbackType, const chip::Optional<short unsigned int>&, const chip::Optional<std::chrono::duration<long unsigned int, std::ratio<1, 1000> > >&, Internal::InvokeCancelFn*)::<lambda(chip::app::CommandSender*)>; _ArgTypes = {chip::app::CommandSender*}]	8	static
/Applications/STM32CubeIDE.app/Contents/Eclipse/plugins/com.st.stm32cube.ide.mcu.externaltools.gnu-tools-for-stm32.12.3.rel1.macos64_1.1.0.202410301201/tools/arm-none-eabi/include/c++/12.3.1/bits/std_function.h:288:7:) [with _Res = void; _Functor = chip::Controller::InvokeCommandRequest<chip::app::Clusters::OtaSoftwareUpdateProvider::Commands::ApplyUpdateRequest::Type>(chip::Messaging::ExchangeManager*, const chip::SessionHandle&, chip::EndpointId, const chip::app::Clusters::OtaSoftwareUpdateProvider::Commands::ApplyUpdateRequest::Type&, TypedCommandCallback<chip::app::Clusters::OtaSoftwareUpdateProvider::Commands::ApplyUpdateResponse::DecodableType>::OnSuccessCallbackType, TypedCommandCallback<chip::app::Clusters::OtaSoftwareUpdateProvider::Commands::ApplyUpdateResponse::DecodableType>::OnErrorCallbackType, const chip::Optional<short unsigned int>&, const chip::Optional<std::chrono::duration<long unsigned int, std::ratio<1, 1000> > >&, Internal::InvokeCancelFn*)::<lambda()>; _ArgTypes = {}]	8	static
/Applications/STM32CubeIDE.app/Contents/Eclipse/plugins/com.st.stm32cube.ide.mcu.externaltools.gnu-tools-for-stm32.12.3.rel1.macos64_1.1.0.202410301201/tools/arm-none-eabi/include/c++/12.3.1/bits/std_function.h:288:7:) [with _Res = void; _Functor = chip::Controller::InvokeCommandRequest<chip::app::Clusters::OtaSoftwareUpdateProvider::Commands::NotifyUpdateApplied::Type>(chip::Messaging::ExchangeManager*, const chip::SessionHandle&, chip::EndpointId, const chip::app::Clusters::OtaSoftwareUpdateProvider::Commands::NotifyUpdateApplied::Type&, TypedCommandCallback<chip::app::DataModel::NullObjectType>::OnSuccessCallbackType, TypedCommandCallback<chip::app::DataModel::NullObjectType>::OnErrorCallbackType, const chip::Optional<short unsigned int>&, const chip::Optional<std::chrono::duration<long unsigned int, std::ratio<1, 1000> > >&, Internal::InvokeCancelFn*)::<lambda(chip::app::CommandSender*)>; _ArgTypes = {chip::app::CommandSender*}]	8	static
/Applications/STM32CubeIDE.app/Contents/Eclipse/plugins/com.st.stm32cube.ide.mcu.externaltools.gnu-tools-for-stm32.12.3.rel1.macos64_1.1.0.202410301201/tools/arm-none-eabi/include/c++/12.3.1/bits/std_function.h:288:7:) [with _Res = void; _Functor = chip::Controller::InvokeCommandRequest<chip::app::Clusters::OtaSoftwareUpdateProvider::Commands::NotifyUpdateApplied::Type>(chip::Messaging::ExchangeManager*, const chip::SessionHandle&, chip::EndpointId, const chip::app::Clusters::OtaSoftwareUpdateProvider::Commands::NotifyUpdateApplied::Type&, TypedCommandCallback<chip::app::DataModel::NullObjectType>::OnSuccessCallbackType, TypedCommandCallback<chip::app::DataModel::NullObjectType>::OnErrorCallbackType, const chip::Optional<short unsigned int>&, const chip::Optional<std::chrono::duration<long unsigned int, std::ratio<1, 1000> > >&, Internal::InvokeCancelFn*)::<lambda()>; _ArgTypes = {}]	8	static
