/Users/brady/Downloads/STM32CubeExpansion_MATTER_V1.1.0/Middlewares/Third_Party/connectedhomeip/src/protocols/secure_channel/DefaultSessionResumptionStorage.cpp:25:12:virtual CHIP_ERROR chip::DefaultSessionResumptionStorage::FindByScopedNodeId(const chip::ScopedNodeId&, chip::SessionResumptionStorage::ResumptionIdStorage&, chip::Crypto::P256ECDHDerivedSecret&, chip::CATValues&)	24	static
/Users/brady/Downloads/STM32CubeExpansion_MATTER_V1.1.0/Middlewares/Third_Party/connectedhomeip/src/protocols/secure_channel/DefaultSessionResumptionStorage.cpp:43:12:CHIP_ERROR chip::DefaultSessionResumptionStorage::FindNodeByResumptionId(chip::SessionResumptionStorage::ConstResumptionIdView, chip::ScopedNodeId&)	8	static
/Users/brady/Downloads/STM32CubeExpansion_MATTER_V1.1.0/Middlewares/Third_Party/connectedhomeip/src/protocols/secure_channel/DefaultSessionResumptionStorage.cpp:32:12:virtual CHIP_ERROR chip::DefaultSessionResumptionStorage::FindByResumptionId(chip::SessionResumptionStorage::ConstResumptionIdView, chip::ScopedNodeId&, chip::Crypto::P256ECDHDerivedSecret&, chip::CATValues&)	48	static
../../../../../../../Middlewares/Third_Party/connectedhomeip/src/protocols/secure_channel/DefaultSessionResumptionStorage.h:38:12:chip::DefaultSessionResumptionStorage::SessionIndex::SessionIndex()	12	static
/Users/brady/Downloads/STM32CubeExpansion_MATTER_V1.1.0/Middlewares/Third_Party/connectedhomeip/src/protocols/secure_channel/DefaultSessionResumptionStorage.cpp:184:12:virtual CHIP_ERROR chip::DefaultSessionResumptionStorage::DeleteAll(chip::FabricIndex)	376	static
/Users/brady/Downloads/STM32CubeExpansion_MATTER_V1.1.0/Middlewares/Third_Party/connectedhomeip/src/protocols/secure_channel/DefaultSessionResumptionStorage.cpp:109:12:CHIP_ERROR chip::DefaultSessionResumptionStorage::Delete(const chip::ScopedNodeId&)	344	static
/Users/brady/Downloads/STM32CubeExpansion_MATTER_V1.1.0/Middlewares/Third_Party/connectedhomeip/src/protocols/secure_channel/DefaultSessionResumptionStorage.cpp:49:12:virtual CHIP_ERROR chip::DefaultSessionResumptionStorage::Save(const chip::ScopedNodeId&, chip::SessionResumptionStorage::ConstResumptionIdView, const chip::Crypto::P256ECDHDerivedSecret&, const chip::CATValues&)	352	static
