../../../../../../../Middlewares/Third_Party/connectedhomeip/src/transport/SessionDelegate.h:68:18:virtual void chip::SessionDelegate::OnSessionHang()	0	static
../../../../../../../Middlewares/Third_Party/connectedhomeip/src/protocols/secure_channel/PairingSession.h:55:30:virtual chip::SessionDelegate::NewSessionHandlingPolicy chip::PairingSession::GetNewSessionHandlingPolicy()	0	static
../../../../../../../Middlewares/Third_Party/connectedhomeip/src/protocols/secure_channel/PairingSession.h:132:18:virtual void chip::PairingSession::OnSuccessStatusReport()	0	static
../../../../../../../Middlewares/Third_Party/connectedhomeip/src/protocols/secure_channel/PairingSession.h:136:24:virtual CHIP_ERROR chip::PairingSession::OnFailureStatusReport(chip::Protocols::SecureChannel::GeneralStatusCode, uint16_t, chip::Optional<unsigned int>)	0	static
../../../../../../../Middlewares/Third_Party/connectedhomeip/src/transport/Session.h:100:29:chip::Optional<chip::SessionHandle> chip::SessionHolder::Get() const	8	static
/Users/brady/Downloads/STM32CubeExpansion_MATTER_V1.1.0/Middlewares/Third_Party/connectedhomeip/src/protocols/secure_channel/PairingSession.cpp:37:12:CHIP_ERROR chip::PairingSession::ActivateSecureSession(const chip::Transport::PeerAddress&)	88	static
/Users/brady/Downloads/STM32CubeExpansion_MATTER_V1.1.0/Middlewares/Third_Party/connectedhomeip/src/protocols/secure_channel/PairingSession.cpp:94:12:static CHIP_ERROR chip::PairingSession::EncodeSessionParameters(chip::TLV::Tag, const chip::ReliableMessageProtocolConfig&, chip::TLV::TLVWriter&)	32	static
/Users/brady/Downloads/STM32CubeExpansion_MATTER_V1.1.0/Middlewares/Third_Party/connectedhomeip/src/protocols/secure_channel/PairingSession.cpp:120:12:CHIP_ERROR chip::PairingSession::DecodeMRPParametersIfPresent(chip::TLV::Tag, chip::TLV::ContiguousBufferTLVReader&)	24	static
/Users/brady/Downloads/STM32CubeExpansion_MATTER_V1.1.0/Middlewares/Third_Party/connectedhomeip/src/protocols/secure_channel/PairingSession.cpp:218:6:bool chip::PairingSession::IsSessionEstablishmentInProgress()	8	static
/Users/brady/Downloads/STM32CubeExpansion_MATTER_V1.1.0/Middlewares/Third_Party/connectedhomeip/src/protocols/secure_channel/PairingSession.cpp:248:6:void chip::PairingSession::NotifySessionEstablishmentError(CHIP_ERROR, chip::SessionEstablishmentStage)	4	static
/Users/brady/Downloads/STM32CubeExpansion_MATTER_V1.1.0/Middlewares/Third_Party/connectedhomeip/src/protocols/secure_channel/PairingSession.cpp:261:6:virtual void chip::PairingSession::OnSessionReleased()	0	static
/Users/brady/Downloads/STM32CubeExpansion_MATTER_V1.1.0/Middlewares/Third_Party/connectedhomeip/src/protocols/secure_channel/PairingSession.cpp:278:9:static constexpr void chip::PairingSession::OnSessionReleased()::<lambda(auto:5*, auto:6*)>::_FUN(auto:5*, auto:6*) [with auto:5 = chip::System::Layer; auto:6 = void]	8	static
../../../../../../../Middlewares/Third_Party/connectedhomeip/src/lib/support/ReferenceCountedHandle.h:35:5:chip::ReferenceCountedHandle<Target>::~ReferenceCountedHandle() [with Target = chip::Transport::Session]	8	static
../../../../../../../Middlewares/Third_Party/connectedhomeip/src/lib/core/Optional.h:53:5:chip::Optional<T>::~Optional() [with T = chip::SessionHandle]	8	static
/Users/brady/Downloads/STM32CubeExpansion_MATTER_V1.1.0/Middlewares/Third_Party/connectedhomeip/src/protocols/secure_channel/PairingSession.cpp:28:12:CHIP_ERROR chip::PairingSession::AllocateSecureSession(chip::SessionManager&, const chip::ScopedNodeId&)	24	static
../../../../../../../Middlewares/Third_Party/connectedhomeip/src/lib/core/Optional.h:176:20:constexpr void chip::Optional<T>::ClearValue() [with T = chip::ReferenceCountedHandle<chip::Messaging::ExchangeContext>]	8	static
/Users/brady/Downloads/STM32CubeExpansion_MATTER_V1.1.0/Middlewares/Third_Party/connectedhomeip/src/protocols/secure_channel/PairingSession.cpp:80:6:void chip::PairingSession::DiscardExchange()	8	static
/Users/brady/Downloads/STM32CubeExpansion_MATTER_V1.1.0/Middlewares/Third_Party/connectedhomeip/src/protocols/secure_channel/PairingSession.cpp:57:6:void chip::PairingSession::Finish()	56	static
/Users/brady/Downloads/STM32CubeExpansion_MATTER_V1.1.0/Middlewares/Third_Party/connectedhomeip/src/protocols/secure_channel/PairingSession.cpp:229:6:void chip::PairingSession::Clear()	8	static
