../../../../../../../Middlewares/Third_Party/connectedhomeip/src/system/SystemPacketBuffer.h:433:26:chip::System::PacketBufferHandle& chip::System::PacketBufferHandle::operator=(chip::System::PacketBufferHandle&&)	16	static
../../../../../../../Middlewares/Third_Party/connectedhomeip/src/system/SystemPacketBuffer.h:428:5:chip::System::PacketBufferHandle::~PacketBufferHandle()	8	static
/Users/brady/Downloads/STM32CubeExpansion_MATTER_V1.1.0/Middlewares/Third_Party/connectedhomeip/src/protocols/secure_channel/StatusReport.cpp:35:1:chip::Protocols::SecureChannel::StatusReport::StatusReport()	0	static
/Users/brady/Downloads/STM32CubeExpansion_MATTER_V1.1.0/Middlewares/Third_Party/connectedhomeip/src/protocols/secure_channel/StatusReport.cpp:39:1:chip::Protocols::SecureChannel::StatusReport::StatusReport(chip::Protocols::SecureChannel::GeneralStatusCode, chip::Protocols::Id, uint16_t)	16	static
/Users/brady/Downloads/STM32CubeExpansion_MATTER_V1.1.0/Middlewares/Third_Party/connectedhomeip/src/protocols/secure_channel/StatusReport.cpp:43:1:chip::Protocols::SecureChannel::StatusReport::StatusReport(chip::Protocols::SecureChannel::GeneralStatusCode, chip::Protocols::Id, uint16_t, chip::System::PacketBufferHandle)	24	static
/Users/brady/Downloads/STM32CubeExpansion_MATTER_V1.1.0/Middlewares/Third_Party/connectedhomeip/src/protocols/secure_channel/StatusReport.cpp:49:12:CHIP_ERROR chip::Protocols::SecureChannel::StatusReport::Parse(chip::System::PacketBufferHandle)	56	static
../../../../../../../Middlewares/Third_Party/connectedhomeip/src/lib/support/BufferWriter.h:132:15:Derived& chip::Encoding::EndianBufferWriterBase<Derived>::Put16(uint16_t) [with Derived = chip::Encoding::LittleEndian::BufferWriter]	16	static
/Users/brady/Downloads/STM32CubeExpansion_MATTER_V1.1.0/Middlewares/Third_Party/connectedhomeip/src/protocols/secure_channel/StatusReport.cpp:82:40:chip::Encoding::LittleEndian::BufferWriter& chip::Protocols::SecureChannel::StatusReport::WriteToBuffer(chip::Encoding::LittleEndian::BufferWriter&) const	24	static
/Users/brady/Downloads/STM32CubeExpansion_MATTER_V1.1.0/Middlewares/Third_Party/connectedhomeip/src/protocols/secure_channel/StatusReport.cpp:92:8:size_t chip::Protocols::SecureChannel::StatusReport::Size() const	24	static
../../../../../../../Middlewares/Third_Party/connectedhomeip/src/system/SystemPacketBuffer.h:755:5:chip::Encoding::PacketBufferWriterBase< <template-parameter-1-1> >::PacketBufferWriterBase(chip::System::PacketBufferHandle&&) [with Writer = chip::Encoding::LittleEndian::BufferWriter]	16	static
/Users/brady/Downloads/STM32CubeExpansion_MATTER_V1.1.0/Middlewares/Third_Party/connectedhomeip/src/protocols/secure_channel/StatusReport.cpp:98:28:static chip::System::PacketBufferHandle chip::Protocols::SecureChannel::StatusReport::MakeBusyStatusReportMessage(chip::System::Clock::Milliseconds16)	64	static
