/Users/brady/Downloads/STM32CubeExpansion_MATTER_V1.1.0/Middlewares/Third_Party/connectedhomeip/src/lib/support/verhoeff/Verhoeff.cpp:27:5:static int Verhoeff::DihedralMultiply(int, int, int)	8	static
/Users/brady/Downloads/STM32CubeExpansion_MATTER_V1.1.0/Middlewares/Third_Party/connectedhomeip/src/lib/support/verhoeff/Verhoeff.cpp:48:5:static int Verhoeff::DihedralInvert(int, int)	0	static
/Users/brady/Downloads/STM32CubeExpansion_MATTER_V1.1.0/Middlewares/Third_Party/connectedhomeip/src/lib/support/verhoeff/Verhoeff.cpp:55:5:static int Verhoeff::Permute(int, const uint8_t*, int, uint64_t)	12	static
