/Users/brady/Downloads/STM32CubeExpansion_MATTER_V1.1.0/Middlewares/Third_Party/connectedhomeip/src/inet/InetInterface.cpp:70:12:CHIP_ERROR chip::Inet::InterfaceId::GetInterfaceName(char*, size_t) const	0	static
/Users/brady/Downloads/STM32CubeExpansion_MATTER_V1.1.0/Middlewares/Third_Party/connectedhomeip/src/inet/InetInterface.cpp:85:12:static CHIP_ERROR chip::Inet::InterfaceId::InterfaceNameToId(const char*, chip::Inet::InterfaceId&)	24	static
/Users/brady/Downloads/STM32CubeExpansion_MATTER_V1.1.0/Middlewares/Third_Party/connectedhomeip/src/inet/InetInterface.cpp:106:6:bool chip::Inet::InterfaceIterator::Next()	0	static
/Users/brady/Downloads/STM32CubeExpansion_MATTER_V1.1.0/Middlewares/Third_Party/connectedhomeip/src/inet/InetInterface.cpp:112:12:CHIP_ERROR chip::Inet::InterfaceIterator::GetInterfaceName(char*, size_t)	0	static
/Users/brady/Downloads/STM32CubeExpansion_MATTER_V1.1.0/Middlewares/Third_Party/connectedhomeip/src/inet/InetInterface.cpp:118:13:chip::Inet::InterfaceId chip::Inet::InterfaceIterator::GetInterfaceId()	0	static
/Users/brady/Downloads/STM32CubeExpansion_MATTER_V1.1.0/Middlewares/Third_Party/connectedhomeip/src/inet/InetInterface.cpp:124:6:bool chip::Inet::InterfaceIterator::IsUp()	8	static
/Users/brady/Downloads/STM32CubeExpansion_MATTER_V1.1.0/Middlewares/Third_Party/connectedhomeip/src/inet/InetInterface.cpp:129:1:chip::Inet::InterfaceAddressIterator::InterfaceAddressIterator()	0	static
/Users/brady/Downloads/STM32CubeExpansion_MATTER_V1.1.0/Middlewares/Third_Party/connectedhomeip/src/inet/InetInterface.cpp:140:6:bool chip::Inet::InterfaceAddressIterator::Next()	8	static
/Users/brady/Downloads/STM32CubeExpansion_MATTER_V1.1.0/Middlewares/Third_Party/connectedhomeip/src/inet/InetInterface.cpp:135:6:bool chip::Inet::InterfaceAddressIterator::HasCurrent()	0	static
/Users/brady/Downloads/STM32CubeExpansion_MATTER_V1.1.0/Middlewares/Third_Party/connectedhomeip/src/inet/InetInterface.cpp:156:12:CHIP_ERROR chip::Inet::InterfaceAddressIterator::GetAddress(chip::Inet::IPAddress&)	32	static
/Users/brady/Downloads/STM32CubeExpansion_MATTER_V1.1.0/Middlewares/Third_Party/connectedhomeip/src/inet/InetInterface.cpp:167:9:uint8_t chip::Inet::InterfaceAddressIterator::GetPrefixLength()	0	static
/Users/brady/Downloads/STM32CubeExpansion_MATTER_V1.1.0/Middlewares/Third_Party/connectedhomeip/src/inet/InetInterface.cpp:173:6:bool chip::Inet::InterfaceAddressIterator::IsUp()	8	static
/Users/brady/Downloads/STM32CubeExpansion_MATTER_V1.1.0/Middlewares/Third_Party/connectedhomeip/src/inet/InetInterface.cpp:178:13:chip::Inet::InterfaceId chip::Inet::InterfaceAddressIterator::GetInterfaceId()	8	static
/Users/brady/Downloads/STM32CubeExpansion_MATTER_V1.1.0/Middlewares/Third_Party/connectedhomeip/src/inet/InetInterface.cpp:184:6:bool chip::Inet::InterfaceAddressIterator::HasBroadcastAddress()	8	static
/Users/brady/Downloads/STM32CubeExpansion_MATTER_V1.1.0/Middlewares/Third_Party/connectedhomeip/src/inet/InetInterface.cpp:1018:13:static chip::Inet::InterfaceId chip::Inet::InterfaceId::FromIPAddress(const chip::Inet::IPAddress&)	40	static
/Users/brady/Downloads/STM32CubeExpansion_MATTER_V1.1.0/Middlewares/Third_Party/connectedhomeip/src/inet/InetInterface.cpp:1035:6:static bool chip::Inet::InterfaceId::MatchLocalIPv6Subnet(const chip::Inet::IPAddress&)	48	static
/Users/brady/Downloads/STM32CubeExpansion_MATTER_V1.1.0/Middlewares/Third_Party/connectedhomeip/src/inet/InetInterface.cpp:1060:9:uint8_t chip::Inet::NetmaskToPrefixLength(const uint8_t*, uint16_t)	8	static
