/Users/brady/Downloads/STM32CubeExpansion_MATTER_V1.1.0/Middlewares/Third_Party/connectedhomeip/src/inet/IPAddress.cpp:46:6:bool chip::Inet::IPAddress::operator==(const chip::Inet::IPAddress&) const	0	static
/Users/brady/Downloads/STM32CubeExpansion_MATTER_V1.1.0/Middlewares/Third_Party/connectedhomeip/src/inet/IPAddress.cpp:51:6:bool chip::Inet::IPAddress::operator!=(const chip::Inet::IPAddress&) const	0	static
/Users/brady/Downloads/STM32CubeExpansion_MATTER_V1.1.0/Middlewares/Third_Party/connectedhomeip/src/inet/IPAddress.cpp:256:1:chip::Inet::IPAddress::IPAddress(const otIp6Address&)	8	static
/Users/brady/Downloads/STM32CubeExpansion_MATTER_V1.1.0/Middlewares/Third_Party/connectedhomeip/src/inet/IPAddress.cpp:261:14:otIp6Address chip::Inet::IPAddress::ToIPv6() const	8	static
/Users/brady/Downloads/STM32CubeExpansion_MATTER_V1.1.0/Middlewares/Third_Party/connectedhomeip/src/inet/IPAddress.cpp:269:11:static chip::Inet::IPAddress chip::Inet::IPAddress::FromOtAddr(const otIp6Address&)	16	static
/Users/brady/Downloads/STM32CubeExpansion_MATTER_V1.1.0/Middlewares/Third_Party/connectedhomeip/src/inet/IPAddress.cpp:279:6:bool chip::Inet::IPAddress::IsIPv4() const	0	static
/Users/brady/Downloads/STM32CubeExpansion_MATTER_V1.1.0/Middlewares/Third_Party/connectedhomeip/src/inet/IPAddress.cpp:285:6:bool chip::Inet::IPAddress::IsIPv4Multicast() const	8	static
/Users/brady/Downloads/STM32CubeExpansion_MATTER_V1.1.0/Middlewares/Third_Party/connectedhomeip/src/inet/IPAddress.cpp:291:6:bool chip::Inet::IPAddress::IsIPv4Broadcast() const	8	static
/Users/brady/Downloads/STM32CubeExpansion_MATTER_V1.1.0/Middlewares/Third_Party/connectedhomeip/src/inet/IPAddress.cpp:302:6:bool chip::Inet::IPAddress::IsIPv6() const	8	static
/Users/brady/Downloads/STM32CubeExpansion_MATTER_V1.1.0/Middlewares/Third_Party/connectedhomeip/src/inet/IPAddress.cpp:308:6:bool chip::Inet::IPAddress::IsIPv6Multicast() const	0	static
/Users/brady/Downloads/STM32CubeExpansion_MATTER_V1.1.0/Middlewares/Third_Party/connectedhomeip/src/inet/IPAddress.cpp:297:6:bool chip::Inet::IPAddress::IsMulticast() const	8	static
/Users/brady/Downloads/STM32CubeExpansion_MATTER_V1.1.0/Middlewares/Third_Party/connectedhomeip/src/inet/IPAddress.cpp:314:6:bool chip::Inet::IPAddress::IsIPv6GlobalUnicast() const	0	static
/Users/brady/Downloads/STM32CubeExpansion_MATTER_V1.1.0/Middlewares/Third_Party/connectedhomeip/src/inet/IPAddress.cpp:320:6:bool chip::Inet::IPAddress::IsIPv6ULA() const	0	static
/Users/brady/Downloads/STM32CubeExpansion_MATTER_V1.1.0/Middlewares/Third_Party/connectedhomeip/src/inet/IPAddress.cpp:326:6:bool chip::Inet::IPAddress::IsIPv6LinkLocal() const	0	static
/Users/brady/Downloads/STM32CubeExpansion_MATTER_V1.1.0/Middlewares/Third_Party/connectedhomeip/src/inet/IPAddress.cpp:333:10:uint64_t chip::Inet::IPAddress::InterfaceId() const	8	static
/Users/brady/Downloads/STM32CubeExpansion_MATTER_V1.1.0/Middlewares/Third_Party/connectedhomeip/src/inet/IPAddress.cpp:342:10:uint16_t chip::Inet::IPAddress::Subnet() const	8	static
/Users/brady/Downloads/STM32CubeExpansion_MATTER_V1.1.0/Middlewares/Third_Party/connectedhomeip/src/inet/IPAddress.cpp:351:10:uint64_t chip::Inet::IPAddress::GlobalId() const	8	static
/Users/brady/Downloads/STM32CubeExpansion_MATTER_V1.1.0/Middlewares/Third_Party/connectedhomeip/src/inet/IPAddress.cpp:359:15:chip::Inet::IPAddressType chip::Inet::IPAddress::Type() const	0	static
/Users/brady/Downloads/STM32CubeExpansion_MATTER_V1.1.0/Middlewares/Third_Party/connectedhomeip/src/inet/IPAddress.cpp:372:6:void chip::Inet::IPAddress::WriteAddress(uint8_t*&) const	8	static
/Users/brady/Downloads/STM32CubeExpansion_MATTER_V1.1.0/Middlewares/Third_Party/connectedhomeip/src/inet/IPAddress.cpp:383:6:static void chip::Inet::IPAddress::ReadAddress(const uint8_t*&, chip::Inet::IPAddress&)	8	static
/Users/brady/Downloads/STM32CubeExpansion_MATTER_V1.1.0/Middlewares/Third_Party/connectedhomeip/src/inet/IPAddress.cpp:394:11:static chip::Inet::IPAddress chip::Inet::IPAddress::MakeULA(uint64_t, uint16_t, uint64_t)	8	static
/Users/brady/Downloads/STM32CubeExpansion_MATTER_V1.1.0/Middlewares/Third_Party/connectedhomeip/src/inet/IPAddress.cpp:410:11:static chip::Inet::IPAddress chip::Inet::IPAddress::MakeLLA(uint64_t)	8	static
/Users/brady/Downloads/STM32CubeExpansion_MATTER_V1.1.0/Middlewares/Third_Party/connectedhomeip/src/inet/IPAddress.cpp:423:11:static chip::Inet::IPAddress chip::Inet::IPAddress::MakeIPv6Multicast(chip::Inet::IPv6MulticastFlags, uint8_t, const uint8_t*)	12	static
/Users/brady/Downloads/STM32CubeExpansion_MATTER_V1.1.0/Middlewares/Third_Party/connectedhomeip/src/inet/IPAddress.cpp:441:11:static chip::Inet::IPAddress chip::Inet::IPAddress::MakeIPv6Multicast(chip::Inet::IPv6MulticastFlags, uint8_t, uint32_t)	24	static
/Users/brady/Downloads/STM32CubeExpansion_MATTER_V1.1.0/Middlewares/Third_Party/connectedhomeip/src/inet/IPAddress.cpp:461:11:static chip::Inet::IPAddress chip::Inet::IPAddress::MakeIPv6WellKnownMulticast(uint8_t, uint32_t)	8	static
/Users/brady/Downloads/STM32CubeExpansion_MATTER_V1.1.0/Middlewares/Third_Party/connectedhomeip/src/inet/IPAddress.cpp:468:11:static chip::Inet::IPAddress chip::Inet::IPAddress::MakeIPv6TransientMulticast(chip::Inet::IPv6MulticastFlags, uint8_t, const uint8_t*)	8	static
/Users/brady/Downloads/STM32CubeExpansion_MATTER_V1.1.0/Middlewares/Third_Party/connectedhomeip/src/inet/IPAddress.cpp:475:11:static chip::Inet::IPAddress chip::Inet::IPAddress::MakeIPv6PrefixMulticast(uint8_t, uint8_t, const uint64_t&, uint32_t)	32	static
/Users/brady/Downloads/STM32CubeExpansion_MATTER_V1.1.0/Middlewares/Third_Party/connectedhomeip/src/inet/IPAddress.cpp:497:11:static chip::Inet::IPAddress chip::Inet::IPAddress::MakeIPv4Broadcast()	0	static
/Users/brady/Downloads/STM32CubeExpansion_MATTER_V1.1.0/Middlewares/Third_Party/connectedhomeip/src/inet/IPAddress.cpp:507:11:static chip::Inet::IPAddress chip::Inet::IPAddress::Loopback(chip::Inet::IPAddressType)	0	static
