../../../../../../../Middlewares/Third_Party/connectedhomeip/src/ble/BleApplicationDelegate.h:48:18:virtual void chip::Ble::BleApplicationDelegate::CheckNonConcurrentBleClosing()	0	static
/Users/brady/Downloads/STM32CubeExpansion_MATTER_V1.1.0/Middlewares/Third_Party/connectedhomeip/src/platform/stm32/BLEManagerImpl.cpp:255:10:virtual uint16_t chip::DeviceLayer::Internal::BLEManagerImpl::GetMTU(uint16_t) const	0	static
../../../../../../../Middlewares/Third_Party/connectedhomeip/src/platform/stm32/BLEManagerImpl.h:45:7:chip::DeviceLayer::Internal::BLEManagerImpl::~BLEManagerImpl()	0	static
/Users/brady/Downloads/STM32CubeExpansion_MATTER_V1.1.0/Middlewares/Third_Party/connectedhomeip/src/platform/stm32/BLEManagerImpl.cpp:235:6:virtual bool chip::DeviceLayer::Internal::BLEManagerImpl::SubscribeCharacteristic(uint16_t, const chip::Ble::ChipBleUUID*, const chip::Ble::ChipBleUUID*)	8	static
/Users/brady/Downloads/STM32CubeExpansion_MATTER_V1.1.0/Middlewares/Third_Party/connectedhomeip/src/platform/stm32/BLEManagerImpl.cpp:241:6:virtual bool chip::DeviceLayer::Internal::BLEManagerImpl::UnsubscribeCharacteristic(uint16_t, const chip::Ble::ChipBleUUID*, const chip::Ble::ChipBleUUID*)	8	static
/Users/brady/Downloads/STM32CubeExpansion_MATTER_V1.1.0/Middlewares/Third_Party/connectedhomeip/src/platform/stm32/BLEManagerImpl.cpp:247:6:virtual bool chip::DeviceLayer::Internal::BLEManagerImpl::CloseConnection(uint16_t)	8	static
/Users/brady/Downloads/STM32CubeExpansion_MATTER_V1.1.0/Middlewares/Third_Party/connectedhomeip/src/platform/stm32/BLEManagerImpl.cpp:292:6:virtual void chip::DeviceLayer::Internal::BLEManagerImpl::NotifyChipConnectionClosed(uint16_t)	0	static
/Users/brady/Downloads/STM32CubeExpansion_MATTER_V1.1.0/Middlewares/Third_Party/connectedhomeip/src/platform/stm32/BLEManagerImpl.cpp:274:6:virtual bool chip::DeviceLayer::Internal::BLEManagerImpl::SendWriteRequest(uint16_t, const chip::Ble::ChipBleUUID*, const chip::Ble::ChipBleUUID*, chip::System::PacketBufferHandle)	8	static
/Users/brady/Downloads/STM32CubeExpansion_MATTER_V1.1.0/Middlewares/Third_Party/connectedhomeip/src/platform/stm32/BLEManagerImpl.cpp:280:6:virtual bool chip::DeviceLayer::Internal::BLEManagerImpl::SendReadRequest(uint16_t, const chip::Ble::ChipBleUUID*, const chip::Ble::ChipBleUUID*, chip::System::PacketBufferHandle)	8	static
/Users/brady/Downloads/STM32CubeExpansion_MATTER_V1.1.0/Middlewares/Third_Party/connectedhomeip/src/platform/stm32/BLEManagerImpl.cpp:286:6:virtual bool chip::DeviceLayer::Internal::BLEManagerImpl::SendReadResponse(uint16_t, void*, const chip::Ble::ChipBleUUID*, const chip::Ble::ChipBleUUID*)	8	static
/Users/brady/Downloads/STM32CubeExpansion_MATTER_V1.1.0/Middlewares/Third_Party/connectedhomeip/src/platform/stm32/BLEManagerImpl.cpp:262:6:virtual bool chip::DeviceLayer::Internal::BLEManagerImpl::SendIndication(uint16_t, const chip::Ble::ChipBleUUID*, const chip::Ble::ChipBleUUID*, chip::System::PacketBufferHandle)	8	static
../../../../../../../Middlewares/Third_Party/connectedhomeip/src/platform/stm32/BLEManagerImpl.h:45:7:virtual chip::DeviceLayer::Internal::BLEManagerImpl::~BLEManagerImpl()	8	static
/Users/brady/Downloads/STM32CubeExpansion_MATTER_V1.1.0/Middlewares/Third_Party/connectedhomeip/src/platform/stm32/BLEManagerImpl.cpp:532:6:static void chip::DeviceLayer::Internal::BLEManagerImpl::HandleRXCharWrite(BLE_Matter_RX*)	72	static
../../../../../../../Middlewares/Third_Party/connectedhomeip/src/platform/stm32/BLEManagerImpl.h:45:7:virtual void* chip::DeviceLayer::Internal::BLEManagerImpl::_ZThn36_N4chip11DeviceLayer8Internal14BLEManagerImplD1Ev()	0	static
../../../../../../../Middlewares/Third_Party/connectedhomeip/src/include/platform/PlatformManager.h:469:13:void chip::DeviceLayer::PlatformManager::PostEventOrDie(const chip::DeviceLayer::ChipDeviceEvent*)	16	static
/Users/brady/Downloads/STM32CubeExpansion_MATTER_V1.1.0/Middlewares/Third_Party/connectedhomeip/src/platform/stm32/BLEManagerImpl.cpp:607:6:static void chip::DeviceLayer::Internal::BLEManagerImpl::HandleAck(uint16_t*)	48	static
/Users/brady/Downloads/STM32CubeExpansion_MATTER_V1.1.0/Middlewares/Third_Party/connectedhomeip/src/platform/stm32/BLEManagerImpl.cpp:76:12:CHIP_ERROR chip::DeviceLayer::Internal::BLEManagerImpl::_Init()	24	static
/Users/brady/Downloads/STM32CubeExpansion_MATTER_V1.1.0/Middlewares/Third_Party/connectedhomeip/src/platform/stm32/BLEManagerImpl.cpp:116:12:CHIP_ERROR chip::DeviceLayer::Internal::BLEManagerImpl::_SetCHIPoBLEServiceMode(chip::DeviceLayer::Internal::BLEManager::CHIPoBLEServiceMode)	8	static
/Users/brady/Downloads/STM32CubeExpansion_MATTER_V1.1.0/Middlewares/Third_Party/connectedhomeip/src/platform/stm32/BLEManagerImpl.cpp:132:12:CHIP_ERROR chip::DeviceLayer::Internal::BLEManagerImpl::_SetAdvertisingEnabled(bool)	8	static
/Users/brady/Downloads/STM32CubeExpansion_MATTER_V1.1.0/Middlewares/Third_Party/connectedhomeip/src/platform/stm32/BLEManagerImpl.cpp:146:12:CHIP_ERROR chip::DeviceLayer::Internal::BLEManagerImpl::_SetAdvertisingMode(chip::DeviceLayer::Internal::BLEManager::BLEAdvertisingMode)	8	static
/Users/brady/Downloads/STM32CubeExpansion_MATTER_V1.1.0/Middlewares/Third_Party/connectedhomeip/src/platform/stm32/BLEManagerImpl.cpp:655:6:static void chip::DeviceLayer::Internal::BLEManagerImpl::BleAdvTimeoutHandler(TimerHandle_t)	0	static
/Users/brady/Downloads/STM32CubeExpansion_MATTER_V1.1.0/Middlewares/Third_Party/connectedhomeip/src/platform/stm32/BLEManagerImpl.cpp:162:12:CHIP_ERROR chip::DeviceLayer::Internal::BLEManagerImpl::_GetDeviceName(char*, size_t)	0	static
/Users/brady/Downloads/STM32CubeExpansion_MATTER_V1.1.0/Middlewares/Third_Party/connectedhomeip/src/platform/stm32/BLEManagerImpl.cpp:168:12:CHIP_ERROR chip::DeviceLayer::Internal::BLEManagerImpl::_SetDeviceName(const char*)	0	static
/Users/brady/Downloads/STM32CubeExpansion_MATTER_V1.1.0/Middlewares/Third_Party/connectedhomeip/src/platform/stm32/BLEManagerImpl.cpp:184:6:void chip::DeviceLayer::Internal::BLEManagerImpl::_OnPlatformEvent(const chip::DeviceLayer::ChipDeviceEvent*)	56	static
/Users/brady/Downloads/STM32CubeExpansion_MATTER_V1.1.0/Middlewares/Third_Party/connectedhomeip/src/platform/stm32/BLEManagerImpl.cpp:343:12:CHIP_ERROR chip::DeviceLayer::Internal::BLEManagerImpl::ConfigureAdvertisingData()	120	static
/Users/brady/Downloads/STM32CubeExpansion_MATTER_V1.1.0/Middlewares/Third_Party/connectedhomeip/src/platform/stm32/BLEManagerImpl.cpp:466:10:uint16_t chip::DeviceLayer::Internal::BLEManagerImpl::_NumConnections()	0	static
/Users/brady/Downloads/STM32CubeExpansion_MATTER_V1.1.0/Middlewares/Third_Party/connectedhomeip/src/platform/stm32/BLEManagerImpl.cpp:480:6:void chip::DeviceLayer::Internal::BLEManagerImpl::bleConnect()	48	static
/Users/brady/Downloads/STM32CubeExpansion_MATTER_V1.1.0/Middlewares/Third_Party/connectedhomeip/src/platform/stm32/BLEManagerImpl.cpp:521:6:static void chip::DeviceLayer::Internal::BLEManagerImpl::HandleGAPConnect()	8	static
/Users/brady/Downloads/STM32CubeExpansion_MATTER_V1.1.0/Middlewares/Third_Party/connectedhomeip/src/platform/stm32/BLEManagerImpl.cpp:615:12:CHIP_ERROR chip::DeviceLayer::Internal::BLEManagerImpl::SetSubscribed(uint16_t)	0	static
/Users/brady/Downloads/STM32CubeExpansion_MATTER_V1.1.0/Middlewares/Third_Party/connectedhomeip/src/platform/stm32/BLEManagerImpl.cpp:634:6:bool chip::DeviceLayer::Internal::BLEManagerImpl::UnsetSubscribed(uint16_t)	0	static
/Users/brady/Downloads/STM32CubeExpansion_MATTER_V1.1.0/Middlewares/Third_Party/connectedhomeip/src/platform/stm32/BLEManagerImpl.cpp:644:6:bool chip::DeviceLayer::Internal::BLEManagerImpl::IsSubscribed(uint16_t)	0	static
/Users/brady/Downloads/STM32CubeExpansion_MATTER_V1.1.0/Middlewares/Third_Party/connectedhomeip/src/platform/stm32/BLEManagerImpl.cpp:559:6:static void chip::DeviceLayer::Internal::BLEManagerImpl::HandleTXCharCCCDWrite(BLE_Matter_TXCharCCCD*)	64	static
/Users/brady/Downloads/STM32CubeExpansion_MATTER_V1.1.0/Middlewares/Third_Party/connectedhomeip/src/platform/stm32/BLEManagerImpl.cpp:492:6:void chip::DeviceLayer::Internal::BLEManagerImpl::bleDisconnect(uint16_t)	48	static
/Users/brady/Downloads/STM32CubeExpansion_MATTER_V1.1.0/Middlewares/Third_Party/connectedhomeip/src/platform/stm32/BLEManagerImpl.cpp:527:6:static void chip::DeviceLayer::Internal::BLEManagerImpl::HandleGAPDisconnect(uint16_t*)	8	static
/Users/brady/Downloads/STM32CubeExpansion_MATTER_V1.1.0/Middlewares/Third_Party/connectedhomeip/src/platform/stm32/BLEManagerImpl.cpp:662:6:static void chip::DeviceLayer::Internal::BLEManagerImpl::CancelBleAdvTimeoutTimer()	16	static
/Users/brady/Downloads/STM32CubeExpansion_MATTER_V1.1.0/Middlewares/Third_Party/connectedhomeip/src/platform/stm32/BLEManagerImpl.cpp:444:12:CHIP_ERROR chip::DeviceLayer::Internal::BLEManagerImpl::StopAdvertising()	56	static
/Users/brady/Downloads/STM32CubeExpansion_MATTER_V1.1.0/Middlewares/Third_Party/connectedhomeip/src/platform/stm32/BLEManagerImpl.cpp:668:6:static void chip::DeviceLayer::Internal::BLEManagerImpl::StartBleAdvTimeoutTimer(uint32_t)	24	static
/Users/brady/Downloads/STM32CubeExpansion_MATTER_V1.1.0/Middlewares/Third_Party/connectedhomeip/src/platform/stm32/BLEManagerImpl.cpp:409:12:CHIP_ERROR chip::DeviceLayer::Internal::BLEManagerImpl::StartAdvertising()	16	static
/Users/brady/Downloads/STM32CubeExpansion_MATTER_V1.1.0/Middlewares/Third_Party/connectedhomeip/src/platform/stm32/BLEManagerImpl.cpp:296:6:void chip::DeviceLayer::Internal::BLEManagerImpl::DriveBLEState()	8	static
/Users/brady/Downloads/STM32CubeExpansion_MATTER_V1.1.0/Middlewares/Third_Party/connectedhomeip/src/platform/stm32/BLEManagerImpl.cpp:476:6:static void chip::DeviceLayer::Internal::BLEManagerImpl::DriveBLEState(intptr_t)	0	static
/Users/brady/Downloads/STM32CubeExpansion_MATTER_V1.1.0/Middlewares/Third_Party/connectedhomeip/src/platform/stm32/BLEManagerImpl.cpp:684:1:cpp)	8	static
