../../../../../../../Middlewares/Third_Party/connectedhomeip/src/inet/UDPEndPoint.h:255:25:virtual void chip::Inet::UDPEndPoint::SetNativeParams(void*)	0	static
../../../../../../../Middlewares/Third_Party/connectedhomeip/src/inet/InetLayer.h:122:10:void chip::Inet::EndPointManagerImplPool<EndPointImpl>::ReleaseEndPoint(EndPoint*) [with EndPointImpl = chip::Inet::UDPEndPointImplOT]	16	static
../../../../../../../Middlewares/Third_Party/connectedhomeip/src/inet/InetLayer.h:121:16:chip::Inet::EndPointManagerImplPool<EndPointImpl>::EndPoint* chip::Inet::EndPointManagerImplPool<EndPointImpl>::CreateEndPoint() [with EndPointImpl = chip::Inet::UDPEndPointImplOT]	8	static
../../../../../../../Middlewares/Third_Party/connectedhomeip/src/inet/InetLayer.h:123:10:chip::Loop chip::Inet::EndPointManagerImplPool<EndPointImpl>::ForEachEndPoint(typename Manager::EndPointVisitor) [with EndPointImpl = chip::Inet::UDPEndPointImplOT]	24	static
../../../../../../../Middlewares/Third_Party/connectedhomeip/src/lib/support/Pool.h:129:17:static chip::Loop chip::internal::LambdaProxy<T, Function>::Call(void*, void*) [with T = chip::Inet::UDPEndPointImplOT; Function = chip::Inet::EndPointManagerImplPool<chip::Inet::UDPEndPointImplOT>::ForEachEndPoint(chip::Inet::EndPointManager<chip::Inet::UDPEndPoint>::EndPointVisitor)::<lambda(chip::Inet::EndPointManagerImplPool<chip::Inet::UDPEndPointImplOT>::EndPoint*)>]	0	static
../../../../../../../Middlewares/Third_Party/connectedhomeip/src/include/platform/internal/GenericConnectivityManagerImpl_UDP.cpp:34:50:static chip::Inet::EndPointManager<chip::Inet::UDPEndPoint>& chip::DeviceLayer::Internal::GenericConnectivityManagerImpl_UDP<ImplClass>::_UDPEndPointManager() [with ImplClass = chip::DeviceLayer::ConnectivityManagerImpl]	24	static
../../../../../../../Middlewares/Third_Party/connectedhomeip/src/include/platform/internal/GenericConnectivityManagerImpl_BLE.h:72:24:chip::Ble::BleLayer* chip::DeviceLayer::Internal::GenericConnectivityManagerImpl_BLE<ImplClass>::_GetBleLayer() [with ImplClass = chip::DeviceLayer::ConnectivityManagerImpl]	0	static
../../../../../../../Middlewares/Third_Party/connectedhomeip/src/include/platform/internal/GenericConnectivityManagerImpl_BLE.h:78:13:bool chip::DeviceLayer::Internal::GenericConnectivityManagerImpl_BLE<ImplClass>::_IsBLEAdvertisingEnabled() [with ImplClass = chip::DeviceLayer::ConnectivityManagerImpl]	0	static
../../../../../../../Middlewares/Third_Party/connectedhomeip/src/include/platform/internal/GenericConnectivityManagerImpl_BLE.h:84:19:CHIP_ERROR chip::DeviceLayer::Internal::GenericConnectivityManagerImpl_BLE<ImplClass>::_SetBLEAdvertisingEnabled(bool) [with ImplClass = chip::DeviceLayer::ConnectivityManagerImpl]	0	static
../../../../../../../Middlewares/Third_Party/connectedhomeip/src/include/platform/internal/GenericConnectivityManagerImpl_BLE.h:90:13:bool chip::DeviceLayer::Internal::GenericConnectivityManagerImpl_BLE<ImplClass>::_IsBLEAdvertising() [with ImplClass = chip::DeviceLayer::ConnectivityManagerImpl]	0	static
../../../../../../../Middlewares/Third_Party/connectedhomeip/src/include/platform/internal/GenericConnectivityManagerImpl_BLE.h:97:1:CHIP_ERROR chip::DeviceLayer::Internal::GenericConnectivityManagerImpl_BLE<ImplClass>::_SetBLEAdvertisingMode(chip::DeviceLayer::ConnectivityManager::BLEAdvertisingMode) [with ImplClass = chip::DeviceLayer::ConnectivityManagerImpl]	0	static
../../../../../../../Middlewares/Third_Party/connectedhomeip/src/include/platform/internal/GenericConnectivityManagerImpl_BLE.h:103:19:CHIP_ERROR chip::DeviceLayer::Internal::GenericConnectivityManagerImpl_BLE<ImplClass>::_GetBLEDeviceName(char*, size_t) [with ImplClass = chip::DeviceLayer::ConnectivityManagerImpl]	0	static
../../../../../../../Middlewares/Third_Party/connectedhomeip/src/include/platform/internal/GenericConnectivityManagerImpl_BLE.h:109:19:CHIP_ERROR chip::DeviceLayer::Internal::GenericConnectivityManagerImpl_BLE<ImplClass>::_SetBLEDeviceName(const char*) [with ImplClass = chip::DeviceLayer::ConnectivityManagerImpl]	0	static
../../../../../../../Middlewares/Third_Party/connectedhomeip/src/include/platform/internal/GenericConnectivityManagerImpl_BLE.h:115:17:uint16_t chip::DeviceLayer::Internal::GenericConnectivityManagerImpl_BLE<ImplClass>::_NumBLEConnections() [with ImplClass = chip::DeviceLayer::ConnectivityManagerImpl]	0	static
../../../../../../../Middlewares/Third_Party/connectedhomeip/src/include/platform/internal/GenericConnectivityManagerImpl_BLE.cpp:35:14:static const char* chip::DeviceLayer::Internal::GenericConnectivityManagerImpl_BLE<ImplClass>::_CHIPoBLEServiceModeToStr(chip::DeviceLayer::ConnectivityManager::CHIPoBLEServiceMode) [with ImplClass = chip::DeviceLayer::ConnectivityManagerImpl]	0	static
../../../../../../../Middlewares/Third_Party/connectedhomeip/src/include/platform/internal/GenericConnectivityManagerImpl_BLE.h:65:17:ImplClass* chip::DeviceLayer::Internal::GenericConnectivityManagerImpl_BLE<ImplClass>::Impl() [with ImplClass = chip::DeviceLayer::ConnectivityManagerImpl]	0	static
/Users/brady/Downloads/STM32CubeExpansion_MATTER_V1.1.0/Middlewares/Third_Party/connectedhomeip/src/platform/stm32/ConnectivityManagerImpl.cpp:48:12:CHIP_ERROR chip::DeviceLayer::ConnectivityManagerImpl::_Init()	0	static
../../../../../../../Middlewares/Third_Party/connectedhomeip/src/inet/InetLayer.h:59:13:chip::Inet::EndPointManager<EndPointType>::~EndPointManager() [with EndPointType = chip::Inet::UDPEndPoint]	8	static
../../../../../../../Middlewares/Third_Party/connectedhomeip/src/inet/InetLayer.h:119:5:chip::Inet::EndPointManagerImplPool<EndPointImpl>::~EndPointManagerImplPool() [with EndPointImpl = chip::Inet::UDPEndPointImplOT]	8	static
../../../../../../../Middlewares/Third_Party/connectedhomeip/src/include/platform/internal/GenericConnectivityManagerImpl_UDP.cpp:36:47:void __tcf_0()	8	static
../../../../../../../Middlewares/Third_Party/connectedhomeip/src/inet/InetLayer.h:119:5:chip::Inet::EndPointManagerImplPool<EndPointImpl>::~EndPointManagerImplPool() [with EndPointImpl = chip::Inet::UDPEndPointImplOT]	8	static
../../../../../../../Middlewares/Third_Party/connectedhomeip/src/inet/InetLayer.h:59:13:chip::Inet::EndPointManager<EndPointType>::~EndPointManager() [with EndPointType = chip::Inet::UDPEndPoint]	8	static
../../../../../../../Middlewares/Third_Party/connectedhomeip/src/include/platform/internal/GenericConnectivityManagerImpl_Thread.cpp:97:6:void chip::DeviceLayer::Internal::GenericConnectivityManagerImpl_Thread< <template-parameter-1-1> >::UpdateServiceConnectivity() [with ImplClass = chip::DeviceLayer::ConnectivityManagerImpl]	48	static
/Users/brady/Downloads/STM32CubeExpansion_MATTER_V1.1.0/Middlewares/Third_Party/connectedhomeip/src/platform/stm32/ConnectivityManagerImpl.cpp:63:6:void chip::DeviceLayer::ConnectivityManagerImpl::_OnPlatformEvent(const chip::DeviceLayer::ChipDeviceEvent*)	8	static
