../../../../../../../Middlewares/Third_Party/connectedhomeip/src/platform/stm32/DeviceInfoProviderImpl.h:29:5:chip::DeviceLayer::DeviceInfoProviderImpl::~DeviceInfoProviderImpl()	0	static
../../../../../../../Middlewares/Third_Party/connectedhomeip/src/platform/stm32/DeviceInfoProviderImpl.h:59:16:virtual size_t chip::DeviceLayer::DeviceInfoProviderImpl::UserLabelIteratorImpl::Count()	0	static
/Users/brady/Downloads/STM32CubeExpansion_MATTER_V1.1.0/Middlewares/Third_Party/connectedhomeip/src/platform/stm32/DeviceInfoProviderImpl.cpp:41:35:void __tcf_0()	0	static
/Users/brady/Downloads/STM32CubeExpansion_MATTER_V1.1.0/Middlewares/Third_Party/connectedhomeip/src/platform/stm32/DeviceInfoProviderImpl.cpp:55:8:virtual size_t chip::DeviceLayer::DeviceInfoProviderImpl::FixedLabelIteratorImpl::Count()	0	static
/Users/brady/Downloads/STM32CubeExpansion_MATTER_V1.1.0/Middlewares/Third_Party/connectedhomeip/src/platform/stm32/DeviceInfoProviderImpl.cpp:224:8:virtual size_t chip::DeviceLayer::DeviceInfoProviderImpl::SupportedLocalesIteratorImpl::Count()	0	static
/Users/brady/Downloads/STM32CubeExpansion_MATTER_V1.1.0/Middlewares/Third_Party/connectedhomeip/src/platform/stm32/DeviceInfoProviderImpl.cpp:299:8:virtual size_t chip::DeviceLayer::DeviceInfoProviderImpl::SupportedCalendarTypesIteratorImpl::Count()	0	static
/Users/brady/Downloads/STM32CubeExpansion_MATTER_V1.1.0/Middlewares/Third_Party/connectedhomeip/src/platform/stm32/DeviceInfoProviderImpl.cpp:308:6:virtual bool chip::DeviceLayer::DeviceInfoProviderImpl::SupportedCalendarTypesIteratorImpl::Next(chip::DeviceLayer::DeviceInfoProvider::CalendarType&)	8	static
../../../../../../../Middlewares/Third_Party/connectedhomeip/src/platform/stm32/DeviceInfoProviderImpl.h:40:11:chip::DeviceLayer::DeviceInfoProviderImpl::FixedLabelIteratorImpl::~FixedLabelIteratorImpl()	0	static
../../../../../../../Middlewares/Third_Party/connectedhomeip/src/platform/stm32/DeviceInfoProviderImpl.h:55:11:chip::DeviceLayer::DeviceInfoProviderImpl::UserLabelIteratorImpl::~UserLabelIteratorImpl()	0	static
../../../../../../../Middlewares/Third_Party/connectedhomeip/src/platform/stm32/DeviceInfoProviderImpl.h:72:11:chip::DeviceLayer::DeviceInfoProviderImpl::SupportedLocalesIteratorImpl::~SupportedLocalesIteratorImpl()	0	static
../../../../../../../Middlewares/Third_Party/connectedhomeip/src/platform/stm32/DeviceInfoProviderImpl.h:85:11:chip::DeviceLayer::DeviceInfoProviderImpl::SupportedCalendarTypesIteratorImpl::~SupportedCalendarTypesIteratorImpl()	0	static
../../../../../../../Middlewares/Third_Party/connectedhomeip/src/platform/stm32/DeviceInfoProviderImpl.h:29:5:virtual chip::DeviceLayer::DeviceInfoProviderImpl::~DeviceInfoProviderImpl()	8	static
../../../../../../../Middlewares/Third_Party/connectedhomeip/src/platform/stm32/DeviceInfoProviderImpl.h:55:11:virtual chip::DeviceLayer::DeviceInfoProviderImpl::UserLabelIteratorImpl::~UserLabelIteratorImpl()	8	static
../../../../../../../Middlewares/Third_Party/connectedhomeip/src/platform/stm32/DeviceInfoProviderImpl.h:40:11:virtual chip::DeviceLayer::DeviceInfoProviderImpl::FixedLabelIteratorImpl::~FixedLabelIteratorImpl()	8	static
../../../../../../../Middlewares/Third_Party/connectedhomeip/src/platform/stm32/DeviceInfoProviderImpl.h:72:11:virtual chip::DeviceLayer::DeviceInfoProviderImpl::SupportedLocalesIteratorImpl::~SupportedLocalesIteratorImpl()	8	static
../../../../../../../Middlewares/Third_Party/connectedhomeip/src/platform/stm32/DeviceInfoProviderImpl.h:85:11:virtual chip::DeviceLayer::DeviceInfoProviderImpl::SupportedCalendarTypesIteratorImpl::~SupportedCalendarTypesIteratorImpl()	8	static
/Users/brady/Downloads/STM32CubeExpansion_MATTER_V1.1.0/Middlewares/Third_Party/connectedhomeip/src/platform/stm32/DeviceInfoProviderImpl.cpp:45:42:virtual chip::DeviceLayer::DeviceInfoProvider::FixedLabelIterator* chip::DeviceLayer::DeviceInfoProviderImpl::IterateFixedLabel(chip::EndpointId)	8	static
/Users/brady/Downloads/STM32CubeExpansion_MATTER_V1.1.0/Middlewares/Third_Party/connectedhomeip/src/platform/stm32/DeviceInfoProviderImpl.cpp:219:48:virtual chip::DeviceLayer::DeviceInfoProvider::SupportedLocalesIterator* chip::DeviceLayer::DeviceInfoProviderImpl::IterateSupportedLocales()	8	static
/Users/brady/Downloads/STM32CubeExpansion_MATTER_V1.1.0/Middlewares/Third_Party/connectedhomeip/src/platform/stm32/DeviceInfoProviderImpl.cpp:294:54:virtual chip::DeviceLayer::DeviceInfoProvider::SupportedCalendarTypesIterator* chip::DeviceLayer::DeviceInfoProviderImpl::IterateSupportedCalendarTypes()	8	static
../../../../../../../Middlewares/Third_Party/connectedhomeip/src/platform/stm32/DeviceInfoProviderImpl.h:46:14:virtual void chip::DeviceLayer::DeviceInfoProviderImpl::FixedLabelIteratorImpl::Release()	8	static
../../../../../../../Middlewares/Third_Party/connectedhomeip/src/platform/stm32/DeviceInfoProviderImpl.h:61:14:virtual void chip::DeviceLayer::DeviceInfoProviderImpl::UserLabelIteratorImpl::Release()	8	static
../../../../../../../Middlewares/Third_Party/connectedhomeip/src/platform/stm32/DeviceInfoProviderImpl.h:78:14:virtual void chip::DeviceLayer::DeviceInfoProviderImpl::SupportedLocalesIteratorImpl::Release()	8	static
../../../../../../../Middlewares/Third_Party/connectedhomeip/src/platform/stm32/DeviceInfoProviderImpl.h:91:14:virtual void chip::DeviceLayer::DeviceInfoProviderImpl::SupportedCalendarTypesIteratorImpl::Release()	8	static
../../../../../../../Middlewares/Third_Party/connectedhomeip/src/lib/support/CHIPMemString.h:53:13:void chip::Platform::CopyString(char*, size_t, const char*)	16	static
/Users/brady/Downloads/STM32CubeExpansion_MATTER_V1.1.0/Middlewares/Third_Party/connectedhomeip/src/platform/stm32/DeviceInfoProviderImpl.cpp:61:6:virtual bool chip::DeviceLayer::DeviceInfoProviderImpl::FixedLabelIteratorImpl::Next(chip::DeviceLayer::DeviceInfoProvider::FixedLabelType&)	32	static
/Users/brady/Downloads/STM32CubeExpansion_MATTER_V1.1.0/Middlewares/Third_Party/connectedhomeip/src/platform/stm32/DeviceInfoProviderImpl.cpp:232:6:virtual bool chip::DeviceLayer::DeviceInfoProviderImpl::SupportedLocalesIteratorImpl::Next(chip::CharSpan&)	24	static
../../../../../../../Middlewares/Third_Party/connectedhomeip/src/lib/support/DefaultStorageKeyAllocator.h:54:48:)	28	static
/Users/brady/Downloads/STM32CubeExpansion_MATTER_V1.1.0/Middlewares/Third_Party/connectedhomeip/src/platform/stm32/DeviceInfoProviderImpl.cpp:127:12:virtual CHIP_ERROR chip::DeviceLayer::DeviceInfoProviderImpl::GetUserLabelLength(chip::EndpointId, size_t&)	56	static
/Users/brady/Downloads/STM32CubeExpansion_MATTER_V1.1.0/Middlewares/Third_Party/connectedhomeip/src/platform/stm32/DeviceInfoProviderImpl.cpp:153:12:virtual CHIP_ERROR chip::DeviceLayer::DeviceInfoProviderImpl::DeleteUserLabelAt(chip::EndpointId, size_t)	56	static
/Users/brady/Downloads/STM32CubeExpansion_MATTER_V1.1.0/Middlewares/Third_Party/connectedhomeip/src/platform/stm32/DeviceInfoProviderImpl.cpp:121:12:virtual CHIP_ERROR chip::DeviceLayer::DeviceInfoProviderImpl::SetUserLabelLength(chip::EndpointId, size_t)	64	static
/Users/brady/Downloads/STM32CubeExpansion_MATTER_V1.1.0/Middlewares/Third_Party/connectedhomeip/src/platform/stm32/DeviceInfoProviderImpl.cpp:134:12:virtual CHIP_ERROR chip::DeviceLayer::DeviceInfoProviderImpl::SetUserLabelAt(chip::EndpointId, size_t, const chip::DeviceLayer::DeviceInfoProvider::UserLabelType&)	160	static
/Users/brady/Downloads/STM32CubeExpansion_MATTER_V1.1.0/Middlewares/Third_Party/connectedhomeip/src/platform/stm32/DeviceInfoProviderImpl.cpp:39:26:static chip::DeviceLayer::DeviceInfoProviderImpl& chip::DeviceLayer::DeviceInfoProviderImpl::GetDefaultInstance()	8	static
/Users/brady/Downloads/STM32CubeExpansion_MATTER_V1.1.0/Middlewares/Third_Party/connectedhomeip/src/platform/stm32/DeviceInfoProviderImpl.cpp:50:1:chip::DeviceLayer::DeviceInfoProviderImpl::FixedLabelIteratorImpl::FixedLabelIteratorImpl(chip::EndpointId)	0	static
/Users/brady/Downloads/STM32CubeExpansion_MATTER_V1.1.0/Middlewares/Third_Party/connectedhomeip/src/platform/stm32/DeviceInfoProviderImpl.cpp:164:1:chip::DeviceLayer::DeviceInfoProviderImpl::UserLabelIteratorImpl::UserLabelIteratorImpl(chip::DeviceLayer::DeviceInfoProviderImpl&, chip::EndpointId)	16	static
/Users/brady/Downloads/STM32CubeExpansion_MATTER_V1.1.0/Middlewares/Third_Party/connectedhomeip/src/platform/stm32/DeviceInfoProviderImpl.cpp:159:41:virtual chip::DeviceLayer::DeviceInfoProvider::UserLabelIterator* chip::DeviceLayer::DeviceInfoProviderImpl::IterateUserLabel(chip::EndpointId)	16	static
../../../../../../../Middlewares/Third_Party/connectedhomeip/src/lib/support/CHIPMemString.h:128:13:void chip::Platform::CopyString(char (&)[N], chip::CharSpan) [with unsigned int N = 17]	24	static
/Users/brady/Downloads/STM32CubeExpansion_MATTER_V1.1.0/Middlewares/Third_Party/connectedhomeip/src/platform/stm32/DeviceInfoProviderImpl.cpp:174:6:virtual bool chip::DeviceLayer::DeviceInfoProviderImpl::UserLabelIteratorImpl::Next(chip::DeviceLayer::DeviceInfoProvider::UserLabelType&)	144	static
