../../../../../../../Middlewares/Third_Party/connectedhomeip/src/include/platform/DeviceInstanceInfoProvider.h:181:24:virtual CHIP_ERROR chip::DeviceLayer::DeviceInstanceInfoProvider::GetProductFinish(chip::app::Clusters::BasicInformation::ProductFinishEnum*)	0	static
../../../../../../../Middlewares/Third_Party/connectedhomeip/src/include/platform/DeviceInstanceInfoProvider.h:193:24:virtual CHIP_ERROR chip::DeviceLayer::DeviceInstanceInfoProvider::GetProductPrimaryColor(chip::app::Clusters::BasicInformation::ColorEnum*)	0	static
/Users/brady/Downloads/STM32CubeExpansion_MATTER_V1.1.0/Middlewares/Third_Party/connectedhomeip/src/platform/stm32/FactoryDataProvider.cpp:65:32:void __tcf_0()	0	static
/Users/brady/Downloads/STM32CubeExpansion_MATTER_V1.1.0/Middlewares/Third_Party/connectedhomeip/src/platform/stm32/FactoryDataProvider.cpp:69:12:virtual CHIP_ERROR chip::DeviceLayer::FactoryDataProvider::SetSetupPasscode(uint32_t)	0	static
/Users/brady/Downloads/STM32CubeExpansion_MATTER_V1.1.0/Middlewares/Third_Party/connectedhomeip/src/platform/stm32/FactoryDataProvider.cpp:73:12:virtual CHIP_ERROR chip::DeviceLayer::FactoryDataProvider::SetSetupDiscriminator(uint16_t)	0	static
/Users/brady/Downloads/STM32CubeExpansion_MATTER_V1.1.0/Middlewares/Third_Party/connectedhomeip/src/platform/stm32/FactoryDataProvider.cpp:143:12:virtual CHIP_ERROR chip::DeviceLayer::FactoryDataProvider::GetSetupDiscriminator(uint16_t&)	0	static
/Users/brady/Downloads/STM32CubeExpansion_MATTER_V1.1.0/Middlewares/Third_Party/connectedhomeip/src/platform/stm32/FactoryDataProvider.cpp:159:12:virtual CHIP_ERROR chip::DeviceLayer::FactoryDataProvider::GetSpake2pIterationCount(uint32_t&)	0	static
/Users/brady/Downloads/STM32CubeExpansion_MATTER_V1.1.0/Middlewares/Third_Party/connectedhomeip/src/platform/stm32/FactoryDataProvider.cpp:176:12:virtual CHIP_ERROR chip::DeviceLayer::FactoryDataProvider::GetSetupPasscode(uint32_t&)	0	static
/Users/brady/Downloads/STM32CubeExpansion_MATTER_V1.1.0/Middlewares/Third_Party/connectedhomeip/src/platform/stm32/FactoryDataProvider.cpp:192:12:virtual CHIP_ERROR chip::DeviceLayer::FactoryDataProvider::GetVendorId(uint16_t&)	0	static
/Users/brady/Downloads/STM32CubeExpansion_MATTER_V1.1.0/Middlewares/Third_Party/connectedhomeip/src/platform/stm32/FactoryDataProvider.cpp:208:12:virtual CHIP_ERROR chip::DeviceLayer::FactoryDataProvider::GetProductId(uint16_t&)	0	static
/Users/brady/Downloads/STM32CubeExpansion_MATTER_V1.1.0/Middlewares/Third_Party/connectedhomeip/src/platform/stm32/FactoryDataProvider.cpp:224:12:virtual CHIP_ERROR chip::DeviceLayer::FactoryDataProvider::GetHardwareVersion(uint16_t&)	0	static
/Users/brady/Downloads/STM32CubeExpansion_MATTER_V1.1.0/Middlewares/Third_Party/connectedhomeip/src/platform/stm32/FactoryDataProvider.cpp:240:12:virtual CHIP_ERROR chip::DeviceLayer::FactoryDataProvider::GetManufacturingDate(uint16_t&, uint8_t&, uint8_t&)	0	static
/Users/brady/Downloads/STM32CubeExpansion_MATTER_V1.1.0/Middlewares/Third_Party/connectedhomeip/src/platform/stm32/FactoryDataProvider.cpp:244:12:virtual CHIP_ERROR chip::DeviceLayer::FactoryDataProvider::GetPartNumber(char*, size_t)	0	static
/Users/brady/Downloads/STM32CubeExpansion_MATTER_V1.1.0/Middlewares/Third_Party/connectedhomeip/src/platform/stm32/FactoryDataProvider.cpp:425:12:virtual CHIP_ERROR chip::DeviceLayer::FactoryDataProvider::GetFirmwareInformation(chip::MutableByteSpan&)	0	static
/Users/brady/Downloads/STM32CubeExpansion_MATTER_V1.1.0/Middlewares/Third_Party/connectedhomeip/src/platform/stm32/FactoryDataProvider.h:32:7:chip::DeviceLayer::FactoryDataProvider::~FactoryDataProvider()	0	static
/Users/brady/Downloads/STM32CubeExpansion_MATTER_V1.1.0/Middlewares/Third_Party/connectedhomeip/src/platform/stm32/FactoryDataProvider.h:32:7:virtual chip::DeviceLayer::FactoryDataProvider::~FactoryDataProvider()	8	static
/Users/brady/Downloads/STM32CubeExpansion_MATTER_V1.1.0/Middlewares/Third_Party/connectedhomeip/src/platform/stm32/FactoryDataProvider.cpp:294:12:virtual CHIP_ERROR chip::DeviceLayer::FactoryDataProvider::GetSerialNumber(char*, size_t)	8	static
/Users/brady/Downloads/STM32CubeExpansion_MATTER_V1.1.0/Middlewares/Third_Party/connectedhomeip/src/platform/stm32/FactoryDataProvider.cpp:256:12:virtual CHIP_ERROR chip::DeviceLayer::FactoryDataProvider::GetVendorName(char*, size_t)	0	static
/Users/brady/Downloads/STM32CubeExpansion_MATTER_V1.1.0/Middlewares/Third_Party/connectedhomeip/src/platform/stm32/FactoryDataProvider.cpp:276:12:virtual CHIP_ERROR chip::DeviceLayer::FactoryDataProvider::GetProductName(char*, size_t)	0	static
/Users/brady/Downloads/STM32CubeExpansion_MATTER_V1.1.0/Middlewares/Third_Party/connectedhomeip/src/platform/stm32/FactoryDataProvider.cpp:310:12:virtual CHIP_ERROR chip::DeviceLayer::FactoryDataProvider::GetHardwareVersionString(char*, size_t)	0	static
/Users/brady/Downloads/STM32CubeExpansion_MATTER_V1.1.0/Middlewares/Third_Party/connectedhomeip/src/platform/stm32/FactoryDataProvider.h:32:7:virtual void* chip::DeviceLayer::FactoryDataProvider::_ZThn8_N4chip11DeviceLayer19FactoryDataProviderD1Ev()	0	static
/Users/brady/Downloads/STM32CubeExpansion_MATTER_V1.1.0/Middlewares/Third_Party/connectedhomeip/src/platform/stm32/FactoryDataProvider.h:32:7:virtual void* chip::DeviceLayer::FactoryDataProvider::_ZThn4_N4chip11DeviceLayer19FactoryDataProviderD1Ev()	0	static
/Users/brady/Downloads/STM32CubeExpansion_MATTER_V1.1.0/Middlewares/Third_Party/connectedhomeip/src/platform/stm32/FactoryDataProvider.h:67:16:virtual CHIP_ERROR chip::DeviceLayer::FactoryDataProvider::_ZThn8_N4chip11DeviceLayer19FactoryDataProvider27GetRotatingDeviceIdUniqueIdERNS_4SpanIhEE(chip::MutableByteSpan&)	0	static
/Users/brady/Downloads/STM32CubeExpansion_MATTER_V1.1.0/Middlewares/Third_Party/connectedhomeip/src/platform/stm32/FactoryDataProvider.h:64:16:virtual CHIP_ERROR chip::DeviceLayer::FactoryDataProvider::_ZThn8_N4chip11DeviceLayer19FactoryDataProvider20GetManufacturingDateERtRhS3_(uint16_t&, uint8_t&, uint8_t&)	0	static
/Users/brady/Downloads/STM32CubeExpansion_MATTER_V1.1.0/Middlewares/Third_Party/connectedhomeip/src/platform/stm32/FactoryDataProvider.h:53:16:virtual CHIP_ERROR chip::DeviceLayer::FactoryDataProvider::_ZThn4_N4chip11DeviceLayer19FactoryDataProvider16SetSetupPasscodeEm(uint32_t)	0	static
/Users/brady/Downloads/STM32CubeExpansion_MATTER_V1.1.0/Middlewares/Third_Party/connectedhomeip/src/platform/stm32/FactoryDataProvider.h:48:16:virtual CHIP_ERROR chip::DeviceLayer::FactoryDataProvider::_ZThn4_N4chip11DeviceLayer19FactoryDataProvider21SetSetupDiscriminatorEt(uint16_t)	0	static
/Users/brady/Downloads/STM32CubeExpansion_MATTER_V1.1.0/Middlewares/Third_Party/connectedhomeip/src/platform/stm32/FactoryDataProvider.h:60:16:virtual CHIP_ERROR chip::DeviceLayer::FactoryDataProvider::_ZThn8_N4chip11DeviceLayer19FactoryDataProvider13GetPartNumberEPcj(char*, size_t)	0	static
/Users/brady/Downloads/STM32CubeExpansion_MATTER_V1.1.0/Middlewares/Third_Party/connectedhomeip/src/platform/stm32/FactoryDataProvider.h:61:16:virtual CHIP_ERROR chip::DeviceLayer::FactoryDataProvider::_ZThn8_N4chip11DeviceLayer19FactoryDataProvider13GetProductURLEPcj(char*, size_t)	0	static
/Users/brady/Downloads/STM32CubeExpansion_MATTER_V1.1.0/Middlewares/Third_Party/connectedhomeip/src/platform/stm32/FactoryDataProvider.h:62:16:virtual CHIP_ERROR chip::DeviceLayer::FactoryDataProvider::_ZThn8_N4chip11DeviceLayer19FactoryDataProvider15GetProductLabelEPcj(char*, size_t)	0	static
/Users/brady/Downloads/STM32CubeExpansion_MATTER_V1.1.0/Middlewares/Third_Party/connectedhomeip/src/platform/stm32/FactoryDataProvider.cpp:318:12:virtual CHIP_ERROR chip::DeviceLayer::FactoryDataProvider::GetSpake2pVerifier(chip::MutableByteSpan&, size_t&)	16	static
/Users/brady/Downloads/STM32CubeExpansion_MATTER_V1.1.0/Middlewares/Third_Party/connectedhomeip/src/platform/stm32/FactoryDataProvider.cpp:536:12:virtual CHIP_ERROR chip::DeviceLayer::FactoryDataProvider::GetSpake2pSalt(chip::MutableByteSpan&)	8	static
../../../../../../../Middlewares/Third_Party/connectedhomeip/src/lib/support/Span.h:371:19:CHIP_ERROR chip::CopySpanToMutableSpan(ByteSpan, MutableByteSpan&)	24	static
/Users/brady/Downloads/STM32CubeExpansion_MATTER_V1.1.0/Middlewares/Third_Party/connectedhomeip/src/platform/stm32/FactoryDataProvider.cpp:351:12:virtual CHIP_ERROR chip::DeviceLayer::FactoryDataProvider::GetCertificationDeclaration(chip::MutableByteSpan&)	16	static
/Users/brady/Downloads/STM32CubeExpansion_MATTER_V1.1.0/Middlewares/Third_Party/connectedhomeip/src/platform/stm32/FactoryDataProvider.cpp:429:12:virtual CHIP_ERROR chip::DeviceLayer::FactoryDataProvider::GetDeviceAttestationCert(chip::MutableByteSpan&)	16	static
/Users/brady/Downloads/STM32CubeExpansion_MATTER_V1.1.0/Middlewares/Third_Party/connectedhomeip/src/platform/stm32/FactoryDataProvider.cpp:483:12:virtual CHIP_ERROR chip::DeviceLayer::FactoryDataProvider::GetProductAttestationIntermediateCert(chip::MutableByteSpan&)	16	static
/Users/brady/Downloads/STM32CubeExpansion_MATTER_V1.1.0/Middlewares/Third_Party/connectedhomeip/src/platform/stm32/FactoryDataProvider.cpp:42:12:CHIP_ERROR chip::DeviceLayer::FactoryDataProvider::Init()	0	static
/Users/brady/Downloads/STM32CubeExpansion_MATTER_V1.1.0/Middlewares/Third_Party/connectedhomeip/src/platform/stm32/FactoryDataProvider.cpp:64:22:static chip::DeviceLayer::FactoryDataProvider& chip::DeviceLayer::FactoryDataProvider::GetDefaultInstance()	8	static
/Users/brady/Downloads/STM32CubeExpansion_MATTER_V1.1.0/Middlewares/Third_Party/connectedhomeip/src/platform/stm32/FactoryDataProvider.cpp:78:12:CHIP_ERROR chip::DeviceLayer::LoadKeypairFromRaw(chip::ByteSpan, chip::ByteSpan, chip::Crypto::P256Keypair&)	136	static
/Users/brady/Downloads/STM32CubeExpansion_MATTER_V1.1.0/Middlewares/Third_Party/connectedhomeip/src/platform/stm32/FactoryDataProvider.cpp:87:12:virtual CHIP_ERROR chip::DeviceLayer::FactoryDataProvider::SignWithDeviceAttestationKey(const chip::ByteSpan&, chip::MutableByteSpan&)	704	static
