../../../../../../../Middlewares/Third_Party/connectedhomeip/src/lib/dnssd/Discovery_ImplPlatform.h:53:10:virtual void chip::Dnssd::DiscoveryImplPlatform::SetOperationalDelegate(chip::Dnssd::OperationalResolveDelegate*)	0	static
/Users/brady/Downloads/STM32CubeExpansion_MATTER_V1.1.0/Middlewares/Third_Party/connectedhomeip/src/lib/dnssd/Discovery_ImplPlatform.cpp:625:6:virtual bool chip::Dnssd::DiscoveryImplPlatform::IsInitialized()	0	static
../../../../../../../Middlewares/Third_Party/connectedhomeip/src/lib/dnssd/Discovery_ImplPlatform.h:36:7:chip::Dnssd::DiscoveryImplPlatform::~DiscoveryImplPlatform()	0	static
/Users/brady/Downloads/STM32CubeExpansion_MATTER_V1.1.0/Middlewares/Third_Party/connectedhomeip/src/lib/dnssd/Discovery_ImplPlatform.cpp:389:6:virtual void chip::Dnssd::DiscoveryImplPlatform::Shutdown()	8	static
/Users/brady/Downloads/STM32CubeExpansion_MATTER_V1.1.0/Middlewares/Third_Party/connectedhomeip/src/lib/dnssd/Discovery_ImplPlatform.cpp:456:12:virtual CHIP_ERROR chip::Dnssd::DiscoveryImplPlatform::UpdateCommissionableInstanceName()	8	static
/Users/brady/Downloads/STM32CubeExpansion_MATTER_V1.1.0/Middlewares/Third_Party/connectedhomeip/src/lib/dnssd/Discovery_ImplPlatform.cpp:123:5:)	20	static
/Users/brady/Downloads/STM32CubeExpansion_MATTER_V1.1.0/Middlewares/Third_Party/connectedhomeip/src/lib/dnssd/Discovery_ImplPlatform.cpp:138:12:CHIP_ERROR chip::Dnssd::{anonymous}::CopyTextRecordValue(char*, size_t, uint16_t)	16	static
/Users/brady/Downloads/STM32CubeExpansion_MATTER_V1.1.0/Middlewares/Third_Party/connectedhomeip/src/lib/dnssd/Discovery_ImplPlatform.cpp:619:12:virtual CHIP_ERROR chip::Dnssd::DiscoveryImplPlatform::FinalizeServiceUpdate()	8	static
/Users/brady/Downloads/STM32CubeExpansion_MATTER_V1.1.0/Middlewares/Third_Party/connectedhomeip/src/lib/dnssd/Discovery_ImplPlatform.cpp:649:6:virtual void chip::Dnssd::DiscoveryImplPlatform::NodeIdResolutionNoLongerNeeded(const chip::PeerId&)	48	static
../../../../../../../Middlewares/Third_Party/connectedhomeip/src/lib/dnssd/Discovery_ImplPlatform.h:36:7:virtual chip::Dnssd::DiscoveryImplPlatform::~DiscoveryImplPlatform()	8	static
/Users/brady/Downloads/STM32CubeExpansion_MATTER_V1.1.0/Middlewares/Third_Party/connectedhomeip/src/lib/dnssd/Discovery_ImplPlatform.cpp:611:12:virtual CHIP_ERROR chip::Dnssd::DiscoveryImplPlatform::RemoveServices()	8	static
/Users/brady/Downloads/STM32CubeExpansion_MATTER_V1.1.0/Middlewares/Third_Party/connectedhomeip/src/lib/dnssd/Discovery_ImplPlatform.cpp:464:6:static void chip::Dnssd::DiscoveryImplPlatform::HandleDnssdPublish(void*, const char*, const char*, CHIP_ERROR)	16	static
/Users/brady/Downloads/STM32CubeExpansion_MATTER_V1.1.0/Middlewares/Third_Party/connectedhomeip/src/lib/dnssd/Discovery_ImplPlatform.cpp:396:6:static void chip::Dnssd::DiscoveryImplPlatform::HandleDnssdInit(void*, CHIP_ERROR)	48	static
/Users/brady/Downloads/STM32CubeExpansion_MATTER_V1.1.0/Middlewares/Third_Party/connectedhomeip/src/lib/dnssd/Discovery_ImplPlatform.cpp:421:6:static void chip::Dnssd::DiscoveryImplPlatform::HandleDnssdError(void*, CHIP_ERROR)	48	static
/Users/brady/Downloads/STM32CubeExpansion_MATTER_V1.1.0/Middlewares/Third_Party/connectedhomeip/src/lib/dnssd/Discovery_ImplPlatform.cpp:164:12:CHIP_ERROR chip::Dnssd::{anonymous}::CopyTextRecordValue(char*, size_t, chip::Optional<T>) [with T = const char*]	16	static
/Users/brady/Downloads/STM32CubeExpansion_MATTER_V1.1.0/Middlewares/Third_Party/connectedhomeip/src/lib/dnssd/Discovery_ImplPlatform.cpp:746:12:virtual CHIP_ERROR chip::Dnssd::DiscoveryImplPlatform::StopDiscovery(chip::Dnssd::DiscoveryContext&)	0	static
/Users/brady/Downloads/STM32CubeExpansion_MATTER_V1.1.0/Middlewares/Third_Party/connectedhomeip/src/lib/dnssd/Discovery_ImplPlatform.cpp:445:12:virtual CHIP_ERROR chip::Dnssd::DiscoveryImplPlatform::GetCommissionableInstanceName(char*, size_t) const	16	static
../../../../../../../Middlewares/Third_Party/connectedhomeip/src/lib/dnssd/Discovery_ImplPlatform.h:36:7:virtual void* chip::Dnssd::DiscoveryImplPlatform::_ZThn4_N4chip5Dnssd21DiscoveryImplPlatformD1Ev()	0	static
../../../../../../../Middlewares/Third_Party/connectedhomeip/src/lib/dnssd/Discovery_ImplPlatform.h:53:10:virtual void chip::Dnssd::DiscoveryImplPlatform::_ZThn4_N4chip5Dnssd21DiscoveryImplPlatform22SetOperationalDelegateEPNS0_26OperationalResolveDelegateE(chip::Dnssd::OperationalResolveDelegate*)	0	static
/Users/brady/Downloads/STM32CubeExpansion_MATTER_V1.1.0/Middlewares/Third_Party/connectedhomeip/src/lib/dnssd/Discovery_ImplPlatform.cpp:108:12:CHIP_ERROR chip::Dnssd::{anonymous}::AddPtrRecord(chip::Dnssd::DiscoveryFilterType, const char**, size_t&, char*, size_t, uint64_t)	56	static
/Users/brady/Downloads/STM32CubeExpansion_MATTER_V1.1.0/Middlewares/Third_Party/connectedhomeip/src/lib/dnssd/Discovery_ImplPlatform.cpp:207:12:CHIP_ERROR chip::Dnssd::{anonymous}::CopyTxtRecord(chip::Dnssd::TxtFieldKey, char*, size_t, const T&) [with T = chip::Dnssd::BaseAdvertisingParams<chip::Dnssd::CommissionAdvertisingParameters>]	48	static
/Users/brady/Downloads/STM32CubeExpansion_MATTER_V1.1.0/Middlewares/Third_Party/connectedhomeip/src/lib/dnssd/Discovery_ImplPlatform.cpp:264:12:CHIP_ERROR chip::Dnssd::{anonymous}::AddTxtRecord(chip::Dnssd::TxtFieldKey, chip::Dnssd::TextEntry*, size_t&, char*, size_t, const T&) [with T = chip::Dnssd::OperationalAdvertisingParameters]	32	static
/Users/brady/Downloads/STM32CubeExpansion_MATTER_V1.1.0/Middlewares/Third_Party/connectedhomeip/src/lib/dnssd/Discovery_ImplPlatform.cpp:264:12:CHIP_ERROR chip::Dnssd::{anonymous}::AddTxtRecord(chip::Dnssd::TxtFieldKey, chip::Dnssd::TextEntry*, size_t&, char*, size_t, const T&) [with T = chip::Dnssd::CommissionAdvertisingParameters]	88	static
/Users/brady/Downloads/STM32CubeExpansion_MATTER_V1.1.0/Middlewares/Third_Party/connectedhomeip/src/lib/dnssd/Discovery_ImplPlatform.cpp:630:12:virtual CHIP_ERROR chip::Dnssd::DiscoveryImplPlatform::ResolveNodeId(const chip::PeerId&)	152	static
../../../../../../../Middlewares/Third_Party/connectedhomeip/src/lib/dnssd/Types.h:124:10:void chip::Dnssd::CommonResolutionData::Reset()	16	static
../../../../../../../Middlewares/Third_Party/connectedhomeip/src/lib/dnssd/Types.h:98:5:chip::Dnssd::CommonResolutionData::CommonResolutionData()	16	static
../../../../../../../Middlewares/Third_Party/connectedhomeip/src/lib/dnssd/Types.h:223:5:chip::Dnssd::CommissionNodeData::CommissionNodeData()	16	static
/Users/brady/Downloads/STM32CubeExpansion_MATTER_V1.1.0/Middlewares/Third_Party/connectedhomeip/src/lib/dnssd/Discovery_ImplPlatform.cpp:378:12:CHIP_ERROR chip::Dnssd::DiscoveryImplPlatform::InitImpl()	16	static
/Users/brady/Downloads/STM32CubeExpansion_MATTER_V1.1.0/Middlewares/Third_Party/connectedhomeip/src/lib/dnssd/Discovery_ImplPlatform.cpp:760:12:virtual CHIP_ERROR chip::Dnssd::DiscoveryImplPlatform::ReconfirmRecord(const char*, chip::Inet::IPAddress, chip::Inet::InterfaceId)	24	static
../../../../../../../Middlewares/Third_Party/connectedhomeip/src/lib/dnssd/Discovery_ImplPlatform.h:40:16:virtual CHIP_ERROR chip::Dnssd::DiscoveryImplPlatform::Init(chip::Inet::EndPointManager<chip::Inet::UDPEndPoint>*)	0	static
/Users/brady/Downloads/STM32CubeExpansion_MATTER_V1.1.0/Middlewares/Third_Party/connectedhomeip/src/lib/dnssd/Discovery_ImplPlatform.cpp:493:12:CHIP_ERROR chip::Dnssd::DiscoveryImplPlatform::PublishService(const char*, chip::Dnssd::TextEntry*, size_t, const char**, size_t, uint16_t, chip::Inet::InterfaceId, const chip::ByteSpan&, chip::Dnssd::DnssdServiceProtocol, chip::PeerId)	144	static
/Users/brady/Downloads/STM32CubeExpansion_MATTER_V1.1.0/Middlewares/Third_Party/connectedhomeip/src/lib/dnssd/Discovery_ImplPlatform.cpp:477:12:CHIP_ERROR chip::Dnssd::DiscoveryImplPlatform::PublishService(const char*, chip::Dnssd::TextEntry*, size_t, const char**, size_t, const chip::Dnssd::OperationalAdvertisingParameters&)	96	static
/Users/brady/Downloads/STM32CubeExpansion_MATTER_V1.1.0/Middlewares/Third_Party/connectedhomeip/src/lib/dnssd/Discovery_ImplPlatform.cpp:557:12:virtual CHIP_ERROR chip::Dnssd::DiscoveryImplPlatform::Advertise(const chip::Dnssd::OperationalAdvertisingParameters&)	168	static
/Users/brady/Downloads/STM32CubeExpansion_MATTER_V1.1.0/Middlewares/Third_Party/connectedhomeip/src/lib/dnssd/Discovery_ImplPlatform.cpp:485:12:CHIP_ERROR chip::Dnssd::DiscoveryImplPlatform::PublishService(const char*, chip::Dnssd::TextEntry*, size_t, const char**, size_t, const chip::Dnssd::CommissionAdvertisingParameters&)	96	static
/Users/brady/Downloads/STM32CubeExpansion_MATTER_V1.1.0/Middlewares/Third_Party/connectedhomeip/src/lib/dnssd/Discovery_ImplPlatform.cpp:574:12:0(const chip::Dnssd::CommissionAdvertisingParameters&)	656	static
/Users/brady/Downloads/STM32CubeExpansion_MATTER_V1.1.0/Middlewares/Third_Party/connectedhomeip/src/lib/dnssd/Discovery_ImplPlatform.cpp:574:12:virtual CHIP_ERROR chip::Dnssd::DiscoveryImplPlatform::Advertise(const chip::Dnssd::CommissionAdvertisingParameters&)	16	static
/Users/brady/Downloads/STM32CubeExpansion_MATTER_V1.1.0/Middlewares/Third_Party/connectedhomeip/src/lib/dnssd/Discovery_ImplPlatform.cpp:767:25:static chip::Dnssd::DiscoveryImplPlatform& chip::Dnssd::DiscoveryImplPlatform::GetInstance()	0	static
/Users/brady/Downloads/STM32CubeExpansion_MATTER_V1.1.0/Middlewares/Third_Party/connectedhomeip/src/lib/dnssd/Discovery_ImplPlatform.cpp:772:21:static chip::Dnssd::ServiceAdvertiser& chip::Dnssd::ServiceAdvertiser::Instance()	0	static
/Users/brady/Downloads/STM32CubeExpansion_MATTER_V1.1.0/Middlewares/Third_Party/connectedhomeip/src/lib/dnssd/Discovery_ImplPlatform.cpp:777:12:static chip::Dnssd::Resolver& chip::Dnssd::Resolver::Instance()	0	static
../../../../../../../Middlewares/Third_Party/connectedhomeip/src/lib/core/ReferenceCounted.h:68:10:void chip::ReferenceCounted<Subclass, Deletor, kInitRefCount, CounterType>::Release() [with Subclass = chip::Dnssd::DiscoveryContext; Deletor = chip::DeleteDeletor<chip::Dnssd::DiscoveryContext>; int kInitRefCount = 1; CounterType = long unsigned int]	8	static
../../../../../../../Middlewares/Third_Party/connectedhomeip/src/lib/core/ReferenceCounted.h:58:16:Subclass* chip::ReferenceCounted<Subclass, Deletor, kInitRefCount, CounterType>::Retain() [with Subclass = chip::Dnssd::DiscoveryContext; Deletor = chip::DeleteDeletor<chip::Dnssd::DiscoveryContext>; int kInitRefCount = 1; CounterType = long unsigned int]	8	static
/Users/brady/Downloads/STM32CubeExpansion_MATTER_V1.1.0/Middlewares/Third_Party/connectedhomeip/src/lib/dnssd/Discovery_ImplPlatform.cpp:656:12:virtual CHIP_ERROR chip::Dnssd::DiscoveryImplPlatform::DiscoverCommissionableNodes(chip::Dnssd::DiscoveryFilter, chip::Dnssd::DiscoveryContext&)	168	static
/Users/brady/Downloads/STM32CubeExpansion_MATTER_V1.1.0/Middlewares/Third_Party/connectedhomeip/src/lib/dnssd/Discovery_ImplPlatform.cpp:702:12:virtual CHIP_ERROR chip::Dnssd::DiscoveryImplPlatform::DiscoverCommissioners(chip::Dnssd::DiscoveryFilter, chip::Dnssd::DiscoveryContext&)	168	static
../../../../../../../Middlewares/Third_Party/connectedhomeip/src/lib/support/CHIPMemString.h:66:13:void chip::Platform::CopyString(char (&)[N], const char*) [with unsigned int N = 17]	8	static
/Users/brady/Downloads/STM32CubeExpansion_MATTER_V1.1.0/Middlewares/Third_Party/connectedhomeip/src/lib/dnssd/Discovery_ImplPlatform.cpp:278:6:static void chip::Dnssd::DiscoveryImplPlatform::HandleNodeIdResolve(void*, chip::Dnssd::DnssdService*, const chip::Span<chip::Inet::IPAddress>&, CHIP_ERROR)	232	static
/Users/brady/Downloads/STM32CubeExpansion_MATTER_V1.1.0/Middlewares/Third_Party/connectedhomeip/src/lib/dnssd/Discovery_ImplPlatform.cpp:340:6:void chip::Dnssd::DnssdService::ToDiscoveredNodeData(const chip::Span<chip::Inet::IPAddress>&, chip::Dnssd::DiscoveredNodeData&)	48	static
/Users/brady/Downloads/STM32CubeExpansion_MATTER_V1.1.0/Middlewares/Third_Party/connectedhomeip/src/lib/dnssd/Discovery_ImplPlatform.cpp:41:13:void chip::Dnssd::{anonymous}::HandleNodeResolve(void*, chip::Dnssd::DnssdService*, const chip::Span<chip::Inet::IPAddress>&, CHIP_ERROR)	512	static
/Users/brady/Downloads/STM32CubeExpansion_MATTER_V1.1.0/Middlewares/Third_Party/connectedhomeip/src/lib/dnssd/Discovery_ImplPlatform.cpp:41:13:void chip::Dnssd::{anonymous}::HandleNodeResolve(void*, chip::Dnssd::DnssdService*, const chip::Span<chip::Inet::IPAddress>&, CHIP_ERROR)	8	static
/Users/brady/Downloads/STM32CubeExpansion_MATTER_V1.1.0/Middlewares/Third_Party/connectedhomeip/src/lib/dnssd/Discovery_ImplPlatform.cpp:59:13:void chip::Dnssd::{anonymous}::HandleNodeBrowse(void*, chip::Dnssd::DnssdService*, size_t, bool, CHIP_ERROR)	40	static
/Users/brady/Downloads/STM32CubeExpansion_MATTER_V1.1.0/Middlewares/Third_Party/connectedhomeip/src/lib/dnssd/Discovery_ImplPlatform.cpp:783:1:cpp)	8	static
