../../../../../../../Middlewares/Third_Party/connectedhomeip/src/lib/support/CHIPMemString.h:83:13:void chip::Platform::CopyString(char*, size_t, chip::ByteSpan)	24	static
/Users/brady/Downloads/STM32CubeExpansion_MATTER_V1.1.0/Middlewares/Third_Party/connectedhomeip/src/lib/dnssd/TxtFields.cpp:65:10:uint32_t chip::Dnssd::Internal::{anonymous}::MakeU32FromAsciiDecimal(const chip::ByteSpan&, uint32_t)	32	static
/Users/brady/Downloads/STM32CubeExpansion_MATTER_V1.1.0/Middlewares/Third_Party/connectedhomeip/src/lib/dnssd/TxtFields.cpp:91:10:uint16_t chip::Dnssd::Internal::{anonymous}::MakeU16FromAsciiDecimal(const chip::ByteSpan&)	8	static
/Users/brady/Downloads/STM32CubeExpansion_MATTER_V1.1.0/Middlewares/Third_Party/connectedhomeip/src/lib/dnssd/TxtFields.cpp:97:9:uint8_t chip::Dnssd::Internal::{anonymous}::MakeU8FromAsciiDecimal(const chip::ByteSpan&)	8	static
/Users/brady/Downloads/STM32CubeExpansion_MATTER_V1.1.0/Middlewares/Third_Party/connectedhomeip/src/lib/dnssd/TxtFields.cpp:133:10:uint16_t chip::Dnssd::Internal::GetProduct(const chip::ByteSpan&)	16	static
/Users/brady/Downloads/STM32CubeExpansion_MATTER_V1.1.0/Middlewares/Third_Party/connectedhomeip/src/lib/dnssd/TxtFields.cpp:145:10:uint16_t chip::Dnssd::Internal::GetVendor(const chip::ByteSpan&)	16	static
/Users/brady/Downloads/STM32CubeExpansion_MATTER_V1.1.0/Middlewares/Third_Party/connectedhomeip/src/lib/dnssd/TxtFields.cpp:151:10:uint16_t chip::Dnssd::Internal::GetLongDiscriminator(const chip::ByteSpan&)	0	static
/Users/brady/Downloads/STM32CubeExpansion_MATTER_V1.1.0/Middlewares/Third_Party/connectedhomeip/src/lib/dnssd/TxtFields.cpp:156:9:uint8_t chip::Dnssd::Internal::GetCommissioningMode(const chip::ByteSpan&)	0	static
/Users/brady/Downloads/STM32CubeExpansion_MATTER_V1.1.0/Middlewares/Third_Party/connectedhomeip/src/lib/dnssd/TxtFields.cpp:161:10:uint32_t chip::Dnssd::Internal::GetDeviceType(const chip::ByteSpan&)	0	static
/Users/brady/Downloads/STM32CubeExpansion_MATTER_V1.1.0/Middlewares/Third_Party/connectedhomeip/src/lib/dnssd/TxtFields.cpp:166:6:void chip::Dnssd::Internal::GetDeviceName(const chip::ByteSpan&, char*)	8	static
/Users/brady/Downloads/STM32CubeExpansion_MATTER_V1.1.0/Middlewares/Third_Party/connectedhomeip/src/lib/dnssd/TxtFields.cpp:171:6:void chip::Dnssd::Internal::GetRotatingDeviceId(const chip::ByteSpan&, uint8_t*, size_t*)	8	static
/Users/brady/Downloads/STM32CubeExpansion_MATTER_V1.1.0/Middlewares/Third_Party/connectedhomeip/src/lib/dnssd/TxtFields.cpp:176:10:uint16_t chip::Dnssd::Internal::GetPairingHint(const chip::ByteSpan&)	0	static
/Users/brady/Downloads/STM32CubeExpansion_MATTER_V1.1.0/Middlewares/Third_Party/connectedhomeip/src/lib/dnssd/TxtFields.cpp:181:6:void chip::Dnssd::Internal::GetPairingInstruction(const chip::ByteSpan&, char*)	8	static
/Users/brady/Downloads/STM32CubeExpansion_MATTER_V1.1.0/Middlewares/Third_Party/connectedhomeip/src/lib/dnssd/TxtFields.cpp:186:9:uint8_t chip::Dnssd::Internal::GetCommissionerPasscode(const chip::ByteSpan&)	0	static
/Users/brady/Downloads/STM32CubeExpansion_MATTER_V1.1.0/Middlewares/Third_Party/connectedhomeip/src/lib/dnssd/TxtFields.cpp:191:41:chip::Optional<std::chrono::duration<long unsigned int, std::ratio<1, 1000> > > chip::Dnssd::Internal::GetRetryInterval(const chip::ByteSpan&)	8	static
/Users/brady/Downloads/STM32CubeExpansion_MATTER_V1.1.0/Middlewares/Third_Party/connectedhomeip/src/lib/dnssd/TxtFields.cpp:202:41:chip::Optional<std::chrono::duration<short unsigned int, std::ratio<1, 1000> > > chip::Dnssd::Internal::GetRetryActiveThreshold(const chip::ByteSpan&)	8	static
/Users/brady/Downloads/STM32CubeExpansion_MATTER_V1.1.0/Middlewares/Third_Party/connectedhomeip/src/lib/dnssd/TxtFields.cpp:214:13:chip::Dnssd::TxtFieldKey chip::Dnssd::Internal::GetTxtFieldKey(const chip::ByteSpan&)	32	static
/Users/brady/Downloads/STM32CubeExpansion_MATTER_V1.1.0/Middlewares/Third_Party/connectedhomeip/src/lib/dnssd/TxtFields.cpp:228:6:void chip::Dnssd::FillNodeDataFromTxt(const chip::ByteSpan&, const chip::ByteSpan&, CommissionNodeData&)	16	static
/Users/brady/Downloads/STM32CubeExpansion_MATTER_V1.1.0/Middlewares/Third_Party/connectedhomeip/src/lib/dnssd/TxtFields.cpp:266:6:void chip::Dnssd::FillNodeDataFromTxt(const chip::ByteSpan&, const chip::ByteSpan&, CommonResolutionData&)	24	static
