../../../../../../../Middlewares/Third_Party/connectedhomeip/src/app/AttributeAccessInterface.h:444:24:virtual CHIP_ERROR chip::app::AttributeAccessInterface::Write(const chip::app::ConcreteDataAttributePath&, chip::app::AttributeValueDecoder&)	0	static
../../../../../../../Middlewares/Third_Party/connectedhomeip/src/app/AttributeAccessInterface.h:456:18:virtual void chip::app::AttributeAccessInterface::OnListWriteBegin(const chip::app::ConcreteAttributePath&)	0	static
../../../../../../../Middlewares/Third_Party/connectedhomeip/src/app/AttributeAccessInterface.h:471:18:virtual void chip::app::AttributeAccessInterface::OnListWriteEnd(const chip::app::ConcreteAttributePath&, bool)	0	static
/Users/brady/Downloads/STM32CubeExpansion_MATTER_V1.1.0/Middlewares/Third_Party/connectedhomeip/src/app/clusters/descriptor/descriptor.cpp:41:7:{anonymous}::DescriptorAttrAccess::~DescriptorAttrAccess()	0	static
/Users/brady/Downloads/STM32CubeExpansion_MATTER_V1.1.0/Middlewares/Third_Party/connectedhomeip/src/app/clusters/descriptor/descriptor.cpp:41:7:virtual {anonymous}::DescriptorAttrAccess::~DescriptorAttrAccess()	8	static
../../../../../../../Middlewares/Third_Party/connectedhomeip/src/app/AttributeAccessInterface.h:259:16:) [with Ts = {short unsigned int&}]	0	static
../../../../../../../Middlewares/Third_Party/connectedhomeip/src/app/MessageDef/Builder.h:79:10:void chip::app::Builder::Checkpoint(chip::TLV::TLVWriter&)	0	static
../../../../../../../Middlewares/Third_Party/connectedhomeip/src/app/MessageDef/Builder.h:86:10:void chip::app::Builder::Rollback(const chip::TLV::TLVWriter&)	4	static
/Users/brady/Downloads/STM32CubeExpansion_MATTER_V1.1.0/Middlewares/Third_Party/connectedhomeip/src/app/clusters/descriptor/descriptor.cpp:184:12:CHIP_ERROR {anonymous}::DescriptorAttrAccess::ReadClientServerAttribute(chip::EndpointId, chip::app::AttributeValueEncoder&, bool)	96	static
/Users/brady/Downloads/STM32CubeExpansion_MATTER_V1.1.0/Middlewares/Third_Party/connectedhomeip/src/app/clusters/descriptor/descriptor.cpp:243:6:void MatterDescriptorPluginServerInitCallback()	0	static
../../../../../../../Middlewares/Third_Party/connectedhomeip/src/app/AttributeAccessInterface.h:259:16:) [with Ts = {short unsigned int}]	72	static
/Users/brady/Downloads/STM32CubeExpansion_MATTER_V1.1.0/Middlewares/Third_Party/connectedhomeip/src/app/clusters/descriptor/descriptor.cpp:208:12:virtual CHIP_ERROR {anonymous}::DescriptorAttrAccess::Read(const chip::app::ConcreteReadAttributePath&, chip::app::AttributeValueEncoder&)	128	static
/Users/brady/Downloads/STM32CubeExpansion_MATTER_V1.1.0/Middlewares/Third_Party/connectedhomeip/src/app/clusters/descriptor/descriptor.cpp:246:1:cpp)	0	static
