../../../../../../../Middlewares/Third_Party/connectedhomeip/src/lib/core/DataModelTypes.h:97:16:constexpr bool chip::IsValidClusterId(ClusterId)	0	static
../../../../../../../Middlewares/Third_Party/connectedhomeip/src/lib/core/DataModelTypes.h:117:16:constexpr bool chip::IsValidAttributeId(AttributeId)	0	static
/Users/brady/Downloads/STM32CubeExpansion_MATTER_V1.1.0/Middlewares/Third_Party/connectedhomeip/src/app/MessageDef/AttributePathIB.cpp:139:12:CHIP_ERROR chip::app::AttributePathIB::Parser::GetEnableTagCompression(bool*) const	80	static
/Users/brady/Downloads/STM32CubeExpansion_MATTER_V1.1.0/Middlewares/Third_Party/connectedhomeip/src/app/MessageDef/AttributePathIB.cpp:144:12:CHIP_ERROR chip::app::AttributePathIB::Parser::GetNode(chip::NodeId*) const	80	static
/Users/brady/Downloads/STM32CubeExpansion_MATTER_V1.1.0/Middlewares/Third_Party/connectedhomeip/src/app/MessageDef/AttributePathIB.cpp:169:12:CHIP_ERROR chip::app::AttributePathIB::Parser::GetListIndex(chip::app::DataModel::Nullable<short unsigned int>*) const	88	static
/Users/brady/Downloads/STM32CubeExpansion_MATTER_V1.1.0/Middlewares/Third_Party/connectedhomeip/src/app/MessageDef/AttributePathIB.cpp:277:28:chip::app::AttributePathIB::Builder& chip::app::AttributePathIB::Builder::EnableTagCompression(bool)	16	static
/Users/brady/Downloads/STM32CubeExpansion_MATTER_V1.1.0/Middlewares/Third_Party/connectedhomeip/src/app/MessageDef/AttributePathIB.cpp:287:28:chip::app::AttributePathIB::Builder& chip::app::AttributePathIB::Builder::Node(chip::NodeId)	16	static
/Users/brady/Downloads/STM32CubeExpansion_MATTER_V1.1.0/Middlewares/Third_Party/connectedhomeip/src/app/MessageDef/AttributePathIB.cpp:297:28:chip::app::AttributePathIB::Builder& chip::app::AttributePathIB::Builder::Endpoint(chip::EndpointId)	16	static
/Users/brady/Downloads/STM32CubeExpansion_MATTER_V1.1.0/Middlewares/Third_Party/connectedhomeip/src/app/MessageDef/AttributePathIB.cpp:307:28:chip::app::AttributePathIB::Builder& chip::app::AttributePathIB::Builder::Cluster(chip::ClusterId)	16	static
/Users/brady/Downloads/STM32CubeExpansion_MATTER_V1.1.0/Middlewares/Third_Party/connectedhomeip/src/app/MessageDef/AttributePathIB.cpp:317:28:chip::app::AttributePathIB::Builder& chip::app::AttributePathIB::Builder::Attribute(chip::AttributeId)	16	static
/Users/brady/Downloads/STM32CubeExpansion_MATTER_V1.1.0/Middlewares/Third_Party/connectedhomeip/src/app/MessageDef/AttributePathIB.cpp:327:28:chip::app::AttributePathIB::Builder& chip::app::AttributePathIB::Builder::ListIndex(const chip::app::DataModel::Nullable<short unsigned int>&)	16	static
/Users/brady/Downloads/STM32CubeExpansion_MATTER_V1.1.0/Middlewares/Third_Party/connectedhomeip/src/app/MessageDef/AttributePathIB.cpp:337:28:chip::app::AttributePathIB::Builder& chip::app::AttributePathIB::Builder::ListIndex(chip::ListIndex)	16	static
/Users/brady/Downloads/STM32CubeExpansion_MATTER_V1.1.0/Middlewares/Third_Party/connectedhomeip/src/app/MessageDef/AttributePathIB.cpp:347:12:CHIP_ERROR chip::app::AttributePathIB::Builder::EndOfAttributePathIB()	8	static
/Users/brady/Downloads/STM32CubeExpansion_MATTER_V1.1.0/Middlewares/Third_Party/connectedhomeip/src/app/MessageDef/AttributePathIB.cpp:353:12:CHIP_ERROR chip::app::AttributePathIB::Builder::Encode(const chip::app::AttributePathParams&)	16	static
/Users/brady/Downloads/STM32CubeExpansion_MATTER_V1.1.0/Middlewares/Third_Party/connectedhomeip/src/app/MessageDef/AttributePathIB.cpp:378:12:CHIP_ERROR chip::app::AttributePathIB::Builder::Encode(const chip::app::ConcreteDataAttributePath&)	24	static
/Users/brady/Downloads/STM32CubeExpansion_MATTER_V1.1.0/Middlewares/Third_Party/connectedhomeip/src/app/MessageDef/Parser.h:113:16:CHIP_ERROR chip::app::Parser::GetSimpleValue(uint8_t, chip::TLV::TLVType, T*) const [with T = short unsigned int]	88	static
/Users/brady/Downloads/STM32CubeExpansion_MATTER_V1.1.0/Middlewares/Third_Party/connectedhomeip/src/app/MessageDef/AttributePathIB.cpp:164:12:CHIP_ERROR chip::app::AttributePathIB::Parser::GetListIndex(chip::ListIndex*) const	8	static
/Users/brady/Downloads/STM32CubeExpansion_MATTER_V1.1.0/Middlewares/Third_Party/connectedhomeip/src/app/MessageDef/AttributePathIB.cpp:149:12:CHIP_ERROR chip::app::AttributePathIB::Parser::GetEndpoint(chip::EndpointId*) const	8	static
/Users/brady/Downloads/STM32CubeExpansion_MATTER_V1.1.0/Middlewares/Third_Party/connectedhomeip/src/app/MessageDef/Parser.h:113:16:CHIP_ERROR chip::app::Parser::GetSimpleValue(uint8_t, chip::TLV::TLVType, T*) const [with T = long unsigned int]	88	static
/Users/brady/Downloads/STM32CubeExpansion_MATTER_V1.1.0/Middlewares/Third_Party/connectedhomeip/src/app/MessageDef/AttributePathIB.cpp:159:12:CHIP_ERROR chip::app::AttributePathIB::Parser::GetAttribute(chip::AttributeId*) const	8	static
/Users/brady/Downloads/STM32CubeExpansion_MATTER_V1.1.0/Middlewares/Third_Party/connectedhomeip/src/app/MessageDef/AttributePathIB.cpp:154:12:CHIP_ERROR chip::app::AttributePathIB::Parser::GetCluster(chip::ClusterId*) const	8	static
/Users/brady/Downloads/STM32CubeExpansion_MATTER_V1.1.0/Middlewares/Third_Party/connectedhomeip/src/app/MessageDef/AttributePathIB.cpp:220:12:CHIP_ERROR chip::app::AttributePathIB::Parser::ParsePath(chip::app::AttributePathParams&) const	16	static
/Users/brady/Downloads/STM32CubeExpansion_MATTER_V1.1.0/Middlewares/Third_Party/connectedhomeip/src/app/MessageDef/AttributePathIB.cpp:174:12:CHIP_ERROR chip::app::AttributePathIB::Parser::GetGroupAttributePath(chip::app::ConcreteDataAttributePath&, chip::app::AttributePathIB::ValidateIdRanges) const	24	static
/Users/brady/Downloads/STM32CubeExpansion_MATTER_V1.1.0/Middlewares/Third_Party/connectedhomeip/src/app/MessageDef/AttributePathIB.cpp:211:12:CHIP_ERROR chip::app::AttributePathIB::Parser::GetConcreteAttributePath(chip::app::ConcreteDataAttributePath&, chip::app::AttributePathIB::ValidateIdRanges) const	16	static
