/Users/brady/Downloads/STM32CubeExpansion_MATTER_V1.1.0/Middlewares/Third_Party/connectedhomeip/src/app/MessageDef/AttributeStatusIB.cpp:88:12:CHIP_ERROR chip::app::AttributeStatusIB::Parser::GetPath(chip::app::AttributePathIB::Parser*) const	80	static
/Users/brady/Downloads/STM32CubeExpansion_MATTER_V1.1.0/Middlewares/Third_Party/connectedhomeip/src/app/MessageDef/AttributeStatusIB.cpp:95:12:CHIP_ERROR chip::app::AttributeStatusIB::Parser::GetErrorStatus(chip::app::StatusIB::Parser*) const	80	static
/Users/brady/Downloads/STM32CubeExpansion_MATTER_V1.1.0/Middlewares/Third_Party/connectedhomeip/src/app/MessageDef/AttributeStatusIB.cpp:102:28:chip::app::AttributePathIB::Builder& chip::app::AttributeStatusIB::Builder::CreatePath()	16	static
/Users/brady/Downloads/STM32CubeExpansion_MATTER_V1.1.0/Middlewares/Third_Party/connectedhomeip/src/app/MessageDef/AttributeStatusIB.cpp:111:21:chip::app::StatusIB::Builder& chip::app::AttributeStatusIB::Builder::CreateErrorStatus()	16	static
/Users/brady/Downloads/STM32CubeExpansion_MATTER_V1.1.0/Middlewares/Third_Party/connectedhomeip/src/app/MessageDef/AttributeStatusIB.cpp:120:12:CHIP_ERROR chip::app::AttributeStatusIB::Builder::EndOfAttributeStatusIB()	8	static
