/Users/brady/Downloads/STM32CubeExpansion_MATTER_V1.1.0/Middlewares/Third_Party/connectedhomeip/src/app/MessageDef/ClusterPathIB.cpp:100:12:CHIP_ERROR chip::app::ClusterPathIB::Parser::GetNode(chip::NodeId*) const	88	static
/Users/brady/Downloads/STM32CubeExpansion_MATTER_V1.1.0/Middlewares/Third_Party/connectedhomeip/src/app/MessageDef/ClusterPathIB.cpp:105:12:CHIP_ERROR chip::app::ClusterPathIB::Parser::GetEndpoint(chip::EndpointId*) const	80	static
/Users/brady/Downloads/STM32CubeExpansion_MATTER_V1.1.0/Middlewares/Third_Party/connectedhomeip/src/app/MessageDef/ClusterPathIB.cpp:110:12:CHIP_ERROR chip::app::ClusterPathIB::Parser::GetCluster(chip::ClusterId*) const	80	static
/Users/brady/Downloads/STM32CubeExpansion_MATTER_V1.1.0/Middlewares/Third_Party/connectedhomeip/src/app/MessageDef/ClusterPathIB.cpp:115:26:chip::app::ClusterPathIB::Builder& chip::app::ClusterPathIB::Builder::Node(chip::NodeId)	16	static
/Users/brady/Downloads/STM32CubeExpansion_MATTER_V1.1.0/Middlewares/Third_Party/connectedhomeip/src/app/MessageDef/ClusterPathIB.cpp:125:26:chip::app::ClusterPathIB::Builder& chip::app::ClusterPathIB::Builder::Endpoint(chip::EndpointId)	16	static
/Users/brady/Downloads/STM32CubeExpansion_MATTER_V1.1.0/Middlewares/Third_Party/connectedhomeip/src/app/MessageDef/ClusterPathIB.cpp:135:26:chip::app::ClusterPathIB::Builder& chip::app::ClusterPathIB::Builder::Cluster(chip::ClusterId)	16	static
/Users/brady/Downloads/STM32CubeExpansion_MATTER_V1.1.0/Middlewares/Third_Party/connectedhomeip/src/app/MessageDef/ClusterPathIB.cpp:145:12:CHIP_ERROR chip::app::ClusterPathIB::Builder::EndOfClusterPathIB()	8	static
