/Users/brady/Downloads/STM32CubeExpansion_MATTER_V1.1.0/Middlewares/Third_Party/connectedhomeip/src/app/MessageDef/CommandStatusIB.cpp:105:12:CHIP_ERROR chip::app::CommandStatusIB::Parser::GetPath(chip::app::CommandPathIB::Parser*) const	80	static
/Users/brady/Downloads/STM32CubeExpansion_MATTER_V1.1.0/Middlewares/Third_Party/connectedhomeip/src/app/MessageDef/CommandStatusIB.cpp:112:12:CHIP_ERROR chip::app::CommandStatusIB::Parser::GetErrorStatus(chip::app::StatusIB::Parser*) const	80	static
/Users/brady/Downloads/STM32CubeExpansion_MATTER_V1.1.0/Middlewares/Third_Party/connectedhomeip/src/app/MessageDef/CommandStatusIB.cpp:119:12:CHIP_ERROR chip::app::CommandStatusIB::Parser::GetRef(uint16_t*) const	80	static
/Users/brady/Downloads/STM32CubeExpansion_MATTER_V1.1.0/Middlewares/Third_Party/connectedhomeip/src/app/MessageDef/CommandStatusIB.cpp:124:26:chip::app::CommandPathIB::Builder& chip::app::CommandStatusIB::Builder::CreatePath()	16	static
/Users/brady/Downloads/STM32CubeExpansion_MATTER_V1.1.0/Middlewares/Third_Party/connectedhomeip/src/app/MessageDef/CommandStatusIB.cpp:133:21:chip::app::StatusIB::Builder& chip::app::CommandStatusIB::Builder::CreateErrorStatus()	16	static
/Users/brady/Downloads/STM32CubeExpansion_MATTER_V1.1.0/Middlewares/Third_Party/connectedhomeip/src/app/MessageDef/CommandStatusIB.cpp:142:12:CHIP_ERROR chip::app::CommandStatusIB::Builder::Ref(uint16_t)	16	static
/Users/brady/Downloads/STM32CubeExpansion_MATTER_V1.1.0/Middlewares/Third_Party/connectedhomeip/src/app/MessageDef/CommandStatusIB.cpp:147:12:CHIP_ERROR chip::app::CommandStatusIB::Builder::EndOfCommandStatusIB()	8	static
