/Users/brady/Downloads/STM32CubeExpansion_MATTER_V1.1.0/Middlewares/Third_Party/connectedhomeip/src/app/MessageDef/EventReportIB.cpp:89:12:CHIP_ERROR chip::app::EventReportIB::Parser::GetEventStatus(chip::app::EventStatusIB::Parser*) const	80	static
/Users/brady/Downloads/STM32CubeExpansion_MATTER_V1.1.0/Middlewares/Third_Party/connectedhomeip/src/app/MessageDef/EventReportIB.cpp:96:12:CHIP_ERROR chip::app::EventReportIB::Parser::GetEventData(chip::app::EventDataIB::Parser*) const	80	static
/Users/brady/Downloads/STM32CubeExpansion_MATTER_V1.1.0/Middlewares/Third_Party/connectedhomeip/src/app/MessageDef/EventReportIB.cpp:103:26:chip::app::EventStatusIB::Builder& chip::app::EventReportIB::Builder::CreateEventStatus()	16	static
/Users/brady/Downloads/STM32CubeExpansion_MATTER_V1.1.0/Middlewares/Third_Party/connectedhomeip/src/app/MessageDef/EventReportIB.cpp:112:24:chip::app::EventDataIB::Builder& chip::app::EventReportIB::Builder::CreateEventData()	16	static
/Users/brady/Downloads/STM32CubeExpansion_MATTER_V1.1.0/Middlewares/Third_Party/connectedhomeip/src/app/MessageDef/EventReportIB.cpp:121:12:CHIP_ERROR chip::app::EventReportIB::Builder::EndOfEventReportIB()	8	static
/Users/brady/Downloads/STM32CubeExpansion_MATTER_V1.1.0/Middlewares/Third_Party/connectedhomeip/src/app/MessageDef/EventReportIB.cpp:127:12:CHIP_ERROR chip::app::EventReportIB::ConstructEventStatusIB(chip::TLV::TLVWriter&, const chip::app::ConcreteEventPath&, chip::app::StatusIB)	96	static
