/Users/brady/Downloads/STM32CubeExpansion_MATTER_V1.1.0/Middlewares/Third_Party/connectedhomeip/src/app/MessageDef/EventPathIB.cpp:127:12:CHIP_ERROR chip::app::EventPathIB::Parser::GetNode(chip::NodeId*) const	88	static
/Users/brady/Downloads/STM32CubeExpansion_MATTER_V1.1.0/Middlewares/Third_Party/connectedhomeip/src/app/MessageDef/EventPathIB.cpp:132:12:CHIP_ERROR chip::app::EventPathIB::Parser::GetEndpoint(chip::EndpointId*) const	80	static
/Users/brady/Downloads/STM32CubeExpansion_MATTER_V1.1.0/Middlewares/Third_Party/connectedhomeip/src/app/MessageDef/EventPathIB.cpp:155:12:CHIP_ERROR chip::app::EventPathIB::Parser::GetIsUrgent(bool*) const	80	static
/Users/brady/Downloads/STM32CubeExpansion_MATTER_V1.1.0/Middlewares/Third_Party/connectedhomeip/src/app/MessageDef/EventPathIB.cpp:204:24:chip::app::EventPathIB::Builder& chip::app::EventPathIB::Builder::Node(chip::NodeId)	16	static
/Users/brady/Downloads/STM32CubeExpansion_MATTER_V1.1.0/Middlewares/Third_Party/connectedhomeip/src/app/MessageDef/EventPathIB.cpp:214:24:chip::app::EventPathIB::Builder& chip::app::EventPathIB::Builder::Endpoint(chip::EndpointId)	16	static
/Users/brady/Downloads/STM32CubeExpansion_MATTER_V1.1.0/Middlewares/Third_Party/connectedhomeip/src/app/MessageDef/EventPathIB.cpp:224:24:chip::app::EventPathIB::Builder& chip::app::EventPathIB::Builder::Cluster(chip::ClusterId)	16	static
/Users/brady/Downloads/STM32CubeExpansion_MATTER_V1.1.0/Middlewares/Third_Party/connectedhomeip/src/app/MessageDef/EventPathIB.cpp:234:24:chip::app::EventPathIB::Builder& chip::app::EventPathIB::Builder::Event(chip::EventId)	16	static
/Users/brady/Downloads/STM32CubeExpansion_MATTER_V1.1.0/Middlewares/Third_Party/connectedhomeip/src/app/MessageDef/EventPathIB.cpp:244:24:chip::app::EventPathIB::Builder& chip::app::EventPathIB::Builder::IsUrgent(bool)	16	static
/Users/brady/Downloads/STM32CubeExpansion_MATTER_V1.1.0/Middlewares/Third_Party/connectedhomeip/src/app/MessageDef/EventPathIB.cpp:254:12:CHIP_ERROR chip::app::EventPathIB::Builder::EndOfEventPathIB()	8	static
/Users/brady/Downloads/STM32CubeExpansion_MATTER_V1.1.0/Middlewares/Third_Party/connectedhomeip/src/app/MessageDef/EventPathIB.cpp:260:12:CHIP_ERROR chip::app::EventPathIB::Builder::Encode(const chip::app::EventPathParams&)	16	static
/Users/brady/Downloads/STM32CubeExpansion_MATTER_V1.1.0/Middlewares/Third_Party/connectedhomeip/src/app/MessageDef/Parser.h:113:16:CHIP_ERROR chip::app::Parser::GetSimpleValue(uint8_t, chip::TLV::TLVType, T*) const [with T = long unsigned int]	88	static
/Users/brady/Downloads/STM32CubeExpansion_MATTER_V1.1.0/Middlewares/Third_Party/connectedhomeip/src/app/MessageDef/EventPathIB.cpp:137:12:CHIP_ERROR chip::app::EventPathIB::Parser::GetCluster(chip::ClusterId*) const	8	static
/Users/brady/Downloads/STM32CubeExpansion_MATTER_V1.1.0/Middlewares/Third_Party/connectedhomeip/src/app/MessageDef/EventPathIB.cpp:142:12:CHIP_ERROR chip::app::EventPathIB::Parser::GetEvent(chip::EventId*) const	8	static
/Users/brady/Downloads/STM32CubeExpansion_MATTER_V1.1.0/Middlewares/Third_Party/connectedhomeip/src/app/MessageDef/EventPathIB.cpp:147:12:CHIP_ERROR chip::app::EventPathIB::Parser::GetEventPath(chip::app::ConcreteEventPath*) const	16	static
/Users/brady/Downloads/STM32CubeExpansion_MATTER_V1.1.0/Middlewares/Third_Party/connectedhomeip/src/app/MessageDef/EventPathIB.cpp:160:12:CHIP_ERROR chip::app::EventPathIB::Parser::ParsePath(chip::app::EventPathParams&) const	16	static
