/Users/brady/Downloads/STM32CubeExpansion_MATTER_V1.1.0/Middlewares/Third_Party/connectedhomeip/src/app/MessageDef/EventFilterIB.cpp:102:26:chip::app::EventFilterIB::Builder& chip::app::EventFilterIB::Builder::Node(chip::NodeId)	16	static
/Users/brady/Downloads/STM32CubeExpansion_MATTER_V1.1.0/Middlewares/Third_Party/connectedhomeip/src/app/MessageDef/EventFilterIB.cpp:112:26:chip::app::EventFilterIB::Builder& chip::app::EventFilterIB::Builder::EventMin(uint64_t)	16	static
/Users/brady/Downloads/STM32CubeExpansion_MATTER_V1.1.0/Middlewares/Third_Party/connectedhomeip/src/app/MessageDef/EventFilterIB.cpp:122:12:CHIP_ERROR chip::app::EventFilterIB::Builder::EndOfEventFilterIB()	8	static
/Users/brady/Downloads/STM32CubeExpansion_MATTER_V1.1.0/Middlewares/Third_Party/connectedhomeip/src/app/MessageDef/Parser.h:113:16:CHIP_ERROR chip::app::Parser::GetSimpleValue(uint8_t, chip::TLV::TLVType, T*) const [with T = long long unsigned int]	88	static
/Users/brady/Downloads/STM32CubeExpansion_MATTER_V1.1.0/Middlewares/Third_Party/connectedhomeip/src/app/MessageDef/EventFilterIB.cpp:92:12:CHIP_ERROR chip::app::EventFilterIB::Parser::GetNode(chip::NodeId*) const	8	static
/Users/brady/Downloads/STM32CubeExpansion_MATTER_V1.1.0/Middlewares/Third_Party/connectedhomeip/src/app/MessageDef/EventFilterIB.cpp:97:12:CHIP_ERROR chip::app::EventFilterIB::Parser::GetEventMin(uint64_t*) const	8	static
