/Users/brady/Downloads/STM32CubeExpansion_MATTER_V1.1.0/Middlewares/Third_Party/connectedhomeip/src/app/MessageDef/InvokeResponseIBs.cpp:73:12:CHIP_ERROR chip::app::InvokeResponseIBs::Builder::InitWithEndBufferReserved(chip::TLV::TLVWriter*, uint8_t)	8	static
/Users/brady/Downloads/STM32CubeExpansion_MATTER_V1.1.0/Middlewares/Third_Party/connectedhomeip/src/app/MessageDef/InvokeResponseIBs.cpp:81:29:chip::app::InvokeResponseIB::Builder& chip::app::InvokeResponseIBs::Builder::CreateInvokeResponse()	16	static
/Users/brady/Downloads/STM32CubeExpansion_MATTER_V1.1.0/Middlewares/Third_Party/connectedhomeip/src/app/MessageDef/InvokeResponseIBs.cpp:90:12:CHIP_ERROR chip::app::InvokeResponseIBs::Builder::EndOfInvokeResponses()	8	static
/Users/brady/Downloads/STM32CubeExpansion_MATTER_V1.1.0/Middlewares/Third_Party/connectedhomeip/src/app/MessageDef/InvokeResponseIBs.cpp:104:10:uint32_t chip::app::InvokeResponseIBs::Builder::GetSizeToEndInvokeResponses()	0	static
