/Users/brady/Downloads/STM32CubeExpansion_MATTER_V1.1.0/Middlewares/Third_Party/connectedhomeip/src/app/MessageDef/InvokeRequests.cpp:73:12:CHIP_ERROR chip::app::InvokeRequests::Builder::InitWithEndBufferReserved(chip::TLV::TLVWriter*, uint8_t)	8	static
/Users/brady/Downloads/STM32CubeExpansion_MATTER_V1.1.0/Middlewares/Third_Party/connectedhomeip/src/app/MessageDef/InvokeRequests.cpp:81:26:chip::app::CommandDataIB::Builder& chip::app::InvokeRequests::Builder::CreateCommandData()	16	static
/Users/brady/Downloads/STM32CubeExpansion_MATTER_V1.1.0/Middlewares/Third_Party/connectedhomeip/src/app/MessageDef/InvokeRequests.cpp:90:12:CHIP_ERROR chip::app::InvokeRequests::Builder::EndOfInvokeRequests()	8	static
/Users/brady/Downloads/STM32CubeExpansion_MATTER_V1.1.0/Middlewares/Third_Party/connectedhomeip/src/app/MessageDef/InvokeRequests.cpp:104:10:uint32_t chip::app::InvokeRequests::Builder::GetSizeToEndInvokeRequests()	0	static
