/Users/brady/Downloads/STM32CubeExpansion_MATTER_V1.1.0/Middlewares/Third_Party/connectedhomeip/src/crypto/CHIPCryptoPAL.cpp:349:12:virtual CHIP_ERROR chip::Crypto::Spake2p::ComputeRoundOne(const uint8_t*, size_t, uint8_t*, size_t*)	32	static
/Users/brady/Downloads/STM32CubeExpansion_MATTER_V1.1.0/Middlewares/Third_Party/connectedhomeip/src/crypto/CHIPCryptoPAL.cpp:993:19:CHIP_ERROR chip::Crypto::GenerateCertificationRequestInformation(chip::ASN1::ASN1Writer&, const P256PublicKey&)	16	static
/Users/brady/Downloads/STM32CubeExpansion_MATTER_V1.1.0/Middlewares/Third_Party/connectedhomeip/src/crypto/CHIPCryptoPAL.cpp:470:12:virtual CHIP_ERROR chip::Crypto::Spake2p::KeyConfirm(const uint8_t*, size_t)	120	static
/Users/brady/Downloads/STM32CubeExpansion_MATTER_V1.1.0/Middlewares/Third_Party/connectedhomeip/src/crypto/CHIPCryptoPAL.cpp:178:12:constprop(const chip::ByteSpan&, const char*, uint16_t&)	56	static
/Users/brady/Downloads/STM32CubeExpansion_MATTER_V1.1.0/Middlewares/Third_Party/connectedhomeip/src/crypto/CHIPCryptoPAL.cpp:241:12:CHIP_ERROR chip::Crypto::Spake2p::InternalHash(const uint8_t*, size_t)	24	static
/Users/brady/Downloads/STM32CubeExpansion_MATTER_V1.1.0/Middlewares/Third_Party/connectedhomeip/src/crypto/CHIPCryptoPAL.cpp:291:12:virtual CHIP_ERROR chip::Crypto::Spake2p::Init(const uint8_t*, size_t)	24	static
/Users/brady/Downloads/STM32CubeExpansion_MATTER_V1.1.0/Middlewares/Third_Party/connectedhomeip/src/crypto/CHIPCryptoPAL.cpp:264:1:chip::Crypto::Spake2p::Spake2p(size_t, size_t, size_t)	12	static
/Users/brady/Downloads/STM32CubeExpansion_MATTER_V1.1.0/Middlewares/Third_Party/connectedhomeip/src/crypto/CHIPCryptoPAL.cpp:307:12:CHIP_ERROR chip::Crypto::Spake2p::WriteMN()	8	static
/Users/brady/Downloads/STM32CubeExpansion_MATTER_V1.1.0/Middlewares/Third_Party/connectedhomeip/src/crypto/CHIPCryptoPAL.cpp:315:12:virtual CHIP_ERROR chip::Crypto::Spake2p::BeginVerifier(const uint8_t*, size_t, const uint8_t*, size_t, const uint8_t*, size_t, const uint8_t*, size_t)	16	static
/Users/brady/Downloads/STM32CubeExpansion_MATTER_V1.1.0/Middlewares/Third_Party/connectedhomeip/src/crypto/CHIPCryptoPAL.cpp:332:12:virtual CHIP_ERROR chip::Crypto::Spake2p::BeginProver(const uint8_t*, size_t, const uint8_t*, size_t, const uint8_t*, size_t, const uint8_t*, size_t)	16	static
/Users/brady/Downloads/STM32CubeExpansion_MATTER_V1.1.0/Middlewares/Third_Party/connectedhomeip/src/crypto/CHIPCryptoPAL.cpp:458:12:CHIP_ERROR chip::Crypto::Spake2p::GenerateKeys()	48	static
/Users/brady/Downloads/STM32CubeExpansion_MATTER_V1.1.0/Middlewares/Third_Party/connectedhomeip/src/crypto/CHIPCryptoPAL.cpp:383:12:virtual CHIP_ERROR chip::Crypto::Spake2p::ComputeRoundTwo(const uint8_t*, size_t, uint8_t*, size_t*)	128	static
/Users/brady/Downloads/STM32CubeExpansion_MATTER_V1.1.0/Middlewares/Third_Party/connectedhomeip/src/crypto/CHIPCryptoPAL.cpp:511:12:virtual CHIP_ERROR chip::Crypto::Spake2p_P256_SHA256_HKDF_HMAC::InitImpl()	8	static
/Users/brady/Downloads/STM32CubeExpansion_MATTER_V1.1.0/Middlewares/Third_Party/connectedhomeip/src/crypto/CHIPCryptoPAL.cpp:524:12:virtual CHIP_ERROR chip::Crypto::Spake2p_P256_SHA256_HKDF_HMAC::HashFinalize(chip::MutableByteSpan&)	8	static
/Users/brady/Downloads/STM32CubeExpansion_MATTER_V1.1.0/Middlewares/Third_Party/connectedhomeip/src/crypto/CHIPCryptoPAL.cpp:530:12:virtual CHIP_ERROR chip::Crypto::Spake2p_P256_SHA256_HKDF_HMAC::KDF(const uint8_t*, size_t, const uint8_t*, size_t, const uint8_t*, size_t, uint8_t*, size_t)	40	static
/Users/brady/Downloads/STM32CubeExpansion_MATTER_V1.1.0/Middlewares/Third_Party/connectedhomeip/src/crypto/CHIPCryptoPAL.cpp:541:12:virtual CHIP_ERROR chip::Crypto::Spake2p_P256_SHA256_HKDF_HMAC::ComputeW0(uint8_t*, size_t*, const uint8_t*, size_t)	24	static
/Users/brady/Downloads/STM32CubeExpansion_MATTER_V1.1.0/Middlewares/Third_Party/connectedhomeip/src/crypto/CHIPCryptoPAL.cpp:549:12:CHIP_ERROR chip::Crypto::Spake2pVerifier::Serialize(chip::MutableByteSpan&) const	8	static
/Users/brady/Downloads/STM32CubeExpansion_MATTER_V1.1.0/Middlewares/Third_Party/connectedhomeip/src/crypto/CHIPCryptoPAL.cpp:561:12:CHIP_ERROR chip::Crypto::Spake2pVerifier::Deserialize(const chip::ByteSpan&)	16	static
/Users/brady/Downloads/STM32CubeExpansion_MATTER_V1.1.0/Middlewares/Third_Party/connectedhomeip/src/crypto/CHIPCryptoPAL.cpp:599:12:static CHIP_ERROR chip::Crypto::Spake2pVerifier::ComputeWS(uint32_t, const chip::ByteSpan&, uint32_t, uint8_t*, uint32_t)	40	static
/Users/brady/Downloads/STM32CubeExpansion_MATTER_V1.1.0/Middlewares/Third_Party/connectedhomeip/src/crypto/CHIPCryptoPAL.cpp:571:12:CHIP_ERROR chip::Crypto::Spake2pVerifier::Generate(uint32_t, const chip::ByteSpan&, uint32_t)	1448	static
/Users/brady/Downloads/STM32CubeExpansion_MATTER_V1.1.0/Middlewares/Third_Party/connectedhomeip/src/crypto/CHIPCryptoPAL.cpp:615:12:CHIP_ERROR chip::Crypto::ReadDerLength(chip::Encoding::LittleEndian::Reader&, size_t&)	32	static
/Users/brady/Downloads/STM32CubeExpansion_MATTER_V1.1.0/Middlewares/Third_Party/connectedhomeip/src/crypto/CHIPCryptoPAL.cpp:60:12:CHIP_ERROR chip::Crypto::{anonymous}::ReadDerUnsignedIntegerIntoRaw(chip::Encoding::LittleEndian::Reader&, chip::MutableByteSpan)	32	static
/Users/brady/Downloads/STM32CubeExpansion_MATTER_V1.1.0/Middlewares/Third_Party/connectedhomeip/src/crypto/CHIPCryptoPAL.cpp:778:12:CHIP_ERROR chip::Crypto::AES_CTR_crypt(const uint8_t*, size_t, const Aes128KeyHandle&, const uint8_t*, size_t, uint8_t*)	48	static
/Users/brady/Downloads/STM32CubeExpansion_MATTER_V1.1.0/Middlewares/Third_Party/connectedhomeip/src/crypto/CHIPCryptoPAL.cpp:856:12:CHIP_ERROR chip::Crypto::DeriveGroupOperationalKey(const chip::ByteSpan&, const chip::ByteSpan&, chip::MutableByteSpan&)	40	static
/Users/brady/Downloads/STM32CubeExpansion_MATTER_V1.1.0/Middlewares/Third_Party/connectedhomeip/src/crypto/CHIPCryptoPAL.cpp:874:12:CHIP_ERROR chip::Crypto::DeriveGroupSessionId(const chip::ByteSpan&, uint16_t&)	40	static
/Users/brady/Downloads/STM32CubeExpansion_MATTER_V1.1.0/Middlewares/Third_Party/connectedhomeip/src/crypto/CHIPCryptoPAL.cpp:900:12:CHIP_ERROR chip::Crypto::DeriveGroupPrivacyKey(const chip::ByteSpan&, chip::MutableByteSpan&)	40	static
/Users/brady/Downloads/STM32CubeExpansion_MATTER_V1.1.0/Middlewares/Third_Party/connectedhomeip/src/crypto/CHIPCryptoPAL.cpp:925:12:CHIP_ERROR chip::Crypto::ExtractVIDPIDFromAttributeString(DNAttrType, const chip::ByteSpan&, AttestationCertVidPid&, AttestationCertVidPid&)	40	static
/Users/brady/Downloads/STM32CubeExpansion_MATTER_V1.1.0/Middlewares/Third_Party/connectedhomeip/src/crypto/CHIPCryptoPAL.cpp:1172:12:CHIP_ERROR chip::Crypto::VerifyCertificateSigningRequestFormat(const uint8_t*, size_t)	32	static
../../../../../../../Middlewares/Third_Party/connectedhomeip/src/lib/support/Span.h:138:10:chip::Span<T> chip::Span<T>::SubSpan(size_t, size_t) const [with T = unsigned char]	8	static
/Users/brady/Downloads/STM32CubeExpansion_MATTER_V1.1.0/Middlewares/Third_Party/connectedhomeip/src/crypto/CHIPCryptoPAL.cpp:97:12:CHIP_ERROR chip::Crypto::{anonymous}::ConvertIntegerRawToDerInternal(const chip::ByteSpan&, chip::MutableByteSpan&, bool)	64	static
/Users/brady/Downloads/STM32CubeExpansion_MATTER_V1.1.0/Middlewares/Third_Party/connectedhomeip/src/crypto/CHIPCryptoPAL.cpp:664:12:CHIP_ERROR chip::Crypto::ConvertIntegerRawToDerWithoutTag(const chip::ByteSpan&, chip::MutableByteSpan&)	0	static
/Users/brady/Downloads/STM32CubeExpansion_MATTER_V1.1.0/Middlewares/Third_Party/connectedhomeip/src/crypto/CHIPCryptoPAL.cpp:1064:12:CHIP_ERROR chip::Crypto::GenerateCertificateSigningRequest(const P256Keypair*, chip::MutableByteSpan&)	216	static
/Users/brady/Downloads/STM32CubeExpansion_MATTER_V1.1.0/Middlewares/Third_Party/connectedhomeip/src/crypto/CHIPCryptoPAL.cpp:669:12:CHIP_ERROR chip::Crypto::ConvertIntegerRawToDer(const chip::ByteSpan&, chip::MutableByteSpan&)	0	static
/Users/brady/Downloads/STM32CubeExpansion_MATTER_V1.1.0/Middlewares/Third_Party/connectedhomeip/src/crypto/CHIPCryptoPAL.cpp:740:12:CHIP_ERROR chip::Crypto::EcdsaAsn1SignatureToRaw(size_t, const chip::ByteSpan&, chip::MutableByteSpan&)	64	static
/Users/brady/Downloads/STM32CubeExpansion_MATTER_V1.1.0/Middlewares/Third_Party/connectedhomeip/src/crypto/CHIPCryptoPAL.cpp:788:12:CHIP_ERROR chip::Crypto::GenerateCompressedFabricId(const P256PublicKey&, uint64_t, chip::MutableByteSpan&)	88	static
/Users/brady/Downloads/STM32CubeExpansion_MATTER_V1.1.0/Middlewares/Third_Party/connectedhomeip/src/crypto/CHIPCryptoPAL.cpp:828:12:CHIP_ERROR chip::Crypto::GenerateCompressedFabricId(const P256PublicKey&, uint64_t, uint64_t&)	32	static
../../../../../../../Middlewares/Third_Party/connectedhomeip/src/lib/support/Span.h:52:5:chip::Span<T>::Span(pointer, size_t) [with T = const unsigned char]	8	static
/Users/brady/Downloads/STM32CubeExpansion_MATTER_V1.1.0/Middlewares/Third_Party/connectedhomeip/src/crypto/CHIPCryptoPAL.cpp:504:12:CHIP_ERROR chip::Crypto::Spake2p::GetKeys(chip::Crypto::SessionKeystore&, chip::Crypto::HkdfKeyHandle&) const	24	static
/Users/brady/Downloads/STM32CubeExpansion_MATTER_V1.1.0/Middlewares/Third_Party/connectedhomeip/src/crypto/CHIPCryptoPAL.cpp:518:12:virtual CHIP_ERROR chip::Crypto::Spake2p_P256_SHA256_HKDF_HMAC::Hash(const uint8_t*, size_t)	24	static
/Users/brady/Downloads/STM32CubeExpansion_MATTER_V1.1.0/Middlewares/Third_Party/connectedhomeip/src/crypto/CHIPCryptoPAL.cpp:912:12:CHIP_ERROR chip::Crypto::DeriveGroupOperationalCredentials(const chip::ByteSpan&, const chip::ByteSpan&, GroupOperationalCredentials&)	40	static
/Users/brady/Downloads/STM32CubeExpansion_MATTER_V1.1.0/Middlewares/Third_Party/connectedhomeip/src/crypto/CHIPCryptoPAL.cpp:674:12:CHIP_ERROR chip::Crypto::EcdsaRawSignatureToAsn1(size_t, const chip::ByteSpan&, chip::MutableByteSpan&)	72	static
