/Users/brady/Downloads/STM32CubeExpansion_MATTER_V1.1.0/Middlewares/Third_Party/connectedhomeip/src/crypto/CHIPCryptoPAL.h:417:26:virtual chip::Crypto::SupportedECPKeyTypes chip::Crypto::P256PublicKey::Type() const	0	static
/Users/brady/Downloads/STM32CubeExpansion_MATTER_V1.1.0/Middlewares/Third_Party/connectedhomeip/src/crypto/CHIPCryptoPAL.h:418:12:virtual size_t chip::Crypto::P256PublicKey::Length() const	0	static
/Users/brady/Downloads/STM32CubeExpansion_MATTER_V1.1.0/Middlewares/Third_Party/connectedhomeip/src/crypto/CHIPCryptoPAL.h:419:5:virtual chip::Crypto::P256PublicKey::operator uint8_t*()	0	static
/Users/brady/Downloads/STM32CubeExpansion_MATTER_V1.1.0/Middlewares/Third_Party/connectedhomeip/src/crypto/CHIPCryptoPAL.h:420:5:virtual chip::Crypto::P256PublicKey::operator const uint8_t*() const	0	static
/Users/brady/Downloads/STM32CubeExpansion_MATTER_V1.1.0/Middlewares/Third_Party/connectedhomeip/src/crypto/CHIPCryptoPAL.h:421:21:virtual const uint8_t* chip::Crypto::P256PublicKey::ConstBytes() const	0	static
/Users/brady/Downloads/STM32CubeExpansion_MATTER_V1.1.0/Middlewares/Third_Party/connectedhomeip/src/crypto/CHIPCryptoPAL.h:422:15:virtual uint8_t* chip::Crypto::P256PublicKey::Bytes()	0	static
/Users/brady/Downloads/STM32CubeExpansion_MATTER_V1.1.0/Middlewares/Third_Party/connectedhomeip/src/crypto/CHIPCryptoPAL.h:423:10:virtual bool chip::Crypto::P256PublicKey::IsUncompressed() const	0	static
/Users/brady/Downloads/STM32CubeExpansion_MATTER_V1.1.0/Middlewares/Third_Party/connectedhomeip/src/crypto/CHIPCryptoPAL.h:586:27:virtual const chip::Crypto::P256PublicKey& chip::Crypto::P256Keypair::Pubkey() const	0	static
/Users/brady/Downloads/STM32CubeExpansion_MATTER_V1.1.0/Middlewares/Third_Party/connectedhomeip/src/crypto/CHIPCryptoPALmbedTLS.cpp:329:12:virtual CHIP_ERROR chip::Crypto::HMAC_sha::HMAC_SHA256(const chip::Crypto::Hmac128KeyHandle&, const uint8_t*, size_t, uint8_t*, size_t)	32	static
/Users/brady/Downloads/STM32CubeExpansion_MATTER_V1.1.0/Middlewares/Third_Party/connectedhomeip/src/crypto/CHIPCryptoPALmbedTLS.cpp:1090:12:virtual CHIP_ERROR chip::Crypto::Spake2p_P256_SHA256_HKDF_HMAC::PointCofactorMul(void*)	0	static
/Users/brady/Downloads/STM32CubeExpansion_MATTER_V1.1.0/Middlewares/Third_Party/connectedhomeip/src/crypto/CHIPCryptoPAL.h:1075:13:chip::Crypto::PBKDF2_sha256::~PBKDF2_sha256()	0	static
/Users/brady/Downloads/STM32CubeExpansion_MATTER_V1.1.0/Middlewares/Third_Party/connectedhomeip/src/crypto/CHIPCryptoPAL.h:984:13:chip::Crypto::HMAC_sha::~HMAC_sha()	0	static
/Users/brady/Downloads/STM32CubeExpansion_MATTER_V1.1.0/Middlewares/Third_Party/connectedhomeip/src/crypto/CHIPCryptoPAL.h:951:13:chip::Crypto::HKDF_sha::~HKDF_sha()	0	static
/Users/brady/Downloads/STM32CubeExpansion_MATTER_V1.1.0/Middlewares/Third_Party/connectedhomeip/src/crypto/CHIPCryptoPAL.h:389:7:chip::Crypto::P256PublicKey::~P256PublicKey()	0	static
/Users/brady/Downloads/STM32CubeExpansion_MATTER_V1.1.0/Middlewares/Third_Party/connectedhomeip/src/crypto/CHIPCryptoPALmbedTLS.cpp:981:12:virtual CHIP_ERROR chip::Crypto::Spake2p_P256_SHA256_HKDF_HMAC::FEWrite(const void*, uint8_t*, size_t)	8	static
/Users/brady/Downloads/STM32CubeExpansion_MATTER_V1.1.0/Middlewares/Third_Party/connectedhomeip/src/crypto/CHIPCryptoPALmbedTLS.cpp:1021:12:virtual CHIP_ERROR chip::Crypto::Spake2p_P256_SHA256_HKDF_HMAC::PointLoad(const uint8_t*, size_t, void*)	8	static
/Users/brady/Downloads/STM32CubeExpansion_MATTER_V1.1.0/Middlewares/Third_Party/connectedhomeip/src/crypto/CHIPCryptoPALmbedTLS.cpp:1033:12:virtual CHIP_ERROR chip::Crypto::Spake2p_P256_SHA256_HKDF_HMAC::PointWrite(const void*, uint8_t*, size_t)	40	static
/Users/brady/Downloads/STM32CubeExpansion_MATTER_V1.1.0/Middlewares/Third_Party/connectedhomeip/src/crypto/CHIPCryptoPAL.h:984:13:virtual chip::Crypto::HMAC_sha::~HMAC_sha()	8	static
/Users/brady/Downloads/STM32CubeExpansion_MATTER_V1.1.0/Middlewares/Third_Party/connectedhomeip/src/crypto/CHIPCryptoPAL.h:1075:13:virtual chip::Crypto::PBKDF2_sha256::~PBKDF2_sha256()	8	static
/Users/brady/Downloads/STM32CubeExpansion_MATTER_V1.1.0/Middlewares/Third_Party/connectedhomeip/src/crypto/CHIPCryptoPAL.h:951:13:virtual chip::Crypto::HKDF_sha::~HKDF_sha()	8	static
/Users/brady/Downloads/STM32CubeExpansion_MATTER_V1.1.0/Middlewares/Third_Party/connectedhomeip/src/crypto/CHIPCryptoPAL.h:389:7:virtual chip::Crypto::P256PublicKey::~P256PublicKey()	8	static
/Users/brady/Downloads/STM32CubeExpansion_MATTER_V1.1.0/Middlewares/Third_Party/connectedhomeip/src/crypto/CHIPCryptoPALmbedTLS.cpp:1050:12:virtual CHIP_ERROR chip::Crypto::Spake2p_P256_SHA256_HKDF_HMAC::PointMul(void*, const void*, const void*)	16	static
/Users/brady/Downloads/STM32CubeExpansion_MATTER_V1.1.0/Middlewares/Third_Party/connectedhomeip/src/crypto/CHIPCryptoPALmbedTLS.cpp:1063:12:virtual CHIP_ERROR chip::Crypto::Spake2p_P256_SHA256_HKDF_HMAC::PointAddMul(void*, const void*, const void*, const void*, const void*)	16	static
/Users/brady/Downloads/STM32CubeExpansion_MATTER_V1.1.0/Middlewares/Third_Party/connectedhomeip/src/crypto/CHIPCryptoPALmbedTLS.cpp:1077:12:virtual CHIP_ERROR chip::Crypto::Spake2p_P256_SHA256_HKDF_HMAC::PointInvert(void*)	8	static
/Users/brady/Downloads/STM32CubeExpansion_MATTER_V1.1.0/Middlewares/Third_Party/connectedhomeip/src/crypto/CHIPCryptoPALmbedTLS.cpp:1134:12:virtual CHIP_ERROR chip::Crypto::Spake2p_P256_SHA256_HKDF_HMAC::PointIsValid(void*)	8	static
/Users/brady/Downloads/STM32CubeExpansion_MATTER_V1.1.0/Middlewares/Third_Party/connectedhomeip/src/crypto/CHIPCryptoPALmbedTLS.h:42:20:void chip::Crypto::_log_mbedTLS_error(int)	136	static
/Users/brady/Downloads/STM32CubeExpansion_MATTER_V1.1.0/Middlewares/Third_Party/connectedhomeip/src/crypto/CHIPCryptoPALmbedTLS.cpp:1005:12:virtual CHIP_ERROR chip::Crypto::Spake2p_P256_SHA256_HKDF_HMAC::FEMul(void*, const void*, const void*)	16	static
/Users/brady/Downloads/STM32CubeExpansion_MATTER_V1.1.0/Middlewares/Third_Party/connectedhomeip/src/crypto/CHIPCryptoPALmbedTLS.cpp:336:12:virtual CHIP_ERROR chip::Crypto::PBKDF2_sha256::pbkdf2_sha256(const uint8_t*, size_t, const uint8_t*, size_t, unsigned int, uint32_t, uint8_t*)	64	static
/Users/brady/Downloads/STM32CubeExpansion_MATTER_V1.1.0/Middlewares/Third_Party/connectedhomeip/src/crypto/CHIPCryptoPALmbedTLS.cpp:965:12:virtual CHIP_ERROR chip::Crypto::Spake2p_P256_SHA256_HKDF_HMAC::FELoad(const uint8_t*, size_t, void*)	16	static
/Users/brady/Downloads/STM32CubeExpansion_MATTER_V1.1.0/Middlewares/Third_Party/connectedhomeip/src/crypto/CHIPCryptoPALmbedTLS.cpp:1095:12:virtual CHIP_ERROR chip::Crypto::Spake2p_P256_SHA256_HKDF_HMAC::ComputeL(uint8_t*, size_t*, const uint8_t*, size_t)	208	static
/Users/brady/Downloads/STM32CubeExpansion_MATTER_V1.1.0/Middlewares/Third_Party/connectedhomeip/src/crypto/CHIPCryptoPALmbedTLS.cpp:587:12:virtual CHIP_ERROR chip::Crypto::P256Keypair::ECDH_derive_secret(const chip::Crypto::P256PublicKey&, chip::Crypto::P256ECDHDerivedSecret&) const	208	static
/Users/brady/Downloads/STM32CubeExpansion_MATTER_V1.1.0/Middlewares/Third_Party/connectedhomeip/src/crypto/CHIPCryptoPALmbedTLS.cpp:785:12:virtual CHIP_ERROR chip::Crypto::P256Keypair::NewCertificateSigningRequest(uint8_t*, size_t&) const	56	static
/Users/brady/Downloads/STM32CubeExpansion_MATTER_V1.1.0/Middlewares/Third_Party/connectedhomeip/src/crypto/CHIPCryptoPALmbedTLS.cpp:990:12:virtual CHIP_ERROR chip::Crypto::Spake2p_P256_SHA256_HKDF_HMAC::FEGenerate(void*)	8	static
/Users/brady/Downloads/STM32CubeExpansion_MATTER_V1.1.0/Middlewares/Third_Party/connectedhomeip/src/crypto/CHIPCryptoPALmbedTLS.cpp:279:12:virtual CHIP_ERROR chip::Crypto::HKDF_sha::HKDF_SHA256(const uint8_t*, size_t, const uint8_t*, size_t, const uint8_t*, size_t, uint8_t*, size_t)	64	static
/Users/brady/Downloads/STM32CubeExpansion_MATTER_V1.1.0/Middlewares/Third_Party/connectedhomeip/src/crypto/CHIPCryptoPALmbedTLS.cpp:307:12:virtual CHIP_ERROR chip::Crypto::HMAC_sha::HMAC_SHA256(const uint8_t*, size_t, const uint8_t*, size_t, uint8_t*, size_t)	32	static
/Users/brady/Downloads/STM32CubeExpansion_MATTER_V1.1.0/Middlewares/Third_Party/connectedhomeip/src/crypto/CHIPCryptoPALmbedTLS.cpp:530:12:virtual CHIP_ERROR chip::Crypto::P256PublicKey::ECDSA_validate_hash_signature(const uint8_t*, size_t, const chip::Crypto::P256ECDSASignature&) const	408	static
/Users/brady/Downloads/STM32CubeExpansion_MATTER_V1.1.0/Middlewares/Third_Party/connectedhomeip/src/crypto/CHIPCryptoPALmbedTLS.cpp:530:12:virtual CHIP_ERROR chip::Crypto::P256PublicKey::ECDSA_validate_hash_signature(const uint8_t*, size_t, const chip::Crypto::P256ECDSASignature&) const	4	static
/Users/brady/Downloads/STM32CubeExpansion_MATTER_V1.1.0/Middlewares/Third_Party/connectedhomeip/src/crypto/CHIPCryptoPALmbedTLS.cpp:913:6:virtual void chip::Crypto::Spake2p_P256_SHA256_HKDF_HMAC::Clear()	16	static
/Users/brady/Downloads/STM32CubeExpansion_MATTER_V1.1.0/Middlewares/Third_Party/connectedhomeip/src/crypto/CHIPCryptoPALmbedTLS.cpp:704:12:virtual CHIP_ERROR chip::Crypto::P256Keypair::Serialize(chip::Crypto::P256SerializedKeypair&) const	64	static
/Users/brady/Downloads/STM32CubeExpansion_MATTER_V1.1.0/Middlewares/Third_Party/connectedhomeip/src/crypto/CHIPCryptoPALmbedTLS.cpp:935:12:virtual CHIP_ERROR chip::Crypto::Spake2p_P256_SHA256_HKDF_HMAC::Mac(const uint8_t*, size_t, const uint8_t*, size_t, chip::MutableByteSpan&)	40	static
/Users/brady/Downloads/STM32CubeExpansion_MATTER_V1.1.0/Middlewares/Third_Party/connectedhomeip/src/crypto/CHIPCryptoPALmbedTLS.cpp:77:12:CHIP_ERROR chip::Crypto::AES_CCM_encrypt(const uint8_t*, size_t, const uint8_t*, size_t, const Aes128KeyHandle&, const uint8_t*, size_t, uint8_t*, uint8_t*, size_t)	136	static
/Users/brady/Downloads/STM32CubeExpansion_MATTER_V1.1.0/Middlewares/Third_Party/connectedhomeip/src/crypto/CHIPCryptoPALmbedTLS.cpp:115:12:CHIP_ERROR chip::Crypto::AES_CCM_decrypt(const uint8_t*, size_t, const uint8_t*, size_t, const uint8_t*, size_t, const Aes128KeyHandle&, const uint8_t*, size_t, uint8_t*)	136	static
/Users/brady/Downloads/STM32CubeExpansion_MATTER_V1.1.0/Middlewares/Third_Party/connectedhomeip/src/crypto/CHIPCryptoPALmbedTLS.cpp:153:12:CHIP_ERROR chip::Crypto::Hash_SHA256(const uint8_t*, size_t, uint8_t*)	8	static
/Users/brady/Downloads/STM32CubeExpansion_MATTER_V1.1.0/Middlewares/Third_Party/connectedhomeip/src/crypto/CHIPCryptoPALmbedTLS.cpp:461:12:virtual CHIP_ERROR chip::Crypto::P256Keypair::ECDSA_sign_msg(const uint8_t*, size_t, chip::Crypto::P256ECDSASignature&) const	280	static
/Users/brady/Downloads/STM32CubeExpansion_MATTER_V1.1.0/Middlewares/Third_Party/connectedhomeip/src/crypto/CHIPCryptoPALmbedTLS.cpp:514:12:virtual CHIP_ERROR chip::Crypto::P256PublicKey::ECDSA_validate_msg_signature(const uint8_t*, size_t, const chip::Crypto::P256ECDSASignature&) const	56	static
/Users/brady/Downloads/STM32CubeExpansion_MATTER_V1.1.0/Middlewares/Third_Party/connectedhomeip/src/crypto/CHIPCryptoPALmbedTLS.cpp:170:12:CHIP_ERROR chip::Crypto::Hash_SHA1(const uint8_t*, size_t, uint8_t*)	8	static
/Users/brady/Downloads/STM32CubeExpansion_MATTER_V1.1.0/Middlewares/Third_Party/connectedhomeip/src/crypto/CHIPCryptoPALmbedTLS.cpp:194:1:chip::Crypto::Hash_SHA256_stream::Hash_SHA256_stream()	8	static
/Users/brady/Downloads/STM32CubeExpansion_MATTER_V1.1.0/Middlewares/Third_Party/connectedhomeip/src/crypto/CHIPCryptoPALmbedTLS.cpp:205:12:CHIP_ERROR chip::Crypto::Hash_SHA256_stream::Begin()	8	static
/Users/brady/Downloads/STM32CubeExpansion_MATTER_V1.1.0/Middlewares/Third_Party/connectedhomeip/src/crypto/CHIPCryptoPALmbedTLS.cpp:220:12:CHIP_ERROR chip::Crypto::Hash_SHA256_stream::AddData(chip::ByteSpan)	16	static
/Users/brady/Downloads/STM32CubeExpansion_MATTER_V1.1.0/Middlewares/Third_Party/connectedhomeip/src/crypto/CHIPCryptoPALmbedTLS.cpp:254:12:CHIP_ERROR chip::Crypto::Hash_SHA256_stream::Finish(chip::MutableByteSpan&)	8	static
/Users/brady/Downloads/STM32CubeExpansion_MATTER_V1.1.0/Middlewares/Third_Party/connectedhomeip/src/crypto/CHIPCryptoPALmbedTLS.cpp:235:12:CHIP_ERROR chip::Crypto::Hash_SHA256_stream::GetDigest(chip::MutableByteSpan&)	128	static
/Users/brady/Downloads/STM32CubeExpansion_MATTER_V1.1.0/Middlewares/Third_Party/connectedhomeip/src/crypto/CHIPCryptoPALmbedTLS.cpp:271:6:void chip::Crypto::Hash_SHA256_stream::Clear()	8	static
/Users/brady/Downloads/STM32CubeExpansion_MATTER_V1.1.0/Middlewares/Third_Party/connectedhomeip/src/crypto/CHIPCryptoPALmbedTLS.cpp:200:1:chip::Crypto::Hash_SHA256_stream::~Hash_SHA256_stream()	8	static
/Users/brady/Downloads/STM32CubeExpansion_MATTER_V1.1.0/Middlewares/Third_Party/connectedhomeip/src/crypto/CHIPCryptoPAL.h:1501:5:chip::Crypto::Spake2p_P256_SHA256_HKDF_HMAC::~Spake2p_P256_SHA256_HKDF_HMAC()	16	static
/Users/brady/Downloads/STM32CubeExpansion_MATTER_V1.1.0/Middlewares/Third_Party/connectedhomeip/src/crypto/CHIPCryptoPAL.h:1501:5:virtual chip::Crypto::Spake2p_P256_SHA256_HKDF_HMAC::~Spake2p_P256_SHA256_HKDF_HMAC()	8	static
/Users/brady/Downloads/STM32CubeExpansion_MATTER_V1.1.0/Middlewares/Third_Party/connectedhomeip/src/crypto/CHIPCryptoPALmbedTLS.cpp:419:12:CHIP_ERROR chip::Crypto::add_entropy_source(entropy_source, void*, size_t)	32	static
/Users/brady/Downloads/STM32CubeExpansion_MATTER_V1.1.0/Middlewares/Third_Party/connectedhomeip/src/crypto/CHIPCryptoPALmbedTLS.cpp:432:12:CHIP_ERROR chip::Crypto::DRBG_get_bytes(uint8_t*, size_t)	24	static
/Users/brady/Downloads/STM32CubeExpansion_MATTER_V1.1.0/Middlewares/Third_Party/connectedhomeip/src/crypto/CHIPCryptoPALmbedTLS.cpp:446:12:int chip::Crypto::CryptoRNG(void*, uint8_t*, size_t)	8	static
/Users/brady/Downloads/STM32CubeExpansion_MATTER_V1.1.0/Middlewares/Third_Party/connectedhomeip/src/crypto/CHIPCryptoPALmbedTLS.cpp:636:6:void chip::Crypto::ClearSecretData(uint8_t*, size_t)	0	static
/Users/brady/Downloads/STM32CubeExpansion_MATTER_V1.1.0/Middlewares/Third_Party/connectedhomeip/src/crypto/CHIPCryptoPALmbedTLS.cpp:643:5:int chip::Crypto::mbedtls_ct_memcmp_copy(const void*, const void*, size_t)	24	static
/Users/brady/Downloads/STM32CubeExpansion_MATTER_V1.1.0/Middlewares/Third_Party/connectedhomeip/src/crypto/CHIPCryptoPALmbedTLS.cpp:662:6:bool chip::Crypto::IsBufferContentEqualConstantTime(const void*, const void*, size_t)	8	static
/Users/brady/Downloads/STM32CubeExpansion_MATTER_V1.1.0/Middlewares/Third_Party/connectedhomeip/src/crypto/CHIPCryptoPAL.h:243:18:bool chip::Crypto::ECPKey<Sig>::Matches(const chip::Crypto::ECPKey<Sig>&) const [with Sig = chip::Crypto::SensitiveDataBuffer<64>]	16	static
/Users/brady/Downloads/STM32CubeExpansion_MATTER_V1.1.0/Middlewares/Third_Party/connectedhomeip/src/crypto/CHIPCryptoPALmbedTLS.cpp:945:12:virtual CHIP_ERROR chip::Crypto::Spake2p_P256_SHA256_HKDF_HMAC::MacVerify(const uint8_t*, size_t, const uint8_t*, size_t, const uint8_t*, size_t)	64	static
/Users/brady/Downloads/STM32CubeExpansion_MATTER_V1.1.0/Middlewares/Third_Party/connectedhomeip/src/crypto/CHIPCryptoPALmbedTLS.cpp:770:6:void chip::Crypto::P256Keypair::Clear()	8	static
/Users/brady/Downloads/STM32CubeExpansion_MATTER_V1.1.0/Middlewares/Third_Party/connectedhomeip/src/crypto/CHIPCryptoPALmbedTLS.cpp:667:12:virtual CHIP_ERROR chip::Crypto::P256Keypair::Initialize(chip::Crypto::ECPKeyTarget)	32	static
/Users/brady/Downloads/STM32CubeExpansion_MATTER_V1.1.0/Middlewares/Third_Party/connectedhomeip/src/crypto/CHIPCryptoPALmbedTLS.cpp:733:12:virtual CHIP_ERROR chip::Crypto::P256Keypair::Deserialize(chip::Crypto::P256SerializedKeypair&)	48	static
/Users/brady/Downloads/STM32CubeExpansion_MATTER_V1.1.0/Middlewares/Third_Party/connectedhomeip/src/crypto/CHIPCryptoPALmbedTLS.cpp:780:1:chip::Crypto::P256Keypair::~P256Keypair()	8	static
/Users/brady/Downloads/STM32CubeExpansion_MATTER_V1.1.0/Middlewares/Third_Party/connectedhomeip/src/crypto/CHIPCryptoPALmbedTLS.cpp:780:1:virtual chip::Crypto::P256Keypair::~P256Keypair()	8	static
/Users/brady/Downloads/STM32CubeExpansion_MATTER_V1.1.0/Middlewares/Third_Party/connectedhomeip/src/crypto/CHIPCryptoPALmbedTLS.cpp:863:12:CHIP_ERROR chip::Crypto::Spake2p_P256_SHA256_HKDF_HMAC::InitInternal()	48	static
