../../../../../../../Middlewares/Third_Party/connectedhomeip/src/transport/SessionDelegate.h:68:18:virtual void chip::SessionDelegate::OnSessionHang()	0	static
../../../../../../../Middlewares/Third_Party/connectedhomeip/src/transport/Session.h:147:10:virtual void chip::SessionHolderWithDelegate::DispatchSessionEvent(chip::SessionDelegate::Event)	16	static
../../../../../../../Middlewares/Third_Party/connectedhomeip/src/messaging/ExchangeMessageDispatch.h:50:18:virtual bool chip::Messaging::ExchangeMessageDispatch::IsReliableTransmissionAllowed() const	0	static
../../../../../../../Middlewares/Third_Party/connectedhomeip/src/messaging/ApplicationExchangeDispatch.h:38:44:void __tcf_2()	0	static
../../../../../../../Middlewares/Third_Party/connectedhomeip/src/messaging/EphemeralExchangeDispatch.h:35:5:chip::Messaging::EphemeralExchangeDispatch::~EphemeralExchangeDispatch()	0	static
../../../../../../../Middlewares/Third_Party/connectedhomeip/src/messaging/EphemeralExchangeDispatch.h:38:10:virtual bool chip::Messaging::EphemeralExchangeDispatch::MessagePermitted(chip::Protocols::Id, uint8_t)	8	static
../../../../../../../Middlewares/Third_Party/connectedhomeip/src/messaging/ExchangeContext.h:86:30:virtual chip::SessionDelegate::NewSessionHandlingPolicy chip::Messaging::ExchangeContext::GetNewSessionHandlingPolicy()	0	static
../../../../../../../Middlewares/Third_Party/connectedhomeip/src/messaging/EphemeralExchangeDispatch.h:45:10:virtual bool chip::Messaging::EphemeralExchangeDispatch::IsEncryptionRequired() const	8	static
../../../../../../../Middlewares/Third_Party/connectedhomeip/src/transport/Session.h:133:10:virtual void chip::SessionHolderWithDelegate::SessionReleased()	8	static
../../../../../../../Middlewares/Third_Party/connectedhomeip/src/messaging/EphemeralExchangeDispatch.h:35:5:virtual chip::Messaging::EphemeralExchangeDispatch::~EphemeralExchangeDispatch()	8	static
../../../../../../../Middlewares/Third_Party/connectedhomeip/src/transport/Session.h:125:7:chip::SessionHolderWithDelegate::~SessionHolderWithDelegate()	8	static
../../../../../../../Middlewares/Third_Party/connectedhomeip/src/transport/Session.h:125:7:virtual chip::SessionHolderWithDelegate::~SessionHolderWithDelegate()	8	static
../../../../../../../Middlewares/Third_Party/connectedhomeip/src/messaging/ExchangeContext.h:243:11:chip::Messaging::ExchangeContext::ExchangeSessionHolder::~ExchangeSessionHolder()	8	static
../../../../../../../Middlewares/Third_Party/connectedhomeip/src/messaging/ExchangeContext.h:243:11:virtual chip::Messaging::ExchangeContext::ExchangeSessionHolder::~ExchangeSessionHolder()	8	static
../../../../../../../Middlewares/Third_Party/connectedhomeip/src/lib/core/ReferenceCounted.h:58:16:Subclass* chip::ReferenceCounted<Subclass, Deletor, kInitRefCount, CounterType>::Retain() [with Subclass = chip::Messaging::ExchangeContext; Deletor = chip::Messaging::ExchangeContextDeletor; int kInitRefCount = 1; CounterType = long unsigned int]	8	static
../../../../../../../Middlewares/Third_Party/connectedhomeip/src/messaging/EphemeralExchangeDispatch.h:30:42:void __tcf_3()	0	static
../../../../../../../Middlewares/Third_Party/connectedhomeip/src/transport/Session.h:141:10:virtual void chip::SessionHolderWithDelegate::ShiftToSession(const chip::SessionHandle&)	16	static
../../../../../../../Middlewares/Third_Party/connectedhomeip/src/transport/Session.h:100:29:chip::Optional<chip::SessionHandle> chip::SessionHolder::Get() const	8	static
../../../../../../../Middlewares/Third_Party/connectedhomeip/src/transport/Session.h:112:26:chip::Transport::Session* chip::SessionHolder::operator->() const	8	static
../../../../../../../Middlewares/Third_Party/connectedhomeip/src/transport/Session.h:224:10:bool chip::Transport::Session::IsSecureSession() const	8	static
../../../../../../../Middlewares/Third_Party/connectedhomeip/src/messaging/ExchangeContext.h:83:10:bool chip::Messaging::ExchangeContext::IsGroupExchangeContext() const	16	static
/Users/brady/Downloads/STM32CubeExpansion_MATTER_V1.1.0/Middlewares/Third_Party/connectedhomeip/src/messaging/ExchangeContext.cpp:62:6:bool chip::Messaging::ExchangeContext::IsInitiator() const	0	static
/Users/brady/Downloads/STM32CubeExpansion_MATTER_V1.1.0/Middlewares/Third_Party/connectedhomeip/src/messaging/ExchangeContext.cpp:67:6:bool chip::Messaging::ExchangeContext::IsResponseExpected() const	0	static
/Users/brady/Downloads/STM32CubeExpansion_MATTER_V1.1.0/Middlewares/Third_Party/connectedhomeip/src/messaging/ExchangeContext.cpp:72:6:void chip::Messaging::ExchangeContext::SetResponseExpected(bool)	0	static
/Users/brady/Downloads/STM32CubeExpansion_MATTER_V1.1.0/Middlewares/Third_Party/connectedhomeip/src/messaging/ExchangeContext.cpp:78:6:void chip::Messaging::ExchangeContext::UseSuggestedResponseTimeout(Timeout)	16	static
/Users/brady/Downloads/STM32CubeExpansion_MATTER_V1.1.0/Middlewares/Third_Party/connectedhomeip/src/messaging/ExchangeContext.cpp:83:6:void chip::Messaging::ExchangeContext::SetResponseTimeout(Timeout)	0	static
/Users/brady/Downloads/STM32CubeExpansion_MATTER_V1.1.0/Middlewares/Third_Party/connectedhomeip/src/messaging/ExchangeContext.cpp:287:6:static void chip::Messaging::ExchangeContextDeletor::Release(chip::Messaging::ExchangeContext*)	16	static
/Users/brady/Downloads/STM32CubeExpansion_MATTER_V1.1.0/Middlewares/Third_Party/connectedhomeip/src/messaging/ExchangeContext.cpp:360:6:bool chip::Messaging::ExchangeContext::MatchExchange(const chip::SessionHandle&, const chip::PacketHeader&, const chip::PayloadHeader&)	24	static
/Users/brady/Downloads/STM32CubeExpansion_MATTER_V1.1.0/Middlewares/Third_Party/connectedhomeip/src/messaging/ExchangeContext.cpp:427:12:CHIP_ERROR chip::Messaging::ExchangeContext::StartResponseTimer()	4	static
/Users/brady/Downloads/STM32CubeExpansion_MATTER_V1.1.0/Middlewares/Third_Party/connectedhomeip/src/messaging/ExchangeContext.cpp:439:6:void chip::Messaging::ExchangeContext::CancelResponseTimer()	0	static
/Users/brady/Downloads/STM32CubeExpansion_MATTER_V1.1.0/Middlewares/Third_Party/connectedhomeip/src/messaging/ExchangeContext.cpp:217:6:void chip::Messaging::ExchangeContext::DoClose(bool)	16	static
/Users/brady/Downloads/STM32CubeExpansion_MATTER_V1.1.0/Middlewares/Third_Party/connectedhomeip/src/messaging/ExchangeContext.cpp:334:1:chip::Messaging::ExchangeContext::~ExchangeContext()	16	static
/Users/brady/Downloads/STM32CubeExpansion_MATTER_V1.1.0/Middlewares/Third_Party/connectedhomeip/src/messaging/ExchangeContext.cpp:334:1:virtual chip::Messaging::ExchangeContext::~ExchangeContext()	8	static
/Users/brady/Downloads/STM32CubeExpansion_MATTER_V1.1.0/Middlewares/Third_Party/connectedhomeip/src/messaging/ExchangeContext.cpp:629:27:static chip::Messaging::ExchangeMessageDispatch& chip::Messaging::ExchangeContext::GetMessageDispatch(bool, chip::Messaging::ExchangeDelegate*)	8	static
/Users/brady/Downloads/STM32CubeExpansion_MATTER_V1.1.0/Middlewares/Third_Party/connectedhomeip/src/messaging/ExchangeContext.cpp:292:1:chip::Messaging::ExchangeContext::ExchangeContext(chip::Messaging::ExchangeManager*, uint16_t, const chip::SessionHandle&, bool, chip::Messaging::ExchangeDelegate*, bool)	40	static
/Users/brady/Downloads/STM32CubeExpansion_MATTER_V1.1.0/Middlewares/Third_Party/connectedhomeip/src/messaging/ExchangeContext.cpp:660:6:void chip::Messaging::ExchangeContext::ExchangeSessionHolder::GrabExpiredSession(const chip::SessionHandle&)	16	static
../../../../../../../Middlewares/Third_Party/connectedhomeip/src/lib/support/ReferenceCountedHandle.h:35:5:chip::ReferenceCountedHandle<Target>::~ReferenceCountedHandle() [with Target = chip::Transport::Session]	8	static
../../../../../../../Middlewares/Third_Party/connectedhomeip/src/messaging/ExchangeContext.h:156:19:chip::SessionHandle chip::Messaging::ExchangeContext::GetSessionHandle() const	16	static
/Users/brady/Downloads/STM32CubeExpansion_MATTER_V1.1.0/Middlewares/Third_Party/connectedhomeip/src/messaging/ExchangeContext.cpp:640:6:void chip::Messaging::ExchangeContext::AbortAllOtherCommunicationOnFabric()	24	static
../../../../../../../Middlewares/Third_Party/connectedhomeip/src/lib/core/ReferenceCounted.h:68:10:void chip::ReferenceCounted<Subclass, Deletor, kInitRefCount, CounterType>::Release() [with Subclass = chip::Messaging::ExchangeContext; Deletor = chip::Messaging::ExchangeContextDeletor; int kInitRefCount = 1; CounterType = long unsigned int]	8	static
/Users/brady/Downloads/STM32CubeExpansion_MATTER_V1.1.0/Middlewares/Third_Party/connectedhomeip/src/messaging/ExchangeContext.cpp:259:6:void chip::Messaging::ExchangeContext::Close()	8	static
/Users/brady/Downloads/STM32CubeExpansion_MATTER_V1.1.0/Middlewares/Third_Party/connectedhomeip/src/messaging/ExchangeContext.cpp:619:6:void chip::Messaging::ExchangeContext::MessageHandled()	0	static
/Users/brady/Downloads/STM32CubeExpansion_MATTER_V1.1.0/Middlewares/Third_Party/connectedhomeip/src/messaging/ExchangeContext.cpp:461:6:void chip::Messaging::ExchangeContext::NotifyResponseTimeout(bool)	40	static
/Users/brady/Downloads/STM32CubeExpansion_MATTER_V1.1.0/Middlewares/Third_Party/connectedhomeip/src/messaging/ExchangeContext.cpp:451:6:static void chip::Messaging::ExchangeContext::HandleResponseTimeout(chip::System::Layer*, void*)	0	static
/Users/brady/Downloads/STM32CubeExpansion_MATTER_V1.1.0/Middlewares/Third_Party/connectedhomeip/src/messaging/ExchangeContext.cpp:275:6:void chip::Messaging::ExchangeContext::Abort()	8	static
/Users/brady/Downloads/STM32CubeExpansion_MATTER_V1.1.0/Middlewares/Third_Party/connectedhomeip/src/messaging/ExchangeContext.cpp:88:12:CHIP_ERROR chip::Messaging::ExchangeContext::SendMessage(chip::Protocols::Id, uint8_t, chip::System::PacketBufferHandle&&, const chip::Messaging::SendFlags&)	80	static
/Users/brady/Downloads/STM32CubeExpansion_MATTER_V1.1.0/Middlewares/Third_Party/connectedhomeip/src/messaging/ExchangeContext.cpp:504:12:CHIP_ERROR chip::Messaging::ExchangeContext::HandleMessage(uint32_t, const chip::PayloadHeader&, chip::Messaging::MessageFlags, chip::System::PacketBufferHandle&&)	80	static
/Users/brady/Downloads/STM32CubeExpansion_MATTER_V1.1.0/Middlewares/Third_Party/connectedhomeip/src/messaging/ExchangeContext.cpp:383:6:virtual void chip::Messaging::ExchangeContext::OnSessionReleased()	24	static
