/Users/brady/Downloads/STM32CubeExpansion_MATTER_V1.1.0/Middlewares/Third_Party/connectedhomeip/src/app/clusters/groups-server/groups-server.cpp:58:13:bool GroupExists(chip::FabricIndex, chip::EndpointId, chip::GroupId)	24	static
/Users/brady/Downloads/STM32CubeExpansion_MATTER_V1.1.0/Middlewares/Third_Party/connectedhomeip/src/app/clusters/groups-server/groups-server.cpp:90:15:chip::Protocols::InteractionModel::Status GroupAdd(chip::FabricIndex, chip::EndpointId, chip::GroupId, const chip::CharSpan&)	128	static
../../../../../../../Middlewares/Third_Party/connectedhomeip/src/app/CommandHandler.h:595:16:CHIP_ERROR chip::app::CommandHandler::TryAddResponseDataPreEncode(const chip::app::ConcreteCommandPath&, const chip::app::ConcreteCommandPath&)	56	static
/Users/brady/Downloads/STM32CubeExpansion_MATTER_V1.1.0/Middlewares/Third_Party/connectedhomeip/src/app/clusters/groups-server/groups-server.cpp:138:6:void emberAfGroupsClusterServerInitCallback(chip::EndpointId)	8	static
/Users/brady/Downloads/STM32CubeExpansion_MATTER_V1.1.0/Middlewares/Third_Party/connectedhomeip/src/app/clusters/groups-server/groups-server.cpp:214:16:CHIP_ERROR GroupMembershipResponse::Encode(chip::TLV::TLVWriter&, chip::TLV::Tag) const	120	static
/Users/brady/Downloads/STM32CubeExpansion_MATTER_V1.1.0/Middlewares/Third_Party/connectedhomeip/src/app/clusters/groups-server/groups-server.cpp:318:6:bool emberAfGroupsClusterRemoveAllGroupsCallback(chip::app::CommandHandler*, const chip::app::ConcreteCommandPath&, const chip::app::Clusters::Groups::Commands::RemoveAllGroups::DecodableType&)	40	static
/Users/brady/Downloads/STM32CubeExpansion_MATTER_V1.1.0/Middlewares/Third_Party/connectedhomeip/src/app/clusters/groups-server/groups-server.cpp:359:6:bool emberAfGroupsClusterAddGroupIfIdentifyingCallback(chip::app::CommandHandler*, const chip::app::ConcreteCommandPath&, const chip::app::Clusters::Groups::Commands::AddGroupIfIdentifying::DecodableType&)	48	static
/Users/brady/Downloads/STM32CubeExpansion_MATTER_V1.1.0/Middlewares/Third_Party/connectedhomeip/src/app/clusters/groups-server/groups-server.cpp:384:6:bool emberAfGroupsClusterEndpointInGroupCallback(chip::FabricIndex, chip::EndpointId, chip::GroupId)	0	static
/Users/brady/Downloads/STM32CubeExpansion_MATTER_V1.1.0/Middlewares/Third_Party/connectedhomeip/src/app/clusters/groups-server/groups-server.cpp:389:6:void emberAfPluginGroupsServerSetGroupNameCallback(chip::EndpointId, chip::GroupId, const chip::CharSpan&)	0	static
/Users/brady/Downloads/STM32CubeExpansion_MATTER_V1.1.0/Middlewares/Third_Party/connectedhomeip/src/app/clusters/groups-server/groups-server.cpp:391:6:void MatterGroupsPluginServerInitCallback()	0	static
../../../../../../../Middlewares/Third_Party/connectedhomeip/src/app/CommandHandler.h:363:34:chip::app::CommandHandler::AddResponseData<chip::app::Clusters::Groups::Commands::AddGroupResponse::Type>(const chip::app::ConcreteCommandPath&, const chip::app::Clusters::Groups::Commands::AddGroupResponse::Type&)::<lambda()>	32	static
/Users/brady/Downloads/STM32CubeExpansion_MATTER_V1.1.0/Middlewares/Third_Party/connectedhomeip/src/app/clusters/groups-server/groups-server.cpp:154:6:bool emberAfGroupsClusterAddGroupCallback(chip::app::CommandHandler*, const chip::app::ConcreteCommandPath&, const chip::app::Clusters::Groups::Commands::AddGroup::DecodableType&)	40	static
../../../../../../../Middlewares/Third_Party/connectedhomeip/src/app/CommandHandler.h:363:34:chip::app::CommandHandler::AddResponseData<chip::app::Clusters::Groups::Commands::ViewGroupResponse::Type>(const chip::app::ConcreteCommandPath&, const chip::app::Clusters::Groups::Commands::ViewGroupResponse::Type&)::<lambda()>	32	static
/Users/brady/Downloads/STM32CubeExpansion_MATTER_V1.1.0/Middlewares/Third_Party/connectedhomeip/src/app/clusters/groups-server/groups-server.cpp:167:6:bool emberAfGroupsClusterViewGroupCallback(chip::app::CommandHandler*, const chip::app::ConcreteCommandPath&, const chip::app::Clusters::Groups::Commands::ViewGroup::DecodableType&)	88	static
../../../../../../../Middlewares/Third_Party/connectedhomeip/src/app/CommandHandler.h:363:34:chip::app::CommandHandler::AddResponseData<GroupMembershipResponse>(const chip::app::ConcreteCommandPath&, const GroupMembershipResponse&)::<lambda()>	32	static
/Users/brady/Downloads/STM32CubeExpansion_MATTER_V1.1.0/Middlewares/Third_Party/connectedhomeip/src/app/clusters/groups-server/groups-server.cpp:270:6:bool emberAfGroupsClusterGetGroupMembershipCallback(chip::app::CommandHandler*, const chip::app::ConcreteCommandPath&, const chip::app::Clusters::Groups::Commands::GetGroupMembership::DecodableType&)	64	static
../../../../../../../Middlewares/Third_Party/connectedhomeip/src/app/CommandHandler.h:363:34:chip::app::CommandHandler::AddResponseData<chip::app::Clusters::Groups::Commands::RemoveGroupResponse::Type>(const chip::app::ConcreteCommandPath&, const chip::app::Clusters::Groups::Commands::RemoveGroupResponse::Type&)::<lambda()>	32	static
/Users/brady/Downloads/STM32CubeExpansion_MATTER_V1.1.0/Middlewares/Third_Party/connectedhomeip/src/app/clusters/groups-server/groups-server.cpp:300:6:bool emberAfGroupsClusterRemoveGroupCallback(chip::app::CommandHandler*, const chip::app::ConcreteCommandPath&, const chip::app::Clusters::Groups::Commands::RemoveGroup::DecodableType&)	48	static
