/Users/brady/Downloads/STM32CubeExpansion_MATTER_V1.1.0/Drivers/BSP/Components/s25fl128s/s25fl128s.c:58:9:S25FL128S_GetFlashInfo	0	static
/Users/brady/Downloads/STM32CubeExpansion_MATTER_V1.1.0/Drivers/BSP/Components/s25fl128s/s25fl128s.c:76:9:S25FL128S_WriteEnable	88	static
/Users/brady/Downloads/STM32CubeExpansion_MATTER_V1.1.0/Drivers/BSP/Components/s25fl128s/s25fl128s.c:122:9:S25FL128S_WriteDisable	64	static
/Users/brady/Downloads/STM32CubeExpansion_MATTER_V1.1.0/Drivers/BSP/Components/s25fl128s/s25fl128s.c:157:9:S25FL128S_PageProgram	72	static
/Users/brady/Downloads/STM32CubeExpansion_MATTER_V1.1.0/Drivers/BSP/Components/s25fl128s/s25fl128s.c:209:9:S25FL128S_AutoPollingMemReady	88	static
/Users/brady/Downloads/STM32CubeExpansion_MATTER_V1.1.0/Drivers/BSP/Components/s25fl128s/s25fl128s.c:247:9:S25FL128S_Enter4BytesAddressMode	72	static
/Users/brady/Downloads/STM32CubeExpansion_MATTER_V1.1.0/Drivers/BSP/Components/s25fl128s/s25fl128s.c:310:9:S25FL128S_ReadSTR	88	static
/Users/brady/Downloads/STM32CubeExpansion_MATTER_V1.1.0/Drivers/BSP/Components/s25fl128s/s25fl128s.c:391:9:S25FL128S_BlockErase	64	static
/Users/brady/Downloads/STM32CubeExpansion_MATTER_V1.1.0/Drivers/BSP/Components/s25fl128s/s25fl128s.c:445:9:S25FL128S_ChipErase	64	static
/Users/brady/Downloads/STM32CubeExpansion_MATTER_V1.1.0/Drivers/BSP/Components/s25fl128s/s25fl128s.c:477:9:S25FL128S_EnableMemoryMappedModeSTR	72	static
/Users/brady/Downloads/STM32CubeExpansion_MATTER_V1.1.0/Drivers/BSP/Components/s25fl128s/s25fl128s.c:551:9:S25FL128S_ReadStatusRegister	72	static
/Users/brady/Downloads/STM32CubeExpansion_MATTER_V1.1.0/Drivers/BSP/Components/s25fl128s/s25fl128s.c:622:9:S25FL128S_ResetMemory	64	static
/Users/brady/Downloads/STM32CubeExpansion_MATTER_V1.1.0/Drivers/BSP/Components/s25fl128s/s25fl128s.c:590:9:S25FL128S_ResetEnable	0	static
/Users/brady/Downloads/STM32CubeExpansion_MATTER_V1.1.0/Drivers/BSP/Components/s25fl128s/s25fl128s.c:656:9:S25FL128S_ReadID	72	static
/Users/brady/Downloads/STM32CubeExpansion_MATTER_V1.1.0/Drivers/BSP/Components/s25fl128s/s25fl128s.c:697:9:S25FL128S_ProgEraseSuspend	64	static
/Users/brady/Downloads/STM32CubeExpansion_MATTER_V1.1.0/Drivers/BSP/Components/s25fl128s/s25fl128s.c:729:9:S25FL128S_ProgEraseResume	64	static
/Users/brady/Downloads/STM32CubeExpansion_MATTER_V1.1.0/Drivers/BSP/Components/s25fl128s/s25fl128s.c:760:9:S25FL128S_EnterDeepPowerDown	0	static
/Users/brady/Downloads/STM32CubeExpansion_MATTER_V1.1.0/Drivers/BSP/Components/s25fl128s/s25fl128s.c:779:9:S25FL128S_ReadSFDP	0	static
