../../../../../../../Middlewares/Third_Party/connectedhomeip/src/system/SystemPacketBuffer.h:447:26:chip::System::PacketBufferHandle& chip::System::PacketBufferHandle::operator=(std::nullptr_t)	8	static
../../../../../../../Middlewares/Third_Party/connectedhomeip/src/system/SystemPacketBuffer.h:428:5:chip::System::PacketBufferHandle::~PacketBufferHandle()	8	static
/Users/brady/Downloads/STM32CubeExpansion_MATTER_V1.1.0/Middlewares/Third_Party/connectedhomeip/src/ble/BLEEndPoint.cpp:276:6:bool chip::Ble::BLEEndPoint::IsConnected(uint8_t) const	0	static
/Users/brady/Downloads/STM32CubeExpansion_MATTER_V1.1.0/Middlewares/Third_Party/connectedhomeip/src/ble/BLEEndPoint.cpp:281:6:bool chip::Ble::BLEEndPoint::IsUnsubscribePending() const	0	static
/Users/brady/Downloads/STM32CubeExpansion_MATTER_V1.1.0/Middlewares/Third_Party/connectedhomeip/src/ble/BLEEndPoint.cpp:428:6:void chip::Ble::BLEEndPoint::DoCloseCallback(uint8_t, uint8_t, CHIP_ERROR)	8	static
/Users/brady/Downloads/STM32CubeExpansion_MATTER_V1.1.0/Middlewares/Third_Party/connectedhomeip/src/ble/BLEEndPoint.cpp:450:6:void chip::Ble::BLEEndPoint::ReleaseBleConnection()	8	static
/Users/brady/Downloads/STM32CubeExpansion_MATTER_V1.1.0/Middlewares/Third_Party/connectedhomeip/src/ble/BLEEndPoint.cpp:507:6:void chip::Ble::BLEEndPoint::FreeBtpEngine()	16	static
/Users/brady/Downloads/STM32CubeExpansion_MATTER_V1.1.0/Middlewares/Third_Party/connectedhomeip/src/ble/BLEEndPoint.cpp:516:12:CHIP_ERROR chip::Ble::BLEEndPoint::Init(chip::Ble::BleLayer*, uint16_t, chip::Ble::BleRole, bool)	24	static
/Users/brady/Downloads/STM32CubeExpansion_MATTER_V1.1.0/Middlewares/Third_Party/connectedhomeip/src/ble/BLEEndPoint.cpp:574:6:void chip::Ble::BLEEndPoint::AddRef()	8	static
/Users/brady/Downloads/STM32CubeExpansion_MATTER_V1.1.0/Middlewares/Third_Party/connectedhomeip/src/ble/BLEEndPoint.cpp:580:6:void chip::Ble::BLEEndPoint::Release()	8	static
/Users/brady/Downloads/STM32CubeExpansion_MATTER_V1.1.0/Middlewares/Third_Party/connectedhomeip/src/ble/BLEEndPoint.cpp:631:6:void chip::Ble::BLEEndPoint::QueueTx(chip::System::PacketBufferHandle&&, chip::Ble::PacketType_t)	0	static
/Users/brady/Downloads/STM32CubeExpansion_MATTER_V1.1.0/Middlewares/Third_Party/connectedhomeip/src/ble/BLEEndPoint.cpp:693:6:bool chip::Ble::BLEEndPoint::PrepareNextFragment(chip::System::PacketBufferHandle&&, bool&)	16	static
/Users/brady/Downloads/STM32CubeExpansion_MATTER_V1.1.0/Middlewares/Third_Party/connectedhomeip/src/ble/BLEEndPoint.cpp:1172:18:chip::Ble::SequenceNumber_t chip::Ble::BLEEndPoint::AdjustRemoteReceiveWindow(chip::Ble::SequenceNumber_t, chip::Ble::SequenceNumber_t, chip::Ble::SequenceNumber_t)	0	static
/Users/brady/Downloads/STM32CubeExpansion_MATTER_V1.1.0/Middlewares/Third_Party/connectedhomeip/src/ble/BLEEndPoint.cpp:1391:6:bool chip::Ble::BLEEndPoint::SendWrite(chip::System::PacketBufferHandle&&)	32	static
/Users/brady/Downloads/STM32CubeExpansion_MATTER_V1.1.0/Middlewares/Third_Party/connectedhomeip/src/ble/BLEEndPoint.cpp:1398:6:bool chip::Ble::BLEEndPoint::SendIndication(chip::System::PacketBufferHandle&&)	32	static
/Users/brady/Downloads/STM32CubeExpansion_MATTER_V1.1.0/Middlewares/Third_Party/connectedhomeip/src/ble/BLEEndPoint.cpp:592:12:CHIP_ERROR chip::Ble::BLEEndPoint::SendCharacteristic(chip::System::PacketBufferHandle&&)	8	static
/Users/brady/Downloads/STM32CubeExpansion_MATTER_V1.1.0/Middlewares/Third_Party/connectedhomeip/src/ble/BLEEndPoint.cpp:1405:12:CHIP_ERROR chip::Ble::BLEEndPoint::StartConnectTimer()	16	static
/Users/brady/Downloads/STM32CubeExpansion_MATTER_V1.1.0/Middlewares/Third_Party/connectedhomeip/src/ble/BLEEndPoint.cpp:1415:12:CHIP_ERROR chip::Ble::BLEEndPoint::StartReceiveConnectionTimer()	16	static
/Users/brady/Downloads/STM32CubeExpansion_MATTER_V1.1.0/Middlewares/Third_Party/connectedhomeip/src/ble/BLEEndPoint.cpp:1047:12:CHIP_ERROR chip::Ble::BLEEndPoint::HandleCapabilitiesRequestReceived(chip::System::PacketBufferHandle&&)	48	static
/Users/brady/Downloads/STM32CubeExpansion_MATTER_V1.1.0/Middlewares/Third_Party/connectedhomeip/src/ble/BLEEndPoint.cpp:1425:12:CHIP_ERROR chip::Ble::BLEEndPoint::StartAckReceivedTimer()	16	static
/Users/brady/Downloads/STM32CubeExpansion_MATTER_V1.1.0/Middlewares/Third_Party/connectedhomeip/src/ble/BLEEndPoint.cpp:944:12:CHIP_ERROR chip::Ble::BLEEndPoint::DoSendStandAloneAck()	24	static
/Users/brady/Downloads/STM32CubeExpansion_MATTER_V1.1.0/Middlewares/Third_Party/connectedhomeip/src/ble/BLEEndPoint.cpp:1448:12:CHIP_ERROR chip::Ble::BLEEndPoint::StartSendAckTimer()	16	static
/Users/brady/Downloads/STM32CubeExpansion_MATTER_V1.1.0/Middlewares/Third_Party/connectedhomeip/src/ble/BLEEndPoint.cpp:1465:12:CHIP_ERROR chip::Ble::BLEEndPoint::StartUnsubscribeTimer()	16	static
/Users/brady/Downloads/STM32CubeExpansion_MATTER_V1.1.0/Middlewares/Third_Party/connectedhomeip/src/ble/BLEEndPoint.cpp:1475:6:void chip::Ble::BLEEndPoint::StopConnectTimer()	8	static
/Users/brady/Downloads/STM32CubeExpansion_MATTER_V1.1.0/Middlewares/Third_Party/connectedhomeip/src/ble/BLEEndPoint.cpp:151:12:CHIP_ERROR chip::Ble::BLEEndPoint::HandleConnectComplete()	8	static
/Users/brady/Downloads/STM32CubeExpansion_MATTER_V1.1.0/Middlewares/Third_Party/connectedhomeip/src/ble/BLEEndPoint.cpp:1123:12:CHIP_ERROR chip::Ble::BLEEndPoint::HandleCapabilitiesResponseReceived(chip::System::PacketBufferHandle&&)	24	static
/Users/brady/Downloads/STM32CubeExpansion_MATTER_V1.1.0/Middlewares/Third_Party/connectedhomeip/src/ble/BLEEndPoint.cpp:1482:6:void chip::Ble::BLEEndPoint::StopReceiveConnectionTimer()	8	static
/Users/brady/Downloads/STM32CubeExpansion_MATTER_V1.1.0/Middlewares/Third_Party/connectedhomeip/src/ble/BLEEndPoint.cpp:175:12:CHIP_ERROR chip::Ble::BLEEndPoint::HandleReceiveConnectionComplete()	8	static
/Users/brady/Downloads/STM32CubeExpansion_MATTER_V1.1.0/Middlewares/Third_Party/connectedhomeip/src/ble/BLEEndPoint.cpp:1489:6:void chip::Ble::BLEEndPoint::StopAckReceivedTimer()	8	static
/Users/brady/Downloads/STM32CubeExpansion_MATTER_V1.1.0/Middlewares/Third_Party/connectedhomeip/src/ble/BLEEndPoint.cpp:1439:12:CHIP_ERROR chip::Ble::BLEEndPoint::RestartAckReceivedTimer()	8	static
/Users/brady/Downloads/STM32CubeExpansion_MATTER_V1.1.0/Middlewares/Third_Party/connectedhomeip/src/ble/BLEEndPoint.cpp:1496:6:void chip::Ble::BLEEndPoint::StopSendAckTimer()	8	static
/Users/brady/Downloads/STM32CubeExpansion_MATTER_V1.1.0/Middlewares/Third_Party/connectedhomeip/src/ble/BLEEndPoint.cpp:714:12:CHIP_ERROR chip::Ble::BLEEndPoint::SendNextMessage()	32	static
/Users/brady/Downloads/STM32CubeExpansion_MATTER_V1.1.0/Middlewares/Third_Party/connectedhomeip/src/ble/BLEEndPoint.cpp:769:12:CHIP_ERROR chip::Ble::BLEEndPoint::ContinueMessageSend()	24	static
/Users/brady/Downloads/STM32CubeExpansion_MATTER_V1.1.0/Middlewares/Third_Party/connectedhomeip/src/ble/BLEEndPoint.cpp:1503:6:void chip::Ble::BLEEndPoint::StopUnsubscribeTimer()	8	static
/Users/brady/Downloads/STM32CubeExpansion_MATTER_V1.1.0/Middlewares/Third_Party/connectedhomeip/src/ble/BLEEndPoint.cpp:470:6:void chip::Ble::BLEEndPoint::Free()	8	static
/Users/brady/Downloads/STM32CubeExpansion_MATTER_V1.1.0/Middlewares/Third_Party/connectedhomeip/src/ble/BLEEndPoint.cpp:270:6:void chip::Ble::BLEEndPoint::HandleUnsubscribeComplete()	0	static
/Users/brady/Downloads/STM32CubeExpansion_MATTER_V1.1.0/Middlewares/Third_Party/connectedhomeip/src/ble/BLEEndPoint.cpp:362:6:void chip::Ble::BLEEndPoint::FinalizeClose(uint8_t, uint8_t, CHIP_ERROR)	24	static
/Users/brady/Downloads/STM32CubeExpansion_MATTER_V1.1.0/Middlewares/Third_Party/connectedhomeip/src/ble/BLEEndPoint.cpp:312:6:void chip::Ble::BLEEndPoint::DoClose(uint8_t, CHIP_ERROR)	24	static
/Users/brady/Downloads/STM32CubeExpansion_MATTER_V1.1.0/Middlewares/Third_Party/connectedhomeip/src/ble/BLEEndPoint.cpp:89:12:CHIP_ERROR chip::Ble::BLEEndPoint::StartConnect()	32	static
/Users/brady/Downloads/STM32CubeExpansion_MATTER_V1.1.0/Middlewares/Third_Party/connectedhomeip/src/ble/BLEEndPoint.cpp:199:6:void chip::Ble::BLEEndPoint::HandleSubscribeReceived()	24	static
/Users/brady/Downloads/STM32CubeExpansion_MATTER_V1.1.0/Middlewares/Third_Party/connectedhomeip/src/ble/BLEEndPoint.cpp:286:6:void chip::Ble::BLEEndPoint::Abort()	0	static
/Users/brady/Downloads/STM32CubeExpansion_MATTER_V1.1.0/Middlewares/Third_Party/connectedhomeip/src/ble/BLEEndPoint.cpp:299:6:void chip::Ble::BLEEndPoint::Close()	0	static
/Users/brady/Downloads/STM32CubeExpansion_MATTER_V1.1.0/Middlewares/Third_Party/connectedhomeip/src/ble/BLEEndPoint.cpp:1510:6:static void chip::Ble::BLEEndPoint::HandleConnectTimeout(chip::System::Layer*, void*)	8	static
/Users/brady/Downloads/STM32CubeExpansion_MATTER_V1.1.0/Middlewares/Third_Party/connectedhomeip/src/ble/BLEEndPoint.cpp:1523:6:static void chip::Ble::BLEEndPoint::HandleReceiveConnectionTimeout(chip::System::Layer*, void*)	8	static
/Users/brady/Downloads/STM32CubeExpansion_MATTER_V1.1.0/Middlewares/Third_Party/connectedhomeip/src/ble/BLEEndPoint.cpp:1536:6:static void chip::Ble::BLEEndPoint::HandleAckReceivedTimeout(chip::System::Layer*, void*)	8	static
/Users/brady/Downloads/STM32CubeExpansion_MATTER_V1.1.0/Middlewares/Third_Party/connectedhomeip/src/ble/BLEEndPoint.cpp:962:12:CHIP_ERROR chip::Ble::BLEEndPoint::DriveSending()	24	static
/Users/brady/Downloads/STM32CubeExpansion_MATTER_V1.1.0/Middlewares/Third_Party/connectedhomeip/src/ble/BLEEndPoint.cpp:257:6:void chip::Ble::BLEEndPoint::HandleSubscribeComplete()	8	static
/Users/brady/Downloads/STM32CubeExpansion_MATTER_V1.1.0/Middlewares/Third_Party/connectedhomeip/src/ble/BLEEndPoint.cpp:654:12:CHIP_ERROR chip::Ble::BLEEndPoint::Send(chip::System::PacketBufferHandle&&)	16	static
/Users/brady/Downloads/STM32CubeExpansion_MATTER_V1.1.0/Middlewares/Third_Party/connectedhomeip/src/ble/BLEEndPoint.cpp:928:12:CHIP_ERROR chip::Ble::BLEEndPoint::DriveStandAloneAck()	16	static
/Users/brady/Downloads/STM32CubeExpansion_MATTER_V1.1.0/Middlewares/Third_Party/connectedhomeip/src/ble/BLEEndPoint.cpp:1550:6:static void chip::Ble::BLEEndPoint::HandleSendAckTimeout(chip::System::Layer*, void*)	8	static
/Users/brady/Downloads/STM32CubeExpansion_MATTER_V1.1.0/Middlewares/Third_Party/connectedhomeip/src/ble/BLEEndPoint.cpp:794:12:CHIP_ERROR chip::Ble::BLEEndPoint::HandleHandshakeConfirmationReceived()	16	static
/Users/brady/Downloads/STM32CubeExpansion_MATTER_V1.1.0/Middlewares/Third_Party/connectedhomeip/src/ble/BLEEndPoint.cpp:859:12:CHIP_ERROR chip::Ble::BLEEndPoint::HandleFragmentConfirmationReceived()	16	static
/Users/brady/Downloads/STM32CubeExpansion_MATTER_V1.1.0/Middlewares/Third_Party/connectedhomeip/src/ble/BLEEndPoint.cpp:910:12:CHIP_ERROR chip::Ble::BLEEndPoint::HandleGattSendConfirmationReceived()	0	static
/Users/brady/Downloads/STM32CubeExpansion_MATTER_V1.1.0/Middlewares/Third_Party/connectedhomeip/src/ble/BLEEndPoint.cpp:1196:12:CHIP_ERROR chip::Ble::BLEEndPoint::Receive(chip::System::PacketBufferHandle&&)	24	static
/Users/brady/Downloads/STM32CubeExpansion_MATTER_V1.1.0/Middlewares/Third_Party/connectedhomeip/src/ble/BLEEndPoint.cpp:1572:6:static void chip::Ble::BLEEndPoint::HandleUnsubscribeTimeout(chip::System::Layer*, void*)	8	static
