../../../../../../../Middlewares/Third_Party/connectedhomeip/src/include/platform/NetworkCommissioning.h:188:24:virtual CHIP_ERROR chip::DeviceLayer::NetworkCommissioning::Internal::BaseDriver::SetEnabled(bool)	0	static
../../../../../../../Middlewares/Third_Party/connectedhomeip/src/include/platform/NetworkCommissioning.h:194:18:virtual bool chip::DeviceLayer::NetworkCommissioning::Internal::BaseDriver::GetEnabled()	0	static
../../../../../../../Middlewares/Third_Party/connectedhomeip/src/platform/OpenThread/GenericNetworkCommissioningThreadDriver.h:96:13:virtual uint8_t chip::DeviceLayer::NetworkCommissioning::GenericThreadDriver::GetMaxNetworks()	0	static
../../../../../../../Middlewares/Third_Party/connectedhomeip/src/platform/OpenThread/GenericNetworkCommissioningThreadDriver.h:97:13:virtual uint8_t chip::DeviceLayer::NetworkCommissioning::GenericThreadDriver::GetScanNetworkTimeoutSeconds()	0	static
../../../../../../../Middlewares/Third_Party/connectedhomeip/src/platform/OpenThread/GenericNetworkCommissioningThreadDriver.h:98:13:virtual uint8_t chip::DeviceLayer::NetworkCommissioning::GenericThreadDriver::GetConnectNetworkTimeoutSeconds()	0	static
/Users/brady/Downloads/STM32CubeExpansion_MATTER_V1.1.0/Middlewares/Third_Party/connectedhomeip/src/platform/OpenThread/GenericNetworkCommissioningThreadDriver.cpp:70:6:virtual void chip::DeviceLayer::NetworkCommissioning::GenericThreadDriver::Shutdown()	0	static
../../../../../../../Middlewares/Third_Party/connectedhomeip/src/platform/OpenThread/GenericNetworkCommissioningThreadDriver.h:67:7:chip::DeviceLayer::NetworkCommissioning::GenericThreadDriver::~GenericThreadDriver()	0	static
../../../../../../../Middlewares/Third_Party/connectedhomeip/src/platform/OpenThread/GenericNetworkCommissioningThreadDriver.h:77:9:chip::DeviceLayer::NetworkCommissioning::GenericThreadDriver::ThreadNetworkIterator::~ThreadNetworkIterator()	0	static
/Users/brady/Downloads/STM32CubeExpansion_MATTER_V1.1.0/Middlewares/Third_Party/connectedhomeip/src/platform/OpenThread/GenericNetworkCommissioningThreadDriver.cpp:226:8:virtual size_t chip::DeviceLayer::NetworkCommissioning::GenericThreadDriver::ThreadNetworkIterator::Count()	8	static
/Users/brady/Downloads/STM32CubeExpansion_MATTER_V1.1.0/Middlewares/Third_Party/connectedhomeip/src/platform/OpenThread/GenericNetworkCommissioningThreadDriver.cpp:231:6:virtual bool chip::DeviceLayer::NetworkCommissioning::GenericThreadDriver::ThreadNetworkIterator::Next(chip::DeviceLayer::NetworkCommissioning::Network&)	296	static
/Users/brady/Downloads/STM32CubeExpansion_MATTER_V1.1.0/Middlewares/Third_Party/connectedhomeip/src/platform/OpenThread/GenericNetworkCommissioningThreadDriver.cpp:272:10:virtual uint16_t chip::DeviceLayer::NetworkCommissioning::GenericThreadDriver::GetThreadVersion()	0	static
../../../../../../../Middlewares/Third_Party/connectedhomeip/src/platform/OpenThread/GenericNetworkCommissioningThreadDriver.h:77:9:virtual chip::DeviceLayer::NetworkCommissioning::GenericThreadDriver::ThreadNetworkIterator::~ThreadNetworkIterator()	8	static
../../../../../../../Middlewares/Third_Party/connectedhomeip/src/platform/OpenThread/GenericNetworkCommissioningThreadDriver.h:76:14:virtual void chip::DeviceLayer::NetworkCommissioning::GenericThreadDriver::ThreadNetworkIterator::Release()	8	static
../../../../../../../Middlewares/Third_Party/connectedhomeip/src/platform/OpenThread/GenericNetworkCommissioningThreadDriver.h:67:7:virtual chip::DeviceLayer::NetworkCommissioning::GenericThreadDriver::~GenericThreadDriver()	8	static
../../../../../../../Middlewares/Third_Party/connectedhomeip/src/platform/OpenThread/GenericNetworkCommissioningThreadDriver.h:91:23:virtual chip::DeviceLayer::NetworkCommissioning::NetworkIterator* chip::DeviceLayer::NetworkCommissioning::GenericThreadDriver::GetNetworks()	8	static
/Users/brady/Downloads/STM32CubeExpansion_MATTER_V1.1.0/Middlewares/Third_Party/connectedhomeip/src/platform/OpenThread/GenericNetworkCommissioningThreadDriver.cpp:60:6:static void chip::DeviceLayer::NetworkCommissioning::GenericThreadDriver::OnThreadStateChangeHandler(const chip::DeviceLayer::ChipDeviceEvent*, intptr_t)	0	static
/Users/brady/Downloads/STM32CubeExpansion_MATTER_V1.1.0/Middlewares/Third_Party/connectedhomeip/src/platform/OpenThread/GenericNetworkCommissioningThreadDriver.cpp:186:6:virtual void chip::DeviceLayer::NetworkCommissioning::GenericThreadDriver::ScanNetworks(chip::DeviceLayer::NetworkCommissioning::ThreadDriver::ScanCallback*)	32	static
../../../../../../../Middlewares/Third_Party/connectedhomeip/src/lib/support/BitMask.h:77:25:constexpr chip::BitMask<FlagsEnum, StorageType>& chip::BitMask<FlagsEnum, StorageType>::SetField(FlagsEnum, IntegerType) [with FlagsEnum = chip::app::Clusters::NetworkCommissioning::ThreadCapabilitiesBitmap; StorageType = short unsigned int]	12	static
/Users/brady/Downloads/STM32CubeExpansion_MATTER_V1.1.0/Middlewares/Third_Party/connectedhomeip/src/platform/OpenThread/GenericNetworkCommissioningThreadDriver.cpp:259:20:virtual chip::DeviceLayer::NetworkCommissioning::ThreadCapabilities chip::DeviceLayer::NetworkCommissioning::GenericThreadDriver::GetSupportedThreadFeatures()	16	static
../../../../../../../Middlewares/Third_Party/connectedhomeip/src/lib/support/DefaultStorageKeyAllocator.h:75:5:chip::StorageKeyName::StorageKeyName()	8	static
/Users/brady/Downloads/STM32CubeExpansion_MATTER_V1.1.0/Middlewares/Third_Party/connectedhomeip/src/platform/OpenThread/GenericNetworkCommissioningThreadDriver.cpp:194:8:chip::DeviceLayer::NetworkCommissioning::Status chip::DeviceLayer::NetworkCommissioning::GenericThreadDriver::MatchesNetworkId(const chip::Thread::OperationalDataset&, const chip::ByteSpan&) const	24	static
/Users/brady/Downloads/STM32CubeExpansion_MATTER_V1.1.0/Middlewares/Third_Party/connectedhomeip/src/platform/OpenThread/GenericNetworkCommissioningThreadDriver.cpp:153:8:virtual chip::DeviceLayer::NetworkCommissioning::Status chip::DeviceLayer::NetworkCommissioning::GenericThreadDriver::ReorderNetwork(chip::ByteSpan, uint8_t, chip::MutableCharSpan&)	24	static
../../../../../../../Middlewares/Third_Party/connectedhomeip/src/lib/support/CHIPMemString.h:66:13:void chip::Platform::CopyString(char (&)[N], const char*) [with unsigned int N = 33]	8	static
/Users/brady/Downloads/STM32CubeExpansion_MATTER_V1.1.0/Middlewares/Third_Party/connectedhomeip/src/platform/OpenThread/GenericNetworkCommissioningThreadDriver.cpp:75:12:virtual CHIP_ERROR chip::DeviceLayer::NetworkCommissioning::GenericThreadDriver::CommitConfiguration()	48	static
/Users/brady/Downloads/STM32CubeExpansion_MATTER_V1.1.0/Middlewares/Third_Party/connectedhomeip/src/platform/OpenThread/GenericNetworkCommissioningThreadDriver.cpp:86:12:virtual CHIP_ERROR chip::DeviceLayer::NetworkCommissioning::GenericThreadDriver::RevertConfiguration()	336	static
/Users/brady/Downloads/STM32CubeExpansion_MATTER_V1.1.0/Middlewares/Third_Party/connectedhomeip/src/platform/OpenThread/GenericNetworkCommissioningThreadDriver.cpp:46:12:virtual CHIP_ERROR chip::DeviceLayer::NetworkCommissioning::GenericThreadDriver::Init(chip::DeviceLayer::NetworkCommissioning::Internal::BaseDriver::NetworkStatusChangeCallback*)	16	static
/Users/brady/Downloads/STM32CubeExpansion_MATTER_V1.1.0/Middlewares/Third_Party/connectedhomeip/src/platform/OpenThread/GenericNetworkCommissioningThreadDriver.cpp:211:12:CHIP_ERROR chip::DeviceLayer::NetworkCommissioning::GenericThreadDriver::BackupConfiguration()	64	static
/Users/brady/Downloads/STM32CubeExpansion_MATTER_V1.1.0/Middlewares/Third_Party/connectedhomeip/src/platform/OpenThread/GenericNetworkCommissioningThreadDriver.cpp:116:8:virtual chip::DeviceLayer::NetworkCommissioning::Status chip::DeviceLayer::NetworkCommissioning::GenericThreadDriver::AddOrUpdateNetwork(chip::ByteSpan, chip::MutableCharSpan&, uint8_t&)	288	static
/Users/brady/Downloads/STM32CubeExpansion_MATTER_V1.1.0/Middlewares/Third_Party/connectedhomeip/src/platform/OpenThread/GenericNetworkCommissioningThreadDriver.cpp:138:8:virtual chip::DeviceLayer::NetworkCommissioning::Status chip::DeviceLayer::NetworkCommissioning::GenericThreadDriver::RemoveNetwork(chip::ByteSpan, chip::MutableCharSpan&, uint8_t&)	24	static
/Users/brady/Downloads/STM32CubeExpansion_MATTER_V1.1.0/Middlewares/Third_Party/connectedhomeip/src/platform/OpenThread/GenericNetworkCommissioningThreadDriver.cpp:165:6:virtual void chip::DeviceLayer::NetworkCommissioning::GenericThreadDriver::ConnectNetwork(chip::ByteSpan, chip::DeviceLayer::NetworkCommissioning::Internal::WirelessDriver::ConnectCallback*)	48	static
