../../../../../../../Middlewares/Third_Party/connectedhomeip/src/lib/core/TLVTypes.h:195:21:chip::TLV::TLVFieldSize chip::TLV::GetTLVFieldSize(TLVElementType)	0	static
/Users/brady/Downloads/STM32CubeExpansion_MATTER_V1.1.0/Middlewares/Third_Party/connectedhomeip/src/lib/core/TLVReader.cpp:52:1:chip::TLV::TLVReader::TLVReader()	12	static
/Users/brady/Downloads/STM32CubeExpansion_MATTER_V1.1.0/Middlewares/Third_Party/connectedhomeip/src/lib/core/TLVReader.cpp:95:6:void chip::TLV::TLVReader::Init(const chip::TLV::TLVReader&)	0	static
/Users/brady/Downloads/STM32CubeExpansion_MATTER_V1.1.0/Middlewares/Third_Party/connectedhomeip/src/lib/core/TLVReader.cpp:684:6:void chip::TLV::TLVReader::ClearElementState()	0	static
/Users/brady/Downloads/STM32CubeExpansion_MATTER_V1.1.0/Middlewares/Third_Party/connectedhomeip/src/lib/core/TLVReader.cpp:58:6:void chip::TLV::TLVReader::Init(const uint8_t*, size_t)	16	static
/Users/brady/Downloads/STM32CubeExpansion_MATTER_V1.1.0/Middlewares/Third_Party/connectedhomeip/src/lib/core/TLVReader.cpp:74:12:CHIP_ERROR chip::TLV::TLVReader::Init(chip::TLV::TLVBackingStore&, uint32_t)	24	static
/Users/brady/Downloads/STM32CubeExpansion_MATTER_V1.1.0/Middlewares/Third_Party/connectedhomeip/src/lib/core/TLVReader.cpp:895:5:chip::TLV::Tag chip::TLV::TLVReader::ReadTag(chip::TLV::TLVTagControl, const uint8_t*&) const	12	static
/Users/brady/Downloads/STM32CubeExpansion_MATTER_V1.1.0/Middlewares/Third_Party/connectedhomeip/src/lib/core/TLVReader.cpp:959:12:CHIP_ERROR chip::TLV::TLVReader::EnsureData(CHIP_ERROR)	24	static
/Users/brady/Downloads/STM32CubeExpansion_MATTER_V1.1.0/Middlewares/Third_Party/connectedhomeip/src/lib/core/TLVReader.cpp:930:12:CHIP_ERROR chip::TLV::TLVReader::ReadData(uint8_t*, uint32_t)	24	static
/Users/brady/Downloads/STM32CubeExpansion_MATTER_V1.1.0/Middlewares/Third_Party/connectedhomeip/src/lib/core/TLVReader.cpp:1029:16:chip::TLV::TLVElementType chip::TLV::TLVReader::ElementType() const	0	static
/Users/brady/Downloads/STM32CubeExpansion_MATTER_V1.1.0/Middlewares/Third_Party/connectedhomeip/src/lib/core/TLVReader.cpp:116:9:chip::TLV::TLVType chip::TLV::TLVReader::GetType() const	8	static
/Users/brady/Downloads/STM32CubeExpansion_MATTER_V1.1.0/Middlewares/Third_Party/connectedhomeip/src/lib/core/TLVReader.cpp:620:12:CHIP_ERROR chip::TLV::TLVReader::Expect(chip::TLV::Tag)	8	static
/Users/brady/Downloads/STM32CubeExpansion_MATTER_V1.1.0/Middlewares/Third_Party/connectedhomeip/src/lib/core/TLVReader.cpp:634:12:CHIP_ERROR chip::TLV::TLVReader::Expect(chip::TLV::TLVType, chip::TLV::Tag)	16	static
/Users/brady/Downloads/STM32CubeExpansion_MATTER_V1.1.0/Middlewares/Third_Party/connectedhomeip/src/lib/core/TLVReader.cpp:128:10:uint32_t chip::TLV::TLVReader::GetLength() const	8	static
/Users/brady/Downloads/STM32CubeExpansion_MATTER_V1.1.0/Middlewares/Third_Party/connectedhomeip/src/lib/core/TLVReader.cpp:135:12:CHIP_ERROR chip::TLV::TLVReader::Get(bool&) const	8	static
/Users/brady/Downloads/STM32CubeExpansion_MATTER_V1.1.0/Middlewares/Third_Party/connectedhomeip/src/lib/core/TLVReader.cpp:243:12:CHIP_ERROR chip::TLV::TLVReader::Get(uint64_t&) const	8	static
/Users/brady/Downloads/STM32CubeExpansion_MATTER_V1.1.0/Middlewares/Third_Party/connectedhomeip/src/lib/core/TLVReader.cpp:207:12:CHIP_ERROR chip::TLV::TLVReader::Get(uint8_t&) const	16	static
/Users/brady/Downloads/STM32CubeExpansion_MATTER_V1.1.0/Middlewares/Third_Party/connectedhomeip/src/lib/core/TLVReader.cpp:219:12:CHIP_ERROR chip::TLV::TLVReader::Get(uint16_t&) const	16	static
/Users/brady/Downloads/STM32CubeExpansion_MATTER_V1.1.0/Middlewares/Third_Party/connectedhomeip/src/lib/core/TLVReader.cpp:231:12:CHIP_ERROR chip::TLV::TLVReader::Get(uint32_t&) const	16	static
/Users/brady/Downloads/STM32CubeExpansion_MATTER_V1.1.0/Middlewares/Third_Party/connectedhomeip/src/lib/core/TLVReader.cpp:274:12:CHIP_ERROR chip::TLV::TLVReader::Get(float&) const	8	static
/Users/brady/Downloads/STM32CubeExpansion_MATTER_V1.1.0/Middlewares/Third_Party/connectedhomeip/src/lib/core/TLVReader.cpp:288:12:CHIP_ERROR chip::TLV::TLVReader::Get(double&) const	8	static
/Users/brady/Downloads/STM32CubeExpansion_MATTER_V1.1.0/Middlewares/Third_Party/connectedhomeip/src/lib/core/TLVReader.cpp:418:12:CHIP_ERROR chip::TLV::TLVReader::GetBytes(uint8_t*, size_t)	16	static
/Users/brady/Downloads/STM32CubeExpansion_MATTER_V1.1.0/Middlewares/Third_Party/connectedhomeip/src/lib/core/TLVReader.cpp:435:12:CHIP_ERROR chip::TLV::TLVReader::GetString(char*, size_t)	24	static
/Users/brady/Downloads/STM32CubeExpansion_MATTER_V1.1.0/Middlewares/Third_Party/connectedhomeip/src/lib/core/TLVReader.cpp:448:12:CHIP_ERROR chip::TLV::TLVReader::DupBytes(uint8_t*&, uint32_t&)	24	static
/Users/brady/Downloads/STM32CubeExpansion_MATTER_V1.1.0/Middlewares/Third_Party/connectedhomeip/src/lib/core/TLVReader.cpp:471:12:CHIP_ERROR chip::TLV::TLVReader::DupString(char*&)	24	static
/Users/brady/Downloads/STM32CubeExpansion_MATTER_V1.1.0/Middlewares/Third_Party/connectedhomeip/src/lib/core/TLVReader.cpp:497:12:CHIP_ERROR chip::TLV::TLVReader::GetDataPtr(const uint8_t*&) const	8	static
/Users/brady/Downloads/STM32CubeExpansion_MATTER_V1.1.0/Middlewares/Third_Party/connectedhomeip/src/lib/core/TLVReader.cpp:308:12:CHIP_ERROR chip::TLV::TLVReader::Get(chip::ByteSpan&) const	24	static
/Users/brady/Downloads/STM32CubeExpansion_MATTER_V1.1.0/Middlewares/Third_Party/connectedhomeip/src/lib/core/TLVReader.cpp:516:12:CHIP_ERROR chip::TLV::TLVReader::OpenContainer(chip::TLV::TLVReader&)	16	static
/Users/brady/Downloads/STM32CubeExpansion_MATTER_V1.1.0/Middlewares/Third_Party/connectedhomeip/src/lib/core/TLVReader.cpp:562:12:CHIP_ERROR chip::TLV::TLVReader::EnterContainer(chip::TLV::TLVType&)	8	static
/Users/brady/Downloads/STM32CubeExpansion_MATTER_V1.1.0/Middlewares/Third_Party/connectedhomeip/src/lib/core/TLVReader.cpp:700:12:CHIP_ERROR chip::TLV::TLVReader::SkipData()	8	static
/Users/brady/Downloads/STM32CubeExpansion_MATTER_V1.1.0/Middlewares/Third_Party/connectedhomeip/src/lib/core/TLVReader.cpp:842:12:CHIP_ERROR chip::TLV::TLVReader::VerifyElement()	8	static
/Users/brady/Downloads/STM32CubeExpansion_MATTER_V1.1.0/Middlewares/Third_Party/connectedhomeip/src/lib/core/TLVReader.cpp:756:12:CHIP_ERROR chip::TLV::TLVReader::ReadElement()	64	static
/Users/brady/Downloads/STM32CubeExpansion_MATTER_V1.1.0/Middlewares/Third_Party/connectedhomeip/src/lib/core/TLVReader.cpp:715:12:CHIP_ERROR chip::TLV::TLVReader::SkipToEndOfContainer()	16	static
/Users/brady/Downloads/STM32CubeExpansion_MATTER_V1.1.0/Middlewares/Third_Party/connectedhomeip/src/lib/core/TLVReader.cpp:577:12:CHIP_ERROR chip::TLV::TLVReader::ExitContainer(chip::TLV::TLVType)	16	static
/Users/brady/Downloads/STM32CubeExpansion_MATTER_V1.1.0/Middlewares/Third_Party/connectedhomeip/src/lib/core/TLVReader.cpp:538:12:CHIP_ERROR chip::TLV::TLVReader::CloseContainer(chip::TLV::TLVReader&)	16	static
/Users/brady/Downloads/STM32CubeExpansion_MATTER_V1.1.0/Middlewares/Third_Party/connectedhomeip/src/lib/core/TLVReader.cpp:648:12:CHIP_ERROR chip::TLV::TLVReader::Skip()	16	static
/Users/brady/Downloads/STM32CubeExpansion_MATTER_V1.1.0/Middlewares/Third_Party/connectedhomeip/src/lib/core/TLVReader.cpp:601:12:CHIP_ERROR chip::TLV::TLVReader::Next()	8	static
/Users/brady/Downloads/STM32CubeExpansion_MATTER_V1.1.0/Middlewares/Third_Party/connectedhomeip/src/lib/core/TLVReader.cpp:591:12:CHIP_ERROR chip::TLV::TLVReader::VerifyEndOfContainer()	8	static
/Users/brady/Downloads/STM32CubeExpansion_MATTER_V1.1.0/Middlewares/Third_Party/connectedhomeip/src/lib/core/TLVReader.cpp:627:12:CHIP_ERROR chip::TLV::TLVReader::Next(chip::TLV::Tag)	16	static
/Users/brady/Downloads/STM32CubeExpansion_MATTER_V1.1.0/Middlewares/Third_Party/connectedhomeip/src/lib/core/TLVReader.cpp:641:12:CHIP_ERROR chip::TLV::TLVReader::Next(chip::TLV::TLVType, chip::TLV::Tag)	24	static
/Users/brady/Downloads/STM32CubeExpansion_MATTER_V1.1.0/Middlewares/Third_Party/connectedhomeip/src/lib/core/TLVReader.cpp:183:12:CHIP_ERROR chip::TLV::TLVReader::Get(int64_t&) const	8	static
/Users/brady/Downloads/STM32CubeExpansion_MATTER_V1.1.0/Middlewares/Third_Party/connectedhomeip/src/lib/core/TLVReader.cpp:147:12:CHIP_ERROR chip::TLV::TLVReader::Get(int8_t&) const	16	static
/Users/brady/Downloads/STM32CubeExpansion_MATTER_V1.1.0/Middlewares/Third_Party/connectedhomeip/src/lib/core/TLVReader.cpp:159:12:CHIP_ERROR chip::TLV::TLVReader::Get(int16_t&) const	16	static
/Users/brady/Downloads/STM32CubeExpansion_MATTER_V1.1.0/Middlewares/Third_Party/connectedhomeip/src/lib/core/TLVReader.cpp:171:12:CHIP_ERROR chip::TLV::TLVReader::Get(int32_t&) const	16	static
/Users/brady/Downloads/STM32CubeExpansion_MATTER_V1.1.0/Middlewares/Third_Party/connectedhomeip/src/lib/core/TLVReader.cpp:322:12:CHIP_ERROR chip::TLV::TLVReader::Get(chip::CharSpan&) const	32	static
/Users/brady/Downloads/STM32CubeExpansion_MATTER_V1.1.0/Middlewares/Third_Party/connectedhomeip/src/lib/core/TLVReader.cpp:370:12:CHIP_ERROR chip::TLV::TLVReader::Get(chip::Optional<short unsigned int>&)	40	static
/Users/brady/Downloads/STM32CubeExpansion_MATTER_V1.1.0/Middlewares/Third_Party/connectedhomeip/src/lib/core/TLVReader.cpp:993:12:CHIP_ERROR chip::TLV::TLVReader::GetElementHeadLength(uint8_t&) const	16	static
/Users/brady/Downloads/STM32CubeExpansion_MATTER_V1.1.0/Middlewares/Third_Party/connectedhomeip/src/lib/core/TLVReader.cpp:1036:12:CHIP_ERROR chip::TLV::TLVReader::FindElementWithTag(chip::TLV::Tag, chip::TLV::TLVReader&) const	72	static
/Users/brady/Downloads/STM32CubeExpansion_MATTER_V1.1.0/Middlewares/Third_Party/connectedhomeip/src/lib/core/TLVReader.cpp:1060:12:CHIP_ERROR chip::TLV::TLVReader::CountRemainingInContainer(size_t*) const	72	static
/Users/brady/Downloads/STM32CubeExpansion_MATTER_V1.1.0/Middlewares/Third_Party/connectedhomeip/src/lib/core/TLVReader.cpp:1082:12:CHIP_ERROR chip::TLV::ContiguousBufferTLVReader::OpenContainer(chip::TLV::ContiguousBufferTLVReader&)	0	static
/Users/brady/Downloads/STM32CubeExpansion_MATTER_V1.1.0/Middlewares/Third_Party/connectedhomeip/src/lib/core/TLVReader.cpp:1093:12:CHIP_ERROR chip::TLV::ContiguousBufferTLVReader::GetStringView(chip::Span<const char>&)	0	static
/Users/brady/Downloads/STM32CubeExpansion_MATTER_V1.1.0/Middlewares/Third_Party/connectedhomeip/src/lib/core/TLVReader.cpp:1098:12:CHIP_ERROR chip::TLV::ContiguousBufferTLVReader::GetByteView(chip::ByteSpan&)	8	static
