../../../../../../../Middlewares/Third_Party/connectedhomeip/src/app/AttributeAccessInterface.h:444:24:virtual CHIP_ERROR chip::app::AttributeAccessInterface::Write(const chip::app::ConcreteDataAttributePath&, chip::app::AttributeValueDecoder&)	0	static
../../../../../../../Middlewares/Third_Party/connectedhomeip/src/app/AttributeAccessInterface.h:456:18:virtual void chip::app::AttributeAccessInterface::OnListWriteBegin(const chip::app::ConcreteAttributePath&)	0	static
../../../../../../../Middlewares/Third_Party/connectedhomeip/src/app/AttributeAccessInterface.h:471:18:virtual void chip::app::AttributeAccessInterface::OnListWriteEnd(const chip::app::ConcreteAttributePath&, bool)	0	static
/Users/brady/Downloads/STM32CubeExpansion_MATTER_V1.1.0/Middlewares/Third_Party/connectedhomeip/src/app/clusters/time-format-localization-server/time-format-localization-server.cpp:46:7:{anonymous}::TimeFormatLocalizationAttrAccess::~TimeFormatLocalizationAttrAccess()	0	static
/Users/brady/Downloads/STM32CubeExpansion_MATTER_V1.1.0/Middlewares/Third_Party/connectedhomeip/src/app/clusters/time-format-localization-server/time-format-localization-server.cpp:46:7:virtual {anonymous}::TimeFormatLocalizationAttrAccess::~TimeFormatLocalizationAttrAccess()	8	static
/Users/brady/Downloads/STM32CubeExpansion_MATTER_V1.1.0/Middlewares/Third_Party/connectedhomeip/src/app/clusters/time-format-localization-server/time-format-localization-server.cpp:73:10:bool {anonymous}::AutoReleaseIterator::Next(chip::app::Clusters::TimeFormatLocalization::CalendarTypeEnum&)	0	static
/Users/brady/Downloads/STM32CubeExpansion_MATTER_V1.1.0/Middlewares/Third_Party/connectedhomeip/src/app/clusters/time-format-localization-server/time-format-localization-server.cpp:64:5:{anonymous}::AutoReleaseIterator::~AutoReleaseIterator()	0	static
/Users/brady/Downloads/STM32CubeExpansion_MATTER_V1.1.0/Middlewares/Third_Party/connectedhomeip/src/app/clusters/time-format-localization-server/time-format-localization-server.cpp:117:6:bool {anonymous}::IsSupportedCalendarType(chip::app::Clusters::TimeFormatLocalization::CalendarTypeEnum, chip::app::Clusters::TimeFormatLocalization::CalendarTypeEnum&)	32	static
../../../../../../../Middlewares/Third_Party/connectedhomeip/src/app/AttributeAccessInterface.h:197:16:CHIP_ERROR chip::app::AttributeValueEncoder::EncodeEmptyList()	32	static
/Users/brady/Downloads/STM32CubeExpansion_MATTER_V1.1.0/Middlewares/Third_Party/connectedhomeip/src/app/clusters/time-format-localization-server/time-format-localization-server.cpp:177:37:chip::Protocols::InteractionModel::Status MatterTimeFormatLocalizationClusterServerPreAttributeChangedCallback(const chip::app::ConcreteAttributePath&, EmberAfAttributeType, uint16_t, uint8_t*)	16	static
/Users/brady/Downloads/STM32CubeExpansion_MATTER_V1.1.0/Middlewares/Third_Party/connectedhomeip/src/app/clusters/time-format-localization-server/time-format-localization-server.cpp:203:6:void emberAfTimeFormatLocalizationClusterServerInitCallback(chip::EndpointId)	16	static
/Users/brady/Downloads/STM32CubeExpansion_MATTER_V1.1.0/Middlewares/Third_Party/connectedhomeip/src/app/clusters/time-format-localization-server/time-format-localization-server.cpp:222:6:void MatterTimeFormatLocalizationPluginServerInitCallback()	0	static
../../../../../../../Middlewares/Third_Party/connectedhomeip/src/app/data-model/Encode.h:70:12:CHIP_ERROR chip::app::DataModel::Encode(chip::TLV::TLVWriter&, chip::TLV::Tag, X) [with X = chip::app::Clusters::TimeFormatLocalization::CalendarTypeEnum; typename std::enable_if<(std::is_enum<_Tp>::value && HasUnknownValue<X>), int>::type <anonymous> = 0]	0	static
/Users/brady/Downloads/STM32CubeExpansion_MATTER_V1.1.0/Middlewares/Third_Party/connectedhomeip/src/app/clusters/time-format-localization-server/time-format-localization-server.cpp:101:12:virtual CHIP_ERROR {anonymous}::TimeFormatLocalizationAttrAccess::Read(const chip::app::ConcreteReadAttributePath&, chip::app::AttributeValueEncoder&)	88	static
/Users/brady/Downloads/STM32CubeExpansion_MATTER_V1.1.0/Middlewares/Third_Party/connectedhomeip/src/app/clusters/time-format-localization-server/time-format-localization-server.cpp:225:1:cpp)	0	static
