../../../../../../../Middlewares/Third_Party/connectedhomeip/src/app/AttributeAccessInterface.h:444:24:virtual CHIP_ERROR chip::app::AttributeAccessInterface::Write(const chip::app::ConcreteDataAttributePath&, chip::app::AttributeValueDecoder&)	0	static
../../../../../../../Middlewares/Third_Party/connectedhomeip/src/app/AttributeAccessInterface.h:456:18:virtual void chip::app::AttributeAccessInterface::OnListWriteBegin(const chip::app::ConcreteAttributePath&)	0	static
../../../../../../../Middlewares/Third_Party/connectedhomeip/src/app/AttributeAccessInterface.h:471:18:virtual void chip::app::AttributeAccessInterface::OnListWriteEnd(const chip::app::ConcreteAttributePath&, bool)	0	static
/Users/brady/Downloads/STM32CubeExpansion_MATTER_V1.1.0/Middlewares/Third_Party/connectedhomeip/src/app/clusters/group-key-mgmt-server/group-key-mgmt-server.cpp:106:7:{anonymous}::GroupKeyManagementAttributeAccess::~GroupKeyManagementAttributeAccess()	0	static
/Users/brady/Downloads/STM32CubeExpansion_MATTER_V1.1.0/Middlewares/Third_Party/connectedhomeip/src/app/clusters/group-key-mgmt-server/group-key-mgmt-server.cpp:106:7:virtual {anonymous}::GroupKeyManagementAttributeAccess::~GroupKeyManagementAttributeAccess()	8	static
/Users/brady/Downloads/STM32CubeExpansion_MATTER_V1.1.0/Middlewares/Third_Party/connectedhomeip/src/app/clusters/group-key-mgmt-server/group-key-mgmt-server.cpp:404:6:constprop(chip::app::CommandHandler*, const chip::app::ConcreteCommandPath&, chip::Credentials::GroupDataProvider**, const chip::FabricInfo**)	24	static
/Users/brady/Downloads/STM32CubeExpansion_MATTER_V1.1.0/Middlewares/Third_Party/connectedhomeip/src/app/clusters/group-key-mgmt-server/group-key-mgmt-server.cpp:74:16:CHIP_ERROR {anonymous}::GroupTableCodec::EncodeForRead(chip::TLV::TLVWriter&, chip::TLV::Tag, chip::FabricIndex) const	40	static
../../../../../../../Middlewares/Third_Party/connectedhomeip/src/credentials/FabricTable.h:108:10:bool chip::FabricInfo::IsInitialized() const	0	static
../../../../../../../Middlewares/Third_Party/connectedhomeip/src/credentials/FabricTable.h:336:27:chip::ConstFabricIterator& chip::ConstFabricIterator::Advance()	16	static
../../../../../../../Middlewares/Third_Party/connectedhomeip/src/credentials/FabricTable.h:288:24:const chip::FabricInfo& chip::ConstFabricIterator::operator*() const	16	static
../../../../../../../Middlewares/Third_Party/connectedhomeip/src/credentials/FabricTable.h:301:10:bool chip::ConstFabricIterator::operator==(const chip::ConstFabricIterator&)	8	static
../../../../../../../Middlewares/Third_Party/connectedhomeip/src/credentials/FabricTable.h:562:25:chip::ConstFabricIterator chip::FabricTable::cbegin() const	16	static
../../../../../../../Middlewares/Third_Party/connectedhomeip/src/app/MessageDef/Builder.h:86:10:void chip::app::Builder::Rollback(const chip::TLV::TLVWriter&)	4	static
../../../../../../../Middlewares/Third_Party/connectedhomeip/src/app/CommandHandler.h:595:16:CHIP_ERROR chip::app::CommandHandler::TryAddResponseDataPreEncode(const chip::app::ConcreteCommandPath&, const chip::app::ConcreteCommandPath&)	56	static
/Users/brady/Downloads/STM32CubeExpansion_MATTER_V1.1.0/Middlewares/Third_Party/connectedhomeip/src/app/clusters/group-key-mgmt-server/group-key-mgmt-server.cpp:437:6:void MatterGroupKeyManagementPluginServerInitCallback()	0	static
/Users/brady/Downloads/STM32CubeExpansion_MATTER_V1.1.0/Middlewares/Third_Party/connectedhomeip/src/app/clusters/group-key-mgmt-server/group-key-mgmt-server.cpp:446:6:bool emberAfGroupKeyManagementClusterKeySetWriteCallback(chip::app::CommandHandler*, const chip::app::ConcreteCommandPath&, const chip::app::Clusters::GroupKeyManagement::Commands::KeySetWrite::DecodableType&)	136	static
/Users/brady/Downloads/STM32CubeExpansion_MATTER_V1.1.0/Middlewares/Third_Party/connectedhomeip/src/app/clusters/group-key-mgmt-server/group-key-mgmt-server.cpp:613:6:bool emberAfGroupKeyManagementClusterKeySetRemoveCallback(chip::app::CommandHandler*, const chip::app::ConcreteCommandPath&, const chip::app::Clusters::GroupKeyManagement::Commands::KeySetRemove::DecodableType&)	24	static
/Users/brady/Downloads/STM32CubeExpansion_MATTER_V1.1.0/Middlewares/Third_Party/connectedhomeip/src/app/clusters/group-key-mgmt-server/group-key-mgmt-server.cpp:663:16:CHIP_ERROR KeySetReadAllIndicesResponse::Encode(chip::TLV::TLVWriter&, chip::TLV::Tag) const	112	static
../../../../../../../Middlewares/Third_Party/connectedhomeip/src/app/AttributeAccessInterface.h:365:16:CHIP_ERROR chip::app::AttributeValueDecoder::Decode(T&) [with T = chip::app::DataModel::DecodableList<chip::app::Clusters::GroupKeyManagement::Structs::GroupKeyMapStruct::Type>; typename std::enable_if<chip::app::DataModel::IsFabricScoped<X>::value, bool>::type <anonymous> = true]	24	static
/Users/brady/Downloads/STM32CubeExpansion_MATTER_V1.1.0/Middlewares/Third_Party/connectedhomeip/src/app/clusters/group-key-mgmt-server/group-key-mgmt-server.cpp:147:16:virtual CHIP_ERROR {anonymous}::GroupKeyManagementAttributeAccess::Write(const chip::app::ConcreteDataAttributePath&, chip::app::AttributeValueDecoder&)	184	static
../../../../../../../Middlewares/Third_Party/connectedhomeip/src/app/AttributeAccessInterface.h:308:16:) [with Ts = {short unsigned int}]	32	static
/Users/brady/Downloads/STM32CubeExpansion_MATTER_V1.1.0/Middlewares/Third_Party/connectedhomeip/src/app/clusters/group-key-mgmt-server/group-key-mgmt-server.cpp:116:16:virtual CHIP_ERROR {anonymous}::GroupKeyManagementAttributeAccess::Read(const chip::app::ConcreteReadAttributePath&, chip::app::AttributeValueEncoder&)	168	static
../../../../../../../Middlewares/Third_Party/connectedhomeip/src/app/CommandHandler.h:363:34:chip::app::CommandHandler::AddResponseData<chip::app::Clusters::GroupKeyManagement::Commands::KeySetReadResponse::Type>(const chip::app::ConcreteCommandPath&, const chip::app::Clusters::GroupKeyManagement::Commands::KeySetReadResponse::Type&)::<lambda()>	32	static
../../../../../../../Middlewares/Third_Party/connectedhomeip/src/app/CommandHandler.h:381:10:void chip::app::CommandHandler::AddResponse(const chip::app::ConcreteCommandPath&, const CommandData&) [with CommandData = chip::app::Clusters::GroupKeyManagement::Commands::KeySetReadResponse::Type]	32	static
/Users/brady/Downloads/STM32CubeExpansion_MATTER_V1.1.0/Middlewares/Third_Party/connectedhomeip/src/app/clusters/group-key-mgmt-server/group-key-mgmt-server.cpp:549:6:bool emberAfGroupKeyManagementClusterKeySetReadCallback(chip::app::CommandHandler*, const chip::app::ConcreteCommandPath&, const chip::app::Clusters::GroupKeyManagement::Commands::KeySetRead::DecodableType&)	208	static
../../../../../../../Middlewares/Third_Party/connectedhomeip/src/app/CommandHandler.h:363:34:chip::app::CommandHandler::AddResponseData<KeySetReadAllIndicesResponse>(const chip::app::ConcreteCommandPath&, const KeySetReadAllIndicesResponse&)::<lambda()>	32	static
/Users/brady/Downloads/STM32CubeExpansion_MATTER_V1.1.0/Middlewares/Third_Party/connectedhomeip/src/app/clusters/group-key-mgmt-server/group-key-mgmt-server.cpp:685:6:bool emberAfGroupKeyManagementClusterKeySetReadAllIndicesCallback(chip::app::CommandHandler*, const chip::app::ConcreteCommandPath&, const chip::app::Clusters::GroupKeyManagement::Commands::KeySetReadAllIndices::DecodableType&)	48	static
/Users/brady/Downloads/STM32CubeExpansion_MATTER_V1.1.0/Middlewares/Third_Party/connectedhomeip/src/app/clusters/group-key-mgmt-server/group-key-mgmt-server.cpp:709:1:cpp)	0	static
