/Users/brady/Downloads/STM32CubeExpansion_MATTER_V1.1.0/Middlewares/Third_Party/connectedhomeip/src/app/server/AclStorage.cpp:233:12:CHIP_ERROR chip::app::AclStorage::DecodableEntry::Unstage()	128	static
/Users/brady/Downloads/STM32CubeExpansion_MATTER_V1.1.0/Middlewares/Third_Party/connectedhomeip/src/app/server/AclStorage.cpp:226:12:CHIP_ERROR chip::app::AclStorage::DecodableEntry::Decode(chip::TLV::TLVReader&)	8	static
/Users/brady/Downloads/STM32CubeExpansion_MATTER_V1.1.0/Middlewares/Third_Party/connectedhomeip/src/app/server/AclStorage.cpp:293:12:CHIP_ERROR chip::app::AclStorage::EncodableEntry::Stage() const	56	static
/Users/brady/Downloads/STM32CubeExpansion_MATTER_V1.1.0/Middlewares/Third_Party/connectedhomeip/src/app/server/AclStorage.cpp:279:12:CHIP_ERROR chip::app::AclStorage::EncodableEntry::EncodeForRead(chip::TLV::TLVWriter&, chip::TLV::Tag, chip::FabricIndex) const	32	static
/Users/brady/Downloads/STM32CubeExpansion_MATTER_V1.1.0/Middlewares/Third_Party/connectedhomeip/src/app/server/AclStorage.cpp:286:12:CHIP_ERROR chip::app::AclStorage::EncodableEntry::EncodeForWrite(chip::TLV::TLVWriter&, chip::TLV::Tag) const	24	static
