../../../../../../../Middlewares/Third_Party/connectedhomeip/src/app/server/Dnssd.h:45:28:void __tcf_0()	0	static
../../../../../../../Middlewares/Third_Party/connectedhomeip/src/app/server/Dnssd.h:131:10:virtual void chip::app::DnssdServer::OnEnterActiveMode()	0	static
../../../../../../../Middlewares/Third_Party/connectedhomeip/src/app/server/Dnssd.h:132:10:virtual void chip::app::DnssdServer::OnTransitionToIdle()	0	static
../../../../../../../Middlewares/Third_Party/connectedhomeip/src/app/server/Dnssd.h:37:18:chip::app::DnssdServer::~DnssdServer()	0	static
../../../../../../../Middlewares/Third_Party/connectedhomeip/src/app/server/Dnssd.h:37:18:virtual chip::app::DnssdServer::~DnssdServer()	8	static
../../../../../../../Middlewares/Third_Party/connectedhomeip/src/lib/dnssd/Advertiser.h:243:39:chip::Dnssd::CommissionAdvertisingParameters& chip::Dnssd::CommissionAdvertisingParameters::SetPairingInstruction(chip::Optional<const char*>)	16	static
../../../../../../../Middlewares/Third_Party/connectedhomeip/src/credentials/FabricTable.h:108:10:bool chip::FabricInfo::IsInitialized() const	0	static
../../../../../../../Middlewares/Third_Party/connectedhomeip/src/credentials/FabricTable.h:336:27:chip::ConstFabricIterator& chip::ConstFabricIterator::Advance()	16	static
/Users/brady/Downloads/STM32CubeExpansion_MATTER_V1.1.0/Middlewares/Third_Party/connectedhomeip/src/app/server/Dnssd.cpp:73:6:bool chip::app::DnssdServer::HaveOperationalCredentials()	8	static
/Users/brady/Downloads/STM32CubeExpansion_MATTER_V1.1.0/Middlewares/Third_Party/connectedhomeip/src/app/server/Dnssd.cpp:134:12:CHIP_ERROR chip::app::DnssdServer::GetCommissionableInstanceName(char*, size_t)	16	static
/Users/brady/Downloads/STM32CubeExpansion_MATTER_V1.1.0/Middlewares/Third_Party/connectedhomeip/src/app/server/Dnssd.cpp:140:12:CHIP_ERROR chip::app::DnssdServer::SetEphemeralDiscriminator(chip::Optional<short unsigned int>)	0	static
/Users/brady/Downloads/STM32CubeExpansion_MATTER_V1.1.0/Middlewares/Third_Party/connectedhomeip/src/app/server/Dnssd.cpp:173:6:void chip::app::DnssdServer::GetPrimaryOrFallbackMACAddress(chip::MutableByteSpan)	24	static
/Users/brady/Downloads/STM32CubeExpansion_MATTER_V1.1.0/Middlewares/Third_Party/connectedhomeip/src/app/server/Dnssd.cpp:189:12:CHIP_ERROR chip::app::DnssdServer::AdvertiseOperational()	240	static
/Users/brady/Downloads/STM32CubeExpansion_MATTER_V1.1.0/Middlewares/Third_Party/connectedhomeip/src/app/server/Dnssd.cpp:228:12:CHIP_ERROR chip::app::DnssdServer::Advertise(bool, chip::Dnssd::CommissioningMode)	808	static
/Users/brady/Downloads/STM32CubeExpansion_MATTER_V1.1.0/Middlewares/Third_Party/connectedhomeip/src/app/server/Dnssd.cpp:367:12:CHIP_ERROR chip::app::DnssdServer::AdvertiseCommissioner()	0	static
/Users/brady/Downloads/STM32CubeExpansion_MATTER_V1.1.0/Middlewares/Third_Party/connectedhomeip/src/app/server/Dnssd.cpp:372:12:CHIP_ERROR chip::app::DnssdServer::AdvertiseCommissionableNode(chip::Dnssd::CommissioningMode)	0	static
/Users/brady/Downloads/STM32CubeExpansion_MATTER_V1.1.0/Middlewares/Third_Party/connectedhomeip/src/app/server/Dnssd.cpp:397:6:void chip::app::DnssdServer::StopServer()	8	static
/Users/brady/Downloads/STM32CubeExpansion_MATTER_V1.1.0/Middlewares/Third_Party/connectedhomeip/src/app/server/Dnssd.cpp:424:6:void chip::app::DnssdServer::StartServer(chip::Dnssd::CommissioningMode)	24	static
/Users/brady/Downloads/STM32CubeExpansion_MATTER_V1.1.0/Middlewares/Third_Party/connectedhomeip/src/app/server/Dnssd.cpp:387:6:void chip::app::DnssdServer::StartServer()	8	static
/Users/brady/Downloads/STM32CubeExpansion_MATTER_V1.1.0/Middlewares/Third_Party/connectedhomeip/src/app/server/Dnssd.cpp:517:6:virtual void chip::app::DnssdServer::OnICDModeChange()	0	static
/Users/brady/Downloads/STM32CubeExpansion_MATTER_V1.1.0/Middlewares/Third_Party/connectedhomeip/src/app/server/Dnssd.cpp:63:6:void chip::app::{anonymous}::OnPlatformEventWrapper(const chip::DeviceLayer::ChipDeviceEvent*, intptr_t)	16	static
