/Users/brady/Downloads/STM32CubeExpansion_MATTER_V1.1.0/Middlewares/Third_Party/connectedhomeip/src/app/util/attribute-storage.cpp:183:10:uint16_t {anonymous}::findIndexFromEndpoint(chip::EndpointId, bool)	16	static
/Users/brady/Downloads/STM32CubeExpansion_MATTER_V1.1.0/Middlewares/Third_Party/connectedhomeip/src/app/util/attribute-storage.cpp:1012:9:uint8_t emberAfClusterCountByIndex(uint16_t, bool)	8	static
../../../../../../../Middlewares/Third_Party/connectedhomeip/src/app/AttributeAccessInterfaceCache.h:56:10:void chip::app::AttributeAccessInterfaceCache::Invalidate()	0	static
/Users/brady/Downloads/STM32CubeExpansion_MATTER_V1.1.0/Middlewares/Third_Party/connectedhomeip/src/app/util/attribute-storage.cpp:211:6:void emberAfEndpointConfigure()	64	static
/Users/brady/Downloads/STM32CubeExpansion_MATTER_V1.1.0/Middlewares/Third_Party/connectedhomeip/src/app/util/attribute-storage.cpp:275:6:void emberAfSetDynamicEndpointCount(uint16_t)	0	static
/Users/brady/Downloads/STM32CubeExpansion_MATTER_V1.1.0/Middlewares/Third_Party/connectedhomeip/src/app/util/attribute-storage.cpp:280:10:uint16_t emberAfGetDynamicIndexFromEndpoint(chip::EndpointId)	0	static
/Users/brady/Downloads/STM32CubeExpansion_MATTER_V1.1.0/Middlewares/Third_Party/connectedhomeip/src/app/util/attribute-storage.cpp:298:12:CHIP_ERROR emberAfSetDynamicEndpoint(uint16_t, chip::EndpointId, const EmberAfEndpointType*, const chip::Span<long unsigned int>&, chip::Span<const EmberAfDeviceType>, chip::EndpointId)	0	static
/Users/brady/Downloads/STM32CubeExpansion_MATTER_V1.1.0/Middlewares/Third_Party/connectedhomeip/src/app/util/attribute-storage.cpp:372:10:uint16_t emberAfFixedEndpointCount()	0	static
/Users/brady/Downloads/STM32CubeExpansion_MATTER_V1.1.0/Middlewares/Third_Party/connectedhomeip/src/app/util/attribute-storage.cpp:377:10:uint16_t emberAfEndpointCount()	0	static
/Users/brady/Downloads/STM32CubeExpansion_MATTER_V1.1.0/Middlewares/Third_Party/connectedhomeip/src/app/util/attribute-storage.cpp:382:6:bool emberAfEndpointIndexIsEnabled(uint16_t)	0	static
/Users/brady/Downloads/STM32CubeExpansion_MATTER_V1.1.0/Middlewares/Third_Party/connectedhomeip/src/app/util/attribute-storage.cpp:611:8:chip::Protocols::InteractionModel::Status emAfReadOrWriteAttribute(const EmberAfAttributeSearchRecord*, const EmberAfAttributeMetadata**, uint8_t*, uint16_t, bool)	56	static
/Users/brady/Downloads/STM32CubeExpansion_MATTER_V1.1.0/Middlewares/Third_Party/connectedhomeip/src/app/util/attribute-storage.cpp:483:34:const EmberAfAttributeMetadata* emberAfLocateAttributeMetadata(chip::EndpointId, chip::ClusterId, chip::AttributeId)	32	static
/Users/brady/Downloads/STM32CubeExpansion_MATTER_V1.1.0/Middlewares/Third_Party/connectedhomeip/src/app/util/attribute-storage.cpp:739:24:const EmberAfCluster* emberAfFindClusterInType(const EmberAfEndpointType*, chip::ClusterId, EmberAfClusterMask, uint8_t*)	28	static
/Users/brady/Downloads/STM32CubeExpansion_MATTER_V1.1.0/Middlewares/Third_Party/connectedhomeip/src/app/util/attribute-storage.cpp:768:9:uint8_t emberAfClusterIndex(chip::EndpointId, chip::ClusterId, EmberAfClusterMask)	32	static
/Users/brady/Downloads/STM32CubeExpansion_MATTER_V1.1.0/Middlewares/Third_Party/connectedhomeip/src/app/util/attribute-storage.cpp:806:6:bool emberAfContainsServerFromIndex(uint16_t, chip::ClusterId)	8	static
/Users/brady/Downloads/STM32CubeExpansion_MATTER_V1.1.0/Middlewares/Third_Party/connectedhomeip/src/app/util/attribute-storage.cpp:830:6:void chip::app::EnabledEndpointsWithServerCluster::EnsureMatchingEndpoint()	24	static
/Users/brady/Downloads/STM32CubeExpansion_MATTER_V1.1.0/Middlewares/Third_Party/connectedhomeip/src/app/util/attribute-storage.cpp:819:1:chip::app::EnabledEndpointsWithServerCluster::EnabledEndpointsWithServerCluster(chip::ClusterId)	8	static
/Users/brady/Downloads/STM32CubeExpansion_MATTER_V1.1.0/Middlewares/Third_Party/connectedhomeip/src/app/util/attribute-storage.cpp:823:37:chip::app::EnabledEndpointsWithServerCluster& chip::app::EnabledEndpointsWithServerCluster::operator++()	8	static
/Users/brady/Downloads/STM32CubeExpansion_MATTER_V1.1.0/Middlewares/Third_Party/connectedhomeip/src/app/util/attribute-storage.cpp:862:24:const EmberAfCluster* emberAfFindClusterIncludingDisabledEndpoints(chip::EndpointId, chip::ClusterId, EmberAfClusterMask)	16	static
/Users/brady/Downloads/STM32CubeExpansion_MATTER_V1.1.0/Middlewares/Third_Party/connectedhomeip/src/app/util/attribute-storage.cpp:873:10:uint16_t emberAfGetClusterServerEndpointIndex(chip::EndpointId, chip::ClusterId, uint16_t)	24	static
/Users/brady/Downloads/STM32CubeExpansion_MATTER_V1.1.0/Middlewares/Third_Party/connectedhomeip/src/app/util/attribute-storage.cpp:984:10:uint16_t emberAfIndexFromEndpoint(chip::EndpointId)	0	static
/Users/brady/Downloads/STM32CubeExpansion_MATTER_V1.1.0/Middlewares/Third_Party/connectedhomeip/src/app/util/attribute-storage.cpp:729:29:const EmberAfEndpointType* emberAfFindEndpointType(chip::EndpointId)	8	static
/Users/brady/Downloads/STM32CubeExpansion_MATTER_V1.1.0/Middlewares/Third_Party/connectedhomeip/src/app/util/attribute-storage.cpp:794:6:bool emberAfContainsClient(chip::EndpointId, chip::ClusterId)	8	static
/Users/brady/Downloads/STM32CubeExpansion_MATTER_V1.1.0/Middlewares/Third_Party/connectedhomeip/src/app/util/attribute-storage.cpp:850:24:const EmberAfCluster* emberAfFindServerCluster(chip::EndpointId, chip::ClusterId)	8	static
/Users/brady/Downloads/STM32CubeExpansion_MATTER_V1.1.0/Middlewares/Third_Party/connectedhomeip/src/app/util/attribute-storage.cpp:788:6:bool emberAfContainsServer(chip::EndpointId, chip::ClusterId)	8	static
/Users/brady/Downloads/STM32CubeExpansion_MATTER_V1.1.0/Middlewares/Third_Party/connectedhomeip/src/app/util/attribute-storage.cpp:1164:6:void emAfLoadAttributeDefaults(chip::EndpointId, chip::Optional<long unsigned int>)	352	static
/Users/brady/Downloads/STM32CubeExpansion_MATTER_V1.1.0/Middlewares/Third_Party/connectedhomeip/src/app/util/attribute-storage.cpp:989:12:chip::EndpointId emberAfEndpointFromIndex(uint16_t)	0	static
/Users/brady/Downloads/STM32CubeExpansion_MATTER_V1.1.0/Middlewares/Third_Party/connectedhomeip/src/app/util/attribute-storage.cpp:994:12:chip::EndpointId emberAfParentEndpointFromIndex(uint16_t)	0	static
/Users/brady/Downloads/STM32CubeExpansion_MATTER_V1.1.0/Middlewares/Third_Party/connectedhomeip/src/app/util/attribute-storage.cpp:1001:9:uint8_t emberAfClusterCount(chip::EndpointId, bool)	8	static
/Users/brady/Downloads/STM32CubeExpansion_MATTER_V1.1.0/Middlewares/Third_Party/connectedhomeip/src/app/util/attribute-storage.cpp:1031:9:uint8_t emberAfGetClusterCountForEndpoint(chip::EndpointId)	8	static
/Users/brady/Downloads/STM32CubeExpansion_MATTER_V1.1.0/Middlewares/Third_Party/connectedhomeip/src/app/util/attribute-storage.cpp:1041:37:chip::Span<const EmberAfDeviceType> emberAfDeviceTypeListFromEndpoint(chip::EndpointId, CHIP_ERROR&)	16	static
/Users/brady/Downloads/STM32CubeExpansion_MATTER_V1.1.0/Middlewares/Third_Party/connectedhomeip/src/app/util/attribute-storage.cpp:1056:12:CHIP_ERROR GetSemanticTagForEndpointAtIndex(chip::EndpointId, size_t, chip::app::Clusters::Descriptor::Structs::SemanticTagStruct::Type&)	16	static
/Users/brady/Downloads/STM32CubeExpansion_MATTER_V1.1.0/Middlewares/Third_Party/connectedhomeip/src/app/util/attribute-storage.cpp:1069:12:CHIP_ERROR emberAfSetDeviceTypeList(chip::EndpointId, chip::Span<const EmberAfDeviceType>)	16	static
/Users/brady/Downloads/STM32CubeExpansion_MATTER_V1.1.0/Middlewares/Third_Party/connectedhomeip/src/app/util/attribute-storage.cpp:1081:12:CHIP_ERROR SetTagList(chip::EndpointId, chip::Span<const chip::app::Clusters::Descriptor::Structs::SemanticTagStruct::Type>)	16	static
/Users/brady/Downloads/STM32CubeExpansion_MATTER_V1.1.0/Middlewares/Third_Party/connectedhomeip/src/app/util/attribute-storage.cpp:1095:24:const EmberAfCluster* emberAfGetNthCluster(chip::EndpointId, uint8_t, bool)	24	static
/Users/brady/Downloads/STM32CubeExpansion_MATTER_V1.1.0/Middlewares/Third_Party/connectedhomeip/src/app/util/attribute-storage.cpp:1130:21:chip::Optional<long unsigned int> emberAfGetNthClusterId(chip::EndpointId, uint8_t, bool)	8	static
/Users/brady/Downloads/STM32CubeExpansion_MATTER_V1.1.0/Middlewares/Third_Party/connectedhomeip/src/app/util/attribute-storage.cpp:1142:9:uint8_t emberAfGetClustersFromEndpoint(chip::EndpointId, chip::ClusterId*, uint8_t, bool)	24	static
/Users/brady/Downloads/STM32CubeExpansion_MATTER_V1.1.0/Middlewares/Third_Party/connectedhomeip/src/app/util/attribute-storage.cpp:1159:6:void emberAfInitializeAttributes(chip::EndpointId)	16	static
/Users/brady/Downloads/STM32CubeExpansion_MATTER_V1.1.0/Middlewares/Third_Party/connectedhomeip/src/app/util/attribute-storage.cpp:1310:6:void emAfSaveAttributeToStorageIfNeeded(uint8_t*, chip::EndpointId, chip::ClusterId, const EmberAfAttributeMetadata*)	304	static
/Users/brady/Downloads/STM32CubeExpansion_MATTER_V1.1.0/Middlewares/Third_Party/connectedhomeip/src/app/util/attribute-storage.cpp:1355:31:void (* emberAfFindClusterFunction(const EmberAfCluster*, EmberAfClusterMask))()	12	static
/Users/brady/Downloads/STM32CubeExpansion_MATTER_V1.1.0/Middlewares/Third_Party/connectedhomeip/src/app/util/attribute-storage.cpp:427:13:void initializeEndpoint(EmberAfDefinedEndpoint*)	24	static
/Users/brady/Downloads/STM32CubeExpansion_MATTER_V1.1.0/Middlewares/Third_Party/connectedhomeip/src/app/util/attribute-storage.cpp:470:6:void emAfCallInits()	24	static
/Users/brady/Downloads/STM32CubeExpansion_MATTER_V1.1.0/Middlewares/Third_Party/connectedhomeip/src/app/util/attribute-storage.cpp:932:6:bool emberAfEndpointEnableDisable(chip::EndpointId, bool)	40	static
/Users/brady/Downloads/STM32CubeExpansion_MATTER_V1.1.0/Middlewares/Third_Party/connectedhomeip/src/app/util/attribute-storage.cpp:355:12:chip::EndpointId emberAfClearDynamicEndpoint(uint16_t)	24	static
/Users/brady/Downloads/STM32CubeExpansion_MATTER_V1.1.0/Middlewares/Third_Party/connectedhomeip/src/app/util/attribute-storage.cpp:388:6:void emAfClusterAttributeChangedCallback(const chip::app::ConcreteAttributePath&)	8	static
/Users/brady/Downloads/STM32CubeExpansion_MATTER_V1.1.0/Middlewares/Third_Party/connectedhomeip/src/app/util/attribute-storage.cpp:402:8:chip::Protocols::InteractionModel::Status emAfClusterPreAttributeChangedCallback(const chip::app::ConcreteAttributePath&, EmberAfAttributeType, uint16_t, uint8_t*)	24	static
/Users/brady/Downloads/STM32CubeExpansion_MATTER_V1.1.0/Middlewares/Third_Party/connectedhomeip/src/app/util/attribute-storage.cpp:1376:6:bool registerAttributeAccessOverride(chip::app::AttributeAccessInterface*)	16	static
/Users/brady/Downloads/STM32CubeExpansion_MATTER_V1.1.0/Middlewares/Third_Party/connectedhomeip/src/app/util/attribute-storage.cpp:1392:6:void unregisterAttributeAccessOverride(chip::app::AttributeAccessInterface*)	16	static
/Users/brady/Downloads/STM32CubeExpansion_MATTER_V1.1.0/Middlewares/Third_Party/connectedhomeip/src/app/util/attribute-storage.cpp:1401:33:chip::app::AttributeAccessInterface* chip::app::GetAttributeAccessOverride(chip::EndpointId, chip::ClusterId)	8	static
/Users/brady/Downloads/STM32CubeExpansion_MATTER_V1.1.0/Middlewares/Third_Party/connectedhomeip/src/app/util/attribute-storage.cpp:1432:12:CHIP_ERROR chip::app::SetParentEndpointForEndpoint(chip::EndpointId, chip::EndpointId)	16	static
/Users/brady/Downloads/STM32CubeExpansion_MATTER_V1.1.0/Middlewares/Third_Party/connectedhomeip/src/app/util/attribute-storage.cpp:1445:12:CHIP_ERROR chip::app::SetFlatCompositionForEndpoint(chip::EndpointId)	8	static
/Users/brady/Downloads/STM32CubeExpansion_MATTER_V1.1.0/Middlewares/Third_Party/connectedhomeip/src/app/util/attribute-storage.cpp:1457:12:CHIP_ERROR chip::app::SetTreeCompositionForEndpoint(chip::EndpointId)	8	static
/Users/brady/Downloads/STM32CubeExpansion_MATTER_V1.1.0/Middlewares/Third_Party/connectedhomeip/src/app/util/attribute-storage.cpp:1469:6:bool chip::app::IsFlatCompositionForEndpoint(chip::EndpointId)	8	static
/Users/brady/Downloads/STM32CubeExpansion_MATTER_V1.1.0/Middlewares/Third_Party/connectedhomeip/src/app/util/attribute-storage.cpp:1479:6:bool chip::app::IsTreeCompositionForEndpoint(chip::EndpointId)	8	static
/Users/brady/Downloads/STM32CubeExpansion_MATTER_V1.1.0/Middlewares/Third_Party/connectedhomeip/src/app/util/attribute-storage.cpp:1492:10:uint16_t emberAfGetServerAttributeCount(chip::EndpointId, chip::ClusterId)	8	static
/Users/brady/Downloads/STM32CubeExpansion_MATTER_V1.1.0/Middlewares/Third_Party/connectedhomeip/src/app/util/attribute-storage.cpp:1499:10:uint16_t emberAfGetServerAttributeIndexByAttributeId(chip::EndpointId, chip::ClusterId, chip::AttributeId)	16	static
/Users/brady/Downloads/STM32CubeExpansion_MATTER_V1.1.0/Middlewares/Third_Party/connectedhomeip/src/app/util/attribute-storage.cpp:1515:23:chip::Optional<long unsigned int> emberAfGetServerAttributeIdByIndex(chip::EndpointId, chip::ClusterId, uint16_t)	16	static
/Users/brady/Downloads/STM32CubeExpansion_MATTER_V1.1.0/Middlewares/Third_Party/connectedhomeip/src/app/util/attribute-storage.cpp:1525:15:chip::DataVersion* emberAfDataVersionStorage(const chip::app::ConcreteClusterPath&)	16	static
/Users/brady/Downloads/STM32CubeExpansion_MATTER_V1.1.0/Middlewares/Third_Party/connectedhomeip/src/app/util/attribute-storage.cpp:1550:1:cpp)	8	static
