../../../../../../../Middlewares/Third_Party/connectedhomeip/src/lib/support/DefaultStorageKeyAllocator.h:54:48:)	28	static
/Users/brady/Downloads/STM32CubeExpansion_MATTER_V1.1.0/Middlewares/Third_Party/connectedhomeip/src/app/util/binding-table.cpp:29:1:chip::BindingTable::BindingTable()	0	static
/Users/brady/Downloads/STM32CubeExpansion_MATTER_V1.1.0/Middlewares/Third_Party/connectedhomeip/src/app/util/binding-table.cpp:85:32:const EmberBindingTableEntry& chip::BindingTable::GetAt(uint8_t)	0	static
/Users/brady/Downloads/STM32CubeExpansion_MATTER_V1.1.0/Middlewares/Third_Party/connectedhomeip/src/app/util/binding-table.cpp:90:12:CHIP_ERROR chip::BindingTable::SaveEntryToStorage(uint8_t, uint8_t)	160	static
/Users/brady/Downloads/STM32CubeExpansion_MATTER_V1.1.0/Middlewares/Third_Party/connectedhomeip/src/app/util/binding-table.cpp:120:12:CHIP_ERROR chip::BindingTable::SaveListInfo(uint8_t)	128	static
/Users/brady/Downloads/STM32CubeExpansion_MATTER_V1.1.0/Middlewares/Third_Party/connectedhomeip/src/app/util/binding-table.cpp:182:12:CHIP_ERROR chip::BindingTable::LoadEntryFromStorage(uint8_t, uint8_t&)	160	static
/Users/brady/Downloads/STM32CubeExpansion_MATTER_V1.1.0/Middlewares/Third_Party/connectedhomeip/src/app/util/binding-table.cpp:135:12:CHIP_ERROR chip::BindingTable::LoadFromStorage()	112	static
/Users/brady/Downloads/STM32CubeExpansion_MATTER_V1.1.0/Middlewares/Third_Party/connectedhomeip/src/app/util/binding-table.cpp:233:12:CHIP_ERROR chip::BindingTable::RemoveAt(Iterator&)	64	static
/Users/brady/Downloads/STM32CubeExpansion_MATTER_V1.1.0/Middlewares/Third_Party/connectedhomeip/src/app/util/binding-table.cpp:276:24:chip::BindingTable::Iterator chip::BindingTable::begin()	0	static
/Users/brady/Downloads/STM32CubeExpansion_MATTER_V1.1.0/Middlewares/Third_Party/connectedhomeip/src/app/util/binding-table.cpp:285:24:chip::BindingTable::Iterator chip::BindingTable::end()	0	static
/Users/brady/Downloads/STM32CubeExpansion_MATTER_V1.1.0/Middlewares/Third_Party/connectedhomeip/src/app/util/binding-table.cpp:293:9:uint8_t chip::BindingTable::GetNextAvaiableIndex()	0	static
/Users/brady/Downloads/STM32CubeExpansion_MATTER_V1.1.0/Middlewares/Third_Party/connectedhomeip/src/app/util/binding-table.cpp:34:12:CHIP_ERROR chip::BindingTable::Add(const EmberBindingTableEntry&)	72	static
/Users/brady/Downloads/STM32CubeExpansion_MATTER_V1.1.0/Middlewares/Third_Party/connectedhomeip/src/app/util/binding-table.cpp:305:24:chip::BindingTable::Iterator chip::BindingTable::Iterator::operator++()	0	static
/Users/brady/Downloads/STM32CubeExpansion_MATTER_V1.1.0/Middlewares/Third_Party/connectedhomeip/src/app/util/binding-table.cpp:315:1:cpp)	0	static
