/Users/brady/Downloads/STM32CubeExpansion_MATTER_V1.1.0/Middlewares/Third_Party/mbedtls/library/ecdh.c:45:5:mbedtls_ecdh_can_do	0	static
/Users/brady/Downloads/STM32CubeExpansion_MATTER_V1.1.0/Middlewares/Third_Party/mbedtls/library/ecdh.c:87:5:mbedtls_ecdh_gen_public	40	static
/Users/brady/Downloads/STM32CubeExpansion_MATTER_V1.1.0/Middlewares/Third_Party/mbedtls/library/ecdh.c:134:5:mbedtls_ecdh_compute_shared	80	static
/Users/brady/Downloads/STM32CubeExpansion_MATTER_V1.1.0/Middlewares/Third_Party/mbedtls/library/ecdh.c:164:6:mbedtls_ecdh_init	8	static
/Users/brady/Downloads/STM32CubeExpansion_MATTER_V1.1.0/Middlewares/Third_Party/mbedtls/library/ecdh.c:200:5:mbedtls_ecdh_setup	8	static
/Users/brady/Downloads/STM32CubeExpansion_MATTER_V1.1.0/Middlewares/Third_Party/mbedtls/library/ecdh.c:253:6:mbedtls_ecdh_free	8	static
/Users/brady/Downloads/STM32CubeExpansion_MATTER_V1.1.0/Middlewares/Third_Party/mbedtls/library/ecdh.c:348:5:mbedtls_ecdh_make_params	48	static
/Users/brady/Downloads/STM32CubeExpansion_MATTER_V1.1.0/Middlewares/Third_Party/mbedtls/library/ecdh.c:401:5:mbedtls_ecdh_read_params	24	static
/Users/brady/Downloads/STM32CubeExpansion_MATTER_V1.1.0/Middlewares/Third_Party/mbedtls/library/ecdh.c:466:5:mbedtls_ecdh_get_params	16	static
/Users/brady/Downloads/STM32CubeExpansion_MATTER_V1.1.0/Middlewares/Third_Party/mbedtls/library/ecdh.c:559:5:mbedtls_ecdh_make_public	40	static
/Users/brady/Downloads/STM32CubeExpansion_MATTER_V1.1.0/Middlewares/Third_Party/mbedtls/library/ecdh.c:616:5:mbedtls_ecdh_read_public	24	static
/Users/brady/Downloads/STM32CubeExpansion_MATTER_V1.1.0/Middlewares/Third_Party/mbedtls/library/ecdh.c:695:5:mbedtls_ecdh_calc_secret	32	static
