/Users/brady/Downloads/STM32CubeExpansion_MATTER_V1.1.0/Middlewares/Third_Party/mbedtls/library/ecp.c:143:19:ecp_drbg_random	0	static
/Users/brady/Downloads/STM32CubeExpansion_MATTER_V1.1.0/Middlewares/Third_Party/mbedtls/library/ecp.c:1221:19:mbedtls_mpi_mul_mod	16	static
/Users/brady/Downloads/STM32CubeExpansion_MATTER_V1.1.0/Middlewares/Third_Party/mbedtls/library/ecp.c:1312:12:ecp_normalize_jac	48	static
/Users/brady/Downloads/STM32CubeExpansion_MATTER_V1.1.0/Middlewares/Third_Party/mbedtls/library/ecp.c:1462:12:ecp_safe_invert_jac	32	static
/Users/brady/Downloads/STM32CubeExpansion_MATTER_V1.1.0/Middlewares/Third_Party/mbedtls/library/ecp.c:1686:12:ecp_randomize_jac	56	static
/Users/brady/Downloads/STM32CubeExpansion_MATTER_V1.1.0/Middlewares/Third_Party/mbedtls/library/ecp.c:1270:19:mbedtls_mpi_add_mod.part.0	16	static
/Users/brady/Downloads/STM32CubeExpansion_MATTER_V1.1.0/Middlewares/Third_Party/mbedtls/library/ecp.c:1270:19:mbedtls_mpi_add_mod	16	static
/Users/brady/Downloads/STM32CubeExpansion_MATTER_V1.1.0/Middlewares/Third_Party/mbedtls/library/ecp.c:1248:19:mbedtls_mpi_sub_mod	16	static
/Users/brady/Downloads/STM32CubeExpansion_MATTER_V1.1.0/Middlewares/Third_Party/mbedtls/library/ecp.c:701:6:mbedtls_ecp_point_free.part.0	8	static
/Users/brady/Downloads/STM32CubeExpansion_MATTER_V1.1.0/Middlewares/Third_Party/mbedtls/library/ecp.c:1996:12:ecp_select_comb.constprop	32	static
/Users/brady/Downloads/STM32CubeExpansion_MATTER_V1.1.0/Middlewares/Third_Party/mbedtls/library/ecp.c:1286:19:mbedtls_mpi_shift_l_mod.constprop	16	static
/Users/brady/Downloads/STM32CubeExpansion_MATTER_V1.1.0/Middlewares/Third_Party/mbedtls/library/ecp.c:1497:12:ecp_double_jac	72	static
/Users/brady/Downloads/STM32CubeExpansion_MATTER_V1.1.0/Middlewares/Third_Party/mbedtls/library/ecp.c:547:31:mbedtls_ecp_curve_list	0	static
/Users/brady/Downloads/STM32CubeExpansion_MATTER_V1.1.0/Middlewares/Third_Party/mbedtls/library/ecp.c:555:29:mbedtls_ecp_grp_id_list	16	static
/Users/brady/Downloads/STM32CubeExpansion_MATTER_V1.1.0/Middlewares/Third_Party/mbedtls/library/ecp.c:579:31:mbedtls_ecp_curve_info_from_grp_id	0	static
/Users/brady/Downloads/STM32CubeExpansion_MATTER_V1.1.0/Middlewares/Third_Party/mbedtls/library/ecp.c:597:31:mbedtls_ecp_curve_info_from_tls_id	0	static
/Users/brady/Downloads/STM32CubeExpansion_MATTER_V1.1.0/Middlewares/Third_Party/mbedtls/library/ecp.c:615:31:mbedtls_ecp_curve_info_from_name	16	static
/Users/brady/Downloads/STM32CubeExpansion_MATTER_V1.1.0/Middlewares/Third_Party/mbedtls/library/ecp.c:637:24:mbedtls_ecp_get_type	0	static
/Users/brady/Downloads/STM32CubeExpansion_MATTER_V1.1.0/Middlewares/Third_Party/mbedtls/library/ecp.c:653:6:mbedtls_ecp_point_init	8	static
/Users/brady/Downloads/STM32CubeExpansion_MATTER_V1.1.0/Middlewares/Third_Party/mbedtls/library/ecp.c:665:6:mbedtls_ecp_group_init	16	static
/Users/brady/Downloads/STM32CubeExpansion_MATTER_V1.1.0/Middlewares/Third_Party/mbedtls/library/ecp.c:689:6:mbedtls_ecp_keypair_init	8	static
/Users/brady/Downloads/STM32CubeExpansion_MATTER_V1.1.0/Middlewares/Third_Party/mbedtls/library/ecp.c:701:6:mbedtls_ecp_point_free	0	static
/Users/brady/Downloads/STM32CubeExpansion_MATTER_V1.1.0/Middlewares/Third_Party/mbedtls/library/ecp.c:715:6:mbedtls_ecp_group_free	16	static
/Users/brady/Downloads/STM32CubeExpansion_MATTER_V1.1.0/Middlewares/Third_Party/mbedtls/library/ecp.c:744:6:mbedtls_ecp_keypair_free	8	static
/Users/brady/Downloads/STM32CubeExpansion_MATTER_V1.1.0/Middlewares/Third_Party/mbedtls/library/ecp.c:758:5:mbedtls_ecp_copy	16	static
/Users/brady/Downloads/STM32CubeExpansion_MATTER_V1.1.0/Middlewares/Third_Party/mbedtls/library/ecp.c:775:5:mbedtls_ecp_group_copy	0	static
/Users/brady/Downloads/STM32CubeExpansion_MATTER_V1.1.0/Middlewares/Third_Party/mbedtls/library/ecp.c:786:5:mbedtls_ecp_set_zero	8	static
/Users/brady/Downloads/STM32CubeExpansion_MATTER_V1.1.0/Middlewares/Third_Party/mbedtls/library/ecp.c:1594:12:ecp_add_mixed	120	static
/Users/brady/Downloads/STM32CubeExpansion_MATTER_V1.1.0/Middlewares/Third_Party/mbedtls/library/ecp.c:802:5:mbedtls_ecp_is_zero	8	static
/Users/brady/Downloads/STM32CubeExpansion_MATTER_V1.1.0/Middlewares/Third_Party/mbedtls/library/ecp.c:812:5:mbedtls_ecp_point_cmp	16	static
/Users/brady/Downloads/STM32CubeExpansion_MATTER_V1.1.0/Middlewares/Third_Party/mbedtls/library/ecp.c:830:5:mbedtls_ecp_point_read_string	16	static
/Users/brady/Downloads/STM32CubeExpansion_MATTER_V1.1.0/Middlewares/Third_Party/mbedtls/library/ecp.c:849:5:mbedtls_ecp_point_write_binary	32	static
/Users/brady/Downloads/STM32CubeExpansion_MATTER_V1.1.0/Middlewares/Third_Party/mbedtls/library/ecp.c:922:5:mbedtls_ecp_point_read_binary	24	static
/Users/brady/Downloads/STM32CubeExpansion_MATTER_V1.1.0/Middlewares/Third_Party/mbedtls/library/ecp.c:990:5:mbedtls_ecp_tls_read_point	8	static
/Users/brady/Downloads/STM32CubeExpansion_MATTER_V1.1.0/Middlewares/Third_Party/mbedtls/library/ecp.c:1028:5:mbedtls_ecp_tls_write_point	24	static
/Users/brady/Downloads/STM32CubeExpansion_MATTER_V1.1.0/Middlewares/Third_Party/mbedtls/library/ecp.c:1084:5:mbedtls_ecp_tls_read_group_id	8	static
/Users/brady/Downloads/STM32CubeExpansion_MATTER_V1.1.0/Middlewares/Third_Party/mbedtls/library/ecp.c:1064:5:mbedtls_ecp_tls_read_group	16	static
/Users/brady/Downloads/STM32CubeExpansion_MATTER_V1.1.0/Middlewares/Third_Party/mbedtls/library/ecp.c:1126:5:mbedtls_ecp_tls_write_group	16	static
/Users/brady/Downloads/STM32CubeExpansion_MATTER_V1.1.0/Middlewares/Third_Party/mbedtls/library/ecp.c:3090:5:mbedtls_ecp_check_pubkey	48	static
/Users/brady/Downloads/STM32CubeExpansion_MATTER_V1.1.0/Middlewares/Third_Party/mbedtls/library/ecp.c:3117:5:mbedtls_ecp_check_privkey	16	static
/Users/brady/Downloads/STM32CubeExpansion_MATTER_V1.1.0/Middlewares/Third_Party/mbedtls/library/ecp.c:2683:5:mbedtls_ecp_mul_restartable	304	static
/Users/brady/Downloads/STM32CubeExpansion_MATTER_V1.1.0/Middlewares/Third_Party/mbedtls/library/ecp.c:2758:5:mbedtls_ecp_mul	24	static
/Users/brady/Downloads/STM32CubeExpansion_MATTER_V1.1.0/Middlewares/Third_Party/mbedtls/library/ecp.c:2823:12:mbedtls_ecp_mul_shortcuts	40	static
/Users/brady/Downloads/STM32CubeExpansion_MATTER_V1.1.0/Middlewares/Third_Party/mbedtls/library/ecp.c:2856:5:mbedtls_ecp_muladd_restartable	72	static
/Users/brady/Downloads/STM32CubeExpansion_MATTER_V1.1.0/Middlewares/Third_Party/mbedtls/library/ecp.c:2962:5:mbedtls_ecp_muladd	24	static
/Users/brady/Downloads/STM32CubeExpansion_MATTER_V1.1.0/Middlewares/Third_Party/mbedtls/library/ecp.c:3206:5:mbedtls_ecp_gen_privkey	24	static
/Users/brady/Downloads/STM32CubeExpansion_MATTER_V1.1.0/Middlewares/Third_Party/mbedtls/library/ecp.c:3233:5:mbedtls_ecp_gen_keypair_base	32	static
/Users/brady/Downloads/STM32CubeExpansion_MATTER_V1.1.0/Middlewares/Third_Party/mbedtls/library/ecp.c:3256:5:mbedtls_ecp_gen_keypair	16	static
/Users/brady/Downloads/STM32CubeExpansion_MATTER_V1.1.0/Middlewares/Third_Party/mbedtls/library/ecp.c:3272:5:mbedtls_ecp_gen_key	24	static
/Users/brady/Downloads/STM32CubeExpansion_MATTER_V1.1.0/Middlewares/Third_Party/mbedtls/library/ecp.c:3290:5:mbedtls_ecp_read_key	24	static
/Users/brady/Downloads/STM32CubeExpansion_MATTER_V1.1.0/Middlewares/Third_Party/mbedtls/library/ecp.c:3358:5:mbedtls_ecp_write_key	8	static
/Users/brady/Downloads/STM32CubeExpansion_MATTER_V1.1.0/Middlewares/Third_Party/mbedtls/library/ecp.c:3395:5:mbedtls_ecp_check_pub_priv	192	static
