/Users/brady/Downloads/STM32CubeExpansion_MATTER_V1.1.0/Middlewares/Third_Party/connectedhomeip/src/platform/DeviceInfoProvider.cpp:38:12:CHIP_ERROR chip::DeviceLayer::DeviceInfoProvider::SetUserLabelList(chip::EndpointId, const chip::DeviceLayer::AttributeList<chip::app::Clusters::detail::Structs::LabelStruct::Type, 10>&)	40	static
/Users/brady/Downloads/STM32CubeExpansion_MATTER_V1.1.0/Middlewares/Third_Party/connectedhomeip/src/platform/DeviceInfoProvider.cpp:65:12:CHIP_ERROR chip::DeviceLayer::DeviceInfoProvider::ClearUserLabelList(chip::EndpointId)	24	static
/Users/brady/Downloads/STM32CubeExpansion_MATTER_V1.1.0/Middlewares/Third_Party/connectedhomeip/src/platform/DeviceInfoProvider.cpp:81:12:CHIP_ERROR chip::DeviceLayer::DeviceInfoProvider::AppendUserLabel(chip::EndpointId, const UserLabelType&)	32	static
/Users/brady/Downloads/STM32CubeExpansion_MATTER_V1.1.0/Middlewares/Third_Party/connectedhomeip/src/platform/DeviceInfoProvider.cpp:95:6:void chip::DeviceLayer::DeviceInfoProvider::SetStorageDelegate(chip::PersistentStorageDelegate*)	8	static
/Users/brady/Downloads/STM32CubeExpansion_MATTER_V1.1.0/Middlewares/Third_Party/connectedhomeip/src/platform/DeviceInfoProvider.cpp:108:22:chip::DeviceLayer::DeviceInfoProvider* chip::DeviceLayer::GetDeviceInfoProvider()	0	static
/Users/brady/Downloads/STM32CubeExpansion_MATTER_V1.1.0/Middlewares/Third_Party/connectedhomeip/src/platform/DeviceInfoProvider.cpp:122:6:void chip::DeviceLayer::SetDeviceInfoProvider(DeviceInfoProvider*)	0	static
