../../../../../../../Middlewares/Third_Party/connectedhomeip/src/app/AttributeAccessInterface.h:444:24:virtual CHIP_ERROR chip::app::AttributeAccessInterface::Write(const chip::app::ConcreteDataAttributePath&, chip::app::AttributeValueDecoder&)	0	static
../../../../../../../Middlewares/Third_Party/connectedhomeip/src/app/AttributeAccessInterface.h:456:18:virtual void chip::app::AttributeAccessInterface::OnListWriteBegin(const chip::app::ConcreteAttributePath&)	0	static
../../../../../../../Middlewares/Third_Party/connectedhomeip/src/app/AttributeAccessInterface.h:471:18:virtual void chip::app::AttributeAccessInterface::OnListWriteEnd(const chip::app::ConcreteAttributePath&, bool)	0	static
/Users/brady/Downloads/STM32CubeExpansion_MATTER_V1.1.0/Middlewares/Third_Party/connectedhomeip/src/app/clusters/administrator-commissioning-server/administrator-commissioning-server.cpp:47:7:AdministratorCommissioningAttrAccess::~AdministratorCommissioningAttrAccess()	0	static
/Users/brady/Downloads/STM32CubeExpansion_MATTER_V1.1.0/Middlewares/Third_Party/connectedhomeip/src/app/clusters/administrator-commissioning-server/administrator-commissioning-server.cpp:47:7:virtual AdministratorCommissioningAttrAccess::~AdministratorCommissioningAttrAccess()	8	static
/Users/brady/Downloads/STM32CubeExpansion_MATTER_V1.1.0/Middlewares/Third_Party/connectedhomeip/src/app/clusters/administrator-commissioning-server/administrator-commissioning-server.cpp:60:12:virtual CHIP_ERROR AdministratorCommissioningAttrAccess::Read(const chip::app::ConcreteReadAttributePath&, chip::app::AttributeValueEncoder&)	32	static
../../../../../../../Middlewares/Third_Party/connectedhomeip/src/app/server/CommissioningWindowManager.h:71:30:chip::System::Clock::Seconds16 chip::CommissioningWindowManager::MinCommissioningTimeout() const	0	static
/Users/brady/Downloads/STM32CubeExpansion_MATTER_V1.1.0/Middlewares/Third_Party/connectedhomeip/src/app/clusters/administrator-commissioning-server/administrator-commissioning-server.cpp:82:6:bool emberAfAdministratorCommissioningClusterOpenCommissioningWindowCallback(chip::app::CommandHandler*, const chip::app::ConcreteCommandPath&, const chip::app::Clusters::AdministratorCommissioning::Commands::OpenCommissioningWindow::DecodableType&)	160	static
/Users/brady/Downloads/STM32CubeExpansion_MATTER_V1.1.0/Middlewares/Third_Party/connectedhomeip/src/app/clusters/administrator-commissioning-server/administrator-commissioning-server.cpp:142:6:bool emberAfAdministratorCommissioningClusterOpenBasicCommissioningWindowCallback(chip::app::CommandHandler*, const chip::app::ConcreteCommandPath&, const chip::app::Clusters::AdministratorCommissioning::Commands::OpenBasicCommissioningWindow::DecodableType&)	32	static
/Users/brady/Downloads/STM32CubeExpansion_MATTER_V1.1.0/Middlewares/Third_Party/connectedhomeip/src/app/clusters/administrator-commissioning-server/administrator-commissioning-server.cpp:189:6:bool emberAfAdministratorCommissioningClusterRevokeCommissioningCallback(chip::app::CommandHandler*, const chip::app::ConcreteCommandPath&, const chip::app::Clusters::AdministratorCommissioning::Commands::RevokeCommissioning::DecodableType&)	16	static
/Users/brady/Downloads/STM32CubeExpansion_MATTER_V1.1.0/Middlewares/Third_Party/connectedhomeip/src/app/clusters/administrator-commissioning-server/administrator-commissioning-server.cpp:212:6:void MatterAdministratorCommissioningPluginServerInitCallback()	8	static
/Users/brady/Downloads/STM32CubeExpansion_MATTER_V1.1.0/Middlewares/Third_Party/connectedhomeip/src/app/clusters/administrator-commissioning-server/administrator-commissioning-server.cpp:216:1:cpp)	0	static
