/Users/brady/Downloads/STM32CubeExpansion_MATTER_V1.1.0/Middlewares/Third_Party/connectedhomeip/src/lib/asn1/ASN1Writer.cpp:131:16:uint8_t chip::ASN1::ReverseBits(uint8_t)	0	static
/Users/brady/Downloads/STM32CubeExpansion_MATTER_V1.1.0/Middlewares/Third_Party/connectedhomeip/src/lib/asn1/ASN1Writer.cpp:52:6:void chip::ASN1::ASN1Writer::Init(uint8_t*, size_t)	0	static
/Users/brady/Downloads/STM32CubeExpansion_MATTER_V1.1.0/Middlewares/Third_Party/connectedhomeip/src/lib/asn1/ASN1Writer.cpp:60:6:void chip::ASN1::ASN1Writer::InitNullWriter()	0	static
/Users/brady/Downloads/STM32CubeExpansion_MATTER_V1.1.0/Middlewares/Third_Party/connectedhomeip/src/lib/asn1/ASN1Writer.cpp:68:8:size_t chip::ASN1::ASN1Writer::GetLengthWritten() const	0	static
/Users/brady/Downloads/STM32CubeExpansion_MATTER_V1.1.0/Middlewares/Third_Party/connectedhomeip/src/lib/asn1/ASN1Writer.cpp:444:9:static uint8_t chip::ASN1::ASN1Writer::BytesForLength(int32_t)	0	static
/Users/brady/Downloads/STM32CubeExpansion_MATTER_V1.1.0/Middlewares/Third_Party/connectedhomeip/src/lib/asn1/ASN1Writer.cpp:459:6:static void chip::ASN1::ASN1Writer::EncodeLength(uint8_t*, uint8_t, int32_t)	8	static
/Users/brady/Downloads/STM32CubeExpansion_MATTER_V1.1.0/Middlewares/Third_Party/connectedhomeip/src/lib/asn1/ASN1Writer.cpp:349:12:CHIP_ERROR chip::ASN1::ASN1Writer::EncodeHead(uint8_t, uint8_t, bool, int32_t)	24	static
/Users/brady/Downloads/STM32CubeExpansion_MATTER_V1.1.0/Middlewares/Third_Party/connectedhomeip/src/lib/asn1/ASN1Writer.cpp:95:12:CHIP_ERROR chip::ASN1::ASN1Writer::PutBoolean(bool)	24	static
/Users/brady/Downloads/STM32CubeExpansion_MATTER_V1.1.0/Middlewares/Third_Party/connectedhomeip/src/lib/asn1/ASN1Writer.cpp:171:12:CHIP_ERROR chip::ASN1::ASN1Writer::PutBitString(uint32_t)	32	static
/Users/brady/Downloads/STM32CubeExpansion_MATTER_V1.1.0/Middlewares/Third_Party/connectedhomeip/src/lib/asn1/ASN1Writer.cpp:272:12:CHIP_ERROR chip::ASN1::ASN1Writer::PutNull()	16	static
/Users/brady/Downloads/STM32CubeExpansion_MATTER_V1.1.0/Middlewares/Third_Party/connectedhomeip/src/lib/asn1/ASN1Writer.cpp:289:12:CHIP_ERROR chip::ASN1::ASN1Writer::StartConstructedType(uint8_t, uint8_t)	16	static
/Users/brady/Downloads/STM32CubeExpansion_MATTER_V1.1.0/Middlewares/Third_Party/connectedhomeip/src/lib/asn1/ASN1Writer.cpp:299:12:CHIP_ERROR chip::ASN1::ASN1Writer::StartEncapsulatedType(uint8_t, uint8_t, bool)	24	static
/Users/brady/Downloads/STM32CubeExpansion_MATTER_V1.1.0/Middlewares/Third_Party/connectedhomeip/src/lib/asn1/ASN1Writer.cpp:400:12:CHIP_ERROR chip::ASN1::ASN1Writer::WriteDeferredLength()	24	static
/Users/brady/Downloads/STM32CubeExpansion_MATTER_V1.1.0/Middlewares/Third_Party/connectedhomeip/src/lib/asn1/ASN1Writer.cpp:294:12:CHIP_ERROR chip::ASN1::ASN1Writer::EndConstructedType()	0	static
/Users/brady/Downloads/STM32CubeExpansion_MATTER_V1.1.0/Middlewares/Third_Party/connectedhomeip/src/lib/asn1/ASN1Writer.cpp:317:12:CHIP_ERROR chip::ASN1::ASN1Writer::EndEncapsulatedType()	0	static
/Users/brady/Downloads/STM32CubeExpansion_MATTER_V1.1.0/Middlewares/Third_Party/connectedhomeip/src/lib/asn1/ASN1Writer.cpp:477:6:void chip::ASN1::ASN1Writer::WriteData(const uint8_t*, size_t)	16	static
/Users/brady/Downloads/STM32CubeExpansion_MATTER_V1.1.0/Middlewares/Third_Party/connectedhomeip/src/lib/asn1/ASN1Writer.cpp:219:12:CHIP_ERROR chip::ASN1::ASN1Writer::PutBitString(uint8_t, const uint8_t*, uint16_t)	32	static
/Users/brady/Downloads/STM32CubeExpansion_MATTER_V1.1.0/Middlewares/Third_Party/connectedhomeip/src/lib/asn1/ASN1Writer.cpp:277:12:CHIP_ERROR chip::ASN1::ASN1Writer::PutConstructedType(const uint8_t*, uint16_t)	16	static
/Users/brady/Downloads/STM32CubeExpansion_MATTER_V1.1.0/Middlewares/Third_Party/connectedhomeip/src/lib/asn1/ASN1Writer.cpp:322:12:CHIP_ERROR chip::ASN1::ASN1Writer::PutValue(uint8_t, uint8_t, bool, const uint8_t*, uint16_t)	24	static
/Users/brady/Downloads/STM32CubeExpansion_MATTER_V1.1.0/Middlewares/Third_Party/connectedhomeip/src/lib/asn1/ASN1Writer.cpp:73:12:CHIP_ERROR chip::ASN1::ASN1Writer::PutInteger(int64_t)	24	static
/Users/brady/Downloads/STM32CubeExpansion_MATTER_V1.1.0/Middlewares/Third_Party/connectedhomeip/src/lib/asn1/ASN1Writer.cpp:106:12:CHIP_ERROR chip::ASN1::ASN1Writer::PutObjectId(const uint8_t*, uint16_t)	16	static
/Users/brady/Downloads/STM32CubeExpansion_MATTER_V1.1.0/Middlewares/Third_Party/connectedhomeip/src/lib/asn1/ASN1Writer.cpp:111:12:CHIP_ERROR chip::ASN1::ASN1Writer::PutString(uint8_t, const char*, uint16_t)	16	static
/Users/brady/Downloads/STM32CubeExpansion_MATTER_V1.1.0/Middlewares/Third_Party/connectedhomeip/src/lib/asn1/ASN1Writer.cpp:116:12:CHIP_ERROR chip::ASN1::ASN1Writer::PutOctetString(const uint8_t*, uint16_t)	16	static
/Users/brady/Downloads/STM32CubeExpansion_MATTER_V1.1.0/Middlewares/Third_Party/connectedhomeip/src/lib/asn1/ASN1Writer.cpp:121:12:CHIP_ERROR chip::ASN1::ASN1Writer::PutOctetString(uint8_t, uint8_t, const uint8_t*, uint16_t)	16	static
/Users/brady/Downloads/STM32CubeExpansion_MATTER_V1.1.0/Middlewares/Third_Party/connectedhomeip/src/lib/asn1/ASN1Writer.cpp:251:12:CHIP_ERROR chip::ASN1::ASN1Writer::PutTime(const chip::ASN1::ASN1UniversalTime&)	48	static
/Users/brady/Downloads/STM32CubeExpansion_MATTER_V1.1.0/Middlewares/Third_Party/connectedhomeip/src/lib/asn1/ASN1Writer.cpp:232:12:CHIP_ERROR chip::ASN1::ASN1Writer::PutBitString(uint8_t, chip::TLV::TLVReader&)	32	static
/Users/brady/Downloads/STM32CubeExpansion_MATTER_V1.1.0/Middlewares/Third_Party/connectedhomeip/src/lib/asn1/ASN1Writer.cpp:333:12:CHIP_ERROR chip::ASN1::ASN1Writer::PutValue(uint8_t, uint8_t, bool, chip::TLV::TLVReader&)	40	static
/Users/brady/Downloads/STM32CubeExpansion_MATTER_V1.1.0/Middlewares/Third_Party/connectedhomeip/src/lib/asn1/ASN1Writer.cpp:126:12:CHIP_ERROR chip::ASN1::ASN1Writer::PutOctetString(uint8_t, uint8_t, chip::TLV::TLVReader&)	16	static
