/Users/brady/Downloads/STM32CubeExpansion_MATTER_V1.1.0/Middlewares/Third_Party/connectedhomeip/src/lib/asn1/ASN1Time.cpp:48:9:uint8_t chip::ASN1::{anonymous}::atoi2(const char*&)	0	static
/Users/brady/Downloads/STM32CubeExpansion_MATTER_V1.1.0/Middlewares/Third_Party/connectedhomeip/src/lib/asn1/ASN1Time.cpp:59:6:void chip::ASN1::{anonymous}::itoa2(uint32_t, char*&)	8	static
/Users/brady/Downloads/STM32CubeExpansion_MATTER_V1.1.0/Middlewares/Third_Party/connectedhomeip/src/lib/asn1/ASN1Time.cpp:69:12:CHIP_ERROR chip::ASN1::ASN1UniversalTime::ImportFrom_ASN1_TIME_string(const chip::CharSpan&)	32	static
/Users/brady/Downloads/STM32CubeExpansion_MATTER_V1.1.0/Middlewares/Third_Party/connectedhomeip/src/lib/asn1/ASN1Time.cpp:108:12:CHIP_ERROR chip::ASN1::ASN1UniversalTime::ExportTo_ASN1_TIME_string(chip::MutableCharSpan&) const	24	static
/Users/brady/Downloads/STM32CubeExpansion_MATTER_V1.1.0/Middlewares/Third_Party/connectedhomeip/src/lib/asn1/ASN1Time.cpp:141:6:bool chip::ASN1::ASN1UniversalTime::ExportTo_UnixTime(uint32_t&)	24	static
