/Users/brady/Downloads/STM32CubeExpansion_MATTER_V1.1.0/Middlewares/Third_Party/connectedhomeip/src/app/clusters/general-diagnostics-server/GenericFaultTestEventTriggerHandler.h:25:7:chip::GenericFaultTestEventTriggerHandler::~GenericFaultTestEventTriggerHandler()	0	static
/Users/brady/Downloads/STM32CubeExpansion_MATTER_V1.1.0/Middlewares/Third_Party/connectedhomeip/src/app/clusters/general-diagnostics-server/GenericFaultTestEventTriggerHandler.h:25:7:virtual chip::GenericFaultTestEventTriggerHandler::~GenericFaultTestEventTriggerHandler()	8	static
../../../../../../../Middlewares/Third_Party/connectedhomeip/src/include/platform/GeneralFaults.h:74:19:CHIP_ERROR chip::DeviceLayer::GeneralFaults<N>::add(uint8_t) [with unsigned int N = 11]	0	static
../../../../../../../Middlewares/Third_Party/connectedhomeip/src/include/platform/GeneralFaults.h:74:19:CHIP_ERROR chip::DeviceLayer::GeneralFaults<N>::add(uint8_t) [with unsigned int N = 7]	0	static
../../../../../../../Middlewares/Third_Party/connectedhomeip/src/include/platform/GeneralFaults.h:74:19:CHIP_ERROR chip::DeviceLayer::GeneralFaults<N>::add(uint8_t) [with unsigned int N = 4]	0	static
/Users/brady/Downloads/STM32CubeExpansion_MATTER_V1.1.0/Middlewares/Third_Party/connectedhomeip/src/app/clusters/general-diagnostics-server/GenericFaultTestEventTriggerHandler.cpp:28:12:virtual CHIP_ERROR chip::GenericFaultTestEventTriggerHandler::HandleEventTrigger(uint64_t)	88	static
