/Users/brady/Downloads/STM32CubeExpansion_MATTER_V1.1.0/Middlewares/ST/STM32_WPAN/thread/openthread/core/openthread_api/coap.c:37:12:otCoapNewMessage	8	static
/Users/brady/Downloads/STM32CubeExpansion_MATTER_V1.1.0/Middlewares/ST/STM32_WPAN/thread/openthread/core/openthread_api/coap.c:61:6:otCoapMessageInit	16	static
/Users/brady/Downloads/STM32CubeExpansion_MATTER_V1.1.0/Middlewares/ST/STM32_WPAN/thread/openthread/core/openthread_api/coap.c:79:9:otCoapMessageInitResponse	24	static
/Users/brady/Downloads/STM32CubeExpansion_MATTER_V1.1.0/Middlewares/ST/STM32_WPAN/thread/openthread/core/openthread_api/coap.c:105:9:otCoapMessageSetToken	16	static
/Users/brady/Downloads/STM32CubeExpansion_MATTER_V1.1.0/Middlewares/ST/STM32_WPAN/thread/openthread/core/openthread_api/coap.c:130:6:otCoapMessageGenerateToken	16	static
/Users/brady/Downloads/STM32CubeExpansion_MATTER_V1.1.0/Middlewares/ST/STM32_WPAN/thread/openthread/core/openthread_api/coap.c:147:9:otCoapMessageAppendContentFormatOption	16	static
/Users/brady/Downloads/STM32CubeExpansion_MATTER_V1.1.0/Middlewares/ST/STM32_WPAN/thread/openthread/core/openthread_api/coap.c:171:9:otCoapMessageAppendOption	24	static
/Users/brady/Downloads/STM32CubeExpansion_MATTER_V1.1.0/Middlewares/ST/STM32_WPAN/thread/openthread/core/openthread_api/coap.c:197:9:otCoapMessageAppendUintOption	16	static
/Users/brady/Downloads/STM32CubeExpansion_MATTER_V1.1.0/Middlewares/ST/STM32_WPAN/thread/openthread/core/openthread_api/coap.c:222:9:otCoapMessageAppendObserveOption	16	static
/Users/brady/Downloads/STM32CubeExpansion_MATTER_V1.1.0/Middlewares/ST/STM32_WPAN/thread/openthread/core/openthread_api/coap.c:246:9:otCoapMessageAppendUriPathOptions	16	static
/Users/brady/Downloads/STM32CubeExpansion_MATTER_V1.1.0/Middlewares/ST/STM32_WPAN/thread/openthread/core/openthread_api/coap.c:270:10:otCoapBlockSizeFromExponent	8	static
/Users/brady/Downloads/STM32CubeExpansion_MATTER_V1.1.0/Middlewares/ST/STM32_WPAN/thread/openthread/core/openthread_api/coap.c:293:9:otCoapMessageAppendBlock2Option	24	static
/Users/brady/Downloads/STM32CubeExpansion_MATTER_V1.1.0/Middlewares/ST/STM32_WPAN/thread/openthread/core/openthread_api/coap.c:319:9:otCoapMessageAppendBlock1Option	24	static
/Users/brady/Downloads/STM32CubeExpansion_MATTER_V1.1.0/Middlewares/ST/STM32_WPAN/thread/openthread/core/openthread_api/coap.c:345:9:otCoapMessageAppendProxyUriOption	16	static
/Users/brady/Downloads/STM32CubeExpansion_MATTER_V1.1.0/Middlewares/ST/STM32_WPAN/thread/openthread/core/openthread_api/coap.c:369:9:otCoapMessageAppendMaxAgeOption	16	static
/Users/brady/Downloads/STM32CubeExpansion_MATTER_V1.1.0/Middlewares/ST/STM32_WPAN/thread/openthread/core/openthread_api/coap.c:393:9:otCoapMessageAppendUriQueryOption	16	static
/Users/brady/Downloads/STM32CubeExpansion_MATTER_V1.1.0/Middlewares/ST/STM32_WPAN/thread/openthread/core/openthread_api/coap.c:417:9:otCoapMessageSetPayloadMarker	8	static
/Users/brady/Downloads/STM32CubeExpansion_MATTER_V1.1.0/Middlewares/ST/STM32_WPAN/thread/openthread/core/openthread_api/coap.c:440:12:otCoapMessageGetType	8	static
/Users/brady/Downloads/STM32CubeExpansion_MATTER_V1.1.0/Middlewares/ST/STM32_WPAN/thread/openthread/core/openthread_api/coap.c:463:12:otCoapMessageGetCode	8	static
/Users/brady/Downloads/STM32CubeExpansion_MATTER_V1.1.0/Middlewares/ST/STM32_WPAN/thread/openthread/core/openthread_api/coap.c:486:6:otCoapMessageSetCode	16	static
/Users/brady/Downloads/STM32CubeExpansion_MATTER_V1.1.0/Middlewares/ST/STM32_WPAN/thread/openthread/core/openthread_api/coap.c:503:13:otCoapMessageCodeToString	8	static
/Users/brady/Downloads/STM32CubeExpansion_MATTER_V1.1.0/Middlewares/ST/STM32_WPAN/thread/openthread/core/openthread_api/coap.c:526:10:otCoapMessageGetMessageId	8	static
/Users/brady/Downloads/STM32CubeExpansion_MATTER_V1.1.0/Middlewares/ST/STM32_WPAN/thread/openthread/core/openthread_api/coap.c:549:9:otCoapMessageGetTokenLength	8	static
/Users/brady/Downloads/STM32CubeExpansion_MATTER_V1.1.0/Middlewares/ST/STM32_WPAN/thread/openthread/core/openthread_api/coap.c:572:16:otCoapMessageGetToken	8	static
/Users/brady/Downloads/STM32CubeExpansion_MATTER_V1.1.0/Middlewares/ST/STM32_WPAN/thread/openthread/core/openthread_api/coap.c:595:9:otCoapOptionIteratorInit	16	static
/Users/brady/Downloads/STM32CubeExpansion_MATTER_V1.1.0/Middlewares/ST/STM32_WPAN/thread/openthread/core/openthread_api/coap.c:619:21:otCoapOptionIteratorGetFirstOptionMatching	16	static
/Users/brady/Downloads/STM32CubeExpansion_MATTER_V1.1.0/Middlewares/ST/STM32_WPAN/thread/openthread/core/openthread_api/coap.c:643:21:otCoapOptionIteratorGetFirstOption	8	static
/Users/brady/Downloads/STM32CubeExpansion_MATTER_V1.1.0/Middlewares/ST/STM32_WPAN/thread/openthread/core/openthread_api/coap.c:666:21:otCoapOptionIteratorGetNextOptionMatching	16	static
/Users/brady/Downloads/STM32CubeExpansion_MATTER_V1.1.0/Middlewares/ST/STM32_WPAN/thread/openthread/core/openthread_api/coap.c:690:21:otCoapOptionIteratorGetNextOption	8	static
/Users/brady/Downloads/STM32CubeExpansion_MATTER_V1.1.0/Middlewares/ST/STM32_WPAN/thread/openthread/core/openthread_api/coap.c:713:9:otCoapOptionIteratorGetOptionUintValue	16	static
/Users/brady/Downloads/STM32CubeExpansion_MATTER_V1.1.0/Middlewares/ST/STM32_WPAN/thread/openthread/core/openthread_api/coap.c:737:9:otCoapOptionIteratorGetOptionValue	16	static
/Users/brady/Downloads/STM32CubeExpansion_MATTER_V1.1.0/Middlewares/ST/STM32_WPAN/thread/openthread/core/openthread_api/coap.c:799:9:otCoapSendRequestWithParameters	24	static
/Users/brady/Downloads/STM32CubeExpansion_MATTER_V1.1.0/Middlewares/ST/STM32_WPAN/thread/openthread/core/openthread_api/coap.c:831:9:otCoapStart	8	static
/Users/brady/Downloads/STM32CubeExpansion_MATTER_V1.1.0/Middlewares/ST/STM32_WPAN/thread/openthread/core/openthread_api/coap.c:854:9:otCoapStop	8	static
/Users/brady/Downloads/STM32CubeExpansion_MATTER_V1.1.0/Middlewares/ST/STM32_WPAN/thread/openthread/core/openthread_api/coap.c:910:6:otCoapAddResource	8	static
/Users/brady/Downloads/STM32CubeExpansion_MATTER_V1.1.0/Middlewares/ST/STM32_WPAN/thread/openthread/core/openthread_api/coap.c:926:6:otCoapRemoveResource	8	static
/Users/brady/Downloads/STM32CubeExpansion_MATTER_V1.1.0/Middlewares/ST/STM32_WPAN/thread/openthread/core/openthread_api/coap.c:942:6:otCoapSetDefaultHandler	16	static
/Users/brady/Downloads/STM32CubeExpansion_MATTER_V1.1.0/Middlewares/ST/STM32_WPAN/thread/openthread/core/openthread_api/coap.c:995:9:otCoapSendResponseWithParameters	24	static
