/Users/brady/Downloads/STM32CubeExpansion_MATTER_V1.1.0/Middlewares/ST/STM32_WPAN/thread/openthread/core/openthread_api/ip6.c:46:9:otIp6SetEnabled	8	static
/Users/brady/Downloads/STM32CubeExpansion_MATTER_V1.1.0/Middlewares/ST/STM32_WPAN/thread/openthread/core/openthread_api/ip6.c:69:6:otIp6IsEnabled	8	static
/Users/brady/Downloads/STM32CubeExpansion_MATTER_V1.1.0/Middlewares/ST/STM32_WPAN/thread/openthread/core/openthread_api/ip6.c:91:9:otIp6AddUnicastAddress	8	static
/Users/brady/Downloads/STM32CubeExpansion_MATTER_V1.1.0/Middlewares/ST/STM32_WPAN/thread/openthread/core/openthread_api/ip6.c:114:9:otIp6RemoveUnicastAddress	8	static
/Users/brady/Downloads/STM32CubeExpansion_MATTER_V1.1.0/Middlewares/ST/STM32_WPAN/thread/openthread/core/openthread_api/ip6.c:137:23:otIp6GetUnicastAddresses	8	static
/Users/brady/Downloads/STM32CubeExpansion_MATTER_V1.1.0/Middlewares/ST/STM32_WPAN/thread/openthread/core/openthread_api/ip6.c:159:9:otIp6SubscribeMulticastAddress	8	static
/Users/brady/Downloads/STM32CubeExpansion_MATTER_V1.1.0/Middlewares/ST/STM32_WPAN/thread/openthread/core/openthread_api/ip6.c:182:9:otIp6UnsubscribeMulticastAddress	8	static
/Users/brady/Downloads/STM32CubeExpansion_MATTER_V1.1.0/Middlewares/ST/STM32_WPAN/thread/openthread/core/openthread_api/ip6.c:205:32:otIp6GetMulticastAddresses	8	static
/Users/brady/Downloads/STM32CubeExpansion_MATTER_V1.1.0/Middlewares/ST/STM32_WPAN/thread/openthread/core/openthread_api/ip6.c:227:6:otIp6IsMulticastPromiscuousEnabled	8	static
/Users/brady/Downloads/STM32CubeExpansion_MATTER_V1.1.0/Middlewares/ST/STM32_WPAN/thread/openthread/core/openthread_api/ip6.c:249:6:otIp6SetMulticastPromiscuousEnabled	8	static
/Users/brady/Downloads/STM32CubeExpansion_MATTER_V1.1.0/Middlewares/ST/STM32_WPAN/thread/openthread/core/openthread_api/ip6.c:265:12:otIp6NewMessage	8	static
/Users/brady/Downloads/STM32CubeExpansion_MATTER_V1.1.0/Middlewares/ST/STM32_WPAN/thread/openthread/core/openthread_api/ip6.c:288:12:otIp6NewMessageFromBuffer	24	static
/Users/brady/Downloads/STM32CubeExpansion_MATTER_V1.1.0/Middlewares/ST/STM32_WPAN/thread/openthread/core/openthread_api/ip6.c:316:6:otIp6SetReceiveCallback	16	static
/Users/brady/Downloads/STM32CubeExpansion_MATTER_V1.1.0/Middlewares/ST/STM32_WPAN/thread/openthread/core/openthread_api/ip6.c:333:6:otIp6SetAddressCallback	16	static
/Users/brady/Downloads/STM32CubeExpansion_MATTER_V1.1.0/Middlewares/ST/STM32_WPAN/thread/openthread/core/openthread_api/ip6.c:350:6:otIp6IsReceiveFilterEnabled	8	static
/Users/brady/Downloads/STM32CubeExpansion_MATTER_V1.1.0/Middlewares/ST/STM32_WPAN/thread/openthread/core/openthread_api/ip6.c:370:6:otIp6SetReceiveFilterEnabled	8	static
/Users/brady/Downloads/STM32CubeExpansion_MATTER_V1.1.0/Middlewares/ST/STM32_WPAN/thread/openthread/core/openthread_api/ip6.c:386:9:otIp6Send	8	static
/Users/brady/Downloads/STM32CubeExpansion_MATTER_V1.1.0/Middlewares/ST/STM32_WPAN/thread/openthread/core/openthread_api/ip6.c:409:9:otIp6AddUnsecurePort	8	static
/Users/brady/Downloads/STM32CubeExpansion_MATTER_V1.1.0/Middlewares/ST/STM32_WPAN/thread/openthread/core/openthread_api/ip6.c:432:9:otIp6RemoveUnsecurePort	8	static
/Users/brady/Downloads/STM32CubeExpansion_MATTER_V1.1.0/Middlewares/ST/STM32_WPAN/thread/openthread/core/openthread_api/ip6.c:455:6:otIp6RemoveAllUnsecurePorts	8	static
/Users/brady/Downloads/STM32CubeExpansion_MATTER_V1.1.0/Middlewares/ST/STM32_WPAN/thread/openthread/core/openthread_api/ip6.c:470:17:otIp6GetUnsecurePorts	8	static
/Users/brady/Downloads/STM32CubeExpansion_MATTER_V1.1.0/Middlewares/ST/STM32_WPAN/thread/openthread/core/openthread_api/ip6.c:493:6:otIp6IsAddressEqual	16	static
/Users/brady/Downloads/STM32CubeExpansion_MATTER_V1.1.0/Middlewares/ST/STM32_WPAN/thread/openthread/core/openthread_api/ip6.c:517:6:otIp6ArePrefixesEqual	16	static
/Users/brady/Downloads/STM32CubeExpansion_MATTER_V1.1.0/Middlewares/ST/STM32_WPAN/thread/openthread/core/openthread_api/ip6.c:541:9:otIp6AddressFromString	16	static
/Users/brady/Downloads/STM32CubeExpansion_MATTER_V1.1.0/Middlewares/ST/STM32_WPAN/thread/openthread/core/openthread_api/ip6.c:565:9:otIp6PrefixFromString	16	static
/Users/brady/Downloads/STM32CubeExpansion_MATTER_V1.1.0/Middlewares/ST/STM32_WPAN/thread/openthread/core/openthread_api/ip6.c:589:6:otIp6AddressToString	16	static
/Users/brady/Downloads/STM32CubeExpansion_MATTER_V1.1.0/Middlewares/ST/STM32_WPAN/thread/openthread/core/openthread_api/ip6.c:607:6:otIp6SockAddrToString	16	static
/Users/brady/Downloads/STM32CubeExpansion_MATTER_V1.1.0/Middlewares/ST/STM32_WPAN/thread/openthread/core/openthread_api/ip6.c:625:6:otIp6PrefixToString	16	static
/Users/brady/Downloads/STM32CubeExpansion_MATTER_V1.1.0/Middlewares/ST/STM32_WPAN/thread/openthread/core/openthread_api/ip6.c:643:9:otIp6PrefixMatch	16	static
/Users/brady/Downloads/STM32CubeExpansion_MATTER_V1.1.0/Middlewares/ST/STM32_WPAN/thread/openthread/core/openthread_api/ip6.c:667:6:otIp6IsAddressUnspecified	8	static
/Users/brady/Downloads/STM32CubeExpansion_MATTER_V1.1.0/Middlewares/ST/STM32_WPAN/thread/openthread/core/openthread_api/ip6.c:690:9:otIp6SelectSourceAddress	8	static
/Users/brady/Downloads/STM32CubeExpansion_MATTER_V1.1.0/Middlewares/ST/STM32_WPAN/thread/openthread/core/openthread_api/ip6.c:749:6:otIp6IsSlaacEnabled	8	static
/Users/brady/Downloads/STM32CubeExpansion_MATTER_V1.1.0/Middlewares/ST/STM32_WPAN/thread/openthread/core/openthread_api/ip6.c:771:6:otIp6SetSlaacEnabled	8	static
/Users/brady/Downloads/STM32CubeExpansion_MATTER_V1.1.0/Middlewares/ST/STM32_WPAN/thread/openthread/core/openthread_api/ip6.c:787:6:otIp6SetSlaacPrefixFilter	8	static
/Users/brady/Downloads/STM32CubeExpansion_MATTER_V1.1.0/Middlewares/ST/STM32_WPAN/thread/openthread/core/openthread_api/ip6.c:807:9:otIp6SetMeshLocalIid	8	static
/Users/brady/Downloads/STM32CubeExpansion_MATTER_V1.1.0/Middlewares/ST/STM32_WPAN/thread/openthread/core/openthread_api/ip6.c:833:13:otIp6ProtoToString	8	static
/Users/brady/Downloads/STM32CubeExpansion_MATTER_V1.1.0/Middlewares/ST/STM32_WPAN/thread/openthread/core/openthread_api/ip6.c:856:6:otIp6GetPrefix	16	static
/Users/brady/Downloads/STM32CubeExpansion_MATTER_V1.1.0/Middlewares/ST/STM32_WPAN/thread/openthread/core/openthread_api/ip6.c:874:32:otIp6GetBorderRoutingCounters	8	static
/Users/brady/Downloads/STM32CubeExpansion_MATTER_V1.1.0/Middlewares/ST/STM32_WPAN/thread/openthread/core/openthread_api/ip6.c:896:6:otIp6ResetBorderRoutingCounters	8	static
