/Users/brady/Downloads/STM32CubeExpansion_MATTER_V1.1.0/Middlewares/ST/STM32_WPAN/thread/openthread/core/openthread_api/link.c:42:9:otLinkActiveScan	16	static
/Users/brady/Downloads/STM32CubeExpansion_MATTER_V1.1.0/Middlewares/ST/STM32_WPAN/thread/openthread/core/openthread_api/link.c:74:6:otLinkIsActiveScanInProgress	8	static
/Users/brady/Downloads/STM32CubeExpansion_MATTER_V1.1.0/Middlewares/ST/STM32_WPAN/thread/openthread/core/openthread_api/link.c:96:9:otLinkEnergyScan	16	static
/Users/brady/Downloads/STM32CubeExpansion_MATTER_V1.1.0/Middlewares/ST/STM32_WPAN/thread/openthread/core/openthread_api/link.c:127:6:otLinkIsEnergyScanInProgress	8	static
/Users/brady/Downloads/STM32CubeExpansion_MATTER_V1.1.0/Middlewares/ST/STM32_WPAN/thread/openthread/core/openthread_api/link.c:149:9:otLinkSendDataRequest	8	static
/Users/brady/Downloads/STM32CubeExpansion_MATTER_V1.1.0/Middlewares/ST/STM32_WPAN/thread/openthread/core/openthread_api/link.c:171:6:otLinkIsInTransmitState	8	static
/Users/brady/Downloads/STM32CubeExpansion_MATTER_V1.1.0/Middlewares/ST/STM32_WPAN/thread/openthread/core/openthread_api/link.c:193:9:otLinkGetChannel	8	static
/Users/brady/Downloads/STM32CubeExpansion_MATTER_V1.1.0/Middlewares/ST/STM32_WPAN/thread/openthread/core/openthread_api/link.c:215:9:otLinkSetChannel	8	static
/Users/brady/Downloads/STM32CubeExpansion_MATTER_V1.1.0/Middlewares/ST/STM32_WPAN/thread/openthread/core/openthread_api/link.c:238:10:otLinkGetSupportedChannelMask	8	static
/Users/brady/Downloads/STM32CubeExpansion_MATTER_V1.1.0/Middlewares/ST/STM32_WPAN/thread/openthread/core/openthread_api/link.c:260:9:otLinkSetSupportedChannelMask	8	static
/Users/brady/Downloads/STM32CubeExpansion_MATTER_V1.1.0/Middlewares/ST/STM32_WPAN/thread/openthread/core/openthread_api/link.c:283:21:otLinkGetExtendedAddress	8	static
/Users/brady/Downloads/STM32CubeExpansion_MATTER_V1.1.0/Middlewares/ST/STM32_WPAN/thread/openthread/core/openthread_api/link.c:305:9:otLinkSetExtendedAddress	8	static
/Users/brady/Downloads/STM32CubeExpansion_MATTER_V1.1.0/Middlewares/ST/STM32_WPAN/thread/openthread/core/openthread_api/link.c:328:6:otLinkGetFactoryAssignedIeeeEui64	8	static
/Users/brady/Downloads/STM32CubeExpansion_MATTER_V1.1.0/Middlewares/ST/STM32_WPAN/thread/openthread/core/openthread_api/link.c:344:9:otLinkGetPanId	8	static
/Users/brady/Downloads/STM32CubeExpansion_MATTER_V1.1.0/Middlewares/ST/STM32_WPAN/thread/openthread/core/openthread_api/link.c:366:9:otLinkSetPanId	8	static
/Users/brady/Downloads/STM32CubeExpansion_MATTER_V1.1.0/Middlewares/ST/STM32_WPAN/thread/openthread/core/openthread_api/link.c:389:10:otLinkGetPollPeriod	8	static
/Users/brady/Downloads/STM32CubeExpansion_MATTER_V1.1.0/Middlewares/ST/STM32_WPAN/thread/openthread/core/openthread_api/link.c:411:9:otLinkSetPollPeriod	8	static
/Users/brady/Downloads/STM32CubeExpansion_MATTER_V1.1.0/Middlewares/ST/STM32_WPAN/thread/openthread/core/openthread_api/link.c:434:16:otLinkGetShortAddress	8	static
/Users/brady/Downloads/STM32CubeExpansion_MATTER_V1.1.0/Middlewares/ST/STM32_WPAN/thread/openthread/core/openthread_api/link.c:456:9:otLinkGetMaxFrameRetriesDirect	8	static
/Users/brady/Downloads/STM32CubeExpansion_MATTER_V1.1.0/Middlewares/ST/STM32_WPAN/thread/openthread/core/openthread_api/link.c:478:6:otLinkSetMaxFrameRetriesDirect	8	static
/Users/brady/Downloads/STM32CubeExpansion_MATTER_V1.1.0/Middlewares/ST/STM32_WPAN/thread/openthread/core/openthread_api/link.c:494:9:otLinkGetMaxFrameRetriesIndirect	8	static
/Users/brady/Downloads/STM32CubeExpansion_MATTER_V1.1.0/Middlewares/ST/STM32_WPAN/thread/openthread/core/openthread_api/link.c:516:6:otLinkSetMaxFrameRetriesIndirect	8	static
/Users/brady/Downloads/STM32CubeExpansion_MATTER_V1.1.0/Middlewares/ST/STM32_WPAN/thread/openthread/core/openthread_api/link.c:533:24:otLinkFilterGetAddressMode	8	static
/Users/brady/Downloads/STM32CubeExpansion_MATTER_V1.1.0/Middlewares/ST/STM32_WPAN/thread/openthread/core/openthread_api/link.c:555:6:otLinkFilterSetAddressMode	8	static
/Users/brady/Downloads/STM32CubeExpansion_MATTER_V1.1.0/Middlewares/ST/STM32_WPAN/thread/openthread/core/openthread_api/link.c:571:9:otLinkFilterAddAddress	8	static
/Users/brady/Downloads/STM32CubeExpansion_MATTER_V1.1.0/Middlewares/ST/STM32_WPAN/thread/openthread/core/openthread_api/link.c:594:6:otLinkFilterRemoveAddress	8	static
/Users/brady/Downloads/STM32CubeExpansion_MATTER_V1.1.0/Middlewares/ST/STM32_WPAN/thread/openthread/core/openthread_api/link.c:610:6:otLinkFilterClearAddresses	8	static
/Users/brady/Downloads/STM32CubeExpansion_MATTER_V1.1.0/Middlewares/ST/STM32_WPAN/thread/openthread/core/openthread_api/link.c:625:9:otLinkFilterGetNextAddress	16	static
/Users/brady/Downloads/STM32CubeExpansion_MATTER_V1.1.0/Middlewares/ST/STM32_WPAN/thread/openthread/core/openthread_api/link.c:649:9:otLinkFilterAddRssIn	16	static
/Users/brady/Downloads/STM32CubeExpansion_MATTER_V1.1.0/Middlewares/ST/STM32_WPAN/thread/openthread/core/openthread_api/link.c:673:6:otLinkFilterRemoveRssIn	8	static
/Users/brady/Downloads/STM32CubeExpansion_MATTER_V1.1.0/Middlewares/ST/STM32_WPAN/thread/openthread/core/openthread_api/link.c:689:6:otLinkFilterSetDefaultRssIn	8	static
/Users/brady/Downloads/STM32CubeExpansion_MATTER_V1.1.0/Middlewares/ST/STM32_WPAN/thread/openthread/core/openthread_api/link.c:705:6:otLinkFilterClearDefaultRssIn	8	static
/Users/brady/Downloads/STM32CubeExpansion_MATTER_V1.1.0/Middlewares/ST/STM32_WPAN/thread/openthread/core/openthread_api/link.c:720:6:otLinkFilterClearAllRssIn	8	static
/Users/brady/Downloads/STM32CubeExpansion_MATTER_V1.1.0/Middlewares/ST/STM32_WPAN/thread/openthread/core/openthread_api/link.c:735:9:otLinkFilterGetNextRssIn	16	static
/Users/brady/Downloads/STM32CubeExpansion_MATTER_V1.1.0/Middlewares/ST/STM32_WPAN/thread/openthread/core/openthread_api/link.c:801:9:otLinkConvertRssToLinkQuality	8	static
/Users/brady/Downloads/STM32CubeExpansion_MATTER_V1.1.0/Middlewares/ST/STM32_WPAN/thread/openthread/core/openthread_api/link.c:824:8:otLinkConvertLinkQualityToRss	8	static
/Users/brady/Downloads/STM32CubeExpansion_MATTER_V1.1.0/Middlewares/ST/STM32_WPAN/thread/openthread/core/openthread_api/link.c:848:17:otLinkGetTxDirectRetrySuccessHistogram	8	static
/Users/brady/Downloads/STM32CubeExpansion_MATTER_V1.1.0/Middlewares/ST/STM32_WPAN/thread/openthread/core/openthread_api/link.c:871:17:otLinkGetTxIndirectRetrySuccessHistogram	8	static
/Users/brady/Downloads/STM32CubeExpansion_MATTER_V1.1.0/Middlewares/ST/STM32_WPAN/thread/openthread/core/openthread_api/link.c:894:6:otLinkResetTxRetrySuccessHistogram	8	static
/Users/brady/Downloads/STM32CubeExpansion_MATTER_V1.1.0/Middlewares/ST/STM32_WPAN/thread/openthread/core/openthread_api/link.c:910:22:otLinkGetCounters	8	static
/Users/brady/Downloads/STM32CubeExpansion_MATTER_V1.1.0/Middlewares/ST/STM32_WPAN/thread/openthread/core/openthread_api/link.c:932:6:otLinkResetCounters	8	static
/Users/brady/Downloads/STM32CubeExpansion_MATTER_V1.1.0/Middlewares/ST/STM32_WPAN/thread/openthread/core/openthread_api/link.c:947:6:otLinkSetPcapCallback	16	static
/Users/brady/Downloads/STM32CubeExpansion_MATTER_V1.1.0/Middlewares/ST/STM32_WPAN/thread/openthread/core/openthread_api/link.c:965:6:otLinkIsPromiscuous	8	static
/Users/brady/Downloads/STM32CubeExpansion_MATTER_V1.1.0/Middlewares/ST/STM32_WPAN/thread/openthread/core/openthread_api/link.c:987:9:otLinkSetPromiscuous	8	static
/Users/brady/Downloads/STM32CubeExpansion_MATTER_V1.1.0/Middlewares/ST/STM32_WPAN/thread/openthread/core/openthread_api/link.c:1010:10:otLinkGetCcaFailureRate	8	static
/Users/brady/Downloads/STM32CubeExpansion_MATTER_V1.1.0/Middlewares/ST/STM32_WPAN/thread/openthread/core/openthread_api/link.c:1171:9:otLinkSendEmptyData	8	static
/Users/brady/Downloads/STM32CubeExpansion_MATTER_V1.1.0/Middlewares/ST/STM32_WPAN/thread/openthread/core/openthread_api/link.c:1194:9:otLinkSetEnabled	8	static
/Users/brady/Downloads/STM32CubeExpansion_MATTER_V1.1.0/Middlewares/ST/STM32_WPAN/thread/openthread/core/openthread_api/link.c:1217:6:otLinkIsEnabled	8	static
