/Users/brady/Downloads/STM32CubeExpansion_MATTER_V1.1.0/Middlewares/ST/STM32_WPAN/thread/openthread/core/openthread_api/message.c:34:6:otMessageFree	8	static
/Users/brady/Downloads/STM32CubeExpansion_MATTER_V1.1.0/Middlewares/ST/STM32_WPAN/thread/openthread/core/openthread_api/message.c:50:10:otMessageGetLength	8	static
/Users/brady/Downloads/STM32CubeExpansion_MATTER_V1.1.0/Middlewares/ST/STM32_WPAN/thread/openthread/core/openthread_api/message.c:73:9:otMessageSetLength	16	static
/Users/brady/Downloads/STM32CubeExpansion_MATTER_V1.1.0/Middlewares/ST/STM32_WPAN/thread/openthread/core/openthread_api/message.c:97:10:otMessageGetOffset	8	static
/Users/brady/Downloads/STM32CubeExpansion_MATTER_V1.1.0/Middlewares/ST/STM32_WPAN/thread/openthread/core/openthread_api/message.c:120:6:otMessageSetOffset	16	static
/Users/brady/Downloads/STM32CubeExpansion_MATTER_V1.1.0/Middlewares/ST/STM32_WPAN/thread/openthread/core/openthread_api/message.c:137:6:otMessageIsLinkSecurityEnabled	8	static
/Users/brady/Downloads/STM32CubeExpansion_MATTER_V1.1.0/Middlewares/ST/STM32_WPAN/thread/openthread/core/openthread_api/message.c:160:6:otMessageSetDirectTransmission	16	static
/Users/brady/Downloads/STM32CubeExpansion_MATTER_V1.1.0/Middlewares/ST/STM32_WPAN/thread/openthread/core/openthread_api/message.c:177:8:otMessageGetRss	8	static
/Users/brady/Downloads/STM32CubeExpansion_MATTER_V1.1.0/Middlewares/ST/STM32_WPAN/thread/openthread/core/openthread_api/message.c:200:9:otMessageAppend	16	static
/Users/brady/Downloads/STM32CubeExpansion_MATTER_V1.1.0/Middlewares/ST/STM32_WPAN/thread/openthread/core/openthread_api/message.c:225:10:otMessageRead	24	static
/Users/brady/Downloads/STM32CubeExpansion_MATTER_V1.1.0/Middlewares/ST/STM32_WPAN/thread/openthread/core/openthread_api/message.c:251:5:otMessageWrite	24	static
/Users/brady/Downloads/STM32CubeExpansion_MATTER_V1.1.0/Middlewares/ST/STM32_WPAN/thread/openthread/core/openthread_api/message.c:277:6:otMessageQueueInit	8	static
/Users/brady/Downloads/STM32CubeExpansion_MATTER_V1.1.0/Middlewares/ST/STM32_WPAN/thread/openthread/core/openthread_api/message.c:293:6:otMessageQueueEnqueue	16	static
/Users/brady/Downloads/STM32CubeExpansion_MATTER_V1.1.0/Middlewares/ST/STM32_WPAN/thread/openthread/core/openthread_api/message.c:310:6:otMessageQueueEnqueueAtHead	16	static
/Users/brady/Downloads/STM32CubeExpansion_MATTER_V1.1.0/Middlewares/ST/STM32_WPAN/thread/openthread/core/openthread_api/message.c:327:6:otMessageQueueDequeue	16	static
/Users/brady/Downloads/STM32CubeExpansion_MATTER_V1.1.0/Middlewares/ST/STM32_WPAN/thread/openthread/core/openthread_api/message.c:344:12:otMessageQueueGetHead	8	static
/Users/brady/Downloads/STM32CubeExpansion_MATTER_V1.1.0/Middlewares/ST/STM32_WPAN/thread/openthread/core/openthread_api/message.c:367:12:otMessageQueueGetNext	16	static
/Users/brady/Downloads/STM32CubeExpansion_MATTER_V1.1.0/Middlewares/ST/STM32_WPAN/thread/openthread/core/openthread_api/message.c:391:6:otMessageGetBufferInfo	8	static
/Users/brady/Downloads/STM32CubeExpansion_MATTER_V1.1.0/Middlewares/ST/STM32_WPAN/thread/openthread/core/openthread_api/message.c:408:6:otMessageResetBufferInfo	8	static
