/Users/brady/Downloads/STM32CubeExpansion_MATTER_V1.1.0/Middlewares/ST/STM32_WPAN/thread/openthread/core/openthread_api/srp_client.c:37:9:otSrpClientStart	8	static
/Users/brady/Downloads/STM32CubeExpansion_MATTER_V1.1.0/Middlewares/ST/STM32_WPAN/thread/openthread/core/openthread_api/srp_client.c:60:6:otSrpClientStop	8	static
/Users/brady/Downloads/STM32CubeExpansion_MATTER_V1.1.0/Middlewares/ST/STM32_WPAN/thread/openthread/core/openthread_api/srp_client.c:75:6:otSrpClientIsRunning	8	static
/Users/brady/Downloads/STM32CubeExpansion_MATTER_V1.1.0/Middlewares/ST/STM32_WPAN/thread/openthread/core/openthread_api/srp_client.c:97:19:otSrpClientGetServerAddress	8	static
/Users/brady/Downloads/STM32CubeExpansion_MATTER_V1.1.0/Middlewares/ST/STM32_WPAN/thread/openthread/core/openthread_api/srp_client.c:119:6:otSrpClientSetCallback	16	static
/Users/brady/Downloads/STM32CubeExpansion_MATTER_V1.1.0/Middlewares/ST/STM32_WPAN/thread/openthread/core/openthread_api/srp_client.c:138:6:otSrpClientEnableAutoStartMode	16	static
/Users/brady/Downloads/STM32CubeExpansion_MATTER_V1.1.0/Middlewares/ST/STM32_WPAN/thread/openthread/core/openthread_api/srp_client.c:157:6:otSrpClientDisableAutoStartMode	8	static
/Users/brady/Downloads/STM32CubeExpansion_MATTER_V1.1.0/Middlewares/ST/STM32_WPAN/thread/openthread/core/openthread_api/srp_client.c:172:6:otSrpClientIsAutoStartModeEnabled	8	static
/Users/brady/Downloads/STM32CubeExpansion_MATTER_V1.1.0/Middlewares/ST/STM32_WPAN/thread/openthread/core/openthread_api/srp_client.c:195:10:otSrpClientGetTtl	8	static
/Users/brady/Downloads/STM32CubeExpansion_MATTER_V1.1.0/Middlewares/ST/STM32_WPAN/thread/openthread/core/openthread_api/srp_client.c:217:6:otSrpClientSetTtl	8	static
/Users/brady/Downloads/STM32CubeExpansion_MATTER_V1.1.0/Middlewares/ST/STM32_WPAN/thread/openthread/core/openthread_api/srp_client.c:233:10:otSrpClientGetLeaseInterval	8	static
/Users/brady/Downloads/STM32CubeExpansion_MATTER_V1.1.0/Middlewares/ST/STM32_WPAN/thread/openthread/core/openthread_api/srp_client.c:255:6:otSrpClientSetLeaseInterval	8	static
/Users/brady/Downloads/STM32CubeExpansion_MATTER_V1.1.0/Middlewares/ST/STM32_WPAN/thread/openthread/core/openthread_api/srp_client.c:271:10:otSrpClientGetKeyLeaseInterval	8	static
/Users/brady/Downloads/STM32CubeExpansion_MATTER_V1.1.0/Middlewares/ST/STM32_WPAN/thread/openthread/core/openthread_api/srp_client.c:293:6:otSrpClientSetKeyLeaseInterval	8	static
/Users/brady/Downloads/STM32CubeExpansion_MATTER_V1.1.0/Middlewares/ST/STM32_WPAN/thread/openthread/core/openthread_api/srp_client.c:309:28:otSrpClientGetHostInfo	8	static
/Users/brady/Downloads/STM32CubeExpansion_MATTER_V1.1.0/Middlewares/ST/STM32_WPAN/thread/openthread/core/openthread_api/srp_client.c:331:9:otSrpClientSetHostName	8	static
/Users/brady/Downloads/STM32CubeExpansion_MATTER_V1.1.0/Middlewares/ST/STM32_WPAN/thread/openthread/core/openthread_api/srp_client.c:354:9:otSrpClientEnableAutoHostAddress	8	static
/Users/brady/Downloads/STM32CubeExpansion_MATTER_V1.1.0/Middlewares/ST/STM32_WPAN/thread/openthread/core/openthread_api/srp_client.c:376:9:otSrpClientSetHostAddresses	16	static
/Users/brady/Downloads/STM32CubeExpansion_MATTER_V1.1.0/Middlewares/ST/STM32_WPAN/thread/openthread/core/openthread_api/srp_client.c:400:9:otSrpClientAddService	8	static
/Users/brady/Downloads/STM32CubeExpansion_MATTER_V1.1.0/Middlewares/ST/STM32_WPAN/thread/openthread/core/openthread_api/srp_client.c:423:9:otSrpClientRemoveService	8	static
/Users/brady/Downloads/STM32CubeExpansion_MATTER_V1.1.0/Middlewares/ST/STM32_WPAN/thread/openthread/core/openthread_api/srp_client.c:446:9:otSrpClientClearService	8	static
/Users/brady/Downloads/STM32CubeExpansion_MATTER_V1.1.0/Middlewares/ST/STM32_WPAN/thread/openthread/core/openthread_api/srp_client.c:469:27:otSrpClientGetServices	8	static
/Users/brady/Downloads/STM32CubeExpansion_MATTER_V1.1.0/Middlewares/ST/STM32_WPAN/thread/openthread/core/openthread_api/srp_client.c:491:9:otSrpClientRemoveHostAndServices	16	static
/Users/brady/Downloads/STM32CubeExpansion_MATTER_V1.1.0/Middlewares/ST/STM32_WPAN/thread/openthread/core/openthread_api/srp_client.c:515:6:otSrpClientClearHostAndServices	8	static
/Users/brady/Downloads/STM32CubeExpansion_MATTER_V1.1.0/Middlewares/ST/STM32_WPAN/thread/openthread/core/openthread_api/srp_client.c:531:13:otSrpClientGetDomainName	8	static
/Users/brady/Downloads/STM32CubeExpansion_MATTER_V1.1.0/Middlewares/ST/STM32_WPAN/thread/openthread/core/openthread_api/srp_client.c:553:9:otSrpClientSetDomainName	8	static
/Users/brady/Downloads/STM32CubeExpansion_MATTER_V1.1.0/Middlewares/ST/STM32_WPAN/thread/openthread/core/openthread_api/srp_client.c:577:13:otSrpClientItemStateToString	8	static
/Users/brady/Downloads/STM32CubeExpansion_MATTER_V1.1.0/Middlewares/ST/STM32_WPAN/thread/openthread/core/openthread_api/srp_client.c:601:6:otSrpClientSetServiceKeyRecordEnabled	8	static
/Users/brady/Downloads/STM32CubeExpansion_MATTER_V1.1.0/Middlewares/ST/STM32_WPAN/thread/openthread/core/openthread_api/srp_client.c:617:6:otSrpClientIsServiceKeyRecordEnabled	8	static
